0:0:0:0:0:0:0:1 - - [05/Nov/2024:22:05:35 +0800] "GET /smartqueueweb/JsonStudentQueueEntriesAPI?window_number=1&queue_status=SERVING HTTP/1.1" 200 12 http-bio-8080-exec-6 6
0:0:0:0:0:0:0:1 - - [05/Nov/2024:22:05:35 +0800] "GET /smartqueueweb/QueueWebSocketController HTTP/1.1" 101 - http-bio-8080-exec-1 1
0:0:0:0:0:0:0:1 - - [05/Nov/2024:22:05:35 +0800] "GET /smartqueueweb/video-ad.mp4 HTTP/1.1" 404 2821 http-bio-8080-exec-6 3
0:0:0:0:0:0:0:1 - - [05/Nov/2024:22:05:35 +0800] "GET /smartqueueweb/css/bootstrap.min.css.map HTTP/1.1" 404 2860 http-bio-8080-exec-6 2
192.168.1.11 - - [05/Nov/2024:22:05:38 +0800] "GET /smartqueueweb/ping HTTP/1.1" 200 255 http-bio-8080-exec-5 1
0:0:0:0:0:0:0:1 - - [05/Nov/2024:22:05:38 +0800] "GET /smartqueueweb/ping HTTP/1.1" 200 255 http-bio-8080-exec-7 0
192.168.1.11 - - [05/Nov/2024:22:05:39 +0800] "GET /smartqueueweb/JsonStudentQueueEntriesAPI?window_number=&queue_status=QUEUE HTTP/1.1" 500 42 http-bio-8080-exec-5 0
192.168.1.11 - - [05/Nov/2024:22:05:41 +0800] "GET /smartqueueweb/ping HTTP/1.1" 200 255 http-bio-8080-exec-9 0
0:0:0:0:0:0:0:1 - - [05/Nov/2024:22:05:41 +0800] "GET /smartqueueweb/ping HTTP/1.1" 200 255 http-bio-8080-exec-10 1
192.168.1.11 - - [05/Nov/2024:22:05:43 +0800] "GET /smartqueueweb/JsonStudentQueueEntriesAPI?window_number=&queue_status=QUEUE HTTP/1.1" 500 42 http-bio-8080-exec-9 0
192.168.1.11 - - [05/Nov/2024:22:05:44 +0800] "GET /smartqueueweb/ping HTTP/1.1" 200 255 http-bio-8080-exec-3 1
0:0:0:0:0:0:0:1 - - [05/Nov/2024:22:05:44 +0800] "GET /smartqueueweb/ping HTTP/1.1" 200 255 http-bio-8080-exec-10 0
192.168.1.11 - - [05/Nov/2024:22:05:47 +0800] "GET /smartqueueweb/ping HTTP/1.1" 200 255 http-bio-8080-exec-3 1
192.168.1.11 - - [05/Nov/2024:22:05:47 +0800] "GET /smartqueueweb/JsonStudentQueueEntriesAPI?window_number=&queue_status=QUEUE HTTP/1.1" 500 42 http-bio-8080-exec-4 0
0:0:0:0:0:0:0:1 - - [05/Nov/2024:22:05:47 +0800] "GET /smartqueueweb/ping HTTP/1.1" 200 255 http-bio-8080-exec-6 1
192.168.1.11 - - [05/Nov/2024:22:05:50 +0800] "GET /smartqueueweb/ping HTTP/1.1" 200 255 http-bio-8080-exec-2 0
0:0:0:0:0:0:0:1 - - [05/Nov/2024:22:05:50 +0800] "GET /smartqueueweb/ping HTTP/1.1" 200 255 http-bio-8080-exec-6 0
192.168.1.11 - - [05/Nov/2024:22:05:51 +0800] "GET /smartqueueweb/JsonStudentQueueEntriesAPI?window_number=&queue_status=QUEUE HTTP/1.1" 500 42 http-bio-8080-exec-2 1
192.168.1.11 - - [05/Nov/2024:22:05:54 +0800] "GET /smartqueueweb/ping HTTP/1.1" 200 255 http-bio-8080-exec-4 1
0:0:0:0:0:0:0:1 - - [05/Nov/2024:22:05:54 +0800] "GET /smartqueueweb/ping HTTP/1.1" 200 255 http-bio-8080-exec-6 0
192.168.1.11 - - [05/Nov/2024:22:05:55 +0800] "GET /smartqueueweb/JsonStudentQueueEntriesAPI?window_number=&queue_status=QUEUE HTTP/1.1" 500 42 http-bio-8080-exec-4 2
192.168.1.11 - - [05/Nov/2024:22:05:56 +0800] "GET /smartqueueweb/ping HTTP/1.1" 200 255 http-bio-8080-exec-9 1
0:0:0:0:0:0:0:1 - - [05/Nov/2024:22:05:56 +0800] "GET /smartqueueweb/userwindow HTTP/1.1" 200 9593 http-bio-8080-exec-6 54
0:0:0:0:0:0:0:1 - - [05/Nov/2024:22:05:56 +0800] "GET /smartqueueweb/JsonStudentQueueEntriesAPI?window_number=1&queue_status=SERVING HTTP/1.1" 200 12 http-bio-8080-exec-6 6
0:0:0:0:0:0:0:1 - - [05/Nov/2024:22:05:56 +0800] "GET /smartqueueweb/QueueWebSocketController HTTP/1.1" 101 - http-bio-8080-exec-3 1
0:0:0:0:0:0:0:1 - - [05/Nov/2024:22:05:56 +0800] "GET /smartqueueweb/video-ad.mp4 HTTP/1.1" 404 2821 http-bio-8080-exec-10 3
0:0:0:0:0:0:0:1 - - [05/Nov/2024:22:05:56 +0800] "GET /smartqueueweb/css/bootstrap.min.css.map HTTP/1.1" 404 2860 http-bio-8080-exec-10 2
192.168.1.11 - - [05/Nov/2024:22:05:59 +0800] "GET /smartqueueweb/JsonStudentQueueEntriesAPI?window_number=&queue_status=QUEUE HTTP/1.1" 500 42 http-bio-8080-exec-1 0
192.168.1.11 - - [05/Nov/2024:22:05:59 +0800] "GET /smartqueueweb/ping HTTP/1.1" 200 255 http-bio-8080-exec-2 0
0:0:0:0:0:0:0:1 - - [05/Nov/2024:22:05:59 +0800] "GET /smartqueueweb/ping HTTP/1.1" 200 255 http-bio-8080-exec-4 1
192.168.1.11 - - [05/Nov/2024:22:06:02 +0800] "GET /smartqueueweb/ping HTTP/1.1" 200 255 http-bio-8080-exec-2 1
0:0:0:0:0:0:0:1 - - [05/Nov/2024:22:06:02 +0800] "GET /smartqueueweb/ping HTTP/1.1" 200 255 http-bio-8080-exec-4 1
192.168.1.11 - - [05/Nov/2024:22:06:03 +0800] "GET /smartqueueweb/JsonStudentQueueEntriesAPI?window_number=&queue_status=QUEUE HTTP/1.1" 500 42 http-bio-8080-exec-2 1
192.168.1.11 - - [05/Nov/2024:22:06:05 +0800] "GET /smartqueueweb/ping HTTP/1.1" 200 255 http-bio-8080-exec-10 1
0:0:0:0:0:0:0:1 - - [05/Nov/2024:22:06:05 +0800] "GET /smartqueueweb/ping HTTP/1.1" 200 255 http-bio-8080-exec-4 1
192.168.1.11 - - [05/Nov/2024:22:06:07 +0800] "GET /smartqueueweb/JsonStudentQueueEntriesAPI?window_number=&queue_status=QUEUE HTTP/1.1" 500 42 http-bio-8080-exec-10 1
192.168.1.11 - - [05/Nov/2024:22:06:08 +0800] "GET /smartqueueweb/ping HTTP/1.1" 200 255 http-bio-8080-exec-7 1
0:0:0:0:0:0:0:1 - - [05/Nov/2024:22:06:08 +0800] "GET /smartqueueweb/ping HTTP/1.1" 200 255 http-bio-8080-exec-5 1
192.168.1.11 - - [05/Nov/2024:22:06:11 +0800] "GET /smartqueueweb/ping HTTP/1.1" 200 255 http-bio-8080-exec-7 1
192.168.1.11 - - [05/Nov/2024:22:06:11 +0800] "GET /smartqueueweb/JsonStudentQueueEntriesAPI?window_number=&queue_status=QUEUE HTTP/1.1" 500 42 http-bio-8080-exec-6 1
0:0:0:0:0:0:0:1 - - [05/Nov/2024:22:06:11 +0800] "GET /smartqueueweb/ping HTTP/1.1" 200 255 http-bio-8080-exec-5 1
0:0:0:0:0:0:0:1 - - [05/Nov/2024:22:06:14 +0800] "GET /smartqueueweb/userwindow HTTP/1.1" 200 9593 http-bio-8080-exec-4 2
0:0:0:0:0:0:0:1 - - [05/Nov/2024:22:06:14 +0800] "GET /smartqueueweb/JsonStudentQueueEntriesAPI?window_number=1&queue_status=SERVING HTTP/1.1" 200 12 http-bio-8080-exec-4 9
192.168.1.11 - - [05/Nov/2024:22:06:14 +0800] "GET /smartqueueweb/ping HTTP/1.1" 200 255 http-bio-8080-exec-6 0
0:0:0:0:0:0:0:1 - - [05/Nov/2024:22:06:14 +0800] "GET /smartqueueweb/QueueWebSocketController HTTP/1.1" 101 - http-bio-8080-exec-7 1
0:0:0:0:0:0:0:1 - - [05/Nov/2024:22:06:14 +0800] "GET /smartqueueweb/video-ad.mp4 HTTP/1.1" 404 2821 http-bio-8080-exec-4 3
0:0:0:0:0:0:0:1 - - [05/Nov/2024:22:06:14 +0800] "GET /smartqueueweb/css/bootstrap.min.css.map HTTP/1.1" 404 2860 http-bio-8080-exec-4 2
192.168.1.11 - - [05/Nov/2024:22:06:15 +0800] "GET /smartqueueweb/JsonStudentQueueEntriesAPI?window_number=&queue_status=QUEUE HTTP/1.1" 500 42 http-bio-8080-exec-6 1
0:0:0:0:0:0:0:1 - - [05/Nov/2024:22:06:17 +0800] "GET /smartqueueweb/ping HTTP/1.1" 200 255 http-bio-8080-exec-4 1
192.168.1.11 - - [05/Nov/2024:22:06:17 +0800] "GET /smartqueueweb/ping HTTP/1.1" 200 255 http-bio-8080-exec-1 1
192.168.1.11 - - [05/Nov/2024:22:06:19 +0800] "GET /smartqueueweb/JsonStudentQueueEntriesAPI?window_number=&queue_status=QUEUE HTTP/1.1" 500 42 http-bio-8080-exec-5 0
0:0:0:0:0:0:0:1 - - [05/Nov/2024:22:06:20 +0800] "GET /smartqueueweb/ping HTTP/1.1" 200 255 http-bio-8080-exec-2 1
192.168.1.11 - - [05/Nov/2024:22:06:20 +0800] "GET /smartqueueweb/ping HTTP/1.1" 200 255 http-bio-8080-exec-3 1
0:0:0:0:0:0:0:1 - - [05/Nov/2024:22:06:23 +0800] "GET /smartqueueweb/ping HTTP/1.1" 200 255 http-bio-8080-exec-1 0
192.168.1.11 - - [05/Nov/2024:22:06:23 +0800] "GET /smartqueueweb/ping HTTP/1.1" 200 255 http-bio-8080-exec-9 1
192.168.1.11 - - [05/Nov/2024:22:06:23 +0800] "GET /smartqueueweb/JsonStudentQueueEntriesAPI?window_number=&queue_status=QUEUE HTTP/1.1" 500 42 http-bio-8080-exec-6 0
192.168.1.11 - - [05/Nov/2024:22:06:27 +0800] "GET /smartqueueweb/ping HTTP/1.1" 200 255 http-bio-8080-exec-9 1
0:0:0:0:0:0:0:1 - - [05/Nov/2024:22:06:27 +0800] "GET /smartqueueweb/ping HTTP/1.1" 200 255 http-bio-8080-exec-1 1
192.168.1.11 - - [05/Nov/2024:22:06:28 +0800] "GET /smartqueueweb/JsonStudentQueueEntriesAPI?window_number=&queue_status=QUEUE HTTP/1.1" 500 42 http-bio-8080-exec-9 0
192.168.1.11 - - [05/Nov/2024:22:06:30 +0800] "GET /smartqueueweb/ping HTTP/1.1" 200 255 http-bio-8080-exec-2 0
0:0:0:0:0:0:0:1 - - [05/Nov/2024:22:06:30 +0800] "GET /smartqueueweb/ping HTTP/1.1" 200 255 http-bio-8080-exec-1 1
192.168.1.11 - - [05/Nov/2024:22:06:31 +0800] "GET /smartqueueweb/JsonStudentQueueEntriesAPI?window_number=&queue_status=QUEUE HTTP/1.1" 500 42 http-bio-8080-exec-2 2
0:0:0:0:0:0:0:1 - - [05/Nov/2024:22:06:32 +0800] "GET /smartqueueweb/userwindow HTTP/1.1" 200 9593 http-bio-8080-exec-1 164
192.168.1.11 - - [05/Nov/2024:22:06:32 +0800] "GET /smartqueueweb/ping HTTP/1.1" 200 255 http-bio-8080-exec-3 2
0:0:0:0:0:0:0:1 - - [05/Nov/2024:22:06:32 +0800] "GET /smartqueueweb/QueueWebSocketController HTTP/1.1" 101 - http-bio-8080-exec-4 1
0:0:0:0:0:0:0:1 - - [05/Nov/2024:22:06:32 +0800] "GET /smartqueueweb/video-ad.mp4 HTTP/1.1" 404 2821 http-bio-8080-exec-6 5
0:0:0:0:0:0:0:1 - - [05/Nov/2024:22:06:32 +0800] "GET /smartqueueweb/JsonStudentQueueEntriesAPI?window_number=3&queue_status=SERVING HTTP/1.1" 200 215 http-bio-8080-exec-1 40
0:0:0:0:0:0:0:1 - - [05/Nov/2024:22:06:32 +0800] "GET /smartqueueweb/css/bootstrap.min.css.map HTTP/1.1" 404 2860 http-bio-8080-exec-1 2
0:0:0:0:0:0:0:1 - - [05/Nov/2024:22:06:35 +0800] "GET /smartqueueweb/ping HTTP/1.1" 200 255 http-bio-8080-exec-7 1
192.168.1.11 - - [05/Nov/2024:22:06:35 +0800] "GET /smartqueueweb/ping HTTP/1.1" 200 255 http-bio-8080-exec-5 1
192.168.1.11 - - [05/Nov/2024:22:06:35 +0800] "GET /smartqueueweb/JsonStudentQueueEntriesAPI?window_number=&queue_status=QUEUE HTTP/1.1" 500 42 http-bio-8080-exec-10 0
0:0:0:0:0:0:0:1 - - [05/Nov/2024:22:06:38 +0800] "GET /smartqueueweb/ping HTTP/1.1" 200 255 http-bio-8080-exec-7 0
192.168.1.11 - - [05/Nov/2024:22:06:38 +0800] "GET /smartqueueweb/ping HTTP/1.1" 200 255 http-bio-8080-exec-5 0
192.168.1.11 - - [05/Nov/2024:22:06:39 +0800] "GET /smartqueueweb/JsonStudentQueueEntriesAPI?window_number=&queue_status=QUEUE HTTP/1.1" 500 42 http-bio-8080-exec-5 1
0:0:0:0:0:0:0:1 - - [05/Nov/2024:22:06:41 +0800] "GET /smartqueueweb/ping HTTP/1.1" 200 255 http-bio-8080-exec-7 1
192.168.1.11 - - [05/Nov/2024:22:06:41 +0800] "GET /smartqueueweb/ping HTTP/1.1" 200 255 http-bio-8080-exec-9 1
192.168.1.11 - - [05/Nov/2024:22:06:43 +0800] "GET /smartqueueweb/JsonStudentQueueEntriesAPI?window_number=&queue_status=QUEUE HTTP/1.1" 500 42 http-bio-8080-exec-10 1
0:0:0:0:0:0:0:1 - - [05/Nov/2024:22:06:44 +0800] "GET /smartqueueweb/ping HTTP/1.1" 200 255 http-bio-8080-exec-3 0
192.168.1.11 - - [05/Nov/2024:22:06:44 +0800] "GET /smartqueueweb/ping HTTP/1.1" 200 255 http-bio-8080-exec-5 1
0:0:0:0:0:0:0:1 - - [05/Nov/2024:22:06:47 +0800] "GET /smartqueueweb/ping HTTP/1.1" 200 255 http-bio-8080-exec-3 1
192.168.1.11 - - [05/Nov/2024:22:06:47 +0800] "GET /smartqueueweb/ping HTTP/1.1" 200 255 http-bio-8080-exec-5 0
192.168.1.11 - - [05/Nov/2024:22:06:47 +0800] "GET /smartqueueweb/JsonStudentQueueEntriesAPI?window_number=&queue_status=QUEUE HTTP/1.1" 500 42 http-bio-8080-exec-7 0
0:0:0:0:0:0:0:1 - - [05/Nov/2024:22:06:50 +0800] "GET /smartqueueweb/ping HTTP/1.1" 200 255 http-bio-8080-exec-3 0
192.168.1.11 - - [05/Nov/2024:22:06:50 +0800] "GET /smartqueueweb/ping HTTP/1.1" 200 255 http-bio-8080-exec-5 1
192.168.1.11 - - [05/Nov/2024:22:06:51 +0800] "GET /smartqueueweb/JsonStudentQueueEntriesAPI?window_number=&queue_status=QUEUE HTTP/1.1" 500 42 http-bio-8080-exec-5 0
0:0:0:0:0:0:0:1 - - [05/Nov/2024:22:06:53 +0800] "GET /smartqueueweb/ping HTTP/1.1" 200 255 http-bio-8080-exec-1 0
192.168.1.11 - - [05/Nov/2024:22:06:53 +0800] "GET /smartqueueweb/ping HTTP/1.1" 200 255 http-bio-8080-exec-9 0
192.168.1.11 - - [05/Nov/2024:22:06:55 +0800] "GET /smartqueueweb/JsonStudentQueueEntriesAPI?window_number=&queue_status=QUEUE HTTP/1.1" 500 42 http-bio-8080-exec-9 1
0:0:0:0:0:0:0:1 - - [05/Nov/2024:22:06:56 +0800] "GET /smartqueueweb/ping HTTP/1.1" 200 255 http-bio-8080-exec-1 1
192.168.1.11 - - [05/Nov/2024:22:06:56 +0800] "GET /smartqueueweb/ping HTTP/1.1" 200 255 http-bio-8080-exec-6 0
0:0:0:0:0:0:0:1 - - [05/Nov/2024:22:06:59 +0800] "GET /smartqueueweb/ping HTTP/1.1" 200 255 http-bio-8080-exec-1 1
192.168.1.11 - - [05/Nov/2024:22:06:59 +0800] "GET /smartqueueweb/ping HTTP/1.1" 200 255 http-bio-8080-exec-6 0
192.168.1.11 - - [05/Nov/2024:22:06:59 +0800] "GET /smartqueueweb/JsonStudentQueueEntriesAPI?window_number=&queue_status=QUEUE HTTP/1.1" 500 42 http-bio-8080-exec-6 0
0:0:0:0:0:0:0:1 - - [05/Nov/2024:22:07:02 +0800] "GET /smartqueueweb/ping HTTP/1.1" 200 255 http-bio-8080-exec-1 1
192.168.1.11 - - [05/Nov/2024:22:07:03 +0800] "GET /smartqueueweb/ping HTTP/1.1" 200 255 http-bio-8080-exec-9 0
192.168.1.11 - - [05/Nov/2024:22:07:04 +0800] "GET /smartqueueweb/JsonStudentQueueEntriesAPI?window_number=&queue_status=QUEUE HTTP/1.1" 500 42 http-bio-8080-exec-9 0
192.168.1.11 - - [05/Nov/2024:22:07:06 +0800] "GET /smartqueueweb/ping HTTP/1.1" 200 255 http-bio-8080-exec-5 1
0:0:0:0:0:0:0:1 - - [05/Nov/2024:22:07:06 +0800] "GET /smartqueueweb/ping HTTP/1.1" 200 255 http-bio-8080-exec-5 1
192.168.1.11 - - [05/Nov/2024:22:07:08 +0800] "GET /smartqueueweb/JsonStudentQueueEntriesAPI?window_number=&queue_status=QUEUE HTTP/1.1" 500 42 http-bio-8080-exec-7 0
0:0:0:0:0:0:0:1 - - [05/Nov/2024:22:07:08 +0800] "GET /smartqueueweb/ping HTTP/1.1" 200 255 http-bio-8080-exec-1 0
192.168.1.11 - - [05/Nov/2024:22:07:09 +0800] "GET /smartqueueweb/ping HTTP/1.1" 200 255 http-bio-8080-exec-9 0
192.168.1.11 - - [05/Nov/2024:22:07:12 +0800] "GET /smartqueueweb/ping HTTP/1.1" 200 255 http-bio-8080-exec-9 0
192.168.1.11 - - [05/Nov/2024:22:07:12 +0800] "GET /smartqueueweb/JsonStudentQueueEntriesAPI?window_number=&queue_status=QUEUE HTTP/1.1" 500 42 http-bio-8080-exec-5 0
0:0:0:0:0:0:0:1 - - [05/Nov/2024:22:07:12 +0800] "GET /smartqueueweb/ping HTTP/1.1" 200 255 http-bio-8080-exec-1 0
192.168.1.11 - - [05/Nov/2024:22:07:15 +0800] "GET /smartqueueweb/ping HTTP/1.1" 200 255 http-bio-8080-exec-7 1
0:0:0:0:0:0:0:1 - - [05/Nov/2024:22:07:15 +0800] "GET /smartqueueweb/ping HTTP/1.1" 200 255 http-bio-8080-exec-2 0
192.168.1.11 - - [05/Nov/2024:22:07:16 +0800] "GET /smartqueueweb/JsonStudentQueueEntriesAPI?window_number=&queue_status=QUEUE HTTP/1.1" 500 42 http-bio-8080-exec-7 1
192.168.1.11 - - [05/Nov/2024:22:07:18 +0800] "GET /smartqueueweb/ping HTTP/1.1" 200 255 http-bio-8080-exec-5 1
0:0:0:0:0:0:0:1 - - [05/Nov/2024:22:07:18 +0800] "GET /smartqueueweb/ping HTTP/1.1" 200 255 http-bio-8080-exec-1 1
192.168.1.11 - - [05/Nov/2024:22:07:20 +0800] "GET /smartqueueweb/JsonStudentQueueEntriesAPI?window_number=&queue_status=QUEUE HTTP/1.1" 500 42 http-bio-8080-exec-5 1
192.168.1.11 - - [05/Nov/2024:22:07:21 +0800] "GET /smartqueueweb/ping HTTP/1.1" 200 255 http-bio-8080-exec-10 0
0:0:0:0:0:0:0:1 - - [05/Nov/2024:22:07:21 +0800] "GET /smartqueueweb/ping HTTP/1.1" 200 255 http-bio-8080-exec-1 1
192.168.1.11 - - [05/Nov/2024:22:07:24 +0800] "GET /smartqueueweb/ping HTTP/1.1" 200 255 http-bio-8080-exec-2 1
192.168.1.11 - - [05/Nov/2024:22:07:24 +0800] "GET /smartqueueweb/JsonStudentQueueEntriesAPI?window_number=&queue_status=QUEUE HTTP/1.1" 500 42 http-bio-8080-exec-9 0
0:0:0:0:0:0:0:1 - - [05/Nov/2024:22:07:24 +0800] "GET /smartqueueweb/ping HTTP/1.1" 200 255 http-bio-8080-exec-5 0
0:0:0:0:0:0:0:1 - - [05/Nov/2024:22:07:26 +0800] "GET /smartqueueweb/ping HTTP/1.1" 200 255 http-bio-8080-exec-5 0
192.168.1.11 - - [05/Nov/2024:22:07:26 +0800] "GET /smartqueueweb/ping HTTP/1.1" 200 255 http-bio-8080-exec-3 1
192.168.1.11 - - [05/Nov/2024:22:07:28 +0800] "GET /smartqueueweb/JsonStudentQueueEntriesAPI?window_number=&queue_status=QUEUE HTTP/1.1" 500 42 http-bio-8080-exec-1 0
192.168.1.11 - - [05/Nov/2024:22:07:30 +0800] "GET /smartqueueweb/ping HTTP/1.1" 200 255 http-bio-8080-exec-2 1
0:0:0:0:0:0:0:1 - - [05/Nov/2024:22:07:30 +0800] "GET /smartqueueweb/ping HTTP/1.1" 200 255 http-bio-8080-exec-10 0
192.168.1.11 - - [05/Nov/2024:22:07:31 +0800] "GET /smartqueueweb/JsonStudentQueueEntriesAPI?window_number=&queue_status=QUEUE HTTP/1.1" 500 42 http-bio-8080-exec-2 0
0:0:0:0:0:0:0:1 - - [05/Nov/2024:22:07:32 +0800] "GET /smartqueueweb/ping HTTP/1.1" 200 255 http-bio-8080-exec-10 0
192.168.1.11 - - [05/Nov/2024:22:07:32 +0800] "GET /smartqueueweb/ping HTTP/1.1" 200 255 http-bio-8080-exec-3 1
0:0:0:0:0:0:0:1 - - [05/Nov/2024:22:07:32 +0800] "GET /smartqueueweb/userwindow HTTP/1.1" 200 9489 http-bio-8080-exec-1 65
0:0:0:0:0:0:0:1 - - [05/Nov/2024:22:07:33 +0800] "GET /smartqueueweb/QueueWebSocketController HTTP/1.1" 101 - http-bio-8080-exec-2 3
0:0:0:0:0:0:0:1 - - [05/Nov/2024:22:07:33 +0800] "GET /smartqueueweb/video-ad.mp4 HTTP/1.1" 404 2821 http-bio-8080-exec-1 4
0:0:0:0:0:0:0:1 - - [05/Nov/2024:22:07:33 +0800] "GET /smartqueueweb/css/bootstrap.min.css.map HTTP/1.1" 404 2860 http-bio-8080-exec-1 4
192.168.1.11 - - [05/Nov/2024:22:07:35 +0800] "GET /smartqueueweb/ping HTTP/1.1" 200 255 http-bio-8080-exec-10 0
192.168.1.11 - - [05/Nov/2024:22:07:35 +0800] "GET /smartqueueweb/JsonStudentQueueEntriesAPI?window_number=&queue_status=QUEUE HTTP/1.1" 500 42 http-bio-8080-exec-10 0
0:0:0:0:0:0:0:1 - - [05/Nov/2024:22:07:36 +0800] "GET /smartqueueweb/ping HTTP/1.1" 200 255 http-bio-8080-exec-1 0
192.168.1.11 - - [05/Nov/2024:22:07:36 +0800] "GET /smartqueueweb/JsonAvailableWindow HTTP/1.1" 200 242 http-bio-8080-exec-4 7
192.168.1.11 - - [05/Nov/2024:22:07:37 +0800] "GET /smartqueueweb/JsonAvailableWindow HTTP/1.1" 200 242 http-bio-8080-exec-4 4
192.168.1.11 - - [05/Nov/2024:22:07:37 +0800] "GET /smartqueueweb/JsonAvailableWindow HTTP/1.1" 200 242 http-bio-8080-exec-4 4
192.168.1.11 - - [05/Nov/2024:22:07:37 +0800] "GET /smartqueueweb/JsonStudentQueueEntriesAPI?window_number=3&queue_status=QUEUE HTTP/1.1" 200 12 http-bio-8080-exec-10 5
192.168.1.11 - - [05/Nov/2024:22:07:37 +0800] "GET /smartqueueweb/JsonStudentQueueEntriesAPI?window_number=3&queue_status=SERVING HTTP/1.1" 200 215 http-bio-8080-exec-10 4
192.168.1.11 - - [05/Nov/2024:22:07:38 +0800] "GET /smartqueueweb/ping HTTP/1.1" 200 255 http-bio-8080-exec-10 1
0:0:0:0:0:0:0:1 - - [05/Nov/2024:22:07:39 +0800] "GET /smartqueueweb/ping HTTP/1.1" 200 255 http-bio-8080-exec-3 0
192.168.1.11 - - [05/Nov/2024:22:07:39 +0800] "GET /smartqueueweb/JsonStudentQueueEntriesAPI?window_number=3&queue_status=QUEUE HTTP/1.1" 200 12 http-bio-8080-exec-10 7
192.168.1.11 - - [05/Nov/2024:22:07:39 +0800] "GET /smartqueueweb/JsonStudentQueueEntriesAPI?window_number=3&queue_status=SERVING HTTP/1.1" 200 215 http-bio-8080-exec-10 8
192.168.1.11 - - [05/Nov/2024:22:07:41 +0800] "GET /smartqueueweb/ping HTTP/1.1" 200 255 http-bio-8080-exec-10 0
0:0:0:0:0:0:0:1 - - [05/Nov/2024:22:07:42 +0800] "GET /smartqueueweb/ping HTTP/1.1" 200 255 http-bio-8080-exec-3 0
192.168.1.11 - - [05/Nov/2024:22:07:43 +0800] "GET /smartqueueweb/JsonStudentQueueEntriesAPI?window_number=3&queue_status=QUEUE HTTP/1.1" 200 12 http-bio-8080-exec-5 5
192.168.1.11 - - [05/Nov/2024:22:07:43 +0800] "GET /smartqueueweb/JsonStudentQueueEntriesAPI?window_number=3&queue_status=SERVING HTTP/1.1" 200 215 http-bio-8080-exec-5 3
192.168.1.11 - - [05/Nov/2024:22:07:44 +0800] "GET /smartqueueweb/ping HTTP/1.1" 200 255 http-bio-8080-exec-5 0
0:0:0:0:0:0:0:1 - - [05/Nov/2024:22:07:45 +0800] "GET /smartqueueweb/ping HTTP/1.1" 200 255 http-bio-8080-exec-7 1
192.168.1.11 - - [05/Nov/2024:22:07:47 +0800] "GET /smartqueueweb/ping HTTP/1.1" 200 255 http-bio-8080-exec-5 0
192.168.1.11 - - [05/Nov/2024:22:07:47 +0800] "GET /smartqueueweb/JsonStudentQueueEntriesAPI?window_number=3&queue_status=QUEUE HTTP/1.1" 200 12 http-bio-8080-exec-3 3
192.168.1.11 - - [05/Nov/2024:22:07:47 +0800] "GET /smartqueueweb/JsonStudentQueueEntriesAPI?window_number=3&queue_status=SERVING HTTP/1.1" 200 215 http-bio-8080-exec-3 4
0:0:0:0:0:0:0:1 - - [05/Nov/2024:22:07:48 +0800] "GET /smartqueueweb/ping HTTP/1.1" 200 255 http-bio-8080-exec-1 0
192.168.1.11 - - [05/Nov/2024:22:07:50 +0800] "GET /smartqueueweb/ping HTTP/1.1" 200 255 http-bio-8080-exec-10 1
0:0:0:0:0:0:0:1 - - [05/Nov/2024:22:07:51 +0800] "GET /smartqueueweb/ping HTTP/1.1" 200 255 http-bio-8080-exec-1 1
192.168.1.11 - - [05/Nov/2024:22:07:51 +0800] "GET /smartqueueweb/JsonStudentQueueEntriesAPI?window_number=3&queue_status=QUEUE HTTP/1.1" 200 12 http-bio-8080-exec-10 5
192.168.1.11 - - [05/Nov/2024:22:07:51 +0800] "GET /smartqueueweb/JsonStudentQueueEntriesAPI?window_number=3&queue_status=SERVING HTTP/1.1" 200 215 http-bio-8080-exec-10 4
192.168.1.11 - - [05/Nov/2024:22:07:53 +0800] "GET /smartqueueweb/ping HTTP/1.1" 200 255 http-bio-8080-exec-7 0
0:0:0:0:0:0:0:1 - - [05/Nov/2024:22:07:54 +0800] "GET /smartqueueweb/ping HTTP/1.1" 200 255 http-bio-8080-exec-4 0
192.168.1.11 - - [05/Nov/2024:22:07:55 +0800] "GET /smartqueueweb/JsonStudentQueueEntriesAPI?window_number=3&queue_status=QUEUE HTTP/1.1" 200 12 http-bio-8080-exec-7 5
192.168.1.11 - - [05/Nov/2024:22:07:55 +0800] "GET /smartqueueweb/JsonStudentQueueEntriesAPI?window_number=3&queue_status=SERVING HTTP/1.1" 200 215 http-bio-8080-exec-7 5
192.168.1.11 - - [05/Nov/2024:22:07:56 +0800] "GET /smartqueueweb/ping HTTP/1.1" 200 255 http-bio-8080-exec-7 1
0:0:0:0:0:0:0:1 - - [05/Nov/2024:22:07:57 +0800] "GET /smartqueueweb/ping HTTP/1.1" 200 255 http-bio-8080-exec-4 1
192.168.1.11 - - [05/Nov/2024:22:07:59 +0800] "GET /smartqueueweb/ping HTTP/1.1" 200 255 http-bio-8080-exec-6 0
192.168.1.11 - - [05/Nov/2024:22:07:59 +0800] "GET /smartqueueweb/JsonStudentQueueEntriesAPI?window_number=3&queue_status=QUEUE HTTP/1.1" 200 12 http-bio-8080-exec-3 3
192.168.1.11 - - [05/Nov/2024:22:07:59 +0800] "GET /smartqueueweb/JsonStudentQueueEntriesAPI?window_number=3&queue_status=SERVING HTTP/1.1" 200 215 http-bio-8080-exec-3 4
0:0:0:0:0:0:0:1 - - [05/Nov/2024:22:08:00 +0800] "GET /smartqueueweb/ping HTTP/1.1" 200 255 http-bio-8080-exec-10 1
192.168.1.11 - - [05/Nov/2024:22:08:02 +0800] "GET /smartqueueweb/ping HTTP/1.1" 200 255 http-bio-8080-exec-3 0
0:0:0:0:0:0:0:1 - - [05/Nov/2024:22:08:03 +0800] "GET /smartqueueweb/ping HTTP/1.1" 200 255 http-bio-8080-exec-9 1
192.168.1.11 - - [05/Nov/2024:22:08:03 +0800] "GET /smartqueueweb/JsonStudentQueueEntriesAPI?window_number=3&queue_status=QUEUE HTTP/1.1" 200 12 http-bio-8080-exec-1 5
192.168.1.11 - - [05/Nov/2024:22:08:03 +0800] "GET /smartqueueweb/JsonStudentQueueEntriesAPI?window_number=3&queue_status=SERVING HTTP/1.1" 200 215 http-bio-8080-exec-1 3
0:0:0:0:0:0:0:1 - - [05/Nov/2024:22:08:06 +0800] "GET /smartqueueweb/ping HTTP/1.1" 200 255 http-bio-8080-exec-9 0
192.168.1.11 - - [05/Nov/2024:22:08:06 +0800] "GET /smartqueueweb/ping HTTP/1.1" 200 255 http-bio-8080-exec-1 1
192.168.1.11 - - [05/Nov/2024:22:08:08 +0800] "GET /smartqueueweb/JsonStudentQueueEntriesAPI?window_number=3&queue_status=QUEUE HTTP/1.1" 200 12 http-bio-8080-exec-10 3
192.168.1.11 - - [05/Nov/2024:22:08:08 +0800] "GET /smartqueueweb/JsonStudentQueueEntriesAPI?window_number=3&queue_status=SERVING HTTP/1.1" 200 215 http-bio-8080-exec-10 5
192.168.1.11 - - [05/Nov/2024:22:08:09 +0800] "GET /smartqueueweb/ping HTTP/1.1" 200 255 http-bio-8080-exec-10 1
0:0:0:0:0:0:0:1 - - [05/Nov/2024:22:08:09 +0800] "GET /smartqueueweb/ping HTTP/1.1" 200 255 http-bio-8080-exec-6 1
0:0:0:0:0:0:0:1 - - [05/Nov/2024:22:08:12 +0800] "GET /smartqueueweb/ping HTTP/1.1" 200 255 http-bio-8080-exec-6 0
192.168.1.11 - - [05/Nov/2024:22:08:12 +0800] "GET /smartqueueweb/ping HTTP/1.1" 200 255 http-bio-8080-exec-10 0
192.168.1.11 - - [05/Nov/2024:22:08:12 +0800] "GET /smartqueueweb/JsonStudentQueueEntriesAPI?window_number=3&queue_status=QUEUE HTTP/1.1" 200 12 http-bio-8080-exec-5 4
192.168.1.11 - - [05/Nov/2024:22:08:12 +0800] "GET /smartqueueweb/JsonStudentQueueEntriesAPI?window_number=3&queue_status=SERVING HTTP/1.1" 200 215 http-bio-8080-exec-5 3
192.168.1.11 - - [05/Nov/2024:22:08:15 +0800] "GET /smartqueueweb/ping HTTP/1.1" 200 255 http-bio-8080-exec-3 1
0:0:0:0:0:0:0:1 - - [05/Nov/2024:22:08:15 +0800] "GET /smartqueueweb/ping HTTP/1.1" 200 255 http-bio-8080-exec-9 0
192.168.1.11 - - [05/Nov/2024:22:08:16 +0800] "GET /smartqueueweb/JsonStudentQueueEntriesAPI?window_number=3&queue_status=QUEUE HTTP/1.1" 200 12 http-bio-8080-exec-3 5
192.168.1.11 - - [05/Nov/2024:22:08:16 +0800] "GET /smartqueueweb/JsonStudentQueueEntriesAPI?window_number=3&queue_status=SERVING HTTP/1.1" 200 215 http-bio-8080-exec-3 4
192.168.1.11 - - [05/Nov/2024:22:08:17 +0800] "GET /smartqueueweb/ping HTTP/1.1" 200 255 http-bio-8080-exec-3 1
0:0:0:0:0:0:0:1 - - [05/Nov/2024:22:08:18 +0800] "GET /smartqueueweb/ping HTTP/1.1" 200 255 http-bio-8080-exec-9 0
192.168.1.11 - - [05/Nov/2024:22:08:20 +0800] "GET /smartqueueweb/JsonStudentQueueEntriesAPI?window_number=3&queue_status=QUEUE HTTP/1.1" 200 12 http-bio-8080-exec-3 3
192.168.1.11 - - [05/Nov/2024:22:08:20 +0800] "GET /smartqueueweb/JsonStudentQueueEntriesAPI?window_number=3&queue_status=SERVING HTTP/1.1" 200 215 http-bio-8080-exec-3 5
0:0:0:0:0:0:0:1 - - [05/Nov/2024:22:08:21 +0800] "GET /smartqueueweb/ping HTTP/1.1" 200 255 http-bio-8080-exec-9 0
192.168.1.11 - - [05/Nov/2024:22:08:21 +0800] "GET /smartqueueweb/ping HTTP/1.1" 200 255 http-bio-8080-exec-3 0
0:0:0:0:0:0:0:1 - - [05/Nov/2024:22:08:23 +0800] "GET /smartqueueweb/userwindow HTTP/1.1" 200 9510 http-bio-8080-exec-5 75
192.168.1.11 - - [05/Nov/2024:22:08:23 +0800] "GET /smartqueueweb/ping HTTP/1.1" 200 255 http-bio-8080-exec-7 1
192.168.1.11 - - [05/Nov/2024:22:08:23 +0800] "GET /smartqueueweb/JsonStudentQueueEntriesAPI?window_number=3&queue_status=QUEUE HTTP/1.1" 200 12 http-bio-8080-exec-10 7
192.168.1.11 - - [05/Nov/2024:22:08:23 +0800] "GET /smartqueueweb/JsonStudentQueueEntriesAPI?window_number=3&queue_status=SERVING HTTP/1.1" 200 215 http-bio-8080-exec-10 9
0:0:0:0:0:0:0:1 - - [05/Nov/2024:22:08:23 +0800] "GET /smartqueueweb/QueueWebSocketController HTTP/1.1" 101 - http-bio-8080-exec-1 1
0:0:0:0:0:0:0:1 - - [05/Nov/2024:22:08:23 +0800] "GET /smartqueueweb/video-ad.mp4 HTTP/1.1" 404 2821 http-bio-8080-exec-5 4
0:0:0:0:0:0:0:1 - - [05/Nov/2024:22:08:23 +0800] "GET /smartqueueweb/css/bootstrap.min.css.map HTTP/1.1" 404 2860 http-bio-8080-exec-5 1
192.168.1.11 - - [05/Nov/2024:22:08:26 +0800] "GET /smartqueueweb/ping HTTP/1.1" 200 255 http-bio-8080-exec-10 0
0:0:0:0:0:0:0:1 - - [05/Nov/2024:22:08:26 +0800] "GET /smartqueueweb/ping HTTP/1.1" 200 255 http-bio-8080-exec-5 1
192.168.1.11 - - [05/Nov/2024:22:08:27 +0800] "GET /smartqueueweb/JsonStudentQueueEntriesAPI?window_number=3&queue_status=QUEUE HTTP/1.1" 200 12 http-bio-8080-exec-10 3
192.168.1.11 - - [05/Nov/2024:22:08:27 +0800] "GET /smartqueueweb/JsonStudentQueueEntriesAPI?window_number=3&queue_status=SERVING HTTP/1.1" 200 215 http-bio-8080-exec-10 4
192.168.1.11 - - [05/Nov/2024:22:08:29 +0800] "GET /smartqueueweb/ping HTTP/1.1" 200 255 http-bio-8080-exec-10 1
0:0:0:0:0:0:0:1 - - [05/Nov/2024:22:08:29 +0800] "GET /smartqueueweb/ping HTTP/1.1" 200 255 http-bio-8080-exec-5 1
192.168.1.11 - - [05/Nov/2024:22:08:31 +0800] "GET /smartqueueweb/JsonStudentQueueEntriesAPI?window_number=3&queue_status=QUEUE HTTP/1.1" 200 12 http-bio-8080-exec-10 4
192.168.1.11 - - [05/Nov/2024:22:08:31 +0800] "GET /smartqueueweb/JsonStudentQueueEntriesAPI?window_number=3&queue_status=SERVING HTTP/1.1" 200 215 http-bio-8080-exec-10 4
192.168.1.11 - - [05/Nov/2024:22:08:32 +0800] "GET /smartqueueweb/ping HTTP/1.1" 200 255 http-bio-8080-exec-10 0
0:0:0:0:0:0:0:1 - - [05/Nov/2024:22:08:32 +0800] "GET /smartqueueweb/ping HTTP/1.1" 200 255 http-bio-8080-exec-5 1
192.168.1.11 - - [05/Nov/2024:22:08:35 +0800] "GET /smartqueueweb/ping HTTP/1.1" 200 255 http-bio-8080-exec-4 0
192.168.1.11 - - [05/Nov/2024:22:08:35 +0800] "GET /smartqueueweb/JsonStudentQueueEntriesAPI?window_number=3&queue_status=QUEUE HTTP/1.1" 200 12 http-bio-8080-exec-2 3
192.168.1.11 - - [05/Nov/2024:22:08:35 +0800] "GET /smartqueueweb/JsonStudentQueueEntriesAPI?window_number=3&queue_status=SERVING HTTP/1.1" 200 215 http-bio-8080-exec-2 4
0:0:0:0:0:0:0:1 - - [05/Nov/2024:22:08:35 +0800] "GET /smartqueueweb/ping HTTP/1.1" 200 255 http-bio-8080-exec-10 0
192.168.1.11 - - [05/Nov/2024:22:08:38 +0800] "GET /smartqueueweb/ping HTTP/1.1" 200 255 http-bio-8080-exec-2 0
0:0:0:0:0:0:0:1 - - [05/Nov/2024:22:08:38 +0800] "GET /smartqueueweb/ping HTTP/1.1" 200 255 http-bio-8080-exec-10 1
192.168.1.11 - - [05/Nov/2024:22:08:40 +0800] "GET /smartqueueweb/JsonStudentQueueEntriesAPI?window_number=3&queue_status=QUEUE HTTP/1.1" 200 12 http-bio-8080-exec-2 3
192.168.1.11 - - [05/Nov/2024:22:08:40 +0800] "GET /smartqueueweb/JsonStudentQueueEntriesAPI?window_number=3&queue_status=SERVING HTTP/1.1" 200 215 http-bio-8080-exec-2 4
192.168.1.11 - - [05/Nov/2024:22:08:42 +0800] "GET /smartqueueweb/ping HTTP/1.1" 200 255 http-bio-8080-exec-2 1
0:0:0:0:0:0:0:1 - - [05/Nov/2024:22:08:42 +0800] "GET /smartqueueweb/ping HTTP/1.1" 200 255 http-bio-8080-exec-10 1
192.168.1.11 - - [05/Nov/2024:22:08:43 +0800] "GET /smartqueueweb/JsonStudentQueueEntriesAPI?window_number=3&queue_status=QUEUE HTTP/1.1" 200 12 http-bio-8080-exec-9 7
192.168.1.11 - - [05/Nov/2024:22:08:43 +0800] "GET /smartqueueweb/JsonStudentQueueEntriesAPI?window_number=3&queue_status=SERVING HTTP/1.1" 200 215 http-bio-8080-exec-9 9
192.168.1.11 - - [05/Nov/2024:22:08:44 +0800] "GET /smartqueueweb/ping HTTP/1.1" 200 255 http-bio-8080-exec-9 1
0:0:0:0:0:0:0:1 - - [05/Nov/2024:22:08:44 +0800] "GET /smartqueueweb/ping HTTP/1.1" 200 255 http-bio-8080-exec-5 1
0:0:0:0:0:0:0:1 - - [05/Nov/2024:22:08:44 +0800] "GET /smartqueueweb/userwindow HTTP/1.1" 200 9495 http-bio-8080-exec-5 76
0:0:0:0:0:0:0:1 - - [05/Nov/2024:22:08:44 +0800] "GET /smartqueueweb/QueueWebSocketController HTTP/1.1" 101 - http-bio-8080-exec-3 0
0:0:0:0:0:0:0:1 - - [05/Nov/2024:22:08:44 +0800] "GET /smartqueueweb/video-ad.mp4 HTTP/1.1" 404 2821 http-bio-8080-exec-5 4
0:0:0:0:0:0:0:1 - - [05/Nov/2024:22:08:44 +0800] "GET /smartqueueweb/css/bootstrap.min.css.map HTTP/1.1" 404 2860 http-bio-8080-exec-5 1
192.168.1.11 - - [05/Nov/2024:22:08:47 +0800] "GET /smartqueueweb/ping HTTP/1.1" 200 255 http-bio-8080-exec-9 0
192.168.1.11 - - [05/Nov/2024:22:08:47 +0800] "GET /smartqueueweb/JsonStudentQueueEntriesAPI?window_number=3&queue_status=QUEUE HTTP/1.1" 200 12 http-bio-8080-exec-10 3
192.168.1.11 - - [05/Nov/2024:22:08:47 +0800] "GET /smartqueueweb/JsonStudentQueueEntriesAPI?window_number=3&queue_status=SERVING HTTP/1.1" 200 215 http-bio-8080-exec-10 5
0:0:0:0:0:0:0:1 - - [05/Nov/2024:22:08:47 +0800] "GET /smartqueueweb/ping HTTP/1.1" 200 255 http-bio-8080-exec-5 1
192.168.1.11 - - [05/Nov/2024:22:08:50 +0800] "GET /smartqueueweb/ping HTTP/1.1" 200 255 http-bio-8080-exec-10 1
0:0:0:0:0:0:0:1 - - [05/Nov/2024:22:08:51 +0800] "GET /smartqueueweb/ping HTTP/1.1" 200 255 http-bio-8080-exec-5 0
192.168.1.11 - - [05/Nov/2024:22:08:51 +0800] "GET /smartqueueweb/JsonStudentQueueEntriesAPI?window_number=3&queue_status=QUEUE HTTP/1.1" 200 12 http-bio-8080-exec-10 5
192.168.1.11 - - [05/Nov/2024:22:08:51 +0800] "GET /smartqueueweb/JsonStudentQueueEntriesAPI?window_number=3&queue_status=SERVING HTTP/1.1" 200 215 http-bio-8080-exec-10 9
192.168.1.11 - - [05/Nov/2024:22:08:53 +0800] "GET /smartqueueweb/ping HTTP/1.1" 200 255 http-bio-8080-exec-4 0
0:0:0:0:0:0:0:1 - - [05/Nov/2024:22:08:53 +0800] "GET /smartqueueweb/ping HTTP/1.1" 200 255 http-bio-8080-exec-7 0
192.168.1.11 - - [05/Nov/2024:22:08:56 +0800] "GET /smartqueueweb/JsonStudentQueueEntriesAPI?window_number=3&queue_status=QUEUE HTTP/1.1" 200 12 http-bio-8080-exec-4 3
192.168.1.11 - - [05/Nov/2024:22:08:56 +0800] "GET /smartqueueweb/JsonStudentQueueEntriesAPI?window_number=3&queue_status=SERVING HTTP/1.1" 200 215 http-bio-8080-exec-4 3
192.168.1.11 - - [05/Nov/2024:22:08:57 +0800] "GET /smartqueueweb/ping HTTP/1.1" 200 255 http-bio-8080-exec-4 0
0:0:0:0:0:0:0:1 - - [05/Nov/2024:22:08:57 +0800] "GET /smartqueueweb/ping HTTP/1.1" 200 255 http-bio-8080-exec-7 1
192.168.1.11 - - [05/Nov/2024:22:09:00 +0800] "GET /smartqueueweb/ping HTTP/1.1" 200 255 http-bio-8080-exec-4 1
0:0:0:0:0:0:0:1 - - [05/Nov/2024:22:09:00 +0800] "GET /smartqueueweb/ping HTTP/1.1" 200 255 http-bio-8080-exec-7 0
192.168.1.11 - - [05/Nov/2024:22:09:00 +0800] "GET /smartqueueweb/JsonStudentQueueEntriesAPI?window_number=3&queue_status=QUEUE HTTP/1.1" 200 12 http-bio-8080-exec-4 5
192.168.1.11 - - [05/Nov/2024:22:09:00 +0800] "GET /smartqueueweb/JsonStudentQueueEntriesAPI?window_number=3&queue_status=SERVING HTTP/1.1" 200 215 http-bio-8080-exec-4 3
192.168.1.11 - - [05/Nov/2024:22:09:03 +0800] "GET /smartqueueweb/ping HTTP/1.1" 200 255 http-bio-8080-exec-5 0
0:0:0:0:0:0:0:1 - - [05/Nov/2024:22:09:03 +0800] "GET /smartqueueweb/ping HTTP/1.1" 200 255 http-bio-8080-exec-9 0
192.168.1.11 - - [05/Nov/2024:22:09:04 +0800] "GET /smartqueueweb/JsonStudentQueueEntriesAPI?window_number=3&queue_status=QUEUE HTTP/1.1" 200 12 http-bio-8080-exec-5 6
192.168.1.11 - - [05/Nov/2024:22:09:04 +0800] "GET /smartqueueweb/JsonStudentQueueEntriesAPI?window_number=3&queue_status=SERVING HTTP/1.1" 200 215 http-bio-8080-exec-5 3
192.168.1.11 - - [05/Nov/2024:22:09:05 +0800] "GET /smartqueueweb/ping HTTP/1.1" 200 255 http-bio-8080-exec-5 2
0:0:0:0:0:0:0:1 - - [05/Nov/2024:22:09:05 +0800] "GET /smartqueueweb/ping HTTP/1.1" 200 255 http-bio-8080-exec-9 1
0:0:0:0:0:0:0:1 - - [05/Nov/2024:22:09:06 +0800] "GET /smartqueueweb/userwindow HTTP/1.1" 200 9402 http-bio-8080-exec-9 51
0:0:0:0:0:0:0:1 - - [05/Nov/2024:22:09:06 +0800] "GET /smartqueueweb/JsonStudentQueueEntriesAPI?window_number=1&queue_status=SERVING HTTP/1.1" 200 12 http-bio-8080-exec-9 5
0:0:0:0:0:0:0:1 - - [05/Nov/2024:22:09:06 +0800] "GET /smartqueueweb/QueueWebSocketController HTTP/1.1" 101 - http-bio-8080-exec-6 0
0:0:0:0:0:0:0:1 - - [05/Nov/2024:22:09:06 +0800] "GET /smartqueueweb/video-ad.mp4 HTTP/1.1" 404 2821 http-bio-8080-exec-9 2
0:0:0:0:0:0:0:1 - - [05/Nov/2024:22:09:06 +0800] "GET /smartqueueweb/css/bootstrap.min.css.map HTTP/1.1" 404 2860 http-bio-8080-exec-9 2
192.168.1.11 - - [05/Nov/2024:22:09:07 +0800] "GET /smartqueueweb/JsonStudentQueueEntriesAPI?window_number=3&queue_status=QUEUE HTTP/1.1" 200 12 http-bio-8080-exec-5 4
192.168.1.11 - - [05/Nov/2024:22:09:07 +0800] "GET /smartqueueweb/JsonStudentQueueEntriesAPI?window_number=3&queue_status=SERVING HTTP/1.1" 200 215 http-bio-8080-exec-5 5
192.168.1.11 - - [05/Nov/2024:22:09:08 +0800] "GET /smartqueueweb/ping HTTP/1.1" 200 255 http-bio-8080-exec-5 1
0:0:0:0:0:0:0:1 - - [05/Nov/2024:22:09:09 +0800] "GET /smartqueueweb/ping HTTP/1.1" 200 255 http-bio-8080-exec-9 0
192.168.1.11 - - [05/Nov/2024:22:09:11 +0800] "GET /smartqueueweb/ping HTTP/1.1" 200 255 http-bio-8080-exec-5 1
192.168.1.11 - - [05/Nov/2024:22:09:11 +0800] "GET /smartqueueweb/JsonStudentQueueEntriesAPI?window_number=3&queue_status=QUEUE HTTP/1.1" 200 12 http-bio-8080-exec-10 3
192.168.1.11 - - [05/Nov/2024:22:09:11 +0800] "GET /smartqueueweb/JsonStudentQueueEntriesAPI?window_number=3&queue_status=SERVING HTTP/1.1" 200 215 http-bio-8080-exec-10 4
0:0:0:0:0:0:0:1 - - [05/Nov/2024:22:09:13 +0800] "GET /smartqueueweb/ping HTTP/1.1" 200 255 http-bio-8080-exec-7 1
192.168.1.11 - - [05/Nov/2024:22:09:15 +0800] "GET /smartqueueweb/ping HTTP/1.1" 200 255 http-bio-8080-exec-3 0
0:0:0:0:0:0:0:1 - - [05/Nov/2024:22:09:16 +0800] "GET /smartqueueweb/ping HTTP/1.1" 200 255 http-bio-8080-exec-7 1
192.168.1.11 - - [05/Nov/2024:22:09:16 +0800] "GET /smartqueueweb/JsonStudentQueueEntriesAPI?window_number=3&queue_status=QUEUE HTTP/1.1" 200 12 http-bio-8080-exec-3 5
192.168.1.11 - - [05/Nov/2024:22:09:16 +0800] "GET /smartqueueweb/JsonStudentQueueEntriesAPI?window_number=3&queue_status=SERVING HTTP/1.1" 200 215 http-bio-8080-exec-3 8
0:0:0:0:0:0:0:1 - - [05/Nov/2024:22:09:17 +0800] "GET /smartqueueweb/userwindow HTTP/1.1" 200 9402 http-bio-8080-exec-7 67
0:0:0:0:0:0:0:1 - - [05/Nov/2024:22:09:17 +0800] "GET /smartqueueweb/JsonStudentQueueEntriesAPI?window_number=3&queue_status=SERVING HTTP/1.1" 200 215 http-bio-8080-exec-7 6
0:0:0:0:0:0:0:1 - - [05/Nov/2024:22:09:17 +0800] "GET /smartqueueweb/QueueWebSocketController HTTP/1.1" 101 - http-bio-8080-exec-10 1
0:0:0:0:0:0:0:1 - - [05/Nov/2024:22:09:17 +0800] "GET /smartqueueweb/video-ad.mp4 HTTP/1.1" 404 2821 http-bio-8080-exec-7 3
192.168.1.11 - - [05/Nov/2024:22:09:17 +0800] "GET /smartqueueweb/ping HTTP/1.1" 200 255 http-bio-8080-exec-3 1
0:0:0:0:0:0:0:1 - - [05/Nov/2024:22:09:17 +0800] "GET /smartqueueweb/css/bootstrap.min.css.map HTTP/1.1" 404 2860 http-bio-8080-exec-7 1
0:0:0:0:0:0:0:1 - - [05/Nov/2024:22:09:20 +0800] "GET /smartqueueweb/ping HTTP/1.1" 200 255 http-bio-8080-exec-7 1
192.168.1.11 - - [05/Nov/2024:22:09:20 +0800] "GET /smartqueueweb/JsonStudentQueueEntriesAPI?window_number=3&queue_status=QUEUE HTTP/1.1" 200 12 http-bio-8080-exec-3 5
192.168.1.11 - - [05/Nov/2024:22:09:20 +0800] "GET /smartqueueweb/JsonStudentQueueEntriesAPI?window_number=3&queue_status=SERVING HTTP/1.1" 200 215 http-bio-8080-exec-3 5
192.168.1.11 - - [05/Nov/2024:22:09:21 +0800] "GET /smartqueueweb/ping HTTP/1.1" 200 255 http-bio-8080-exec-3 0
0:0:0:0:0:0:0:1 - - [05/Nov/2024:22:09:22 +0800] "GET /smartqueueweb/userwindow HTTP/1.1" 200 9402 http-bio-8080-exec-7 74
0:0:0:0:0:0:0:1 - - [05/Nov/2024:22:09:22 +0800] "GET /smartqueueweb/JsonStudentQueueEntriesAPI?window_number=3&queue_status=SERVING HTTP/1.1" 200 215 http-bio-8080-exec-7 7
0:0:0:0:0:0:0:1 - - [05/Nov/2024:22:09:22 +0800] "GET /smartqueueweb/QueueWebSocketController HTTP/1.1" 101 - http-bio-8080-exec-2 2
0:0:0:0:0:0:0:1 - - [05/Nov/2024:22:09:22 +0800] "GET /smartqueueweb/video-ad.mp4 HTTP/1.1" 404 2821 http-bio-8080-exec-7 3
0:0:0:0:0:0:0:1 - - [05/Nov/2024:22:09:22 +0800] "GET /smartqueueweb/css/bootstrap.min.css.map HTTP/1.1" 404 2860 http-bio-8080-exec-7 2
192.168.1.11 - - [05/Nov/2024:22:09:23 +0800] "GET /smartqueueweb/ping HTTP/1.1" 200 255 http-bio-8080-exec-4 0
192.168.1.11 - - [05/Nov/2024:22:09:23 +0800] "GET /smartqueueweb/JsonStudentQueueEntriesAPI?window_number=3&queue_status=QUEUE HTTP/1.1" 200 12 http-bio-8080-exec-10 3
192.168.1.11 - - [05/Nov/2024:22:09:23 +0800] "GET /smartqueueweb/JsonStudentQueueEntriesAPI?window_number=3&queue_status=SERVING HTTP/1.1" 200 215 http-bio-8080-exec-10 4
0:0:0:0:0:0:0:1 - - [05/Nov/2024:22:09:25 +0800] "GET /smartqueueweb/ping HTTP/1.1" 200 255 http-bio-8080-exec-3 1
192.168.1.11 - - [05/Nov/2024:22:09:26 +0800] "GET /smartqueueweb/ping HTTP/1.1" 200 255 http-bio-8080-exec-10 0
192.168.1.11 - - [05/Nov/2024:22:09:27 +0800] "GET /smartqueueweb/JsonStudentQueueEntriesAPI?window_number=3&queue_status=QUEUE HTTP/1.1" 200 12 http-bio-8080-exec-10 4
192.168.1.11 - - [05/Nov/2024:22:09:27 +0800] "GET /smartqueueweb/JsonStudentQueueEntriesAPI?window_number=3&queue_status=SERVING HTTP/1.1" 200 215 http-bio-8080-exec-10 3
0:0:0:0:0:0:0:1 - - [05/Nov/2024:22:09:28 +0800] "GET /smartqueueweb/ping HTTP/1.1" 200 255 http-bio-8080-exec-3 0
192.168.1.11 - - [05/Nov/2024:22:09:29 +0800] "GET /smartqueueweb/ping HTTP/1.1" 200 255 http-bio-8080-exec-10 1
0:0:0:0:0:0:0:1 - - [05/Nov/2024:22:09:31 +0800] "GET /smartqueueweb/ping HTTP/1.1" 200 255 http-bio-8080-exec-3 1
192.168.1.11 - - [05/Nov/2024:22:09:31 +0800] "GET /smartqueueweb/JsonStudentQueueEntriesAPI?window_number=3&queue_status=QUEUE HTTP/1.1" 200 12 http-bio-8080-exec-10 4
192.168.1.11 - - [05/Nov/2024:22:09:31 +0800] "GET /smartqueueweb/JsonStudentQueueEntriesAPI?window_number=3&queue_status=SERVING HTTP/1.1" 200 215 http-bio-8080-exec-10 5
192.168.1.11 - - [05/Nov/2024:22:09:32 +0800] "GET /smartqueueweb/ping HTTP/1.1" 200 255 http-bio-8080-exec-10 1
192.168.1.11 - - [05/Nov/2024:22:09:33 +0800] "GET /smartqueueweb/inquiry HTTP/1.1" 200 36070 http-bio-8080-exec-9 31
192.168.1.11 - - [05/Nov/2024:22:09:33 +0800] "GET /smartqueueweb/JsonServiceListAPI HTTP/1.1" 200 1626 http-bio-8080-exec-9 10
0:0:0:0:0:0:0:1 - - [05/Nov/2024:22:09:34 +0800] "GET /smartqueueweb/ping HTTP/1.1" 200 255 http-bio-8080-exec-5 0
0:0:0:0:0:0:0:1 - - [05/Nov/2024:22:09:37 +0800] "GET /smartqueueweb/ping HTTP/1.1" 200 255 http-bio-8080-exec-5 0
192.168.1.11 - - [05/Nov/2024:22:09:38 +0800] "GET /smartqueueweb/JsonStudentSearchAPI?studentid=2211072&firstname=none&middlename=none&lastname=none HTTP/1.1" 200 14 http-bio-8080-exec-9 10
192.168.1.11 - - [05/Nov/2024:22:09:38 +0800] "GET /smartqueueweb/JsonStudentSearchAPI?studentid=2211072&firstname=none&middlename=none&lastname=none HTTP/1.1" 200 14 http-bio-8080-exec-9 4
0:0:0:0:0:0:0:1 - - [05/Nov/2024:22:09:40 +0800] "GET /smartqueueweb/ping HTTP/1.1" 200 255 http-bio-8080-exec-5 1
0:0:0:0:0:0:0:1 - - [05/Nov/2024:22:09:43 +0800] "GET /smartqueueweb/ping HTTP/1.1" 200 255 http-bio-8080-exec-6 0
0:0:0:0:0:0:0:1 - - [05/Nov/2024:22:09:46 +0800] "GET /smartqueueweb/ping HTTP/1.1" 200 255 http-bio-8080-exec-6 0
192.168.1.11 - - [05/Nov/2024:22:09:47 +0800] "GET /smartqueueweb/JsonStudentSearchAPI?studentid=2211072&firstname=none&middlename=none&lastname=none HTTP/1.1" 200 14 http-bio-8080-exec-4 3
192.168.1.11 - - [05/Nov/2024:22:09:48 +0800] "POST /smartqueueweb/inquiry HTTP/1.1" 200 16 http-bio-8080-exec-4 15
0:0:0:0:0:0:0:1 - - [05/Nov/2024:22:09:49 +0800] "GET /smartqueueweb/ping HTTP/1.1" 200 255 http-bio-8080-exec-6 1
0:0:0:0:0:0:0:1 - - [05/Nov/2024:22:09:52 +0800] "GET /smartqueueweb/ping HTTP/1.1" 200 255 http-bio-8080-exec-6 0
0:0:0:0:0:0:0:1 - - [05/Nov/2024:22:09:55 +0800] "GET /smartqueueweb/ping HTTP/1.1" 200 255 http-bio-8080-exec-5 1
192.168.1.11 - - [05/Nov/2024:22:09:57 +0800] "GET /smartqueueweb/JsonStudentSearchAPI?studentid=2110010&firstname=none&middlename=none&lastname=none HTTP/1.1" 200 106 http-bio-8080-exec-1 32
192.168.1.11 - - [05/Nov/2024:22:09:57 +0800] "GET /smartqueueweb/JsonStudentSearchAPI?studentid=2110010&firstname=none&middlename=none&lastname=none HTTP/1.1" 200 106 http-bio-8080-exec-1 3
0:0:0:0:0:0:0:1 - - [05/Nov/2024:22:09:58 +0800] "GET /smartqueueweb/ping HTTP/1.1" 200 255 http-bio-8080-exec-5 1
192.168.1.11 - - [05/Nov/2024:22:09:58 +0800] "GET /smartqueueweb/JsonStudentSearchAPI?studentid=2110010&firstname=none&middlename=none&lastname=none HTTP/1.1" 200 106 http-bio-8080-exec-1 4
192.168.1.11 - - [05/Nov/2024:22:09:58 +0800] "POST /smartqueueweb/inquiry HTTP/1.1" 200 16 http-bio-8080-exec-1 6
0:0:0:0:0:0:0:1 - - [05/Nov/2024:22:10:01 +0800] "GET /smartqueueweb/ping HTTP/1.1" 200 255 http-bio-8080-exec-5 1
0:0:0:0:0:0:0:1 - - [05/Nov/2024:22:10:04 +0800] "GET /smartqueueweb/ping HTTP/1.1" 200 255 http-bio-8080-exec-8 0
0:0:0:0:0:0:0:1 - - [05/Nov/2024:22:10:07 +0800] "GET /smartqueueweb/ping HTTP/1.1" 200 255 http-bio-8080-exec-8 1
192.168.1.11 - - [05/Nov/2024:22:10:09 +0800] "POST /smartqueueweb/inquiry HTTP/1.1" 200 16 http-bio-8080-exec-7 6
0:0:0:0:0:0:0:1 - - [05/Nov/2024:22:10:10 +0800] "GET /smartqueueweb/ping HTTP/1.1" 200 255 http-bio-8080-exec-8 0
0:0:0:0:0:0:0:1 - - [05/Nov/2024:22:10:13 +0800] "GET /smartqueueweb/ping HTTP/1.1" 200 255 http-bio-8080-exec-6 0
192.168.1.11 - - [05/Nov/2024:22:10:13 +0800] "GET /smartqueueweb/ HTTP/1.1" 302 - http-bio-8080-exec-5 74
192.168.1.11 - - [05/Nov/2024:22:10:13 +0800] "GET /smartqueueweb/staffdashboard HTTP/1.1" 200 14711 http-bio-8080-exec-5 3
0:0:0:0:0:0:0:1 - - [05/Nov/2024:22:10:16 +0800] "GET /smartqueueweb/ping HTTP/1.1" 200 255 http-bio-8080-exec-6 1
192.168.1.11 - - [05/Nov/2024:22:10:16 +0800] "GET /smartqueueweb/ping HTTP/1.1" 200 255 http-bio-8080-exec-5 1
192.168.1.11 - - [05/Nov/2024:22:10:18 +0800] "GET /smartqueueweb/userwindow HTTP/1.1" 200 9402 http-bio-8080-exec-5 1
192.168.1.11 - - [05/Nov/2024:22:10:18 +0800] "GET /smartqueueweb/css/user_window.css HTTP/1.1" 200 2315 http-bio-8080-exec-5 3
192.168.1.11 - - [05/Nov/2024:22:10:18 +0800] "GET /smartqueueweb/video-ad.mp4 HTTP/1.1" 404 2821 http-bio-8080-exec-5 3
192.168.1.11 - - [05/Nov/2024:22:10:18 +0800] "GET /smartqueueweb/QueueWebSocketController HTTP/1.1" 101 - http-bio-8080-exec-10 1
192.168.1.11 - - [05/Nov/2024:22:10:18 +0800] "GET /smartqueueweb/JsonStudentQueueEntriesAPI?window_number=3&queue_status=SERVING HTTP/1.1" 200 215 http-bio-8080-exec-5 4
0:0:0:0:0:0:0:1 - - [05/Nov/2024:22:10:19 +0800] "GET /smartqueueweb/ping HTTP/1.1" 200 255 http-bio-8080-exec-6 0
192.168.1.11 - - [05/Nov/2024:22:10:19 +0800] "GET /smartqueueweb/ping HTTP/1.1" 200 255 http-bio-8080-exec-5 0
192.168.1.11 - - [05/Nov/2024:22:10:20 +0800] "GET /smartqueueweb/counterwindow HTTP/1.1" 200 26722 http-bio-8080-exec-5 2
192.168.1.11 - - [05/Nov/2024:22:10:20 +0800] "GET /smartqueueweb/QueueWebSocketController HTTP/1.1" 101 - http-bio-8080-exec-8 0
0:0:0:0:0:0:0:1 - - [05/Nov/2024:22:10:22 +0800] "GET /smartqueueweb/ping HTTP/1.1" 200 255 http-bio-8080-exec-6 1
192.168.1.11 - - [05/Nov/2024:22:10:23 +0800] "GET /smartqueueweb/ping HTTP/1.1" 200 255 http-bio-8080-exec-3 1
192.168.1.11 - - [05/Nov/2024:22:10:23 +0800] "GET /smartqueueweb/counterwindow HTTP/1.1" 200 26722 http-bio-8080-exec-3 0
192.168.1.11 - - [05/Nov/2024:22:10:24 +0800] "GET /smartqueueweb/QueueWebSocketController HTTP/1.1" 101 - http-bio-8080-exec-4 0
192.168.1.11 - - [05/Nov/2024:22:10:25 +0800] "GET /smartqueueweb/JsonAvailableWindow HTTP/1.1" 200 242 http-bio-8080-exec-3 4
0:0:0:0:0:0:0:1 - - [05/Nov/2024:22:10:25 +0800] "GET /smartqueueweb/ping HTTP/1.1" 200 255 http-bio-8080-exec-1 1
192.168.1.11 - - [05/Nov/2024:22:10:25 +0800] "GET /smartqueueweb/JsonAvailableWindow HTTP/1.1" 200 242 http-bio-8080-exec-3 3
192.168.1.11 - - [05/Nov/2024:22:10:26 +0800] "GET /smartqueueweb/JsonStudentQueueEntriesAPI?window_number=1&queue_status=QUEUE HTTP/1.1" 200 201 http-bio-8080-exec-3 6
192.168.1.11 - - [05/Nov/2024:22:10:26 +0800] "GET /smartqueueweb/JsonStudentQueueEntriesAPI?window_number=1&queue_status=SERVING HTTP/1.1" 200 12 http-bio-8080-exec-3 3
192.168.1.11 - - [05/Nov/2024:22:10:26 +0800] "GET /smartqueueweb/ping HTTP/1.1" 200 255 http-bio-8080-exec-3 0
192.168.1.11 - - [05/Nov/2024:22:10:27 +0800] "PUT /smartqueueweb/updateQueueStatus?queueNumber=G590&queueStatus=SERVING HTTP/1.1" 200 18 http-bio-8080-exec-3 7
192.168.1.11 - - [05/Nov/2024:22:10:28 +0800] "GET /smartqueueweb/JsonStudentQueueEntriesAPI?window_number=1&queue_status=QUEUE HTTP/1.1" 200 12 http-bio-8080-exec-3 6
192.168.1.11 - - [05/Nov/2024:22:10:28 +0800] "GET /smartqueueweb/JsonStudentQueueEntriesAPI?window_number=1&queue_status=SERVING HTTP/1.1" 200 203 http-bio-8080-exec-3 13
0:0:0:0:0:0:0:1 - - [05/Nov/2024:22:10:28 +0800] "GET /smartqueueweb/ping HTTP/1.1" 200 255 http-bio-8080-exec-1 0
192.168.1.11 - - [05/Nov/2024:22:10:29 +0800] "GET /smartqueueweb/JsonAvailableWindow HTTP/1.1" 200 242 http-bio-8080-exec-3 4
192.168.1.11 - - [05/Nov/2024:22:10:29 +0800] "GET /smartqueueweb/ping HTTP/1.1" 200 255 http-bio-8080-exec-3 0
192.168.1.11 - - [05/Nov/2024:22:10:30 +0800] "GET /smartqueueweb/JsonStudentQueueEntriesAPI?window_number=2&queue_status=QUEUE HTTP/1.1" 200 206 http-bio-8080-exec-3 5
192.168.1.11 - - [05/Nov/2024:22:10:30 +0800] "GET /smartqueueweb/JsonStudentQueueEntriesAPI?window_number=2&queue_status=SERVING HTTP/1.1" 200 12 http-bio-8080-exec-3 3
0:0:0:0:0:0:0:1 - - [05/Nov/2024:22:10:31 +0800] "GET /smartqueueweb/ping HTTP/1.1" 200 255 http-bio-8080-exec-1 0
192.168.1.11 - - [05/Nov/2024:22:10:31 +0800] "PUT /smartqueueweb/updateQueueStatus?queueNumber=R951&queueStatus=SERVING HTTP/1.1" 200 18 http-bio-8080-exec-3 7
192.168.1.11 - - [05/Nov/2024:22:10:32 +0800] "GET /smartqueueweb/JsonStudentQueueEntriesAPI?window_number=2&queue_status=QUEUE HTTP/1.1" 200 12 http-bio-8080-exec-3 3
192.168.1.11 - - [05/Nov/2024:22:10:32 +0800] "GET /smartqueueweb/JsonStudentQueueEntriesAPI?window_number=2&queue_status=SERVING HTTP/1.1" 200 208 http-bio-8080-exec-3 5
192.168.1.11 - - [05/Nov/2024:22:10:32 +0800] "GET /smartqueueweb/ping HTTP/1.1" 200 255 http-bio-8080-exec-7 1
0:0:0:0:0:0:0:1 - - [05/Nov/2024:22:10:34 +0800] "GET /smartqueueweb/ping HTTP/1.1" 200 255 http-bio-8080-exec-6 0
192.168.1.11 - - [05/Nov/2024:22:10:35 +0800] "GET /smartqueueweb/ping HTTP/1.1" 200 255 http-bio-8080-exec-7 1
192.168.1.11 - - [05/Nov/2024:22:10:35 +0800] "GET /smartqueueweb/JsonStudentQueueEntriesAPI?window_number=2&queue_status=QUEUE HTTP/1.1" 200 12 http-bio-8080-exec-8 5
192.168.1.11 - - [05/Nov/2024:22:10:36 +0800] "GET /smartqueueweb/JsonStudentQueueEntriesAPI?window_number=2&queue_status=SERVING HTTP/1.1" 200 208 http-bio-8080-exec-8 11
0:0:0:0:0:0:0:1 - - [05/Nov/2024:22:10:37 +0800] "GET /smartqueueweb/ping HTTP/1.1" 200 255 http-bio-8080-exec-6 1
192.168.1.11 - - [05/Nov/2024:22:10:38 +0800] "GET /smartqueueweb/ping HTTP/1.1" 200 255 http-bio-8080-exec-8 1
192.168.1.11 - - [05/Nov/2024:22:10:40 +0800] "GET /smartqueueweb/JsonStudentQueueEntriesAPI?window_number=2&queue_status=QUEUE HTTP/1.1" 200 12 http-bio-8080-exec-8 3
192.168.1.11 - - [05/Nov/2024:22:10:40 +0800] "GET /smartqueueweb/JsonStudentQueueEntriesAPI?window_number=2&queue_status=SERVING HTTP/1.1" 200 208 http-bio-8080-exec-8 5
0:0:0:0:0:0:0:1 - - [05/Nov/2024:22:10:40 +0800] "GET /smartqueueweb/ping HTTP/1.1" 200 255 http-bio-8080-exec-6 0
192.168.1.11 - - [05/Nov/2024:22:10:41 +0800] "GET /smartqueueweb/ping HTTP/1.1" 200 255 http-bio-8080-exec-8 0
0:0:0:0:0:0:0:1 - - [05/Nov/2024:22:10:43 +0800] "GET /smartqueueweb/ping HTTP/1.1" 200 255 http-bio-8080-exec-9 1
192.168.1.11 - - [05/Nov/2024:22:10:43 +0800] "GET /smartqueueweb/JsonStudentQueueEntriesAPI?window_number=2&queue_status=QUEUE HTTP/1.1" 200 12 http-bio-8080-exec-3 4
192.168.1.11 - - [05/Nov/2024:22:10:43 +0800] "GET /smartqueueweb/JsonStudentQueueEntriesAPI?window_number=2&queue_status=SERVING HTTP/1.1" 200 208 http-bio-8080-exec-3 4
192.168.1.11 - - [05/Nov/2024:22:10:44 +0800] "GET /smartqueueweb/ping HTTP/1.1" 200 255 http-bio-8080-exec-3 1
0:0:0:0:0:0:0:1 - - [05/Nov/2024:22:10:47 +0800] "GET /smartqueueweb/ping HTTP/1.1" 200 255 http-bio-8080-exec-9 0
192.168.1.11 - - [05/Nov/2024:22:10:48 +0800] "GET /smartqueueweb/ping HTTP/1.1" 200 255 http-bio-8080-exec-3 0
192.168.1.11 - - [05/Nov/2024:22:10:48 +0800] "GET /smartqueueweb/JsonStudentQueueEntriesAPI?window_number=2&queue_status=QUEUE HTTP/1.1" 200 12 http-bio-8080-exec-10 3
192.168.1.11 - - [05/Nov/2024:22:10:48 +0800] "GET /smartqueueweb/JsonStudentQueueEntriesAPI?window_number=2&queue_status=SERVING HTTP/1.1" 200 208 http-bio-8080-exec-10 3
0:0:0:0:0:0:0:1 - - [05/Nov/2024:22:10:50 +0800] "GET /smartqueueweb/ping HTTP/1.1" 200 255 http-bio-8080-exec-9 0
