192.168.1.9 - - [06/Nov/2024:23:20:20 +0800] "GET /smartqueueweb/images/image.png HTTP/1.1" 200 7939610 http-bio-8080-exec-5 34
0:0:0:0:0:0:0:1 - - [06/Nov/2024:23:20:24 +0800] "POST /smartqueueweb/dashboard HTTP/1.1" 302 - http-bio-8080-exec-7 220
0:0:0:0:0:0:0:1 - - [06/Nov/2024:23:20:24 +0800] "GET /smartqueueweb/staffdashboard HTTP/1.1" 200 14711 http-bio-8080-exec-9 31
192.168.1.9 - - [06/Nov/2024:23:20:27 +0800] "POST /smartqueueweb/dashboard HTTP/1.1" 302 - http-bio-8080-exec-6 26
192.168.1.9 - - [06/Nov/2024:23:20:27 +0800] "GET /smartqueueweb/staffdashboard HTTP/1.1" 200 14711 http-bio-8080-exec-6 2
0:0:0:0:0:0:0:1 - - [06/Nov/2024:23:20:27 +0800] "GET /smartqueueweb/ping HTTP/1.1" 200 255 http-bio-8080-exec-10 2
192.168.1.9 - - [06/Nov/2024:23:20:30 +0800] "GET /smartqueueweb/ping HTTP/1.1" 200 255 http-bio-8080-exec-3 2
0:0:0:0:0:0:0:1 - - [06/Nov/2024:23:20:30 +0800] "GET /smartqueueweb/ping HTTP/1.1" 200 255 http-bio-8080-exec-7 2
0:0:0:0:0:0:0:1 - - [06/Nov/2024:23:20:32 +0800] "GET /smartqueueweb/userwindow HTTP/1.1" 200 10027 http-bio-8080-exec-7 4
0:0:0:0:0:0:0:1 - - [06/Nov/2024:23:20:32 +0800] "GET /smartqueueweb/QueueWebSocketController HTTP/1.1" 101 - http-bio-8080-exec-4 12
0:0:0:0:0:0:0:1 - - [06/Nov/2024:23:20:32 +0800] "GET /smartqueueweb/video-ad.mp4 HTTP/1.1" 404 2821 http-bio-8080-exec-7 21
192.168.1.9 - - [06/Nov/2024:23:20:33 +0800] "GET /smartqueueweb/ping HTTP/1.1" 200 255 http-bio-8080-exec-3 1
0:0:0:0:0:0:0:1 - - [06/Nov/2024:23:20:35 +0800] "GET /smartqueueweb/ping HTTP/1.1" 200 255 http-bio-8080-exec-7 2
192.168.1.9 - - [06/Nov/2024:23:20:36 +0800] "GET /smartqueueweb/ping HTTP/1.1" 200 255 http-bio-8080-exec-3 1
0:0:0:0:0:0:0:1 - - [06/Nov/2024:23:20:38 +0800] "GET /smartqueueweb/ping HTTP/1.1" 200 255 http-bio-8080-exec-9 1
192.168.1.9 - - [06/Nov/2024:23:20:39 +0800] "GET /smartqueueweb/ping HTTP/1.1" 200 255 http-bio-8080-exec-10 1
192.168.1.9 - - [06/Nov/2024:23:20:39 +0800] "GET /smartqueueweb/counterwindow HTTP/1.1" 200 26722 http-bio-8080-exec-10 4
192.168.1.9 - - [06/Nov/2024:23:20:39 +0800] "GET /smartqueueweb/QueueWebSocketController HTTP/1.1" 101 - http-bio-8080-exec-5 2
0:0:0:0:0:0:0:1 - - [06/Nov/2024:23:20:41 +0800] "GET /smartqueueweb/ping HTTP/1.1" 200 255 http-bio-8080-exec-9 1
192.168.1.9 - - [06/Nov/2024:23:20:42 +0800] "GET /smartqueueweb/ping HTTP/1.1" 200 255 http-bio-8080-exec-10 1
192.168.1.9 - - [06/Nov/2024:23:20:42 +0800] "GET /smartqueueweb/JsonAvailableWindow HTTP/1.1" 200 242 http-bio-8080-exec-10 8
192.168.1.9 - - [06/Nov/2024:23:20:43 +0800] "GET /smartqueueweb/JsonAvailableWindow HTTP/1.1" 200 242 http-bio-8080-exec-10 7
192.168.1.9 - - [06/Nov/2024:23:20:43 +0800] "GET /smartqueueweb/JsonStudentQueueEntriesAPI?window_number=0&queue_status=QUEUE HTTP/1.1" 200 12 http-bio-8080-exec-10 7
192.168.1.9 - - [06/Nov/2024:23:20:43 +0800] "GET /smartqueueweb/JsonStudentQueueEntriesAPI?window_number=0&queue_status=SERVING HTTP/1.1" 200 12 http-bio-8080-exec-10 7
192.168.1.9 - - [06/Nov/2024:23:20:44 +0800] "GET /smartqueueweb/JsonAvailableWindow HTTP/1.1" 200 242 http-bio-8080-exec-10 7
192.168.1.9 - - [06/Nov/2024:23:20:44 +0800] "GET /smartqueueweb/JsonStudentQueueEntriesAPI?window_number=1&queue_status=QUEUE HTTP/1.1" 200 12 http-bio-8080-exec-10 8
192.168.1.9 - - [06/Nov/2024:23:20:44 +0800] "GET /smartqueueweb/JsonStudentQueueEntriesAPI?window_number=1&queue_status=SERVING HTTP/1.1" 200 203 http-bio-8080-exec-10 8
0:0:0:0:0:0:0:1 - - [06/Nov/2024:23:20:44 +0800] "GET /smartqueueweb/ping HTTP/1.1" 200 255 http-bio-8080-exec-9 2
192.168.1.9 - - [06/Nov/2024:23:20:45 +0800] "GET /smartqueueweb/ping HTTP/1.1" 200 255 http-bio-8080-exec-10 1
192.168.1.9 - - [06/Nov/2024:23:20:47 +0800] "GET /smartqueueweb/JsonStudentQueueEntriesAPI?window_number=1&queue_status=QUEUE HTTP/1.1" 200 12 http-bio-8080-exec-10 7
192.168.1.9 - - [06/Nov/2024:23:20:47 +0800] "GET /smartqueueweb/JsonStudentQueueEntriesAPI?window_number=1&queue_status=SERVING HTTP/1.1" 200 203 http-bio-8080-exec-10 8
0:0:0:0:0:0:0:1 - - [06/Nov/2024:23:20:47 +0800] "GET /smartqueueweb/ping HTTP/1.1" 200 255 http-bio-8080-exec-9 1
192.168.1.9 - - [06/Nov/2024:23:20:48 +0800] "GET /smartqueueweb/ping HTTP/1.1" 200 255 http-bio-8080-exec-10 1
0:0:0:0:0:0:0:1 - - [06/Nov/2024:23:20:49 +0800] "GET /smartqueueweb/JsonStudentQueueEntriesAPI?window_number=1&queue_status=SERVING HTTP/1.1" 200 203 http-bio-8080-exec-2 7
0:0:0:0:0:0:0:1 - - [06/Nov/2024:23:20:49 +0800] "GET /smartqueueweb/JsonStudentQueueEntriesAPI?window_number=2&queue_status=SERVING HTTP/1.1" 200 12 http-bio-8080-exec-2 11
0:0:0:0:0:0:0:1 - - [06/Nov/2024:23:20:49 +0800] "GET /smartqueueweb/JsonStudentQueueEntriesAPI?window_number=3&queue_status=SERVING HTTP/1.1" 200 12 http-bio-8080-exec-2 9
0:0:0:0:0:0:0:1 - - [06/Nov/2024:23:20:50 +0800] "GET /smartqueueweb/ping HTTP/1.1" 200 255 http-bio-8080-exec-2 0
192.168.1.9 - - [06/Nov/2024:23:20:51 +0800] "GET /smartqueueweb/ping HTTP/1.1" 200 255 http-bio-8080-exec-7 1
192.168.1.9 - - [06/Nov/2024:23:20:51 +0800] "GET /smartqueueweb/JsonStudentQueueEntriesAPI?window_number=1&queue_status=QUEUE HTTP/1.1" 200 12 http-bio-8080-exec-10 6
192.168.1.9 - - [06/Nov/2024:23:20:51 +0800] "GET /smartqueueweb/JsonStudentQueueEntriesAPI?window_number=1&queue_status=SERVING HTTP/1.1" 200 203 http-bio-8080-exec-10 6
0:0:0:0:0:0:0:1 - - [06/Nov/2024:23:20:53 +0800] "GET /smartqueueweb/ping HTTP/1.1" 200 255 http-bio-8080-exec-2 2
192.168.1.9 - - [06/Nov/2024:23:20:54 +0800] "GET /smartqueueweb/ping HTTP/1.1" 200 255 http-bio-8080-exec-10 1
192.168.1.9 - - [06/Nov/2024:23:20:55 +0800] "GET /smartqueueweb/JsonStudentQueueEntriesAPI?window_number=1&queue_status=QUEUE HTTP/1.1" 200 12 http-bio-8080-exec-10 5
192.168.1.9 - - [06/Nov/2024:23:20:55 +0800] "GET /smartqueueweb/JsonStudentQueueEntriesAPI?window_number=1&queue_status=SERVING HTTP/1.1" 200 203 http-bio-8080-exec-10 8
0:0:0:0:0:0:0:1 - - [06/Nov/2024:23:20:56 +0800] "GET /smartqueueweb/ping HTTP/1.1" 200 255 http-bio-8080-exec-2 1
192.168.1.9 - - [06/Nov/2024:23:20:57 +0800] "GET /smartqueueweb/ping HTTP/1.1" 200 255 http-bio-8080-exec-10 2
192.168.1.9 - - [06/Nov/2024:23:20:59 +0800] "GET /smartqueueweb/JsonStudentQueueEntriesAPI?window_number=1&queue_status=QUEUE HTTP/1.1" 200 12 http-bio-8080-exec-1 6
192.168.1.9 - - [06/Nov/2024:23:20:59 +0800] "GET /smartqueueweb/JsonStudentQueueEntriesAPI?window_number=1&queue_status=SERVING HTTP/1.1" 200 203 http-bio-8080-exec-1 7
0:0:0:0:0:0:0:1 - - [06/Nov/2024:23:20:59 +0800] "GET /smartqueueweb/ping HTTP/1.1" 200 255 http-bio-8080-exec-6 2
192.168.1.9 - - [06/Nov/2024:23:21:00 +0800] "GET /smartqueueweb/ping HTTP/1.1" 200 255 http-bio-8080-exec-1 1
0:0:0:0:0:0:0:1 - - [06/Nov/2024:23:21:02 +0800] "GET /smartqueueweb/ping HTTP/1.1" 200 255 http-bio-8080-exec-6 2
192.168.1.9 - - [06/Nov/2024:23:21:03 +0800] "GET /smartqueueweb/ping HTTP/1.1" 200 255 http-bio-8080-exec-1 2
192.168.1.9 - - [06/Nov/2024:23:21:03 +0800] "GET /smartqueueweb/JsonStudentQueueEntriesAPI?window_number=1&queue_status=QUEUE HTTP/1.1" 200 12 http-bio-8080-exec-10 5
192.168.1.9 - - [06/Nov/2024:23:21:03 +0800] "GET /smartqueueweb/JsonStudentQueueEntriesAPI?window_number=1&queue_status=SERVING HTTP/1.1" 200 203 http-bio-8080-exec-10 6
192.168.1.9 - - [06/Nov/2024:23:21:04 +0800] "GET /smartqueueweb/inquiry HTTP/1.1" 200 36070 http-bio-8080-exec-10 11
192.168.1.9 - - [06/Nov/2024:23:21:04 +0800] "GET /smartqueueweb/JsonServiceListAPI HTTP/1.1" 200 1626 http-bio-8080-exec-10 22
0:0:0:0:0:0:0:1 - - [06/Nov/2024:23:21:05 +0800] "GET /smartqueueweb/ping HTTP/1.1" 200 255 http-bio-8080-exec-6 2
0:0:0:0:0:0:0:1 - - [06/Nov/2024:23:21:08 +0800] "GET /smartqueueweb/ping HTTP/1.1" 200 255 http-bio-8080-exec-8 1
0:0:0:0:0:0:0:1 - - [06/Nov/2024:23:21:11 +0800] "GET /smartqueueweb/ping HTTP/1.1" 200 255 http-bio-8080-exec-8 1
192.168.1.9 - - [06/Nov/2024:23:21:12 +0800] "GET /smartqueueweb/JsonStudentSearchAPI?studentid=2110010&firstname=none&middlename=none&lastname=none HTTP/1.1" 200 106 http-bio-8080-exec-2 18
192.168.1.9 - - [06/Nov/2024:23:21:14 +0800] "GET /smartqueueweb/JsonStudentSearchAPI?studentid=2110010&firstname=none&middlename=none&lastname=none HTTP/1.1" 200 106 http-bio-8080-exec-2 6
192.168.1.9 - - [06/Nov/2024:23:21:14 +0800] "POST /smartqueueweb/inquiry HTTP/1.1" 400 49 http-bio-8080-exec-2 48
0:0:0:0:0:0:0:1 - - [06/Nov/2024:23:21:14 +0800] "GET /smartqueueweb/ping HTTP/1.1" 200 255 http-bio-8080-exec-8 1
0:0:0:0:0:0:0:1 - - [06/Nov/2024:23:21:17 +0800] "GET /smartqueueweb/ping HTTP/1.1" 200 255 http-bio-8080-exec-8 3
192.168.1.9 - - [06/Nov/2024:23:21:17 +0800] "GET /smartqueueweb/JsonStudentSearchAPI?studentid=2110010&firstname=none&middlename=none&lastname=none HTTP/1.1" 200 106 http-bio-8080-exec-6 6
192.168.1.9 - - [06/Nov/2024:23:21:18 +0800] "POST /smartqueueweb/inquiry HTTP/1.1" 400 49 http-bio-8080-exec-6 15
0:0:0:0:0:0:0:1 - - [06/Nov/2024:23:21:20 +0800] "GET /smartqueueweb/ping HTTP/1.1" 200 255 http-bio-8080-exec-7 1
192.168.1.9 - - [06/Nov/2024:23:21:22 +0800] "GET /smartqueueweb/JsonStudentSearchAPI?studentid=2110010&firstname=none&middlename=none&lastname=none HTTP/1.1" 200 106 http-bio-8080-exec-9 6
192.168.1.9 - - [06/Nov/2024:23:21:22 +0800] "POST /smartqueueweb/inquiry HTTP/1.1" 200 16 http-bio-8080-exec-9 22
0:0:0:0:0:0:0:1 - - [06/Nov/2024:23:21:23 +0800] "GET /smartqueueweb/ping HTTP/1.1" 200 255 http-bio-8080-exec-7 1
0:0:0:0:0:0:0:1 - - [06/Nov/2024:23:21:26 +0800] "GET /smartqueueweb/ping HTTP/1.1" 200 255 http-bio-8080-exec-7 1
192.168.1.9 - - [06/Nov/2024:23:21:27 +0800] "GET /smartqueueweb/JsonStudentSearchAPI?studentid=2110010&firstname=none&middlename=none&lastname=none HTTP/1.1" 200 106 http-bio-8080-exec-9 6
192.168.1.9 - - [06/Nov/2024:23:21:28 +0800] "GET /smartqueueweb/JsonStudentSearchAPI?studentid=2110010&firstname=none&middlename=none&lastname=none HTTP/1.1" 200 106 http-bio-8080-exec-9 5
192.168.1.9 - - [06/Nov/2024:23:21:28 +0800] "POST /smartqueueweb/inquiry HTTP/1.1" 400 49 http-bio-8080-exec-9 11
0:0:0:0:0:0:0:1 - - [06/Nov/2024:23:21:29 +0800] "GET /smartqueueweb/ping HTTP/1.1" 200 255 http-bio-8080-exec-5 1
192.168.1.9 - - [06/Nov/2024:23:21:30 +0800] "GET /smartqueueweb/JsonStudentSearchAPI?studentid=2110010&firstname=none&middlename=none&lastname=none HTTP/1.1" 200 106 http-bio-8080-exec-1 6
192.168.1.9 - - [06/Nov/2024:23:21:30 +0800] "POST /smartqueueweb/inquiry HTTP/1.1" 400 49 http-bio-8080-exec-1 10
0:0:0:0:0:0:0:1 - - [06/Nov/2024:23:21:32 +0800] "GET /smartqueueweb/ping HTTP/1.1" 200 255 http-bio-8080-exec-5 1
192.168.1.9 - - [06/Nov/2024:23:21:34 +0800] "GET /smartqueueweb/JsonStudentSearchAPI?studentid=2110010&firstname=none&middlename=none&lastname=none HTTP/1.1" 200 106 http-bio-8080-exec-6 6
192.168.1.9 - - [06/Nov/2024:23:21:35 +0800] "POST /smartqueueweb/inquiry HTTP/1.1" 400 49 http-bio-8080-exec-6 12
0:0:0:0:0:0:0:1 - - [06/Nov/2024:23:21:35 +0800] "GET /smartqueueweb/ping HTTP/1.1" 200 255 http-bio-8080-exec-5 1
192.168.1.9 - - [06/Nov/2024:23:21:36 +0800] "GET /smartqueueweb/inquiry HTTP/1.1" 200 36070 http-bio-8080-exec-7 3
192.168.1.9 - - [06/Nov/2024:23:21:36 +0800] "GET /smartqueueweb/JsonServiceListAPI HTTP/1.1" 200 1626 http-bio-8080-exec-7 11
0:0:0:0:0:0:0:1 - - [06/Nov/2024:23:21:38 +0800] "GET /smartqueueweb/ping HTTP/1.1" 200 255 http-bio-8080-exec-1 2
192.168.1.9 - - [06/Nov/2024:23:21:39 +0800] "GET /smartqueueweb/JsonStudentSearchAPI?studentid=2110010&firstname=none&middlename=none&lastname=none HTTP/1.1" 200 106 http-bio-8080-exec-8 7
192.168.1.9 - - [06/Nov/2024:23:21:39 +0800] "GET /smartqueueweb/JsonStudentSearchAPI?studentid=2110010&firstname=none&middlename=none&lastname=none HTTP/1.1" 200 106 http-bio-8080-exec-8 7
192.168.1.9 - - [06/Nov/2024:23:21:41 +0800] "GET /smartqueueweb/JsonStudentSearchAPI?studentid=2110010&firstname=none&middlename=none&lastname=none HTTP/1.1" 200 106 http-bio-8080-exec-8 7
192.168.1.9 - - [06/Nov/2024:23:21:41 +0800] "POST /smartqueueweb/inquiry HTTP/1.1" 400 49 http-bio-8080-exec-8 9
0:0:0:0:0:0:0:1 - - [06/Nov/2024:23:21:41 +0800] "GET /smartqueueweb/ping HTTP/1.1" 200 255 http-bio-8080-exec-1 1
192.168.1.9 - - [06/Nov/2024:23:21:44 +0800] "GET /smartqueueweb/JsonStudentSearchAPI?studentid=2110010&firstname=none&middlename=none&lastname=none HTTP/1.1" 200 106 http-bio-8080-exec-7 7
192.168.1.9 - - [06/Nov/2024:23:21:44 +0800] "POST /smartqueueweb/inquiry HTTP/1.1" 200 16 http-bio-8080-exec-7 17
0:0:0:0:0:0:0:1 - - [06/Nov/2024:23:21:44 +0800] "GET /smartqueueweb/ping HTTP/1.1" 200 255 http-bio-8080-exec-1 1
0:0:0:0:0:0:0:1 - - [06/Nov/2024:23:21:47 +0800] "GET /smartqueueweb/ping HTTP/1.1" 200 255 http-bio-8080-exec-1 1
192.168.1.9 - - [06/Nov/2024:23:21:49 +0800] "GET /smartqueueweb/JsonStudentSearchAPI?studentid=2110010&firstname=none&middlename=none&lastname=none HTTP/1.1" 200 106 http-bio-8080-exec-2 6
192.168.1.9 - - [06/Nov/2024:23:21:49 +0800] "POST /smartqueueweb/inquiry HTTP/1.1" 400 49 http-bio-8080-exec-2 10
0:0:0:0:0:0:0:1 - - [06/Nov/2024:23:21:50 +0800] "GET /smartqueueweb/ping HTTP/1.1" 200 255 http-bio-8080-exec-10 2
192.168.1.9 - - [06/Nov/2024:23:21:52 +0800] "GET /smartqueueweb/JsonStudentSearchAPI?studentid=2110010&firstname=none&middlename=none&lastname=none HTTP/1.1" 200 106 http-bio-8080-exec-3 6
192.168.1.9 - - [06/Nov/2024:23:21:53 +0800] "POST /smartqueueweb/inquiry HTTP/1.1" 400 49 http-bio-8080-exec-3 9
0:0:0:0:0:0:0:1 - - [06/Nov/2024:23:21:53 +0800] "GET /smartqueueweb/ping HTTP/1.1" 200 255 http-bio-8080-exec-10 1
192.168.1.9 - - [06/Nov/2024:23:21:56 +0800] "GET /smartqueueweb/JsonStudentSearchAPI?studentid=2110010&firstname=none&middlename=none&lastname=none HTTP/1.1" 200 106 http-bio-8080-exec-1 6
192.168.1.9 - - [06/Nov/2024:23:21:56 +0800] "POST /smartqueueweb/inquiry HTTP/1.1" 400 49 http-bio-8080-exec-1 11
0:0:0:0:0:0:0:1 - - [06/Nov/2024:23:21:56 +0800] "GET /smartqueueweb/ping HTTP/1.1" 200 255 http-bio-8080-exec-9 1
192.168.1.9 - - [06/Nov/2024:23:21:58 +0800] "GET /smartqueueweb/JsonStudentSearchAPI?studentid=2110010&firstname=none&middlename=none&lastname=none HTTP/1.1" 200 106 http-bio-8080-exec-2 7
192.168.1.9 - - [06/Nov/2024:23:21:59 +0800] "POST /smartqueueweb/inquiry HTTP/1.1" 200 16 http-bio-8080-exec-2 21
0:0:0:0:0:0:0:1 - - [06/Nov/2024:23:21:59 +0800] "GET /smartqueueweb/ping HTTP/1.1" 200 255 http-bio-8080-exec-3 2
0:0:0:0:0:0:0:1 - - [06/Nov/2024:23:22:02 +0800] "GET /smartqueueweb/ping HTTP/1.1" 200 255 http-bio-8080-exec-10 2
0:0:0:0:0:0:0:1 - - [06/Nov/2024:23:22:05 +0800] "GET /smartqueueweb/ping HTTP/1.1" 200 255 http-bio-8080-exec-10 1
192.168.1.9 - - [06/Nov/2024:23:22:07 +0800] "GET /smartqueueweb/JsonStudentSearchAPI?studentid=2110010&firstname=none&middlename=none&lastname=none HTTP/1.1" 200 106 http-bio-8080-exec-6 5
192.168.1.9 - - [06/Nov/2024:23:22:07 +0800] "POST /smartqueueweb/inquiry HTTP/1.1" 400 49 http-bio-8080-exec-6 10
0:0:0:0:0:0:0:1 - - [06/Nov/2024:23:22:08 +0800] "GET /smartqueueweb/ping HTTP/1.1" 200 255 http-bio-8080-exec-10 2
0:0:0:0:0:0:0:1 - - [06/Nov/2024:23:22:11 +0800] "GET /smartqueueweb/ping HTTP/1.1" 200 255 http-bio-8080-exec-10 1
0:0:0:0:0:0:0:1 - - [06/Nov/2024:23:22:14 +0800] "GET /smartqueueweb/ping HTTP/1.1" 200 255 http-bio-8080-exec-2 2
0:0:0:0:0:0:0:1 - - [06/Nov/2024:23:22:17 +0800] "GET /smartqueueweb/ping HTTP/1.1" 200 255 http-bio-8080-exec-2 1
0:0:0:0:0:0:0:1 - - [06/Nov/2024:23:22:21 +0800] "GET /smartqueueweb/ping HTTP/1.1" 200 255 http-bio-8080-exec-2 2
0:0:0:0:0:0:0:1 - - [06/Nov/2024:23:22:24 +0800] "GET /smartqueueweb/ping HTTP/1.1" 200 255 http-bio-8080-exec-8 2
0:0:0:0:0:0:0:1 - - [06/Nov/2024:23:22:27 +0800] "GET /smartqueueweb/ping HTTP/1.1" 200 255 http-bio-8080-exec-8 2
0:0:0:0:0:0:0:1 - - [06/Nov/2024:23:22:30 +0800] "GET /smartqueueweb/ping HTTP/1.1" 200 255 http-bio-8080-exec-8 1
0:0:0:0:0:0:0:1 - - [06/Nov/2024:23:22:33 +0800] "GET /smartqueueweb/ping HTTP/1.1" 200 255 http-bio-8080-exec-8 1
0:0:0:0:0:0:0:1 - - [06/Nov/2024:23:22:36 +0800] "GET /smartqueueweb/ping HTTP/1.1" 200 255 http-bio-8080-exec-3 1
0:0:0:0:0:0:0:1 - - [06/Nov/2024:23:22:39 +0800] "GET /smartqueueweb/ping HTTP/1.1" 200 255 http-bio-8080-exec-3 1
0:0:0:0:0:0:0:1 - - [06/Nov/2024:23:22:41 +0800] "GET /smartqueueweb/ping HTTP/1.1" 200 255 http-bio-8080-exec-3 1
0:0:0:0:0:0:0:1 - - [06/Nov/2024:23:22:45 +0800] "GET /smartqueueweb/ping HTTP/1.1" 200 255 http-bio-8080-exec-6 2
192.168.1.9 - - [06/Nov/2024:23:22:47 +0800] "GET /smartqueueweb/ HTTP/1.1" 302 - http-bio-8080-exec-5 7
192.168.1.9 - - [06/Nov/2024:23:22:47 +0800] "GET /smartqueueweb/staffdashboard HTTP/1.1" 200 14711 http-bio-8080-exec-5 4
0:0:0:0:0:0:0:1 - - [06/Nov/2024:23:22:48 +0800] "GET /smartqueueweb/ping HTTP/1.1" 200 255 http-bio-8080-exec-6 1
192.168.1.9 - - [06/Nov/2024:23:22:49 +0800] "GET /smartqueueweb/counterwindow HTTP/1.1" 200 26722 http-bio-8080-exec-5 3
192.168.1.9 - - [06/Nov/2024:23:22:49 +0800] "GET /smartqueueweb/QueueWebSocketController HTTP/1.1" 101 - http-bio-8080-exec-2 2
192.168.1.9 - - [06/Nov/2024:23:22:50 +0800] "GET /smartqueueweb/JsonAvailableWindow HTTP/1.1" 200 242 http-bio-8080-exec-5 7
192.168.1.9 - - [06/Nov/2024:23:22:51 +0800] "GET /smartqueueweb/JsonStudentQueueEntriesAPI?window_number=1&queue_status=QUEUE HTTP/1.1" 200 12 http-bio-8080-exec-5 20
192.168.1.9 - - [06/Nov/2024:23:22:51 +0800] "GET /smartqueueweb/JsonStudentQueueEntriesAPI?window_number=1&queue_status=SERVING HTTP/1.1" 200 203 http-bio-8080-exec-5 8
0:0:0:0:0:0:0:1 - - [06/Nov/2024:23:22:51 +0800] "GET /smartqueueweb/ping HTTP/1.1" 200 255 http-bio-8080-exec-6 1
192.168.1.9 - - [06/Nov/2024:23:22:52 +0800] "GET /smartqueueweb/ping HTTP/1.1" 200 255 http-bio-8080-exec-5 1
192.168.1.9 - - [06/Nov/2024:23:22:53 +0800] "GET /smartqueueweb/JsonStudentQueueEntriesAPI?window_number=1&queue_status=QUEUE HTTP/1.1" 200 12 http-bio-8080-exec-5 7
192.168.1.9 - - [06/Nov/2024:23:22:53 +0800] "GET /smartqueueweb/JsonStudentQueueEntriesAPI?window_number=1&queue_status=SERVING HTTP/1.1" 200 203 http-bio-8080-exec-5 7
0:0:0:0:0:0:0:1 - - [06/Nov/2024:23:22:53 +0800] "GET /smartqueueweb/ping HTTP/1.1" 200 255 http-bio-8080-exec-9 1
192.168.1.9 - - [06/Nov/2024:23:22:55 +0800] "GET /smartqueueweb/ping HTTP/1.1" 200 255 http-bio-8080-exec-8 1
192.168.1.9 - - [06/Nov/2024:23:22:56 +0800] "GET /smartqueueweb/JsonAvailableWindow HTTP/1.1" 200 242 http-bio-8080-exec-8 7
0:0:0:0:0:0:0:1 - - [06/Nov/2024:23:22:56 +0800] "GET /smartqueueweb/ping HTTP/1.1" 200 255 http-bio-8080-exec-9 1
192.168.1.9 - - [06/Nov/2024:23:22:57 +0800] "GET /smartqueueweb/JsonStudentQueueEntriesAPI?window_number=1&queue_status=QUEUE HTTP/1.1" 200 12 http-bio-8080-exec-8 6
192.168.1.9 - - [06/Nov/2024:23:22:57 +0800] "GET /smartqueueweb/JsonStudentQueueEntriesAPI?window_number=1&queue_status=SERVING HTTP/1.1" 200 203 http-bio-8080-exec-8 6
192.168.1.9 - - [06/Nov/2024:23:22:57 +0800] "GET /smartqueueweb/JsonStudentQueueEntriesAPI?window_number=1&queue_status=QUEUE HTTP/1.1" 200 12 http-bio-8080-exec-8 6
192.168.1.9 - - [06/Nov/2024:23:22:57 +0800] "GET /smartqueueweb/JsonStudentQueueEntriesAPI?window_number=1&queue_status=SERVING HTTP/1.1" 200 203 http-bio-8080-exec-8 6
192.168.1.9 - - [06/Nov/2024:23:22:57 +0800] "GET /smartqueueweb/JsonAvailableWindow HTTP/1.1" 200 242 http-bio-8080-exec-8 7
192.168.1.9 - - [06/Nov/2024:23:22:58 +0800] "GET /smartqueueweb/JsonStudentQueueEntriesAPI?window_number=2&queue_status=QUEUE HTTP/1.1" 200 595 http-bio-8080-exec-8 14
192.168.1.9 - - [06/Nov/2024:23:22:58 +0800] "GET /smartqueueweb/ping HTTP/1.1" 200 255 http-bio-8080-exec-8 1
192.168.1.9 - - [06/Nov/2024:23:22:58 +0800] "GET /smartqueueweb/JsonStudentQueueEntriesAPI?window_number=2&queue_status=SERVING HTTP/1.1" 200 12 http-bio-8080-exec-6 9
0:0:0:0:0:0:0:1 - - [06/Nov/2024:23:22:58 +0800] "GET /smartqueueweb/JsonStudentQueueEntriesAPI?window_number=1&queue_status=SERVING HTTP/1.1" 200 203 http-bio-8080-exec-9 7
0:0:0:0:0:0:0:1 - - [06/Nov/2024:23:22:58 +0800] "GET /smartqueueweb/JsonStudentQueueEntriesAPI?window_number=2&queue_status=SERVING HTTP/1.1" 200 12 http-bio-8080-exec-9 7
0:0:0:0:0:0:0:1 - - [06/Nov/2024:23:22:58 +0800] "GET /smartqueueweb/JsonStudentQueueEntriesAPI?window_number=3&queue_status=SERVING HTTP/1.1" 200 12 http-bio-8080-exec-9 5
192.168.1.9 - - [06/Nov/2024:23:22:59 +0800] "PUT /smartqueueweb/updateQueueStatus?queueNumber=R983&queueStatus=SERVING HTTP/1.1" 200 18 http-bio-8080-exec-6 16
0:0:0:0:0:0:0:1 - - [06/Nov/2024:23:22:59 +0800] "GET /smartqueueweb/ping HTTP/1.1" 200 255 http-bio-8080-exec-9 1
192.168.1.9 - - [06/Nov/2024:23:23:01 +0800] "GET /smartqueueweb/ping HTTP/1.1" 200 255 http-bio-8080-exec-6 1
192.168.1.9 - - [06/Nov/2024:23:23:01 +0800] "GET /smartqueueweb/JsonStudentQueueEntriesAPI?window_number=2&queue_status=QUEUE HTTP/1.1" 200 402 http-bio-8080-exec-6 6
192.168.1.9 - - [06/Nov/2024:23:23:01 +0800] "GET /smartqueueweb/JsonStudentQueueEntriesAPI?window_number=2&queue_status=SERVING HTTP/1.1" 200 207 http-bio-8080-exec-6 7
192.168.1.9 - - [06/Nov/2024:23:23:01 +0800] "GET /smartqueueweb/JsonAvailableWindow HTTP/1.1" 200 242 http-bio-8080-exec-6 5
192.168.1.9 - - [06/Nov/2024:23:23:02 +0800] "GET /smartqueueweb/JsonStudentQueueEntriesAPI?window_number=3&queue_status=QUEUE HTTP/1.1" 200 12 http-bio-8080-exec-6 6
192.168.1.9 - - [06/Nov/2024:23:23:02 +0800] "GET /smartqueueweb/JsonStudentQueueEntriesAPI?window_number=3&queue_status=SERVING HTTP/1.1" 200 12 http-bio-8080-exec-6 6
0:0:0:0:0:0:0:1 - - [06/Nov/2024:23:23:02 +0800] "GET /smartqueueweb/ping HTTP/1.1" 200 255 http-bio-8080-exec-9 1
192.168.1.9 - - [06/Nov/2024:23:23:04 +0800] "GET /smartqueueweb/ping HTTP/1.1" 200 255 http-bio-8080-exec-3 1
192.168.1.9 - - [06/Nov/2024:23:23:05 +0800] "GET /smartqueueweb/JsonStudentQueueEntriesAPI?window_number=3&queue_status=QUEUE HTTP/1.1" 200 12 http-bio-8080-exec-3 6
192.168.1.9 - - [06/Nov/2024:23:23:05 +0800] "GET /smartqueueweb/JsonStudentQueueEntriesAPI?window_number=3&queue_status=SERVING HTTP/1.1" 200 12 http-bio-8080-exec-3 7
0:0:0:0:0:0:0:1 - - [06/Nov/2024:23:23:05 +0800] "GET /smartqueueweb/ping HTTP/1.1" 200 255 http-bio-8080-exec-1 1
192.168.1.9 - - [06/Nov/2024:23:23:07 +0800] "GET /smartqueueweb/ping HTTP/1.1" 200 255 http-bio-8080-exec-3 1
0:0:0:0:0:0:0:1 - - [06/Nov/2024:23:23:07 +0800] "GET /smartqueueweb/JsonStudentQueueEntriesAPI?window_number=1&queue_status=SERVING HTTP/1.1" 200 203 http-bio-8080-exec-1 8
0:0:0:0:0:0:0:1 - - [06/Nov/2024:23:23:07 +0800] "GET /smartqueueweb/JsonStudentQueueEntriesAPI?window_number=2&queue_status=SERVING HTTP/1.1" 200 207 http-bio-8080-exec-1 9
0:0:0:0:0:0:0:1 - - [06/Nov/2024:23:23:07 +0800] "GET /smartqueueweb/JsonStudentQueueEntriesAPI?window_number=3&queue_status=SERVING HTTP/1.1" 200 12 http-bio-8080-exec-1 5
0:0:0:0:0:0:0:1 - - [06/Nov/2024:23:23:08 +0800] "GET /smartqueueweb/ping HTTP/1.1" 200 255 http-bio-8080-exec-1 2
192.168.1.9 - - [06/Nov/2024:23:23:09 +0800] "GET /smartqueueweb/JsonStudentQueueEntriesAPI?window_number=3&queue_status=QUEUE HTTP/1.1" 200 12 http-bio-8080-exec-3 5
192.168.1.9 - - [06/Nov/2024:23:23:09 +0800] "GET /smartqueueweb/JsonStudentQueueEntriesAPI?window_number=3&queue_status=SERVING HTTP/1.1" 200 12 http-bio-8080-exec-3 5
192.168.1.9 - - [06/Nov/2024:23:23:10 +0800] "GET /smartqueueweb/ping HTTP/1.1" 200 255 http-bio-8080-exec-3 1
0:0:0:0:0:0:0:1 - - [06/Nov/2024:23:23:11 +0800] "GET /smartqueueweb/ping HTTP/1.1" 200 255 http-bio-8080-exec-1 1
192.168.1.9 - - [06/Nov/2024:23:23:13 +0800] "GET /smartqueueweb/ping HTTP/1.1" 200 255 http-bio-8080-exec-3 1
192.168.1.9 - - [06/Nov/2024:23:23:13 +0800] "GET /smartqueueweb/JsonStudentQueueEntriesAPI?window_number=3&queue_status=QUEUE HTTP/1.1" 200 12 http-bio-8080-exec-10 6
192.168.1.9 - - [06/Nov/2024:23:23:13 +0800] "GET /smartqueueweb/JsonStudentQueueEntriesAPI?window_number=3&queue_status=SERVING HTTP/1.1" 200 12 http-bio-8080-exec-10 6
192.168.1.9 - - [06/Nov/2024:23:23:14 +0800] "GET /smartqueueweb/ HTTP/1.1" 302 - http-bio-8080-exec-9 1
192.168.1.9 - - [06/Nov/2024:23:23:14 +0800] "GET /smartqueueweb/staffdashboard HTTP/1.1" 200 14711 http-bio-8080-exec-9 2
0:0:0:0:0:0:0:1 - - [06/Nov/2024:23:23:14 +0800] "GET /smartqueueweb/ping HTTP/1.1" 200 255 http-bio-8080-exec-6 3
192.168.1.9 - - [06/Nov/2024:23:23:17 +0800] "GET /smartqueueweb/ping HTTP/1.1" 200 255 http-bio-8080-exec-9 2
0:0:0:0:0:0:0:1 - - [06/Nov/2024:23:23:17 +0800] "GET /smartqueueweb/ping HTTP/1.1" 200 255 http-bio-8080-exec-6 1
192.168.1.9 - - [06/Nov/2024:23:23:18 +0800] "GET /smartqueueweb/inquiry HTTP/1.1" 200 36070 http-bio-8080-exec-9 2
192.168.1.9 - - [06/Nov/2024:23:23:18 +0800] "GET /smartqueueweb/JsonServiceListAPI HTTP/1.1" 200 1626 http-bio-8080-exec-9 7
0:0:0:0:0:0:0:1 - - [06/Nov/2024:23:23:20 +0800] "GET /smartqueueweb/ping HTTP/1.1" 200 255 http-bio-8080-exec-6 1
192.168.1.9 - - [06/Nov/2024:23:23:22 +0800] "GET /smartqueueweb/JsonStudentSearchAPI?studentid=2110010&firstname=none&middlename=none&lastname=none HTTP/1.1" 200 106 http-bio-8080-exec-9 6
0:0:0:0:0:0:0:1 - - [06/Nov/2024:23:23:23 +0800] "GET /smartqueueweb/ping HTTP/1.1" 200 255 http-bio-8080-exec-8 1
192.168.1.9 - - [06/Nov/2024:23:23:24 +0800] "GET /smartqueueweb/JsonStudentSearchAPI?studentid=2110010&firstname=none&middlename=none&lastname=none HTTP/1.1" 200 106 http-bio-8080-exec-1 7
192.168.1.9 - - [06/Nov/2024:23:23:24 +0800] "POST /smartqueueweb/inquiry HTTP/1.1" 200 16 http-bio-8080-exec-1 9
0:0:0:0:0:0:0:1 - - [06/Nov/2024:23:23:26 +0800] "GET /smartqueueweb/ping HTTP/1.1" 200 255 http-bio-8080-exec-8 1
192.168.1.9 - - [06/Nov/2024:23:23:28 +0800] "GET /smartqueueweb/JsonStudentSearchAPI?studentid=2110010&firstname=none&middlename=none&lastname=none HTTP/1.1" 200 106 http-bio-8080-exec-1 6
192.168.1.9 - - [06/Nov/2024:23:23:29 +0800] "POST /smartqueueweb/inquiry HTTP/1.1" 200 16 http-bio-8080-exec-1 20
0:0:0:0:0:0:0:1 - - [06/Nov/2024:23:23:29 +0800] "GET /smartqueueweb/ping HTTP/1.1" 200 255 http-bio-8080-exec-8 1
0:0:0:0:0:0:0:1 - - [06/Nov/2024:23:23:32 +0800] "GET /smartqueueweb/ping HTTP/1.1" 200 255 http-bio-8080-exec-8 1
192.168.1.9 - - [06/Nov/2024:23:23:34 +0800] "GET /smartqueueweb/ HTTP/1.1" 302 - http-bio-8080-exec-10 1
192.168.1.9 - - [06/Nov/2024:23:23:34 +0800] "GET /smartqueueweb/staffdashboard HTTP/1.1" 200 14711 http-bio-8080-exec-10 3
0:0:0:0:0:0:0:1 - - [06/Nov/2024:23:23:35 +0800] "GET /smartqueueweb/ping HTTP/1.1" 200 255 http-bio-8080-exec-2 0
192.168.1.9 - - [06/Nov/2024:23:23:36 +0800] "GET /smartqueueweb/counterwindow HTTP/1.1" 200 26722 http-bio-8080-exec-10 2
192.168.1.9 - - [06/Nov/2024:23:23:36 +0800] "GET /smartqueueweb/QueueWebSocketController HTTP/1.1" 101 - http-bio-8080-exec-3 1
192.168.1.9 - - [06/Nov/2024:23:23:37 +0800] "GET /smartqueueweb/JsonAvailableWindow HTTP/1.1" 200 242 http-bio-8080-exec-10 6
0:0:0:0:0:0:0:1 - - [06/Nov/2024:23:23:38 +0800] "GET /smartqueueweb/ping HTTP/1.1" 200 255 http-bio-8080-exec-2 1
192.168.1.9 - - [06/Nov/2024:23:23:38 +0800] "GET /smartqueueweb/JsonAvailableWindow HTTP/1.1" 200 242 http-bio-8080-exec-10 7
192.168.1.9 - - [06/Nov/2024:23:23:39 +0800] "GET /smartqueueweb/JsonAvailableWindow HTTP/1.1" 200 242 http-bio-8080-exec-10 6
192.168.1.9 - - [06/Nov/2024:23:23:39 +0800] "GET /smartqueueweb/ping HTTP/1.1" 200 255 http-bio-8080-exec-10 1
192.168.1.9 - - [06/Nov/2024:23:23:39 +0800] "GET /smartqueueweb/JsonStudentQueueEntriesAPI?window_number=3&queue_status=QUEUE HTTP/1.1" 200 405 http-bio-8080-exec-10 7
192.168.1.9 - - [06/Nov/2024:23:23:39 +0800] "GET /smartqueueweb/JsonStudentQueueEntriesAPI?window_number=3&queue_status=SERVING HTTP/1.1" 200 12 http-bio-8080-exec-6 8
192.168.1.9 - - [06/Nov/2024:23:23:40 +0800] "GET /smartqueueweb/JsonStudentQueueEntriesAPI?window_number=3&queue_status=QUEUE HTTP/1.1" 200 405 http-bio-8080-exec-6 7
192.168.1.9 - - [06/Nov/2024:23:23:40 +0800] "GET /smartqueueweb/JsonStudentQueueEntriesAPI?window_number=3&queue_status=SERVING HTTP/1.1" 200 12 http-bio-8080-exec-6 6
192.168.1.9 - - [06/Nov/2024:23:23:41 +0800] "PUT /smartqueueweb/updateQueueStatus?queueNumber=A806&queueStatus=SERVING HTTP/1.1" 200 18 http-bio-8080-exec-6 8
0:0:0:0:0:0:0:1 - - [06/Nov/2024:23:23:41 +0800] "GET /smartqueueweb/ping HTTP/1.1" 200 255 http-bio-8080-exec-2 1
192.168.1.9 - - [06/Nov/2024:23:23:42 +0800] "GET /smartqueueweb/ping HTTP/1.1" 200 255 http-bio-8080-exec-6 1
0:0:0:0:0:0:0:1 - - [06/Nov/2024:23:23:44 +0800] "GET /smartqueueweb/JsonStudentQueueEntriesAPI?window_number=1&queue_status=SERVING HTTP/1.1" 200 203 http-bio-8080-exec-8 6
0:0:0:0:0:0:0:1 - - [06/Nov/2024:23:23:44 +0800] "GET /smartqueueweb/JsonStudentQueueEntriesAPI?window_number=2&queue_status=SERVING HTTP/1.1" 200 207 http-bio-8080-exec-8 6
0:0:0:0:0:0:0:1 - - [06/Nov/2024:23:23:44 +0800] "GET /smartqueueweb/JsonStudentQueueEntriesAPI?window_number=3&queue_status=SERVING HTTP/1.1" 200 210 http-bio-8080-exec-8 5
192.168.1.9 - - [06/Nov/2024:23:23:44 +0800] "GET /smartqueueweb/JsonStudentQueueEntriesAPI?window_number=3&queue_status=QUEUE HTTP/1.1" 200 208 http-bio-8080-exec-9 7
192.168.1.9 - - [06/Nov/2024:23:23:44 +0800] "GET /smartqueueweb/JsonStudentQueueEntriesAPI?window_number=3&queue_status=SERVING HTTP/1.1" 200 210 http-bio-8080-exec-9 8
0:0:0:0:0:0:0:1 - - [06/Nov/2024:23:23:44 +0800] "GET /smartqueueweb/ping HTTP/1.1" 200 255 http-bio-8080-exec-8 1
192.168.1.9 - - [06/Nov/2024:23:23:45 +0800] "GET /smartqueueweb/ping HTTP/1.1" 200 255 http-bio-8080-exec-6 0
0:0:0:0:0:0:0:1 - - [06/Nov/2024:23:23:47 +0800] "GET /smartqueueweb/ping HTTP/1.1" 200 255 http-bio-8080-exec-8 1
192.168.1.9 - - [06/Nov/2024:23:23:48 +0800] "GET /smartqueueweb/ping HTTP/1.1" 200 255 http-bio-8080-exec-1 1
192.168.1.9 - - [06/Nov/2024:23:23:48 +0800] "GET /smartqueueweb/JsonStudentQueueEntriesAPI?window_number=3&queue_status=QUEUE HTTP/1.1" 200 208 http-bio-8080-exec-7 7
192.168.1.9 - - [06/Nov/2024:23:23:48 +0800] "GET /smartqueueweb/JsonStudentQueueEntriesAPI?window_number=3&queue_status=SERVING HTTP/1.1" 200 210 http-bio-8080-exec-7 7
0:0:0:0:0:0:0:1 - - [06/Nov/2024:23:23:50 +0800] "GET /smartqueueweb/ping HTTP/1.1" 200 255 http-bio-8080-exec-5 1
192.168.1.9 - - [06/Nov/2024:23:23:51 +0800] "GET /smartqueueweb/ping HTTP/1.1" 200 255 http-bio-8080-exec-2 1
192.168.1.9 - - [06/Nov/2024:23:23:52 +0800] "GET /smartqueueweb/JsonStudentQueueEntriesAPI?window_number=3&queue_status=QUEUE HTTP/1.1" 200 208 http-bio-8080-exec-2 6
192.168.1.9 - - [06/Nov/2024:23:23:52 +0800] "GET /smartqueueweb/JsonStudentQueueEntriesAPI?window_number=3&queue_status=SERVING HTTP/1.1" 200 210 http-bio-8080-exec-2 7
0:0:0:0:0:0:0:1 - - [06/Nov/2024:23:23:53 +0800] "GET /smartqueueweb/ping HTTP/1.1" 200 255 http-bio-8080-exec-7 1
192.168.1.9 - - [06/Nov/2024:23:23:54 +0800] "GET /smartqueueweb/ping HTTP/1.1" 200 255 http-bio-8080-exec-8 1
192.168.1.9 - - [06/Nov/2024:23:23:56 +0800] "GET /smartqueueweb/JsonStudentQueueEntriesAPI?window_number=3&queue_status=QUEUE HTTP/1.1" 200 208 http-bio-8080-exec-8 7
192.168.1.9 - - [06/Nov/2024:23:23:56 +0800] "GET /smartqueueweb/JsonStudentQueueEntriesAPI?window_number=3&queue_status=SERVING HTTP/1.1" 200 210 http-bio-8080-exec-8 6
0:0:0:0:0:0:0:1 - - [06/Nov/2024:23:23:56 +0800] "GET /smartqueueweb/ping HTTP/1.1" 200 255 http-bio-8080-exec-7 1
192.168.1.9 - - [06/Nov/2024:23:23:57 +0800] "GET /smartqueueweb/ping HTTP/1.1" 200 255 http-bio-8080-exec-8 1
0:0:0:0:0:0:0:1 - - [06/Nov/2024:23:23:59 +0800] "GET /smartqueueweb/ping HTTP/1.1" 200 255 http-bio-8080-exec-7 1
192.168.1.9 - - [06/Nov/2024:23:24:00 +0800] "GET /smartqueueweb/ping HTTP/1.1" 200 255 http-bio-8080-exec-8 1
192.168.1.9 - - [06/Nov/2024:23:24:00 +0800] "GET /smartqueueweb/JsonStudentQueueEntriesAPI?window_number=3&queue_status=QUEUE HTTP/1.1" 200 208 http-bio-8080-exec-10 5
192.168.1.9 - - [06/Nov/2024:23:24:00 +0800] "GET /smartqueueweb/JsonStudentQueueEntriesAPI?window_number=3&queue_status=SERVING HTTP/1.1" 200 210 http-bio-8080-exec-10 8
0:0:0:0:0:0:0:1 - - [06/Nov/2024:23:24:02 +0800] "GET /smartqueueweb/ping HTTP/1.1" 200 255 http-bio-8080-exec-7 1
192.168.1.9 - - [06/Nov/2024:23:24:03 +0800] "GET /smartqueueweb/ping HTTP/1.1" 200 255 http-bio-8080-exec-10 1
192.168.1.9 - - [06/Nov/2024:23:24:04 +0800] "GET /smartqueueweb/JsonStudentQueueEntriesAPI?window_number=3&queue_status=QUEUE HTTP/1.1" 200 208 http-bio-8080-exec-9 6
192.168.1.9 - - [06/Nov/2024:23:24:04 +0800] "GET /smartqueueweb/JsonStudentQueueEntriesAPI?window_number=3&queue_status=SERVING HTTP/1.1" 200 210 http-bio-8080-exec-9 8
0:0:0:0:0:0:0:1 - - [06/Nov/2024:23:24:05 +0800] "GET /smartqueueweb/ping HTTP/1.1" 200 255 http-bio-8080-exec-2 1
192.168.1.9 - - [06/Nov/2024:23:24:06 +0800] "GET /smartqueueweb/ping HTTP/1.1" 200 255 http-bio-8080-exec-9 1
192.168.1.9 - - [06/Nov/2024:23:24:08 +0800] "GET /smartqueueweb/JsonStudentQueueEntriesAPI?window_number=3&queue_status=QUEUE HTTP/1.1" 200 208 http-bio-8080-exec-9 6
192.168.1.9 - - [06/Nov/2024:23:24:08 +0800] "GET /smartqueueweb/JsonStudentQueueEntriesAPI?window_number=3&queue_status=SERVING HTTP/1.1" 200 210 http-bio-8080-exec-9 8
0:0:0:0:0:0:0:1 - - [06/Nov/2024:23:24:08 +0800] "GET /smartqueueweb/ping HTTP/1.1" 200 255 http-bio-8080-exec-2 1
192.168.1.9 - - [06/Nov/2024:23:24:09 +0800] "GET /smartqueueweb/ping HTTP/1.1" 200 255 http-bio-8080-exec-9 1
0:0:0:0:0:0:0:1 - - [06/Nov/2024:23:24:11 +0800] "GET /smartqueueweb/ping HTTP/1.1" 200 255 http-bio-8080-exec-2 1
192.168.1.9 - - [06/Nov/2024:23:24:12 +0800] "PUT /smartqueueweb/updateQueueStatus?queueNumber=A806&queueStatus=DONE HTTP/1.1" 200 18 http-bio-8080-exec-9 19
192.168.1.9 - - [06/Nov/2024:23:24:13 +0800] "GET /smartqueueweb/ping HTTP/1.1" 200 255 http-bio-8080-exec-9 1
192.168.1.9 - - [06/Nov/2024:23:24:13 +0800] "GET /smartqueueweb/JsonStudentQueueEntriesAPI?window_number=3&queue_status=QUEUE HTTP/1.1" 200 208 http-bio-8080-exec-8 7
192.168.1.9 - - [06/Nov/2024:23:24:13 +0800] "GET /smartqueueweb/JsonStudentQueueEntriesAPI?window_number=3&queue_status=SERVING HTTP/1.1" 200 12 http-bio-8080-exec-8 7
192.168.1.9 - - [06/Nov/2024:23:24:14 +0800] "GET /smartqueueweb/JsonAvailableWindow HTTP/1.1" 200 242 http-bio-8080-exec-6 8
0:0:0:0:0:0:0:1 - - [06/Nov/2024:23:24:14 +0800] "GET /smartqueueweb/ping HTTP/1.1" 200 255 http-bio-8080-exec-7 1
0:0:0:0:0:0:0:1 - - [06/Nov/2024:23:24:14 +0800] "GET /smartqueueweb/JsonStudentQueueEntriesAPI?window_number=1&queue_status=SERVING HTTP/1.1" 200 203 http-bio-8080-exec-7 7
0:0:0:0:0:0:0:1 - - [06/Nov/2024:23:24:14 +0800] "GET /smartqueueweb/JsonStudentQueueEntriesAPI?window_number=2&queue_status=SERVING HTTP/1.1" 200 207 http-bio-8080-exec-7 6
0:0:0:0:0:0:0:1 - - [06/Nov/2024:23:24:14 +0800] "GET /smartqueueweb/JsonStudentQueueEntriesAPI?window_number=3&queue_status=SERVING HTTP/1.1" 200 12 http-bio-8080-exec-7 5
192.168.1.9 - - [06/Nov/2024:23:24:14 +0800] "GET /smartqueueweb/JsonStudentQueueEntriesAPI?window_number=1&queue_status=QUEUE HTTP/1.1" 200 12 http-bio-8080-exec-6 6
192.168.1.9 - - [06/Nov/2024:23:24:14 +0800] "GET /smartqueueweb/JsonStudentQueueEntriesAPI?window_number=1&queue_status=SERVING HTTP/1.1" 200 203 http-bio-8080-exec-6 8
192.168.1.9 - - [06/Nov/2024:23:24:15 +0800] "GET /smartqueueweb/ping HTTP/1.1" 200 255 http-bio-8080-exec-6 2
192.168.1.9 - - [06/Nov/2024:23:24:16 +0800] "GET /smartqueueweb/JsonStudentQueueEntriesAPI?window_number=1&queue_status=QUEUE HTTP/1.1" 200 12 http-bio-8080-exec-6 6
192.168.1.9 - - [06/Nov/2024:23:24:16 +0800] "GET /smartqueueweb/JsonStudentQueueEntriesAPI?window_number=1&queue_status=SERVING HTTP/1.1" 200 203 http-bio-8080-exec-6 6
0:0:0:0:0:0:0:1 - - [06/Nov/2024:23:24:17 +0800] "GET /smartqueueweb/ping HTTP/1.1" 200 255 http-bio-8080-exec-7 1
192.168.1.9 - - [06/Nov/2024:23:24:18 +0800] "GET /smartqueueweb/ping HTTP/1.1" 200 255 http-bio-8080-exec-6 1
192.168.1.9 - - [06/Nov/2024:23:24:20 +0800] "GET /smartqueueweb/JsonStudentQueueEntriesAPI?window_number=1&queue_status=QUEUE HTTP/1.1" 200 12 http-bio-8080-exec-6 6
192.168.1.9 - - [06/Nov/2024:23:24:20 +0800] "GET /smartqueueweb/JsonStudentQueueEntriesAPI?window_number=1&queue_status=SERVING HTTP/1.1" 200 203 http-bio-8080-exec-6 5
0:0:0:0:0:0:0:1 - - [06/Nov/2024:23:24:20 +0800] "GET /smartqueueweb/ping HTTP/1.1" 200 255 http-bio-8080-exec-7 1
192.168.1.9 - - [06/Nov/2024:23:24:21 +0800] "GET /smartqueueweb/ping HTTP/1.1" 200 255 http-bio-8080-exec-6 1
0:0:0:0:0:0:0:1 - - [06/Nov/2024:23:24:23 +0800] "GET /smartqueueweb/ping HTTP/1.1" 200 255 http-bio-8080-exec-7 1
0:0:0:0:0:0:0:1 - - [06/Nov/2024:23:24:24 +0800] "GET /smartqueueweb/JsonStudentQueueEntriesAPI?window_number=1&queue_status=SERVING HTTP/1.1" 200 203 http-bio-8080-exec-2 7
0:0:0:0:0:0:0:1 - - [06/Nov/2024:23:24:24 +0800] "GET /smartqueueweb/JsonStudentQueueEntriesAPI?window_number=2&queue_status=SERVING HTTP/1.1" 200 207 http-bio-8080-exec-2 6
0:0:0:0:0:0:0:1 - - [06/Nov/2024:23:24:24 +0800] "GET /smartqueueweb/JsonStudentQueueEntriesAPI?window_number=3&queue_status=SERVING HTTP/1.1" 200 12 http-bio-8080-exec-2 7
192.168.1.9 - - [06/Nov/2024:23:24:24 +0800] "GET /smartqueueweb/ping HTTP/1.1" 200 255 http-bio-8080-exec-8 1
192.168.1.9 - - [06/Nov/2024:23:24:24 +0800] "GET /smartqueueweb/JsonStudentQueueEntriesAPI?window_number=1&queue_status=QUEUE HTTP/1.1" 200 12 http-bio-8080-exec-9 6
192.168.1.9 - - [06/Nov/2024:23:24:24 +0800] "GET /smartqueueweb/JsonStudentQueueEntriesAPI?window_number=1&queue_status=SERVING HTTP/1.1" 200 203 http-bio-8080-exec-9 5
0:0:0:0:0:0:0:1 - - [06/Nov/2024:23:24:26 +0800] "GET /smartqueueweb/ping HTTP/1.1" 200 255 http-bio-8080-exec-2 1
192.168.1.9 - - [06/Nov/2024:23:24:27 +0800] "GET /smartqueueweb/ping HTTP/1.1" 200 255 http-bio-8080-exec-9 2
192.168.1.9 - - [06/Nov/2024:23:24:28 +0800] "GET /smartqueueweb/JsonStudentQueueEntriesAPI?window_number=1&queue_status=QUEUE HTTP/1.1" 200 12 http-bio-8080-exec-9 5
192.168.1.9 - - [06/Nov/2024:23:24:28 +0800] "GET /smartqueueweb/JsonStudentQueueEntriesAPI?window_number=1&queue_status=SERVING HTTP/1.1" 200 203 http-bio-8080-exec-9 6
0:0:0:0:0:0:0:1 - - [06/Nov/2024:23:24:29 +0800] "GET /smartqueueweb/ping HTTP/1.1" 200 255 http-bio-8080-exec-2 2
192.168.1.9 - - [06/Nov/2024:23:24:30 +0800] "GET /smartqueueweb/ping HTTP/1.1" 200 255 http-bio-8080-exec-9 1
192.168.1.9 - - [06/Nov/2024:23:24:32 +0800] "GET /smartqueueweb/ HTTP/1.1" 302 - http-bio-8080-exec-9 2
192.168.1.9 - - [06/Nov/2024:23:24:32 +0800] "GET /smartqueueweb/staffdashboard HTTP/1.1" 200 14711 http-bio-8080-exec-9 3
0:0:0:0:0:0:0:1 - - [06/Nov/2024:23:24:32 +0800] "GET /smartqueueweb/ping HTTP/1.1" 200 255 http-bio-8080-exec-2 1
192.168.1.9 - - [06/Nov/2024:23:24:35 +0800] "GET /smartqueueweb/ping HTTP/1.1" 200 255 http-bio-8080-exec-10 1
0:0:0:0:0:0:0:1 - - [06/Nov/2024:23:24:35 +0800] "GET /smartqueueweb/ping HTTP/1.1" 200 255 http-bio-8080-exec-5 1
192.168.1.9 - - [06/Nov/2024:23:24:38 +0800] "GET /smartqueueweb/ping HTTP/1.1" 200 255 http-bio-8080-exec-10 1
192.168.1.9 - - [06/Nov/2024:23:24:38 +0800] "GET /smartqueueweb/inquiry HTTP/1.1" 200 36070 http-bio-8080-exec-10 3
192.168.1.9 - - [06/Nov/2024:23:24:38 +0800] "GET /smartqueueweb/JsonServiceListAPI HTTP/1.1" 200 1626 http-bio-8080-exec-10 7
0:0:0:0:0:0:0:1 - - [06/Nov/2024:23:24:38 +0800] "GET /smartqueueweb/ping HTTP/1.1" 200 255 http-bio-8080-exec-5 0
0:0:0:0:0:0:0:1 - - [06/Nov/2024:23:24:41 +0800] "GET /smartqueueweb/ping HTTP/1.1" 200 255 http-bio-8080-exec-5 1
0:0:0:0:0:0:0:1 - - [06/Nov/2024:23:24:44 +0800] "GET /smartqueueweb/ping HTTP/1.1" 200 255 http-bio-8080-exec-1 1
0:0:0:0:0:0:0:1 - - [06/Nov/2024:23:24:47 +0800] "GET /smartqueueweb/ping HTTP/1.1" 200 255 http-bio-8080-exec-1 1
0:0:0:0:0:0:0:1 - - [06/Nov/2024:23:24:50 +0800] "GET /smartqueueweb/ping HTTP/1.1" 200 255 http-bio-8080-exec-1 0
0:0:0:0:0:0:0:1 - - [06/Nov/2024:23:24:53 +0800] "GET /smartqueueweb/ping HTTP/1.1" 200 255 http-bio-8080-exec-1 1
192.168.1.9 - - [06/Nov/2024:23:24:56 +0800] "POST /smartqueueweb/inquiry HTTP/1.1" 200 16 http-bio-8080-exec-2 19
0:0:0:0:0:0:0:1 - - [06/Nov/2024:23:24:57 +0800] "GET /smartqueueweb/ping HTTP/1.1" 200 255 http-bio-8080-exec-5 1
0:0:0:0:0:0:0:1 - - [06/Nov/2024:23:25:00 +0800] "GET /smartqueueweb/ping HTTP/1.1" 200 255 http-bio-8080-exec-5 1
0:0:0:0:0:0:0:1 - - [06/Nov/2024:23:25:03 +0800] "GET /smartqueueweb/ping HTTP/1.1" 200 255 http-bio-8080-exec-5 1
192.168.1.9 - - [06/Nov/2024:23:25:04 +0800] "GET /smartqueueweb/JsonStudentSearchAPI?studentid=2110010&firstname=none&middlename=none&lastname=none HTTP/1.1" 200 106 http-bio-8080-exec-7 5
192.168.1.9 - - [06/Nov/2024:23:25:04 +0800] "POST /smartqueueweb/inquiry HTTP/1.1" 200 16 http-bio-8080-exec-7 19
0:0:0:0:0:0:0:1 - - [06/Nov/2024:23:25:06 +0800] "GET /smartqueueweb/ping HTTP/1.1" 200 255 http-bio-8080-exec-8 1
0:0:0:0:0:0:0:1 - - [06/Nov/2024:23:25:09 +0800] "GET /smartqueueweb/ping HTTP/1.1" 200 255 http-bio-8080-exec-8 1
192.168.1.9 - - [06/Nov/2024:23:25:09 +0800] "GET /smartqueueweb/JsonStudentSearchAPI?studentid=2110010&firstname=none&middlename=none&lastname=none HTTP/1.1" 200 106 http-bio-8080-exec-7 7
192.168.1.9 - - [06/Nov/2024:23:25:10 +0800] "GET /smartqueueweb/JsonStudentSearchAPI?studentid=2110010&firstname=none&middlename=none&lastname=none HTTP/1.1" 200 106 http-bio-8080-exec-7 7
192.168.1.9 - - [06/Nov/2024:23:25:10 +0800] "POST /smartqueueweb/inquiry HTTP/1.1" 200 16 http-bio-8080-exec-7 8
0:0:0:0:0:0:0:1 - - [06/Nov/2024:23:25:12 +0800] "GET /smartqueueweb/ping HTTP/1.1" 200 255 http-bio-8080-exec-8 1
192.168.1.9 - - [06/Nov/2024:23:25:14 +0800] "GET /smartqueueweb/JsonStudentSearchAPI?studentid=2110010&firstname=none&middlename=none&lastname=none HTTP/1.1" 200 106 http-bio-8080-exec-1 5
0:0:0:0:0:0:0:1 - - [06/Nov/2024:23:25:15 +0800] "GET /smartqueueweb/ping HTTP/1.1" 200 255 http-bio-8080-exec-6 1
192.168.1.9 - - [06/Nov/2024:23:25:15 +0800] "POST /smartqueueweb/inquiry HTTP/1.1" 200 16 http-bio-8080-exec-1 18
0:0:0:0:0:0:0:1 - - [06/Nov/2024:23:25:18 +0800] "GET /smartqueueweb/ping HTTP/1.1" 200 255 http-bio-8080-exec-6 1
192.168.1.9 - - [06/Nov/2024:23:25:20 +0800] "GET /smartqueueweb/JsonStudentSearchAPI?studentid=2110010&firstname=none&middlename=none&lastname=none HTTP/1.1" 200 106 http-bio-8080-exec-1 6
192.168.1.9 - - [06/Nov/2024:23:25:20 +0800] "POST /smartqueueweb/inquiry HTTP/1.1" 400 49 http-bio-8080-exec-1 12
0:0:0:0:0:0:0:1 - - [06/Nov/2024:23:25:21 +0800] "GET /smartqueueweb/ping HTTP/1.1" 200 255 http-bio-8080-exec-6 1
0:0:0:0:0:0:0:1 - - [06/Nov/2024:23:25:24 +0800] "GET /smartqueueweb/ping HTTP/1.1" 200 255 http-bio-8080-exec-7 0
192.168.1.9 - - [06/Nov/2024:23:25:26 +0800] "GET /smartqueueweb/JsonStudentSearchAPI?studentid=2110010&firstname=none&middlename=none&lastname=none HTTP/1.1" 200 106 http-bio-8080-exec-3 7
192.168.1.9 - - [06/Nov/2024:23:25:26 +0800] "POST /smartqueueweb/inquiry HTTP/1.1" 200 16 http-bio-8080-exec-3 24
0:0:0:0:0:0:0:1 - - [06/Nov/2024:23:25:27 +0800] "GET /smartqueueweb/ping HTTP/1.1" 200 255 http-bio-8080-exec-7 0
0:0:0:0:0:0:0:1 - - [06/Nov/2024:23:25:30 +0800] "GET /smartqueueweb/ping HTTP/1.1" 200 255 http-bio-8080-exec-7 1
192.168.1.9 - - [06/Nov/2024:23:25:32 +0800] "GET /smartqueueweb/JsonStudentSearchAPI?studentid=2110010&firstname=none&middlename=none&lastname=none HTTP/1.1" 200 106 http-bio-8080-exec-3 5
192.168.1.9 - - [06/Nov/2024:23:25:32 +0800] "POST /smartqueueweb/inquiry HTTP/1.1" 200 16 http-bio-8080-exec-3 20
0:0:0:0:0:0:0:1 - - [06/Nov/2024:23:25:33 +0800] "GET /smartqueueweb/ping HTTP/1.1" 200 255 http-bio-8080-exec-7 1
192.168.1.9 - - [06/Nov/2024:23:25:37 +0800] "GET /smartqueueweb/JsonStudentSearchAPI?studentid=2110010&firstname=none&middlename=none&lastname=none HTTP/1.1" 200 106 http-bio-8080-exec-5 6
192.168.1.9 - - [06/Nov/2024:23:25:37 +0800] "POST /smartqueueweb/inquiry HTTP/1.1" 200 16 http-bio-8080-exec-5 9
192.168.1.9 - - [06/Nov/2024:23:25:42 +0800] "GET /smartqueueweb/JsonStudentSearchAPI?studentid=2110010&firstname=none&middlename=none&lastname=none HTTP/1.1" 200 106 http-bio-8080-exec-5 5
192.168.1.9 - - [06/Nov/2024:23:25:43 +0800] "POST /smartqueueweb/inquiry HTTP/1.1" 400 49 http-bio-8080-exec-5 12
192.168.1.9 - - [06/Nov/2024:23:25:49 +0800] "GET /smartqueueweb/JsonStudentSearchAPI?studentid=2110010&firstname=none&middlename=none&lastname=none HTTP/1.1" 200 106 http-bio-8080-exec-8 25
192.168.1.9 - - [06/Nov/2024:23:26:00 +0800] "GET /smartqueueweb/JsonStudentSearchAPI?studentid=2110010&firstname=none&middlename=none&lastname=none HTTP/1.1" 200 106 http-bio-8080-exec-10 7
192.168.1.9 - - [06/Nov/2024:23:26:00 +0800] "POST /smartqueueweb/inquiry HTTP/1.1" 400 49 http-bio-8080-exec-7 13
0:0:0:0:0:0:0:1 - - [06/Nov/2024:23:26:16 +0800] "GET /smartqueueweb/ping HTTP/1.1" 200 255 http-bio-8080-exec-2 1
0:0:0:0:0:0:0:1 - - [06/Nov/2024:23:26:17 +0800] "GET /smartqueueweb/ping HTTP/1.1" 200 255 http-bio-8080-exec-2 2
0:0:0:0:0:0:0:1 - - [06/Nov/2024:23:26:20 +0800] "GET /smartqueueweb/ping HTTP/1.1" 200 255 http-bio-8080-exec-2 1
0:0:0:0:0:0:0:1 - - [06/Nov/2024:23:26:23 +0800] "GET /smartqueueweb/ping HTTP/1.1" 200 255 http-bio-8080-exec-2 1
0:0:0:0:0:0:0:1 - - [06/Nov/2024:23:26:27 +0800] "GET /smartqueueweb/ping HTTP/1.1" 200 255 http-bio-8080-exec-8 1
0:0:0:0:0:0:0:1 - - [06/Nov/2024:23:26:30 +0800] "GET /smartqueueweb/ping HTTP/1.1" 200 255 http-bio-8080-exec-8 1
0:0:0:0:0:0:0:1 - - [06/Nov/2024:23:26:33 +0800] "GET /smartqueueweb/ping HTTP/1.1" 200 255 http-bio-8080-exec-8 0
0:0:0:0:0:0:0:1 - - [06/Nov/2024:23:26:36 +0800] "GET /smartqueueweb/ping HTTP/1.1" 200 255 http-bio-8080-exec-9 1
0:0:0:0:0:0:0:1 - - [06/Nov/2024:23:26:39 +0800] "GET /smartqueueweb/ping HTTP/1.1" 200 255 http-bio-8080-exec-9 1
0:0:0:0:0:0:0:1 - - [06/Nov/2024:23:26:42 +0800] "GET /smartqueueweb/ping HTTP/1.1" 200 255 http-bio-8080-exec-9 0
0:0:0:0:0:0:0:1 - - [06/Nov/2024:23:26:45 +0800] "GET /smartqueueweb/ping HTTP/1.1" 200 255 http-bio-8080-exec-2 1
0:0:0:0:0:0:0:1 - - [06/Nov/2024:23:26:47 +0800] "GET /smartqueueweb/ping HTTP/1.1" 200 255 http-bio-8080-exec-2 1
0:0:0:0:0:0:0:1 - - [06/Nov/2024:23:26:51 +0800] "GET /smartqueueweb/ping HTTP/1.1" 200 255 http-bio-8080-exec-2 1
0:0:0:0:0:0:0:1 - - [06/Nov/2024:23:26:54 +0800] "GET /smartqueueweb/ping HTTP/1.1" 200 255 http-bio-8080-exec-8 1
0:0:0:0:0:0:0:1 - - [06/Nov/2024:23:26:57 +0800] "GET /smartqueueweb/ping HTTP/1.1" 200 255 http-bio-8080-exec-8 1
0:0:0:0:0:0:0:1 - - [06/Nov/2024:23:27:00 +0800] "GET /smartqueueweb/ping HTTP/1.1" 200 255 http-bio-8080-exec-8 1
0:0:0:0:0:0:0:1 - - [06/Nov/2024:23:27:03 +0800] "GET /smartqueueweb/ping HTTP/1.1" 200 255 http-bio-8080-exec-8 1
0:0:0:0:0:0:0:1 - - [06/Nov/2024:23:27:06 +0800] "GET /smartqueueweb/ping HTTP/1.1" 200 255 http-bio-8080-exec-3 1
0:0:0:0:0:0:0:1 - - [06/Nov/2024:23:27:09 +0800] "GET /smartqueueweb/ping HTTP/1.1" 200 255 http-bio-8080-exec-3 1
0:0:0:0:0:0:0:1 - - [06/Nov/2024:23:27:12 +0800] "GET /smartqueueweb/ping HTTP/1.1" 200 255 http-bio-8080-exec-3 1
0:0:0:0:0:0:0:1 - - [06/Nov/2024:23:27:15 +0800] "GET /smartqueueweb/ping HTTP/1.1" 200 255 http-bio-8080-exec-1 1
0:0:0:0:0:0:0:1 - - [06/Nov/2024:23:27:18 +0800] "GET /smartqueueweb/ping HTTP/1.1" 200 255 http-bio-8080-exec-1 1
0:0:0:0:0:0:0:1 - - [06/Nov/2024:23:27:21 +0800] "GET /smartqueueweb/ping HTTP/1.1" 200 255 http-bio-8080-exec-1 1
0:0:0:0:0:0:0:1 - - [06/Nov/2024:23:27:24 +0800] "GET /smartqueueweb/ping HTTP/1.1" 200 255 http-bio-8080-exec-8 0
0:0:0:0:0:0:0:1 - - [06/Nov/2024:23:27:27 +0800] "GET /smartqueueweb/ping HTTP/1.1" 200 255 http-bio-8080-exec-8 1
0:0:0:0:0:0:0:1 - - [06/Nov/2024:23:27:30 +0800] "GET /smartqueueweb/ping HTTP/1.1" 200 255 http-bio-8080-exec-8 1
0:0:0:0:0:0:0:1 - - [06/Nov/2024:23:27:32 +0800] "GET /smartqueueweb/ping HTTP/1.1" 200 255 http-bio-8080-exec-8 1
0:0:0:0:0:0:0:1 - - [06/Nov/2024:23:27:36 +0800] "GET /smartqueueweb/ping HTTP/1.1" 200 255 http-bio-8080-exec-5 1
0:0:0:0:0:0:0:1 - - [06/Nov/2024:23:27:39 +0800] "GET /smartqueueweb/ping HTTP/1.1" 200 255 http-bio-8080-exec-5 2
0:0:0:0:0:0:0:1 - - [06/Nov/2024:23:27:42 +0800] "GET /smartqueueweb/ping HTTP/1.1" 200 255 http-bio-8080-exec-5 1
0:0:0:0:0:0:0:1 - - [06/Nov/2024:23:27:45 +0800] "GET /smartqueueweb/ping HTTP/1.1" 200 255 http-bio-8080-exec-7 1
0:0:0:0:0:0:0:1 - - [06/Nov/2024:23:27:48 +0800] "GET /smartqueueweb/ping HTTP/1.1" 200 255 http-bio-8080-exec-7 1
0:0:0:0:0:0:0:1 - - [06/Nov/2024:23:27:51 +0800] "GET /smartqueueweb/ping HTTP/1.1" 200 255 http-bio-8080-exec-7 1
0:0:0:0:0:0:0:1 - - [06/Nov/2024:23:27:54 +0800] "GET /smartqueueweb/ping HTTP/1.1" 200 255 http-bio-8080-exec-7 1
0:0:0:0:0:0:0:1 - - [06/Nov/2024:23:27:57 +0800] "GET /smartqueueweb/ping HTTP/1.1" 200 255 http-bio-8080-exec-6 1
0:0:0:0:0:0:0:1 - - [06/Nov/2024:23:28:00 +0800] "GET /smartqueueweb/ping HTTP/1.1" 200 255 http-bio-8080-exec-6 1
0:0:0:0:0:0:0:1 - - [06/Nov/2024:23:28:03 +0800] "GET /smartqueueweb/ping HTTP/1.1" 200 255 http-bio-8080-exec-6 0
0:0:0:0:0:0:0:1 - - [06/Nov/2024:23:28:06 +0800] "GET /smartqueueweb/ping HTTP/1.1" 200 255 http-bio-8080-exec-10 1
0:0:0:0:0:0:0:1 - - [06/Nov/2024:23:28:09 +0800] "GET /smartqueueweb/ping HTTP/1.1" 200 255 http-bio-8080-exec-10 1
0:0:0:0:0:0:0:1 - - [06/Nov/2024:23:28:12 +0800] "GET /smartqueueweb/ping HTTP/1.1" 200 255 http-bio-8080-exec-10 1
0:0:0:0:0:0:0:1 - - [06/Nov/2024:23:28:15 +0800] "GET /smartqueueweb/ping HTTP/1.1" 200 255 http-bio-8080-exec-7 1
0:0:0:0:0:0:0:1 - - [06/Nov/2024:23:28:18 +0800] "GET /smartqueueweb/ping HTTP/1.1" 200 255 http-bio-8080-exec-7 1
0:0:0:0:0:0:0:1 - - [06/Nov/2024:23:28:21 +0800] "GET /smartqueueweb/ping HTTP/1.1" 200 255 http-bio-8080-exec-7 1
0:0:0:0:0:0:0:1 - - [06/Nov/2024:23:28:24 +0800] "GET /smartqueueweb/ping HTTP/1.1" 200 255 http-bio-8080-exec-7 1
0:0:0:0:0:0:0:1 - - [06/Nov/2024:23:28:27 +0800] "GET /smartqueueweb/ping HTTP/1.1" 200 255 http-bio-8080-exec-2 1
0:0:0:0:0:0:0:1 - - [06/Nov/2024:23:28:30 +0800] "GET /smartqueueweb/ping HTTP/1.1" 200 255 http-bio-8080-exec-2 1
0:0:0:0:0:0:0:1 - - [06/Nov/2024:23:28:33 +0800] "GET /smartqueueweb/ping HTTP/1.1" 200 255 http-bio-8080-exec-2 1
