0:0:0:0:0:0:0:1 - - [06/Nov/2024:22:09:29 +0800] "GET /smartqueueweb/ping HTTP/1.1" 200 255 http-bio-8080-exec-10 1
192.168.1.9 - - [06/Nov/2024:22:09:31 +0800] "GET /smartqueueweb/ping HTTP/1.1" 200 255 http-bio-8080-exec-3 2
0:0:0:0:0:0:0:1 - - [06/Nov/2024:22:09:31 +0800] "GET /smartqueueweb/JsonStudentQueueEntriesAPI?window_number=&queue_status=QUEUE HTTP/1.1" 500 42 http-bio-8080-exec-10 1
0:0:0:0:0:0:0:1 - - [06/Nov/2024:22:09:32 +0800] "GET /smartqueueweb/ping HTTP/1.1" 200 255 http-bio-8080-exec-4 2
0:0:0:0:0:0:0:1 - - [06/Nov/2024:22:09:32 +0800] "GET /smartqueueweb/userwindow HTTP/1.1" 200 9565 http-bio-8080-exec-4 5
0:0:0:0:0:0:0:1 - - [06/Nov/2024:22:09:32 +0800] "GET /smartqueueweb/QueueWebSocketController HTTP/1.1" 101 - http-bio-8080-exec-9 3
0:0:0:0:0:0:0:1 - - [06/Nov/2024:22:09:32 +0800] "GET /smartqueueweb/video-ad.mp4 HTTP/1.1" 404 2821 http-bio-8080-exec-4 4
192.168.1.9 - - [06/Nov/2024:22:09:34 +0800] "GET /smartqueueweb/ping HTTP/1.1" 200 255 http-bio-8080-exec-3 2
0:0:0:0:0:0:0:1 - - [06/Nov/2024:22:09:35 +0800] "GET /smartqueueweb/ping HTTP/1.1" 200 255 http-bio-8080-exec-4 1
192.168.1.9 - - [06/Nov/2024:22:09:37 +0800] "GET /smartqueueweb/ping HTTP/1.1" 200 255 http-bio-8080-exec-1 1
0:0:0:0:0:0:0:1 - - [06/Nov/2024:22:09:38 +0800] "GET /smartqueueweb/ping HTTP/1.1" 200 255 http-bio-8080-exec-7 2
192.168.1.9 - - [06/Nov/2024:22:09:39 +0800] "GET /smartqueueweb/counterwindow HTTP/1.1" 200 26722 http-bio-8080-exec-1 4
192.168.1.9 - - [06/Nov/2024:22:09:39 +0800] "GET /smartqueueweb/QueueWebSocketController HTTP/1.1" 101 - http-bio-8080-exec-10 2
0:0:0:0:0:0:0:1 - - [06/Nov/2024:22:09:41 +0800] "GET /smartqueueweb/ping HTTP/1.1" 200 255 http-bio-8080-exec-7 2
192.168.1.9 - - [06/Nov/2024:22:09:42 +0800] "GET /smartqueueweb/JsonAvailableWindow HTTP/1.1" 200 242 http-bio-8080-exec-1 80
192.168.1.9 - - [06/Nov/2024:22:09:42 +0800] "GET /smartqueueweb/ping HTTP/1.1" 200 255 http-bio-8080-exec-1 2
192.168.1.9 - - [06/Nov/2024:22:09:42 +0800] "GET /smartqueueweb/JsonStudentQueueEntriesAPI?window_number=1&queue_status=QUEUE HTTP/1.1" 200 12 http-bio-8080-exec-1 14
192.168.1.9 - - [06/Nov/2024:22:09:43 +0800] "GET /smartqueueweb/JsonStudentQueueEntriesAPI?window_number=1&queue_status=SERVING HTTP/1.1" 200 12 http-bio-8080-exec-1 8
192.168.1.9 - - [06/Nov/2024:22:09:43 +0800] "GET /smartqueueweb/JsonStudentQueueEntriesAPI?window_number=1&queue_status=QUEUE HTTP/1.1" 200 12 http-bio-8080-exec-1 6
192.168.1.9 - - [06/Nov/2024:22:09:43 +0800] "GET /smartqueueweb/JsonStudentQueueEntriesAPI?window_number=1&queue_status=SERVING HTTP/1.1" 200 12 http-bio-8080-exec-1 6
192.168.1.9 - - [06/Nov/2024:22:09:43 +0800] "GET /smartqueueweb/JsonAvailableWindow HTTP/1.1" 200 242 http-bio-8080-exec-1 7
192.168.1.9 - - [06/Nov/2024:22:09:44 +0800] "GET /smartqueueweb/JsonStudentQueueEntriesAPI?window_number=2&queue_status=QUEUE HTTP/1.1" 200 12 http-bio-8080-exec-1 8
192.168.1.9 - - [06/Nov/2024:22:09:44 +0800] "GET /smartqueueweb/JsonStudentQueueEntriesAPI?window_number=2&queue_status=SERVING HTTP/1.1" 200 12 http-bio-8080-exec-1 7
0:0:0:0:0:0:0:1 - - [06/Nov/2024:22:09:44 +0800] "GET /smartqueueweb/ping HTTP/1.1" 200 255 http-bio-8080-exec-7 1
192.168.1.9 - - [06/Nov/2024:22:09:44 +0800] "GET /smartqueueweb/JsonAvailableWindow HTTP/1.1" 200 242 http-bio-8080-exec-1 7
192.168.1.9 - - [06/Nov/2024:22:09:45 +0800] "GET /smartqueueweb/ping HTTP/1.1" 200 255 http-bio-8080-exec-1 1
192.168.1.9 - - [06/Nov/2024:22:09:45 +0800] "GET /smartqueueweb/JsonStudentQueueEntriesAPI?window_number=3&queue_status=QUEUE HTTP/1.1" 200 12 http-bio-8080-exec-1 7
192.168.1.9 - - [06/Nov/2024:22:09:45 +0800] "GET /smartqueueweb/JsonStudentQueueEntriesAPI?window_number=3&queue_status=SERVING HTTP/1.1" 200 211 http-bio-8080-exec-1 20
0:0:0:0:0:0:0:1 - - [06/Nov/2024:22:09:47 +0800] "GET /smartqueueweb/ping HTTP/1.1" 200 255 http-bio-8080-exec-6 1
192.168.1.9 - - [06/Nov/2024:22:09:47 +0800] "GET /smartqueueweb/JsonStudentQueueEntriesAPI?window_number=3&queue_status=QUEUE HTTP/1.1" 200 12 http-bio-8080-exec-2 7
192.168.1.9 - - [06/Nov/2024:22:09:47 +0800] "GET /smartqueueweb/JsonStudentQueueEntriesAPI?window_number=3&queue_status=SERVING HTTP/1.1" 200 211 http-bio-8080-exec-2 8
192.168.1.9 - - [06/Nov/2024:22:09:48 +0800] "GET /smartqueueweb/ping HTTP/1.1" 200 255 http-bio-8080-exec-2 1
0:0:0:0:0:0:0:1 - - [06/Nov/2024:22:09:50 +0800] "GET /smartqueueweb/ping HTTP/1.1" 200 255 http-bio-8080-exec-6 1
192.168.1.9 - - [06/Nov/2024:22:09:51 +0800] "GET /smartqueueweb/ping HTTP/1.1" 200 255 http-bio-8080-exec-2 1
192.168.1.9 - - [06/Nov/2024:22:09:51 +0800] "GET /smartqueueweb/JsonStudentQueueEntriesAPI?window_number=3&queue_status=QUEUE HTTP/1.1" 200 12 http-bio-8080-exec-7 6
192.168.1.9 - - [06/Nov/2024:22:09:51 +0800] "GET /smartqueueweb/JsonStudentQueueEntriesAPI?window_number=3&queue_status=SERVING HTTP/1.1" 200 211 http-bio-8080-exec-7 7
0:0:0:0:0:0:0:1 - - [06/Nov/2024:22:09:53 +0800] "GET /smartqueueweb/ping HTTP/1.1" 200 255 http-bio-8080-exec-6 1
192.168.1.9 - - [06/Nov/2024:22:09:54 +0800] "GET /smartqueueweb/ping HTTP/1.1" 200 255 http-bio-8080-exec-7 1
192.168.1.9 - - [06/Nov/2024:22:09:55 +0800] "GET /smartqueueweb/JsonStudentQueueEntriesAPI?window_number=3&queue_status=QUEUE HTTP/1.1" 200 12 http-bio-8080-exec-7 5
192.168.1.9 - - [06/Nov/2024:22:09:55 +0800] "GET /smartqueueweb/JsonStudentQueueEntriesAPI?window_number=3&queue_status=SERVING HTTP/1.1" 200 211 http-bio-8080-exec-7 7
0:0:0:0:0:0:0:1 - - [06/Nov/2024:22:09:56 +0800] "GET /smartqueueweb/ping HTTP/1.1" 200 255 http-bio-8080-exec-4 1
192.168.1.9 - - [06/Nov/2024:22:09:57 +0800] "GET /smartqueueweb/ping HTTP/1.1" 200 255 http-bio-8080-exec-1 1
0:0:0:0:0:0:0:1 - - [06/Nov/2024:22:09:59 +0800] "GET /smartqueueweb/ping HTTP/1.1" 200 255 http-bio-8080-exec-4 2
192.168.1.9 - - [06/Nov/2024:22:09:59 +0800] "GET /smartqueueweb/JsonStudentQueueEntriesAPI?window_number=3&queue_status=QUEUE HTTP/1.1" 200 12 http-bio-8080-exec-1 6
192.168.1.9 - - [06/Nov/2024:22:09:59 +0800] "GET /smartqueueweb/JsonStudentQueueEntriesAPI?window_number=3&queue_status=SERVING HTTP/1.1" 200 211 http-bio-8080-exec-1 8
192.168.1.9 - - [06/Nov/2024:22:10:00 +0800] "GET /smartqueueweb/ping HTTP/1.1" 200 255 http-bio-8080-exec-1 2
0:0:0:0:0:0:0:1 - - [06/Nov/2024:22:10:02 +0800] "GET /smartqueueweb/ping HTTP/1.1" 200 255 http-bio-8080-exec-4 1
192.168.1.9 - - [06/Nov/2024:22:10:03 +0800] "GET /smartqueueweb/ping HTTP/1.1" 200 255 http-bio-8080-exec-1 2
192.168.1.9 - - [06/Nov/2024:22:10:03 +0800] "GET /smartqueueweb/JsonStudentQueueEntriesAPI?window_number=3&queue_status=QUEUE HTTP/1.1" 200 12 http-bio-8080-exec-5 6
192.168.1.9 - - [06/Nov/2024:22:10:03 +0800] "GET /smartqueueweb/JsonStudentQueueEntriesAPI?window_number=3&queue_status=SERVING HTTP/1.1" 200 211 http-bio-8080-exec-5 9
0:0:0:0:0:0:0:1 - - [06/Nov/2024:22:10:05 +0800] "GET /smartqueueweb/ping HTTP/1.1" 200 255 http-bio-8080-exec-4 2
192.168.1.9 - - [06/Nov/2024:22:10:06 +0800] "GET /smartqueueweb/ping HTTP/1.1" 200 255 http-bio-8080-exec-3 1
192.168.1.9 - - [06/Nov/2024:22:10:07 +0800] "GET /smartqueueweb/JsonStudentQueueEntriesAPI?window_number=3&queue_status=QUEUE HTTP/1.1" 200 12 http-bio-8080-exec-3 5
192.168.1.9 - - [06/Nov/2024:22:10:07 +0800] "GET /smartqueueweb/JsonStudentQueueEntriesAPI?window_number=3&queue_status=SERVING HTTP/1.1" 200 211 http-bio-8080-exec-3 6
0:0:0:0:0:0:0:1 - - [06/Nov/2024:22:10:08 +0800] "GET /smartqueueweb/ping HTTP/1.1" 200 255 http-bio-8080-exec-6 1
192.168.1.9 - - [06/Nov/2024:22:10:09 +0800] "GET /smartqueueweb/ping HTTP/1.1" 200 255 http-bio-8080-exec-3 1
0:0:0:0:0:0:0:1 - - [06/Nov/2024:22:10:11 +0800] "GET /smartqueueweb/ping HTTP/1.1" 200 255 http-bio-8080-exec-6 1
192.168.1.9 - - [06/Nov/2024:22:10:11 +0800] "GET /smartqueueweb/JsonStudentQueueEntriesAPI?window_number=3&queue_status=QUEUE HTTP/1.1" 200 12 http-bio-8080-exec-3 6
192.168.1.9 - - [06/Nov/2024:22:10:11 +0800] "GET /smartqueueweb/JsonStudentQueueEntriesAPI?window_number=3&queue_status=SERVING HTTP/1.1" 200 211 http-bio-8080-exec-3 7
192.168.1.9 - - [06/Nov/2024:22:10:12 +0800] "GET /smartqueueweb/ping HTTP/1.1" 200 255 http-bio-8080-exec-3 1
0:0:0:0:0:0:0:1 - - [06/Nov/2024:22:10:14 +0800] "GET /smartqueueweb/ping HTTP/1.1" 200 255 http-bio-8080-exec-6 1
192.168.1.9 - - [06/Nov/2024:22:10:15 +0800] "GET /smartqueueweb/ping HTTP/1.1" 200 255 http-bio-8080-exec-3 1
192.168.1.9 - - [06/Nov/2024:22:10:15 +0800] "GET /smartqueueweb/JsonStudentQueueEntriesAPI?window_number=3&queue_status=QUEUE HTTP/1.1" 200 12 http-bio-8080-exec-5 7
192.168.1.9 - - [06/Nov/2024:22:10:15 +0800] "GET /smartqueueweb/JsonStudentQueueEntriesAPI?window_number=3&queue_status=SERVING HTTP/1.1" 200 211 http-bio-8080-exec-5 6
0:0:0:0:0:0:0:1 - - [06/Nov/2024:22:10:17 +0800] "GET /smartqueueweb/ping HTTP/1.1" 200 255 http-bio-8080-exec-7 2
192.168.1.9 - - [06/Nov/2024:22:10:18 +0800] "GET /smartqueueweb/ping HTTP/1.1" 200 255 http-bio-8080-exec-4 1
192.168.1.9 - - [06/Nov/2024:22:10:19 +0800] "GET /smartqueueweb/JsonStudentQueueEntriesAPI?window_number=3&queue_status=QUEUE HTTP/1.1" 200 12 http-bio-8080-exec-4 5
192.168.1.9 - - [06/Nov/2024:22:10:19 +0800] "GET /smartqueueweb/JsonStudentQueueEntriesAPI?window_number=3&queue_status=SERVING HTTP/1.1" 200 211 http-bio-8080-exec-4 4
0:0:0:0:0:0:0:1 - - [06/Nov/2024:22:10:20 +0800] "GET /smartqueueweb/ping HTTP/1.1" 200 255 http-bio-8080-exec-7 1
192.168.1.9 - - [06/Nov/2024:22:10:21 +0800] "GET /smartqueueweb/ping HTTP/1.1" 200 255 http-bio-8080-exec-4 1
0:0:0:0:0:0:0:1 - - [06/Nov/2024:22:10:23 +0800] "GET /smartqueueweb/ping HTTP/1.1" 200 255 http-bio-8080-exec-7 1
192.168.1.9 - - [06/Nov/2024:22:10:23 +0800] "GET /smartqueueweb/JsonStudentQueueEntriesAPI?window_number=3&queue_status=QUEUE HTTP/1.1" 200 12 http-bio-8080-exec-4 4
192.168.1.9 - - [06/Nov/2024:22:10:23 +0800] "GET /smartqueueweb/JsonStudentQueueEntriesAPI?window_number=3&queue_status=SERVING HTTP/1.1" 200 211 http-bio-8080-exec-4 7
192.168.1.9 - - [06/Nov/2024:22:10:24 +0800] "GET /smartqueueweb/ping HTTP/1.1" 200 255 http-bio-8080-exec-4 1
0:0:0:0:0:0:0:1 - - [06/Nov/2024:22:10:26 +0800] "GET /smartqueueweb/ping HTTP/1.1" 200 255 http-bio-8080-exec-7 1
192.168.1.9 - - [06/Nov/2024:22:10:27 +0800] "GET /smartqueueweb/inquiry HTTP/1.1" 200 36070 http-bio-8080-exec-6 11
192.168.1.9 - - [06/Nov/2024:22:10:27 +0800] "GET /smartqueueweb/JsonServiceListAPI HTTP/1.1" 200 1626 http-bio-8080-exec-6 13
0:0:0:0:0:0:0:1 - - [06/Nov/2024:22:10:29 +0800] "GET /smartqueueweb/ping HTTP/1.1" 200 255 http-bio-8080-exec-2 1
0:0:0:0:0:0:0:1 - - [06/Nov/2024:22:10:32 +0800] "GET /smartqueueweb/ping HTTP/1.1" 200 255 http-bio-8080-exec-2 1
0:0:0:0:0:0:0:1 - - [06/Nov/2024:22:10:35 +0800] "GET /smartqueueweb/ping HTTP/1.1" 200 255 http-bio-8080-exec-2 1
192.168.1.9 - - [06/Nov/2024:22:10:36 +0800] "POST /smartqueueweb/inquiry HTTP/1.1" 200 16 http-bio-8080-exec-4 12
0:0:0:0:0:0:0:1 - - [06/Nov/2024:22:10:38 +0800] "GET /smartqueueweb/ping HTTP/1.1" 200 255 http-bio-8080-exec-8 1
0:0:0:0:0:0:0:1 - - [06/Nov/2024:22:10:41 +0800] "GET /smartqueueweb/ping HTTP/1.1" 200 255 http-bio-8080-exec-8 1
0:0:0:0:0:0:0:1 - - [06/Nov/2024:22:10:44 +0800] "GET /smartqueueweb/ping HTTP/1.1" 200 255 http-bio-8080-exec-8 2
0:0:0:0:0:0:0:1 - - [06/Nov/2024:22:10:47 +0800] "GET /smartqueueweb/ping HTTP/1.1" 200 255 http-bio-8080-exec-7 1
192.168.1.9 - - [06/Nov/2024:22:10:48 +0800] "GET /smartqueueweb/JsonStudentSearchAPI?studentid=12313&firstname=none&middlename=none&lastname=none HTTP/1.1" 200 14 http-bio-8080-exec-2 12
0:0:0:0:0:0:0:1 - - [06/Nov/2024:22:10:50 +0800] "GET /smartqueueweb/ping HTTP/1.1" 200 255 http-bio-8080-exec-7 2
0:0:0:0:0:0:0:1 - - [06/Nov/2024:22:10:53 +0800] "GET /smartqueueweb/ping HTTP/1.1" 200 255 http-bio-8080-exec-7 1
0:0:0:0:0:0:0:1 - - [06/Nov/2024:22:10:56 +0800] "GET /smartqueueweb/ping HTTP/1.1" 200 255 http-bio-8080-exec-7 1
192.168.1.9 - - [06/Nov/2024:22:10:56 +0800] "GET /smartqueueweb/JsonStudentSearchAPI?studentid=12313211&firstname=none&middlename=none&lastname=none HTTP/1.1" 200 14 http-bio-8080-exec-8 4
0:0:0:0:0:0:0:1 - - [06/Nov/2024:22:10:59 +0800] "GET /smartqueueweb/ping HTTP/1.1" 200 255 http-bio-8080-exec-6 1
0:0:0:0:0:0:0:1 - - [06/Nov/2024:22:11:02 +0800] "GET /smartqueueweb/ping HTTP/1.1" 200 255 http-bio-8080-exec-6 2
192.168.1.9 - - [06/Nov/2024:22:11:04 +0800] "GET /smartqueueweb/JsonStudentSearchAPI?studentid=2410305&firstname=none&middlename=none&lastname=none HTTP/1.1" 200 14 http-bio-8080-exec-8 4
0:0:0:0:0:0:0:1 - - [06/Nov/2024:22:11:05 +0800] "GET /smartqueueweb/ping HTTP/1.1" 200 255 http-bio-8080-exec-6 1
192.168.1.9 - - [06/Nov/2024:22:11:08 +0800] "GET /smartqueueweb/JsonStudentSearchAPI?studentid=2110010&firstname=none&middlename=none&lastname=none HTTP/1.1" 200 106 http-bio-8080-exec-2 7
0:0:0:0:0:0:0:1 - - [06/Nov/2024:22:11:08 +0800] "GET /smartqueueweb/ping HTTP/1.1" 200 255 http-bio-8080-exec-4 1
0:0:0:0:0:0:0:1 - - [06/Nov/2024:22:11:11 +0800] "GET /smartqueueweb/ping HTTP/1.1" 200 255 http-bio-8080-exec-4 1
0:0:0:0:0:0:0:1 - - [06/Nov/2024:22:11:14 +0800] "GET /smartqueueweb/ping HTTP/1.1" 200 255 http-bio-8080-exec-4 1
0:0:0:0:0:0:0:1 - - [06/Nov/2024:22:11:17 +0800] "GET /smartqueueweb/ping HTTP/1.1" 200 255 http-bio-8080-exec-3 1
192.168.1.9 - - [06/Nov/2024:22:11:20 +0800] "GET /smartqueueweb/JsonStudentSearchAPI?studentid=2110010&firstname=none&middlename=none&lastname=none HTTP/1.1" 200 106 http-bio-8080-exec-8 7
0:0:0:0:0:0:0:1 - - [06/Nov/2024:22:11:20 +0800] "GET /smartqueueweb/ping HTTP/1.1" 200 255 http-bio-8080-exec-3 1
192.168.1.9 - - [06/Nov/2024:22:11:23 +0800] "GET /smartqueueweb/JsonStudentSearchAPI?studentid=2110010&firstname=none&middlename=none&lastname=none HTTP/1.1" 200 106 http-bio-8080-exec-8 6
0:0:0:0:0:0:0:1 - - [06/Nov/2024:22:11:23 +0800] "GET /smartqueueweb/ping HTTP/1.1" 200 255 http-bio-8080-exec-3 1
192.168.1.9 - - [06/Nov/2024:22:11:23 +0800] "POST /smartqueueweb/inquiry HTTP/1.1" 200 16 http-bio-8080-exec-8 20
0:0:0:0:0:0:0:1 - - [06/Nov/2024:22:11:26 +0800] "GET /smartqueueweb/ping HTTP/1.1" 200 255 http-bio-8080-exec-3 2
0:0:0:0:0:0:0:1 - - [06/Nov/2024:22:11:29 +0800] "GET /smartqueueweb/ping HTTP/1.1" 200 255 http-bio-8080-exec-6 1
0:0:0:0:0:0:0:1 - - [06/Nov/2024:22:11:32 +0800] "GET /smartqueueweb/ping HTTP/1.1" 200 255 http-bio-8080-exec-6 1
0:0:0:0:0:0:0:1 - - [06/Nov/2024:22:11:35 +0800] "GET /smartqueueweb/ping HTTP/1.1" 200 255 http-bio-8080-exec-6 1
192.168.1.9 - - [06/Nov/2024:22:11:36 +0800] "GET /smartqueueweb/JsonStudentSearchAPI?studentid=2110010&firstname=none&middlename=none&lastname=none HTTP/1.1" 200 106 http-bio-8080-exec-5 6
0:0:0:0:0:0:0:1 - - [06/Nov/2024:22:11:38 +0800] "GET /smartqueueweb/ping HTTP/1.1" 200 255 http-bio-8080-exec-4 1
192.168.1.9 - - [06/Nov/2024:22:11:39 +0800] "GET /smartqueueweb/JsonStudentSearchAPI?studentid=2110010&firstname=none&middlename=none&lastname=none HTTP/1.1" 200 106 http-bio-8080-exec-3 6
192.168.1.9 - - [06/Nov/2024:22:11:39 +0800] "GET /smartqueueweb/JsonStudentSearchAPI?studentid=2110010&firstname=none&middlename=none&lastname=none HTTP/1.1" 200 106 http-bio-8080-exec-3 6
192.168.1.9 - - [06/Nov/2024:22:11:39 +0800] "POST /smartqueueweb/inquiry HTTP/1.1" 200 16 http-bio-8080-exec-3 19
0:0:0:0:0:0:0:1 - - [06/Nov/2024:22:11:41 +0800] "GET /smartqueueweb/ping HTTP/1.1" 200 255 http-bio-8080-exec-4 1
0:0:0:0:0:0:0:1 - - [06/Nov/2024:22:11:44 +0800] "GET /smartqueueweb/ping HTTP/1.1" 200 255 http-bio-8080-exec-4 1
192.168.1.9 - - [06/Nov/2024:22:11:45 +0800] "GET /smartqueueweb/ HTTP/1.1" 302 - http-bio-8080-exec-3 19
192.168.1.9 - - [06/Nov/2024:22:11:45 +0800] "GET /smartqueueweb/staffdashboard HTTP/1.1" 200 14711 http-bio-8080-exec-3 2
0:0:0:0:0:0:0:1 - - [06/Nov/2024:22:11:47 +0800] "GET /smartqueueweb/ping HTTP/1.1" 200 255 http-bio-8080-exec-7 1
192.168.1.9 - - [06/Nov/2024:22:11:48 +0800] "GET /smartqueueweb/ping HTTP/1.1" 200 255 http-bio-8080-exec-10 2
192.168.1.9 - - [06/Nov/2024:22:11:48 +0800] "GET /smartqueueweb/counterwindow HTTP/1.1" 200 26722 http-bio-8080-exec-10 4
192.168.1.9 - - [06/Nov/2024:22:11:48 +0800] "GET /smartqueueweb/QueueWebSocketController HTTP/1.1" 101 - http-bio-8080-exec-5 2
0:0:0:0:0:0:0:1 - - [06/Nov/2024:22:11:50 +0800] "GET /smartqueueweb/ping HTTP/1.1" 200 255 http-bio-8080-exec-7 1
192.168.1.9 - - [06/Nov/2024:22:11:51 +0800] "GET /smartqueueweb/ping HTTP/1.1" 200 255 http-bio-8080-exec-10 1
192.168.1.9 - - [06/Nov/2024:22:11:52 +0800] "GET /smartqueueweb/JsonStudentQueueEntriesAPI?window_number=&queue_status=QUEUE HTTP/1.1" 500 42 http-bio-8080-exec-10 1
0:0:0:0:0:0:0:1 - - [06/Nov/2024:22:11:53 +0800] "GET /smartqueueweb/ping HTTP/1.1" 200 255 http-bio-8080-exec-7 1
192.168.1.9 - - [06/Nov/2024:22:11:54 +0800] "GET /smartqueueweb/ping HTTP/1.1" 200 255 http-bio-8080-exec-1 1
192.168.1.9 - - [06/Nov/2024:22:11:56 +0800] "GET /smartqueueweb/JsonStudentQueueEntriesAPI?window_number=&queue_status=QUEUE HTTP/1.1" 500 42 http-bio-8080-exec-1 0
0:0:0:0:0:0:0:1 - - [06/Nov/2024:22:11:56 +0800] "GET /smartqueueweb/ping HTTP/1.1" 200 255 http-bio-8080-exec-7 1
192.168.1.9 - - [06/Nov/2024:22:11:57 +0800] "GET /smartqueueweb/ping HTTP/1.1" 200 255 http-bio-8080-exec-8 2
0:0:0:0:0:0:0:1 - - [06/Nov/2024:22:11:59 +0800] "GET /smartqueueweb/ping HTTP/1.1" 200 255 http-bio-8080-exec-10 1
192.168.1.9 - - [06/Nov/2024:22:12:00 +0800] "GET /smartqueueweb/ping HTTP/1.1" 200 255 http-bio-8080-exec-8 1
192.168.1.9 - - [06/Nov/2024:22:12:00 +0800] "GET /smartqueueweb/JsonStudentQueueEntriesAPI?window_number=&queue_status=QUEUE HTTP/1.1" 500 42 http-bio-8080-exec-2 1
0:0:0:0:0:0:0:1 - - [06/Nov/2024:22:12:02 +0800] "GET /smartqueueweb/ping HTTP/1.1" 200 255 http-bio-8080-exec-10 1
192.168.1.9 - - [06/Nov/2024:22:12:03 +0800] "GET /smartqueueweb/ping HTTP/1.1" 200 255 http-bio-8080-exec-8 1
192.168.1.9 - - [06/Nov/2024:22:12:04 +0800] "GET /smartqueueweb/JsonStudentQueueEntriesAPI?window_number=&queue_status=QUEUE HTTP/1.1" 500 42 http-bio-8080-exec-8 0
0:0:0:0:0:0:0:1 - - [06/Nov/2024:22:12:05 +0800] "GET /smartqueueweb/ping HTTP/1.1" 200 255 http-bio-8080-exec-10 1
192.168.1.9 - - [06/Nov/2024:22:12:06 +0800] "GET /smartqueueweb/ping HTTP/1.1" 200 255 http-bio-8080-exec-3 1
192.168.1.9 - - [06/Nov/2024:22:12:08 +0800] "GET /smartqueueweb/JsonStudentQueueEntriesAPI?window_number=&queue_status=QUEUE HTTP/1.1" 500 42 http-bio-8080-exec-2 0
0:0:0:0:0:0:0:1 - - [06/Nov/2024:22:12:08 +0800] "GET /smartqueueweb/ping HTTP/1.1" 200 255 http-bio-8080-exec-6 1
192.168.1.9 - - [06/Nov/2024:22:12:09 +0800] "GET /smartqueueweb/ping HTTP/1.1" 200 255 http-bio-8080-exec-8 1
0:0:0:0:0:0:0:1 - - [06/Nov/2024:22:12:11 +0800] "GET /smartqueueweb/ping HTTP/1.1" 200 255 http-bio-8080-exec-6 1
192.168.1.9 - - [06/Nov/2024:22:12:12 +0800] "GET /smartqueueweb/ping HTTP/1.1" 200 255 http-bio-8080-exec-8 1
192.168.1.9 - - [06/Nov/2024:22:12:12 +0800] "GET /smartqueueweb/JsonStudentQueueEntriesAPI?window_number=&queue_status=QUEUE HTTP/1.1" 500 42 http-bio-8080-exec-8 1
192.168.1.9 - - [06/Nov/2024:22:12:12 +0800] "GET /smartqueueweb/JsonAvailableWindow HTTP/1.1" 200 242 http-bio-8080-exec-10 6
192.168.1.9 - - [06/Nov/2024:22:12:13 +0800] "GET /smartqueueweb/JsonStudentQueueEntriesAPI?window_number=1&queue_status=QUEUE HTTP/1.1" 200 201 http-bio-8080-exec-10 9
192.168.1.9 - - [06/Nov/2024:22:12:13 +0800] "GET /smartqueueweb/JsonStudentQueueEntriesAPI?window_number=1&queue_status=SERVING HTTP/1.1" 200 12 http-bio-8080-exec-10 8
0:0:0:0:0:0:0:1 - - [06/Nov/2024:22:12:14 +0800] "GET /smartqueueweb/ping HTTP/1.1" 200 255 http-bio-8080-exec-6 1
192.168.1.9 - - [06/Nov/2024:22:12:15 +0800] "PUT /smartqueueweb/updateQueueStatus?queueNumber=G212&queueStatus=SERVING HTTP/1.1" 200 18 http-bio-8080-exec-10 9
192.168.1.9 - - [06/Nov/2024:22:12:16 +0800] "GET /smartqueueweb/ping HTTP/1.1" 200 255 http-bio-8080-exec-8 1
192.168.1.9 - - [06/Nov/2024:22:12:16 +0800] "GET /smartqueueweb/JsonStudentQueueEntriesAPI?window_number=1&queue_status=QUEUE HTTP/1.1" 200 12 http-bio-8080-exec-2 7
192.168.1.9 - - [06/Nov/2024:22:12:16 +0800] "GET /smartqueueweb/JsonStudentQueueEntriesAPI?window_number=1&queue_status=SERVING HTTP/1.1" 200 203 http-bio-8080-exec-2 10
0:0:0:0:0:0:0:1 - - [06/Nov/2024:22:12:17 +0800] "GET /smartqueueweb/ping HTTP/1.1" 200 255 http-bio-8080-exec-10 1
192.168.1.9 - - [06/Nov/2024:22:12:18 +0800] "GET /smartqueueweb/ping HTTP/1.1" 200 255 http-bio-8080-exec-2 1
192.168.1.9 - - [06/Nov/2024:22:12:20 +0800] "GET /smartqueueweb/JsonStudentQueueEntriesAPI?window_number=1&queue_status=QUEUE HTTP/1.1" 200 12 http-bio-8080-exec-2 5
192.168.1.9 - - [06/Nov/2024:22:12:20 +0800] "GET /smartqueueweb/JsonStudentQueueEntriesAPI?window_number=1&queue_status=SERVING HTTP/1.1" 200 203 http-bio-8080-exec-2 8
0:0:0:0:0:0:0:1 - - [06/Nov/2024:22:12:20 +0800] "GET /smartqueueweb/ping HTTP/1.1" 200 255 http-bio-8080-exec-10 1
192.168.1.9 - - [06/Nov/2024:22:12:21 +0800] "GET /smartqueueweb/ping HTTP/1.1" 200 255 http-bio-8080-exec-2 1
0:0:0:0:0:0:0:1 - - [06/Nov/2024:22:12:23 +0800] "GET /smartqueueweb/ping HTTP/1.1" 200 255 http-bio-8080-exec-10 1
192.168.1.9 - - [06/Nov/2024:22:12:24 +0800] "GET /smartqueueweb/ping HTTP/1.1" 200 255 http-bio-8080-exec-2 2
192.168.1.9 - - [06/Nov/2024:22:12:24 +0800] "GET /smartqueueweb/JsonStudentQueueEntriesAPI?window_number=1&queue_status=QUEUE HTTP/1.1" 200 12 http-bio-8080-exec-7 10
192.168.1.9 - - [06/Nov/2024:22:12:24 +0800] "GET /smartqueueweb/JsonStudentQueueEntriesAPI?window_number=1&queue_status=SERVING HTTP/1.1" 200 203 http-bio-8080-exec-7 9
0:0:0:0:0:0:0:1 - - [06/Nov/2024:22:12:26 +0800] "GET /smartqueueweb/ping HTTP/1.1" 200 255 http-bio-8080-exec-10 1
192.168.1.9 - - [06/Nov/2024:22:12:27 +0800] "GET /smartqueueweb/ping HTTP/1.1" 200 255 http-bio-8080-exec-6 2
192.168.1.9 - - [06/Nov/2024:22:12:28 +0800] "GET /smartqueueweb/JsonStudentQueueEntriesAPI?window_number=1&queue_status=QUEUE HTTP/1.1" 200 12 http-bio-8080-exec-6 6
192.168.1.9 - - [06/Nov/2024:22:12:28 +0800] "GET /smartqueueweb/JsonStudentQueueEntriesAPI?window_number=1&queue_status=SERVING HTTP/1.1" 200 203 http-bio-8080-exec-6 7
0:0:0:0:0:0:0:1 - - [06/Nov/2024:22:12:29 +0800] "GET /smartqueueweb/ping HTTP/1.1" 200 255 http-bio-8080-exec-3 1
192.168.1.9 - - [06/Nov/2024:22:12:30 +0800] "GET /smartqueueweb/ping HTTP/1.1" 200 255 http-bio-8080-exec-6 1
192.168.1.9 - - [06/Nov/2024:22:12:32 +0800] "GET /smartqueueweb/JsonStudentQueueEntriesAPI?window_number=1&queue_status=QUEUE HTTP/1.1" 200 12 http-bio-8080-exec-6 5
192.168.1.9 - - [06/Nov/2024:22:12:32 +0800] "GET /smartqueueweb/JsonStudentQueueEntriesAPI?window_number=1&queue_status=SERVING HTTP/1.1" 200 203 http-bio-8080-exec-6 7
0:0:0:0:0:0:0:1 - - [06/Nov/2024:22:12:32 +0800] "GET /smartqueueweb/ping HTTP/1.1" 200 255 http-bio-8080-exec-3 1
192.168.1.9 - - [06/Nov/2024:22:12:33 +0800] "GET /smartqueueweb/ping HTTP/1.1" 200 255 http-bio-8080-exec-6 1
0:0:0:0:0:0:0:1 - - [06/Nov/2024:22:12:35 +0800] "GET /smartqueueweb/ping HTTP/1.1" 200 255 http-bio-8080-exec-3 1
0:0:0:0:0:0:0:1 - - [06/Nov/2024:22:12:36 +0800] "GET /smartqueueweb/css/bootstrap.min.css.map HTTP/1.1" 404 2860 http-bio-8080-exec-3 2
192.168.1.9 - - [06/Nov/2024:22:12:36 +0800] "GET /smartqueueweb/ping HTTP/1.1" 200 255 http-bio-8080-exec-6 1
192.168.1.9 - - [06/Nov/2024:22:12:36 +0800] "GET /smartqueueweb/JsonStudentQueueEntriesAPI?window_number=1&queue_status=QUEUE HTTP/1.1" 200 12 http-bio-8080-exec-10 5
192.168.1.9 - - [06/Nov/2024:22:12:36 +0800] "GET /smartqueueweb/JsonStudentQueueEntriesAPI?window_number=1&queue_status=SERVING HTTP/1.1" 200 203 http-bio-8080-exec-10 4
0:0:0:0:0:0:0:1 - - [06/Nov/2024:22:12:38 +0800] "GET /smartqueueweb/ping HTTP/1.1" 200 255 http-bio-8080-exec-7 0
192.168.1.9 - - [06/Nov/2024:22:12:39 +0800] "GET /smartqueueweb/ping HTTP/1.1" 200 255 http-bio-8080-exec-8 1
192.168.1.9 - - [06/Nov/2024:22:12:40 +0800] "GET /smartqueueweb/JsonStudentQueueEntriesAPI?window_number=1&queue_status=QUEUE HTTP/1.1" 200 12 http-bio-8080-exec-8 6
192.168.1.9 - - [06/Nov/2024:22:12:40 +0800] "GET /smartqueueweb/JsonStudentQueueEntriesAPI?window_number=1&queue_status=SERVING HTTP/1.1" 200 203 http-bio-8080-exec-8 6
0:0:0:0:0:0:0:1 - - [06/Nov/2024:22:12:41 +0800] "GET /smartqueueweb/ping HTTP/1.1" 200 255 http-bio-8080-exec-7 0
192.168.1.9 - - [06/Nov/2024:22:12:42 +0800] "GET /smartqueueweb/ping HTTP/1.1" 200 255 http-bio-8080-exec-8 1
192.168.1.9 - - [06/Nov/2024:22:12:44 +0800] "GET /smartqueueweb/JsonStudentQueueEntriesAPI?window_number=1&queue_status=QUEUE HTTP/1.1" 200 12 http-bio-8080-exec-8 6
192.168.1.9 - - [06/Nov/2024:22:12:44 +0800] "GET /smartqueueweb/JsonStudentQueueEntriesAPI?window_number=1&queue_status=SERVING HTTP/1.1" 200 203 http-bio-8080-exec-8 5
0:0:0:0:0:0:0:1 - - [06/Nov/2024:22:12:44 +0800] "GET /smartqueueweb/ping HTTP/1.1" 200 255 http-bio-8080-exec-7 1
192.168.1.9 - - [06/Nov/2024:22:12:45 +0800] "GET /smartqueueweb/ping HTTP/1.1" 200 255 http-bio-8080-exec-8 1
0:0:0:0:0:0:0:1 - - [06/Nov/2024:22:12:47 +0800] "GET /smartqueueweb/ping HTTP/1.1" 200 255 http-bio-8080-exec-3 1
192.168.1.9 - - [06/Nov/2024:22:12:48 +0800] "GET /smartqueueweb/ping HTTP/1.1" 200 255 http-bio-8080-exec-2 1
192.168.1.9 - - [06/Nov/2024:22:12:48 +0800] "GET /smartqueueweb/JsonStudentQueueEntriesAPI?window_number=1&queue_status=QUEUE HTTP/1.1" 200 12 http-bio-8080-exec-4 6
192.168.1.9 - - [06/Nov/2024:22:12:48 +0800] "GET /smartqueueweb/JsonStudentQueueEntriesAPI?window_number=1&queue_status=SERVING HTTP/1.1" 200 203 http-bio-8080-exec-4 8
0:0:0:0:0:0:0:1 - - [06/Nov/2024:22:12:50 +0800] "GET /smartqueueweb/ping HTTP/1.1" 200 255 http-bio-8080-exec-3 1
192.168.1.9 - - [06/Nov/2024:22:12:51 +0800] "GET /smartqueueweb/ping HTTP/1.1" 200 255 http-bio-8080-exec-4 1
192.168.1.9 - - [06/Nov/2024:22:12:52 +0800] "GET /smartqueueweb/JsonStudentQueueEntriesAPI?window_number=1&queue_status=QUEUE HTTP/1.1" 200 12 http-bio-8080-exec-4 4
192.168.1.9 - - [06/Nov/2024:22:12:52 +0800] "GET /smartqueueweb/JsonStudentQueueEntriesAPI?window_number=1&queue_status=SERVING HTTP/1.1" 200 203 http-bio-8080-exec-4 6
0:0:0:0:0:0:0:1 - - [06/Nov/2024:22:12:53 +0800] "GET /smartqueueweb/ping HTTP/1.1" 200 255 http-bio-8080-exec-3 0
192.168.1.9 - - [06/Nov/2024:22:12:54 +0800] "GET /smartqueueweb/ping HTTP/1.1" 200 255 http-bio-8080-exec-4 1
0:0:0:0:0:0:0:1 - - [06/Nov/2024:22:12:56 +0800] "GET /smartqueueweb/ping HTTP/1.1" 200 255 http-bio-8080-exec-3 2
192.168.1.9 - - [06/Nov/2024:22:12:57 +0800] "GET /smartqueueweb/JsonStudentQueueEntriesAPI?window_number=1&queue_status=QUEUE HTTP/1.1" 200 12 http-bio-8080-exec-1 5
192.168.1.9 - - [06/Nov/2024:22:12:57 +0800] "GET /smartqueueweb/JsonStudentQueueEntriesAPI?window_number=1&queue_status=SERVING HTTP/1.1" 200 203 http-bio-8080-exec-1 6
192.168.1.9 - - [06/Nov/2024:22:12:58 +0800] "GET /smartqueueweb/ping HTTP/1.1" 200 255 http-bio-8080-exec-1 1
0:0:0:0:0:0:0:1 - - [06/Nov/2024:22:12:59 +0800] "GET /smartqueueweb/ping HTTP/1.1" 200 255 http-bio-8080-exec-6 0
192.168.1.9 - - [06/Nov/2024:22:13:01 +0800] "GET /smartqueueweb/ping HTTP/1.1" 200 255 http-bio-8080-exec-1 1
192.168.1.9 - - [06/Nov/2024:22:13:01 +0800] "GET /smartqueueweb/JsonStudentQueueEntriesAPI?window_number=1&queue_status=QUEUE HTTP/1.1" 200 12 http-bio-8080-exec-3 6
192.168.1.9 - - [06/Nov/2024:22:13:01 +0800] "GET /smartqueueweb/JsonStudentQueueEntriesAPI?window_number=1&queue_status=SERVING HTTP/1.1" 200 203 http-bio-8080-exec-3 7
0:0:0:0:0:0:0:1 - - [06/Nov/2024:22:13:02 +0800] "GET /smartqueueweb/ping HTTP/1.1" 200 255 http-bio-8080-exec-6 1
192.168.1.9 - - [06/Nov/2024:22:13:04 +0800] "GET /smartqueueweb/ping HTTP/1.1" 200 255 http-bio-8080-exec-3 1
192.168.1.9 - - [06/Nov/2024:22:13:05 +0800] "GET /smartqueueweb/JsonStudentQueueEntriesAPI?window_number=1&queue_status=QUEUE HTTP/1.1" 200 12 http-bio-8080-exec-3 5
192.168.1.9 - - [06/Nov/2024:22:13:05 +0800] "GET /smartqueueweb/JsonStudentQueueEntriesAPI?window_number=1&queue_status=SERVING HTTP/1.1" 200 203 http-bio-8080-exec-3 5
0:0:0:0:0:0:0:1 - - [06/Nov/2024:22:13:06 +0800] "GET /smartqueueweb/ping HTTP/1.1" 200 255 http-bio-8080-exec-6 1
192.168.1.9 - - [06/Nov/2024:22:13:07 +0800] "GET /smartqueueweb/ping HTTP/1.1" 200 255 http-bio-8080-exec-8 1
0:0:0:0:0:0:0:1 - - [06/Nov/2024:22:13:09 +0800] "GET /smartqueueweb/ping HTTP/1.1" 200 255 http-bio-8080-exec-4 1
192.168.1.9 - - [06/Nov/2024:22:13:09 +0800] "GET /smartqueueweb/JsonStudentQueueEntriesAPI?window_number=1&queue_status=QUEUE HTTP/1.1" 200 12 http-bio-8080-exec-8 6
192.168.1.9 - - [06/Nov/2024:22:13:09 +0800] "GET /smartqueueweb/JsonStudentQueueEntriesAPI?window_number=1&queue_status=SERVING HTTP/1.1" 200 203 http-bio-8080-exec-8 7
192.168.1.9 - - [06/Nov/2024:22:13:10 +0800] "GET /smartqueueweb/ping HTTP/1.1" 200 255 http-bio-8080-exec-8 1
0:0:0:0:0:0:0:1 - - [06/Nov/2024:22:13:12 +0800] "GET /smartqueueweb/ping HTTP/1.1" 200 255 http-bio-8080-exec-4 1
192.168.1.9 - - [06/Nov/2024:22:13:13 +0800] "GET /smartqueueweb/ping HTTP/1.1" 200 255 http-bio-8080-exec-8 1
192.168.1.9 - - [06/Nov/2024:22:13:13 +0800] "GET /smartqueueweb/JsonStudentQueueEntriesAPI?window_number=1&queue_status=QUEUE HTTP/1.1" 200 12 http-bio-8080-exec-8 7
192.168.1.9 - - [06/Nov/2024:22:13:13 +0800] "GET /smartqueueweb/JsonStudentQueueEntriesAPI?window_number=1&queue_status=SERVING HTTP/1.1" 200 203 http-bio-8080-exec-8 8
0:0:0:0:0:0:0:1 - - [06/Nov/2024:22:13:14 +0800] "GET /smartqueueweb/ping HTTP/1.1" 200 255 http-bio-8080-exec-4 2
192.168.1.9 - - [06/Nov/2024:22:13:15 +0800] "GET /smartqueueweb/ping HTTP/1.1" 200 255 http-bio-8080-exec-8 1
192.168.1.9 - - [06/Nov/2024:22:13:16 +0800] "GET /smartqueueweb/JsonStudentQueueEntriesAPI?window_number=1&queue_status=QUEUE HTTP/1.1" 200 12 http-bio-8080-exec-8 5
192.168.1.9 - - [06/Nov/2024:22:13:16 +0800] "GET /smartqueueweb/JsonStudentQueueEntriesAPI?window_number=1&queue_status=SERVING HTTP/1.1" 200 203 http-bio-8080-exec-8 6
0:0:0:0:0:0:0:1 - - [06/Nov/2024:22:13:17 +0800] "GET /smartqueueweb/ping HTTP/1.1" 200 255 http-bio-8080-exec-1 1
192.168.1.9 - - [06/Nov/2024:22:13:19 +0800] "GET /smartqueueweb/ping HTTP/1.1" 200 255 http-bio-8080-exec-3 1
0:0:0:0:0:0:0:1 - - [06/Nov/2024:22:13:21 +0800] "GET /smartqueueweb/ping HTTP/1.1" 200 255 http-bio-8080-exec-1 1
192.168.1.9 - - [06/Nov/2024:22:13:21 +0800] "GET /smartqueueweb/JsonStudentQueueEntriesAPI?window_number=1&queue_status=QUEUE HTTP/1.1" 200 12 http-bio-8080-exec-3 7
192.168.1.9 - - [06/Nov/2024:22:13:21 +0800] "GET /smartqueueweb/JsonStudentQueueEntriesAPI?window_number=1&queue_status=SERVING HTTP/1.1" 200 203 http-bio-8080-exec-3 6
192.168.1.9 - - [06/Nov/2024:22:13:22 +0800] "GET /smartqueueweb/ping HTTP/1.1" 200 255 http-bio-8080-exec-3 0
0:0:0:0:0:0:0:1 - - [06/Nov/2024:22:13:24 +0800] "GET /smartqueueweb/ping HTTP/1.1" 200 255 http-bio-8080-exec-1 1
192.168.1.9 - - [06/Nov/2024:22:13:25 +0800] "GET /smartqueueweb/ping HTTP/1.1" 200 255 http-bio-8080-exec-3 1
192.168.1.9 - - [06/Nov/2024:22:13:25 +0800] "GET /smartqueueweb/JsonStudentQueueEntriesAPI?window_number=1&queue_status=QUEUE HTTP/1.1" 200 12 http-bio-8080-exec-10 5
192.168.1.9 - - [06/Nov/2024:22:13:25 +0800] "GET /smartqueueweb/JsonStudentQueueEntriesAPI?window_number=1&queue_status=SERVING HTTP/1.1" 200 203 http-bio-8080-exec-10 5
0:0:0:0:0:0:0:1 - - [06/Nov/2024:22:13:27 +0800] "GET /smartqueueweb/ping HTTP/1.1" 200 255 http-bio-8080-exec-8 1
192.168.1.9 - - [06/Nov/2024:22:13:28 +0800] "GET /smartqueueweb/ping HTTP/1.1" 200 255 http-bio-8080-exec-7 2
192.168.1.9 - - [06/Nov/2024:22:13:29 +0800] "GET /smartqueueweb/JsonStudentQueueEntriesAPI?window_number=1&queue_status=QUEUE HTTP/1.1" 200 12 http-bio-8080-exec-7 5
192.168.1.9 - - [06/Nov/2024:22:13:29 +0800] "GET /smartqueueweb/JsonStudentQueueEntriesAPI?window_number=1&queue_status=SERVING HTTP/1.1" 200 203 http-bio-8080-exec-7 7
0:0:0:0:0:0:0:1 - - [06/Nov/2024:22:13:30 +0800] "GET /smartqueueweb/ping HTTP/1.1" 200 255 http-bio-8080-exec-8 1
192.168.1.9 - - [06/Nov/2024:22:13:31 +0800] "GET /smartqueueweb/ping HTTP/1.1" 200 255 http-bio-8080-exec-7 1
0:0:0:0:0:0:0:1 - - [06/Nov/2024:22:13:33 +0800] "GET /smartqueueweb/ping HTTP/1.1" 200 255 http-bio-8080-exec-8 1
192.168.1.9 - - [06/Nov/2024:22:13:33 +0800] "GET /smartqueueweb/JsonStudentQueueEntriesAPI?window_number=1&queue_status=QUEUE HTTP/1.1" 200 12 http-bio-8080-exec-7 6
192.168.1.9 - - [06/Nov/2024:22:13:33 +0800] "GET /smartqueueweb/JsonStudentQueueEntriesAPI?window_number=1&queue_status=SERVING HTTP/1.1" 200 203 http-bio-8080-exec-7 6
192.168.1.9 - - [06/Nov/2024:22:13:34 +0800] "GET /smartqueueweb/ping HTTP/1.1" 200 255 http-bio-8080-exec-7 1
0:0:0:0:0:0:0:1 - - [06/Nov/2024:22:13:36 +0800] "GET /smartqueueweb/ping HTTP/1.1" 200 255 http-bio-8080-exec-8 1
192.168.1.9 - - [06/Nov/2024:22:13:37 +0800] "GET /smartqueueweb/ping HTTP/1.1" 200 255 http-bio-8080-exec-1 1
192.168.1.9 - - [06/Nov/2024:22:13:37 +0800] "GET /smartqueueweb/JsonStudentQueueEntriesAPI?window_number=1&queue_status=QUEUE HTTP/1.1" 200 12 http-bio-8080-exec-6 6
192.168.1.9 - - [06/Nov/2024:22:13:37 +0800] "GET /smartqueueweb/JsonStudentQueueEntriesAPI?window_number=1&queue_status=SERVING HTTP/1.1" 200 203 http-bio-8080-exec-6 8
0:0:0:0:0:0:0:1 - - [06/Nov/2024:22:13:39 +0800] "GET /smartqueueweb/ping HTTP/1.1" 200 255 http-bio-8080-exec-3 0
192.168.1.9 - - [06/Nov/2024:22:13:40 +0800] "GET /smartqueueweb/ping HTTP/1.1" 200 255 http-bio-8080-exec-6 2
192.168.1.9 - - [06/Nov/2024:22:13:41 +0800] "GET /smartqueueweb/JsonStudentQueueEntriesAPI?window_number=1&queue_status=QUEUE HTTP/1.1" 200 12 http-bio-8080-exec-6 6
192.168.1.9 - - [06/Nov/2024:22:13:41 +0800] "GET /smartqueueweb/JsonStudentQueueEntriesAPI?window_number=1&queue_status=SERVING HTTP/1.1" 200 203 http-bio-8080-exec-6 6
0:0:0:0:0:0:0:1 - - [06/Nov/2024:22:13:42 +0800] "GET /smartqueueweb/ping HTTP/1.1" 200 255 http-bio-8080-exec-3 1
192.168.1.9 - - [06/Nov/2024:22:13:43 +0800] "GET /smartqueueweb/ping HTTP/1.1" 200 255 http-bio-8080-exec-6 1
0:0:0:0:0:0:0:1 - - [06/Nov/2024:22:13:45 +0800] "GET /smartqueueweb/ping HTTP/1.1" 200 255 http-bio-8080-exec-3 1
192.168.1.9 - - [06/Nov/2024:22:13:45 +0800] "GET /smartqueueweb/JsonStudentQueueEntriesAPI?window_number=1&queue_status=QUEUE HTTP/1.1" 200 12 http-bio-8080-exec-6 7
192.168.1.9 - - [06/Nov/2024:22:13:45 +0800] "GET /smartqueueweb/JsonStudentQueueEntriesAPI?window_number=1&queue_status=SERVING HTTP/1.1" 200 203 http-bio-8080-exec-6 5
192.168.1.9 - - [06/Nov/2024:22:13:46 +0800] "GET /smartqueueweb/ping HTTP/1.1" 200 255 http-bio-8080-exec-6 1
0:0:0:0:0:0:0:1 - - [06/Nov/2024:22:13:48 +0800] "GET /smartqueueweb/ping HTTP/1.1" 200 255 http-bio-8080-exec-7 1
192.168.1.9 - - [06/Nov/2024:22:13:49 +0800] "GET /smartqueueweb/ping HTTP/1.1" 200 255 http-bio-8080-exec-2 1
192.168.1.9 - - [06/Nov/2024:22:13:49 +0800] "GET /smartqueueweb/JsonStudentQueueEntriesAPI?window_number=1&queue_status=QUEUE HTTP/1.1" 200 12 http-bio-8080-exec-4 6
192.168.1.9 - - [06/Nov/2024:22:13:49 +0800] "GET /smartqueueweb/JsonStudentQueueEntriesAPI?window_number=1&queue_status=SERVING HTTP/1.1" 200 203 http-bio-8080-exec-4 8
0:0:0:0:0:0:0:1 - - [06/Nov/2024:22:13:51 +0800] "GET /smartqueueweb/ping HTTP/1.1" 200 255 http-bio-8080-exec-7 1
192.168.1.9 - - [06/Nov/2024:22:13:52 +0800] "GET /smartqueueweb/ping HTTP/1.1" 200 255 http-bio-8080-exec-4 1
192.168.1.9 - - [06/Nov/2024:22:13:52 +0800] "GET /smartqueueweb/JsonStudentQueueEntriesAPI?window_number=1&queue_status=QUEUE HTTP/1.1" 200 12 http-bio-8080-exec-4 14
192.168.1.9 - - [06/Nov/2024:22:13:52 +0800] "GET /smartqueueweb/JsonStudentQueueEntriesAPI?window_number=1&queue_status=SERVING HTTP/1.1" 200 203 http-bio-8080-exec-4 12
0:0:0:0:0:0:0:1 - - [06/Nov/2024:22:13:53 +0800] "GET /smartqueueweb/ping HTTP/1.1" 200 255 http-bio-8080-exec-7 1
192.168.1.9 - - [06/Nov/2024:22:13:54 +0800] "GET /smartqueueweb/ping HTTP/1.1" 200 255 http-bio-8080-exec-4 1
0:0:0:0:0:0:0:1 - - [06/Nov/2024:22:13:54 +0800] "GET /smartqueueweb/userwindow HTTP/1.1" 200 9553 http-bio-8080-exec-7 692
0:0:0:0:0:0:0:1 - - [06/Nov/2024:22:13:54 +0800] "GET /smartqueueweb/QueueWebSocketController HTTP/1.1" 101 - http-bio-8080-exec-3 1
0:0:0:0:0:0:0:1 - - [06/Nov/2024:22:13:54 +0800] "GET /smartqueueweb/video-ad.mp4 HTTP/1.1" 404 2821 http-bio-8080-exec-7 2
0:0:0:0:0:0:0:1 - - [06/Nov/2024:22:13:54 +0800] "GET /smartqueueweb/css/bootstrap.min.css.map HTTP/1.1" 404 2860 http-bio-8080-exec-7 1
192.168.1.9 - - [06/Nov/2024:22:13:56 +0800] "GET /smartqueueweb/JsonStudentQueueEntriesAPI?window_number=1&queue_status=QUEUE HTTP/1.1" 200 12 http-bio-8080-exec-4 7
192.168.1.9 - - [06/Nov/2024:22:13:56 +0800] "GET /smartqueueweb/JsonStudentQueueEntriesAPI?window_number=1&queue_status=SERVING HTTP/1.1" 200 203 http-bio-8080-exec-4 7
192.168.1.9 - - [06/Nov/2024:22:13:57 +0800] "GET /smartqueueweb/ping HTTP/1.1" 200 255 http-bio-8080-exec-1 1
0:0:0:0:0:0:0:1 - - [06/Nov/2024:22:13:57 +0800] "GET /smartqueueweb/ping HTTP/1.1" 200 255 http-bio-8080-exec-10 1
192.168.1.9 - - [06/Nov/2024:22:14:00 +0800] "GET /smartqueueweb/ping HTTP/1.1" 200 255 http-bio-8080-exec-1 1
192.168.1.9 - - [06/Nov/2024:22:14:00 +0800] "GET /smartqueueweb/JsonStudentQueueEntriesAPI?window_number=1&queue_status=QUEUE HTTP/1.1" 200 12 http-bio-8080-exec-1 5
192.168.1.9 - - [06/Nov/2024:22:14:00 +0800] "GET /smartqueueweb/JsonStudentQueueEntriesAPI?window_number=1&queue_status=SERVING HTTP/1.1" 200 203 http-bio-8080-exec-1 6
0:0:0:0:0:0:0:1 - - [06/Nov/2024:22:14:00 +0800] "GET /smartqueueweb/ping HTTP/1.1" 200 255 http-bio-8080-exec-10 1
192.168.1.9 - - [06/Nov/2024:22:14:03 +0800] "GET /smartqueueweb/ping HTTP/1.1" 200 255 http-bio-8080-exec-1 1
0:0:0:0:0:0:0:1 - - [06/Nov/2024:22:14:03 +0800] "GET /smartqueueweb/ping HTTP/1.1" 200 255 http-bio-8080-exec-10 1
192.168.1.9 - - [06/Nov/2024:22:14:04 +0800] "GET /smartqueueweb/JsonStudentQueueEntriesAPI?window_number=1&queue_status=QUEUE HTTP/1.1" 200 12 http-bio-8080-exec-1 3
192.168.1.9 - - [06/Nov/2024:22:14:04 +0800] "GET /smartqueueweb/JsonStudentQueueEntriesAPI?window_number=1&queue_status=SERVING HTTP/1.1" 200 203 http-bio-8080-exec-1 4
192.168.1.9 - - [06/Nov/2024:22:14:06 +0800] "GET /smartqueueweb/ping HTTP/1.1" 200 255 http-bio-8080-exec-1 1
0:0:0:0:0:0:0:1 - - [06/Nov/2024:22:14:06 +0800] "GET /smartqueueweb/ping HTTP/1.1" 200 255 http-bio-8080-exec-9 1
192.168.1.9 - - [06/Nov/2024:22:14:08 +0800] "GET /smartqueueweb/JsonStudentQueueEntriesAPI?window_number=1&queue_status=QUEUE HTTP/1.1" 200 12 http-bio-8080-exec-7 4
192.168.1.9 - - [06/Nov/2024:22:14:08 +0800] "GET /smartqueueweb/JsonStudentQueueEntriesAPI?window_number=1&queue_status=SERVING HTTP/1.1" 200 203 http-bio-8080-exec-7 9
192.168.1.9 - - [06/Nov/2024:22:14:09 +0800] "GET /smartqueueweb/ping HTTP/1.1" 200 255 http-bio-8080-exec-7 1
0:0:0:0:0:0:0:1 - - [06/Nov/2024:22:14:09 +0800] "GET /smartqueueweb/ping HTTP/1.1" 200 255 http-bio-8080-exec-9 1
192.168.1.9 - - [06/Nov/2024:22:14:12 +0800] "GET /smartqueueweb/ping HTTP/1.1" 200 255 http-bio-8080-exec-7 2
192.168.1.9 - - [06/Nov/2024:22:14:12 +0800] "GET /smartqueueweb/JsonStudentQueueEntriesAPI?window_number=1&queue_status=QUEUE HTTP/1.1" 200 12 http-bio-8080-exec-10 6
192.168.1.9 - - [06/Nov/2024:22:14:12 +0800] "GET /smartqueueweb/JsonStudentQueueEntriesAPI?window_number=1&queue_status=SERVING HTTP/1.1" 200 203 http-bio-8080-exec-10 6
0:0:0:0:0:0:0:1 - - [06/Nov/2024:22:14:12 +0800] "GET /smartqueueweb/ping HTTP/1.1" 200 255 http-bio-8080-exec-9 1
192.168.1.9 - - [06/Nov/2024:22:14:15 +0800] "GET /smartqueueweb/ping HTTP/1.1" 200 255 http-bio-8080-exec-10 1
0:0:0:0:0:0:0:1 - - [06/Nov/2024:22:14:15 +0800] "GET /smartqueueweb/ping HTTP/1.1" 200 255 http-bio-8080-exec-9 1
192.168.1.9 - - [06/Nov/2024:22:14:16 +0800] "GET /smartqueueweb/JsonStudentQueueEntriesAPI?window_number=1&queue_status=QUEUE HTTP/1.1" 200 12 http-bio-8080-exec-10 8
192.168.1.9 - - [06/Nov/2024:22:14:16 +0800] "GET /smartqueueweb/JsonStudentQueueEntriesAPI?window_number=1&queue_status=SERVING HTTP/1.1" 200 203 http-bio-8080-exec-10 8
192.168.1.9 - - [06/Nov/2024:22:14:18 +0800] "GET /smartqueueweb/ping HTTP/1.1" 200 255 http-bio-8080-exec-4 1
0:0:0:0:0:0:0:1 - - [06/Nov/2024:22:14:18 +0800] "GET /smartqueueweb/ping HTTP/1.1" 200 255 http-bio-8080-exec-2 2
0:0:0:0:0:0:0:1 - - [06/Nov/2024:22:14:36 +0800] "GET /smartqueueweb/ping HTTP/1.1" 200 5326 http-bio-8080-exec-2 99
192.168.1.9 - - [06/Nov/2024:22:14:36 +0800] "GET /smartqueueweb/ping HTTP/1.1" 200 5326 http-bio-8080-exec-1 99
192.168.1.9 - - [06/Nov/2024:22:14:36 +0800] "GET /smartqueueweb/ HTTP/1.1" 200 5326 http-bio-8080-exec-5 8
192.168.1.9 - - [06/Nov/2024:22:14:36 +0800] "GET /smartqueueweb/images/image.png HTTP/1.1" 200 7939610 http-bio-8080-exec-7 40
0:0:0:0:0:0:0:1 - - [06/Nov/2024:22:14:37 +0800] "GET /smartqueueweb HTTP/1.1" 302 - http-bio-8080-exec-9 0
0:0:0:0:0:0:0:1 - - [06/Nov/2024:22:14:37 +0800] "GET /smartqueueweb/ HTTP/1.1" 200 5326 http-bio-8080-exec-10 6
0:0:0:0:0:0:0:1 - - [06/Nov/2024:22:14:54 +0800] "POST /smartqueueweb/dashboard HTTP/1.1" 302 - http-bio-8080-exec-5 513
0:0:0:0:0:0:0:1 - - [06/Nov/2024:22:14:54 +0800] "GET /smartqueueweb/staffdashboard HTTP/1.1" 200 14711 http-bio-8080-exec-5 37
0:0:0:0:0:0:0:1 - - [06/Nov/2024:22:14:57 +0800] "GET /smartqueueweb/ping HTTP/1.1" 200 255 http-bio-8080-exec-8 2
192.168.1.9 - - [06/Nov/2024:22:14:57 +0800] "POST /smartqueueweb/dashboard HTTP/1.1" 302 - http-bio-8080-exec-9 28
192.168.1.9 - - [06/Nov/2024:22:14:57 +0800] "GET /smartqueueweb/staffdashboard HTTP/1.1" 200 14711 http-bio-8080-exec-9 2
0:0:0:0:0:0:0:1 - - [06/Nov/2024:22:15:00 +0800] "GET /smartqueueweb/ping HTTP/1.1" 200 255 http-bio-8080-exec-8 1
192.168.1.9 - - [06/Nov/2024:22:15:00 +0800] "GET /smartqueueweb/ping HTTP/1.1" 200 255 http-bio-8080-exec-9 2
0:0:0:0:0:0:0:1 - - [06/Nov/2024:22:15:01 +0800] "GET /smartqueueweb/userwindow HTTP/1.1" 200 9553 http-bio-8080-exec-8 4
0:0:0:0:0:0:0:1 - - [06/Nov/2024:22:15:01 +0800] "GET /smartqueueweb/QueueWebSocketController HTTP/1.1" 101 - http-bio-8080-exec-7 16
0:0:0:0:0:0:0:1 - - [06/Nov/2024:22:15:01 +0800] "GET /smartqueueweb/video-ad.mp4 HTTP/1.1" 404 2821 http-bio-8080-exec-8 29
192.168.1.9 - - [06/Nov/2024:22:15:03 +0800] "GET /smartqueueweb/ping HTTP/1.1" 200 255 http-bio-8080-exec-9 1
192.168.1.9 - - [06/Nov/2024:22:15:03 +0800] "GET /smartqueueweb/counterwindow HTTP/1.1" 200 26722 http-bio-8080-exec-9 6
192.168.1.9 - - [06/Nov/2024:22:15:03 +0800] "GET /smartqueueweb/QueueWebSocketController HTTP/1.1" 101 - http-bio-8080-exec-1 2
0:0:0:0:0:0:0:1 - - [06/Nov/2024:22:15:04 +0800] "GET /smartqueueweb/ping HTTP/1.1" 200 255 http-bio-8080-exec-8 2
192.168.1.9 - - [06/Nov/2024:22:15:05 +0800] "GET /smartqueueweb/JsonAvailableWindow HTTP/1.1" 200 242 http-bio-8080-exec-9 64
192.168.1.9 - - [06/Nov/2024:22:15:06 +0800] "GET /smartqueueweb/JsonAvailableWindow HTTP/1.1" 200 242 http-bio-8080-exec-9 7
192.168.1.9 - - [06/Nov/2024:22:15:06 +0800] "GET /smartqueueweb/ping HTTP/1.1" 200 255 http-bio-8080-exec-2 2
192.168.1.9 - - [06/Nov/2024:22:15:06 +0800] "GET /smartqueueweb/JsonStudentQueueEntriesAPI?window_number=1&queue_status=QUEUE HTTP/1.1" 200 12 http-bio-8080-exec-9 14
192.168.1.9 - - [06/Nov/2024:22:15:06 +0800] "GET /smartqueueweb/JsonStudentQueueEntriesAPI?window_number=1&queue_status=SERVING HTTP/1.1" 200 203 http-bio-8080-exec-9 14
0:0:0:0:0:0:0:1 - - [06/Nov/2024:22:15:07 +0800] "GET /smartqueueweb/ping HTTP/1.1" 200 255 http-bio-8080-exec-4 1
192.168.1.9 - - [06/Nov/2024:22:15:07 +0800] "GET /smartqueueweb/JsonStudentQueueEntriesAPI?window_number=1&queue_status=QUEUE HTTP/1.1" 200 12 http-bio-8080-exec-3 9
192.168.1.9 - - [06/Nov/2024:22:15:07 +0800] "GET /smartqueueweb/JsonStudentQueueEntriesAPI?window_number=1&queue_status=SERVING HTTP/1.1" 200 203 http-bio-8080-exec-3 12
192.168.1.9 - - [06/Nov/2024:22:15:09 +0800] "GET /smartqueueweb/ping HTTP/1.1" 200 255 http-bio-8080-exec-3 2
0:0:0:0:0:0:0:1 - - [06/Nov/2024:22:15:10 +0800] "GET /smartqueueweb/ping HTTP/1.1" 200 255 http-bio-8080-exec-4 1
0:0:0:0:0:0:0:1 - - [06/Nov/2024:22:15:11 +0800] "GET /smartqueueweb/JsonStudentQueueEntriesAPI?window_number=1&queue_status=SERVING HTTP/1.1" 200 203 http-bio-8080-exec-4 9
0:0:0:0:0:0:0:1 - - [06/Nov/2024:22:15:11 +0800] "GET /smartqueueweb/JsonStudentQueueEntriesAPI?window_number=2&queue_status=SERVING HTTP/1.1" 200 12 http-bio-8080-exec-4 7
0:0:0:0:0:0:0:1 - - [06/Nov/2024:22:15:11 +0800] "GET /smartqueueweb/JsonStudentQueueEntriesAPI?window_number=3&queue_status=SERVING HTTP/1.1" 200 211 http-bio-8080-exec-4 12
192.168.1.9 - - [06/Nov/2024:22:15:11 +0800] "GET /smartqueueweb/JsonStudentQueueEntriesAPI?window_number=1&queue_status=QUEUE HTTP/1.1" 200 12 http-bio-8080-exec-3 6
192.168.1.9 - - [06/Nov/2024:22:15:11 +0800] "GET /smartqueueweb/JsonStudentQueueEntriesAPI?window_number=1&queue_status=SERVING HTTP/1.1" 200 203 http-bio-8080-exec-3 7
192.168.1.9 - - [06/Nov/2024:22:15:12 +0800] "GET /smartqueueweb/ping HTTP/1.1" 200 255 http-bio-8080-exec-3 2
0:0:0:0:0:0:0:1 - - [06/Nov/2024:22:15:13 +0800] "GET /smartqueueweb/ping HTTP/1.1" 200 255 http-bio-8080-exec-4 1
192.168.1.9 - - [06/Nov/2024:22:15:15 +0800] "GET /smartqueueweb/ping HTTP/1.1" 200 255 http-bio-8080-exec-3 2
192.168.1.9 - - [06/Nov/2024:22:15:15 +0800] "GET /smartqueueweb/JsonStudentQueueEntriesAPI?window_number=1&queue_status=QUEUE HTTP/1.1" 200 12 http-bio-8080-exec-10 6
192.168.1.9 - - [06/Nov/2024:22:15:15 +0800] "GET /smartqueueweb/JsonStudentQueueEntriesAPI?window_number=1&queue_status=SERVING HTTP/1.1" 200 203 http-bio-8080-exec-10 6
0:0:0:0:0:0:0:1 - - [06/Nov/2024:22:15:16 +0800] "GET /smartqueueweb/ping HTTP/1.1" 200 255 http-bio-8080-exec-4 1
192.168.1.9 - - [06/Nov/2024:22:15:18 +0800] "GET /smartqueueweb/ping HTTP/1.1" 200 255 http-bio-8080-exec-2 1
0:0:0:0:0:0:0:1 - - [06/Nov/2024:22:15:19 +0800] "GET /smartqueueweb/ping HTTP/1.1" 200 255 http-bio-8080-exec-5 1
192.168.1.9 - - [06/Nov/2024:22:15:19 +0800] "GET /smartqueueweb/JsonStudentQueueEntriesAPI?window_number=1&queue_status=QUEUE HTTP/1.1" 200 12 http-bio-8080-exec-2 6
192.168.1.9 - - [06/Nov/2024:22:15:19 +0800] "GET /smartqueueweb/JsonStudentQueueEntriesAPI?window_number=1&queue_status=SERVING HTTP/1.1" 200 203 http-bio-8080-exec-2 8
192.168.1.9 - - [06/Nov/2024:22:15:20 +0800] "GET /smartqueueweb/JsonAvailableWindow HTTP/1.1" 200 242 http-bio-8080-exec-2 7
192.168.1.9 - - [06/Nov/2024:22:15:21 +0800] "GET /smartqueueweb/JsonStudentQueueEntriesAPI?window_number=3&queue_status=QUEUE HTTP/1.1" 200 208 http-bio-8080-exec-2 11
192.168.1.9 - - [06/Nov/2024:22:15:21 +0800] "GET /smartqueueweb/JsonStudentQueueEntriesAPI?window_number=3&queue_status=SERVING HTTP/1.1" 200 211 http-bio-8080-exec-2 12
192.168.1.9 - - [06/Nov/2024:22:15:21 +0800] "GET /smartqueueweb/ping HTTP/1.1" 200 255 http-bio-8080-exec-2 1
0:0:0:0:0:0:0:1 - - [06/Nov/2024:22:15:22 +0800] "GET /smartqueueweb/ping HTTP/1.1" 200 255 http-bio-8080-exec-5 2
192.168.1.9 - - [06/Nov/2024:22:15:23 +0800] "PUT /smartqueueweb/updateQueueStatus?queueNumber=A593&queueStatus=DONE HTTP/1.1" 200 18 http-bio-8080-exec-2 20
192.168.1.9 - - [06/Nov/2024:22:15:24 +0800] "GET /smartqueueweb/ping HTTP/1.1" 200 255 http-bio-8080-exec-4 2
192.168.1.9 - - [06/Nov/2024:22:15:24 +0800] "GET /smartqueueweb/JsonStudentQueueEntriesAPI?window_number=3&queue_status=QUEUE HTTP/1.1" 200 208 http-bio-8080-exec-2 8
192.168.1.9 - - [06/Nov/2024:22:15:24 +0800] "GET /smartqueueweb/JsonStudentQueueEntriesAPI?window_number=3&queue_status=SERVING HTTP/1.1" 200 12 http-bio-8080-exec-2 9
0:0:0:0:0:0:0:1 - - [06/Nov/2024:22:15:25 +0800] "GET /smartqueueweb/ping HTTP/1.1" 200 255 http-bio-8080-exec-5 2
192.168.1.9 - - [06/Nov/2024:22:15:25 +0800] "GET /smartqueueweb/JsonAvailableWindow HTTP/1.1" 200 242 http-bio-8080-exec-2 7
192.168.1.9 - - [06/Nov/2024:22:15:26 +0800] "GET /smartqueueweb/JsonStudentQueueEntriesAPI?window_number=2&queue_status=QUEUE HTTP/1.1" 200 208 http-bio-8080-exec-2 9
192.168.1.9 - - [06/Nov/2024:22:15:26 +0800] "GET /smartqueueweb/JsonStudentQueueEntriesAPI?window_number=2&queue_status=SERVING HTTP/1.1" 200 12 http-bio-8080-exec-2 8
192.168.1.9 - - [06/Nov/2024:22:15:27 +0800] "GET /smartqueueweb/ping HTTP/1.1" 200 255 http-bio-8080-exec-9 1
192.168.1.9 - - [06/Nov/2024:22:15:27 +0800] "GET /smartqueueweb/JsonStudentQueueEntriesAPI?window_number=2&queue_status=QUEUE HTTP/1.1" 200 208 http-bio-8080-exec-10 7
192.168.1.9 - - [06/Nov/2024:22:15:27 +0800] "GET /smartqueueweb/JsonStudentQueueEntriesAPI?window_number=2&queue_status=SERVING HTTP/1.1" 200 12 http-bio-8080-exec-10 6
192.168.1.9 - - [06/Nov/2024:22:15:28 +0800] "PUT /smartqueueweb/updateQueueStatus?queueNumber=R303&queueStatus=SERVING HTTP/1.1" 200 18 http-bio-8080-exec-10 11
0:0:0:0:0:0:0:1 - - [06/Nov/2024:22:15:28 +0800] "GET /smartqueueweb/ping HTTP/1.1" 200 255 http-bio-8080-exec-3 2
192.168.1.9 - - [06/Nov/2024:22:15:30 +0800] "GET /smartqueueweb/ping HTTP/1.1" 200 255 http-bio-8080-exec-10 1
0:0:0:0:0:0:0:1 - - [06/Nov/2024:22:15:30 +0800] "GET /smartqueueweb/JsonStudentQueueEntriesAPI?window_number=1&queue_status=SERVING HTTP/1.1" 200 203 http-bio-8080-exec-3 6
0:0:0:0:0:0:0:1 - - [06/Nov/2024:22:15:30 +0800] "GET /smartqueueweb/JsonStudentQueueEntriesAPI?window_number=2&queue_status=SERVING HTTP/1.1" 200 210 http-bio-8080-exec-3 7
0:0:0:0:0:0:0:1 - - [06/Nov/2024:22:15:30 +0800] "GET /smartqueueweb/JsonStudentQueueEntriesAPI?window_number=3&queue_status=SERVING HTTP/1.1" 200 12 http-bio-8080-exec-3 6
0:0:0:0:0:0:0:1 - - [06/Nov/2024:22:15:31 +0800] "GET /smartqueueweb/ping HTTP/1.1" 200 255 http-bio-8080-exec-3 1
192.168.1.9 - - [06/Nov/2024:22:15:31 +0800] "GET /smartqueueweb/JsonStudentQueueEntriesAPI?window_number=2&queue_status=QUEUE HTTP/1.1" 200 12 http-bio-8080-exec-10 7
192.168.1.9 - - [06/Nov/2024:22:15:31 +0800] "GET /smartqueueweb/JsonStudentQueueEntriesAPI?window_number=2&queue_status=SERVING HTTP/1.1" 200 210 http-bio-8080-exec-10 5
