0:0:0:0:0:0:0:1 - - [05/Nov/2024:22:15:04 +0800] "GET /smartqueueweb/ping HTTP/1.1" 200 255 http-bio-8080-exec-10 1
0:0:0:0:0:0:0:1 - - [05/Nov/2024:22:15:07 +0800] "GET /smartqueueweb/ping HTTP/1.1" 200 255 http-bio-8080-exec-10 1
192.168.1.11 - - [05/Nov/2024:22:15:09 +0800] "GET /smartqueueweb/ping HTTP/1.1" 200 255 http-bio-8080-exec-9 0
192.168.1.11 - - [05/Nov/2024:22:15:09 +0800] "GET /smartqueueweb/JsonStudentQueueEntriesAPI?window_number=2&queue_status=QUEUE HTTP/1.1" 200 12 http-bio-8080-exec-2 2
192.168.1.11 - - [05/Nov/2024:22:15:09 +0800] "GET /smartqueueweb/JsonStudentQueueEntriesAPI?window_number=2&queue_status=SERVING HTTP/1.1" 200 208 http-bio-8080-exec-2 3
0:0:0:0:0:0:0:1 - - [05/Nov/2024:22:15:10 +0800] "GET /smartqueueweb/ping HTTP/1.1" 200 255 http-bio-8080-exec-10 0
0:0:0:0:0:0:0:1 - - [05/Nov/2024:22:15:13 +0800] "GET /smartqueueweb/ping HTTP/1.1" 200 255 http-bio-8080-exec-8 0
0:0:0:0:0:0:0:1 - - [05/Nov/2024:22:15:16 +0800] "GET /smartqueueweb/ping HTTP/1.1" 200 255 http-bio-8080-exec-8 0
0:0:0:0:0:0:0:1 - - [05/Nov/2024:22:15:19 +0800] "GET /smartqueueweb/ping HTTP/1.1" 200 255 http-bio-8080-exec-8 1
0:0:0:0:0:0:0:1 - - [05/Nov/2024:22:15:22 +0800] "GET /smartqueueweb/ping HTTP/1.1" 200 255 http-bio-8080-exec-8 0
0:0:0:0:0:0:0:1 - - [05/Nov/2024:22:15:25 +0800] "GET /smartqueueweb/ping HTTP/1.1" 200 255 http-bio-8080-exec-10 0
0:0:0:0:0:0:0:1 - - [05/Nov/2024:22:15:27 +0800] "GET /smartqueueweb/ping HTTP/1.1" 200 255 http-bio-8080-exec-10 0
0:0:0:0:0:0:0:1 - - [05/Nov/2024:22:15:28 +0800] "GET /smartqueueweb/userwindow HTTP/1.1" 200 9553 http-bio-8080-exec-10 37
0:0:0:0:0:0:0:1 - - [05/Nov/2024:22:15:28 +0800] "GET /smartqueueweb/QueueWebSocketController HTTP/1.1" 101 - http-bio-8080-exec-3 1
0:0:0:0:0:0:0:1 - - [05/Nov/2024:22:15:28 +0800] "GET /smartqueueweb/css/bootstrap.min.css.map HTTP/1.1" 404 2860 http-bio-8080-exec-6 1
0:0:0:0:0:0:0:1 - - [05/Nov/2024:22:15:28 +0800] "GET /smartqueueweb/video-ad.mp4 HTTP/1.1" 404 2821 http-bio-8080-exec-10 2
0:0:0:0:0:0:0:1 - - [05/Nov/2024:22:15:31 +0800] "GET /smartqueueweb/ping HTTP/1.1" 200 255 http-bio-8080-exec-10 1
192.168.1.11 - - [05/Nov/2024:22:15:32 +0800] "GET /smartqueueweb/ping HTTP/1.1" 200 255 http-bio-8080-exec-2 1
192.168.1.11 - - [05/Nov/2024:22:15:32 +0800] "GET /smartqueueweb/JsonStudentQueueEntriesAPI?window_number=2&queue_status=QUEUE HTTP/1.1" 200 12 http-bio-8080-exec-5 4
192.168.1.11 - - [05/Nov/2024:22:15:32 +0800] "GET /smartqueueweb/JsonStudentQueueEntriesAPI?window_number=2&queue_status=SERVING HTTP/1.1" 200 208 http-bio-8080-exec-5 3
192.168.1.11 - - [05/Nov/2024:22:15:33 +0800] "GET /smartqueueweb/ping HTTP/1.1" 200 255 http-bio-8080-exec-8 1
0:0:0:0:0:0:0:1 - - [05/Nov/2024:22:15:35 +0800] "GET /smartqueueweb/ping HTTP/1.1" 200 255 http-bio-8080-exec-7 0
192.168.1.11 - - [05/Nov/2024:22:15:36 +0800] "GET /smartqueueweb/ping HTTP/1.1" 200 255 http-bio-8080-exec-5 0
192.168.1.11 - - [05/Nov/2024:22:15:36 +0800] "GET /smartqueueweb/JsonStudentQueueEntriesAPI?window_number=2&queue_status=QUEUE HTTP/1.1" 200 12 http-bio-8080-exec-8 3
192.168.1.11 - - [05/Nov/2024:22:15:36 +0800] "GET /smartqueueweb/JsonStudentQueueEntriesAPI?window_number=2&queue_status=SERVING HTTP/1.1" 200 208 http-bio-8080-exec-8 3
0:0:0:0:0:0:0:1 - - [05/Nov/2024:22:15:37 +0800] "GET /smartqueueweb/ping HTTP/1.1" 200 255 http-bio-8080-exec-7 1
0:0:0:0:0:0:0:1 - - [05/Nov/2024:22:15:38 +0800] "GET /smartqueueweb/JsonStudentQueueEntriesAPI?window_number=1&queue_status=SERVING HTTP/1.1" 200 203 http-bio-8080-exec-7 3
0:0:0:0:0:0:0:1 - - [05/Nov/2024:22:15:38 +0800] "GET /smartqueueweb/JsonStudentQueueEntriesAPI?window_number=2&queue_status=SERVING HTTP/1.1" 200 208 http-bio-8080-exec-7 5
0:0:0:0:0:0:0:1 - - [05/Nov/2024:22:15:38 +0800] "GET /smartqueueweb/JsonStudentQueueEntriesAPI?window_number=3&queue_status=SERVING HTTP/1.1" 200 215 http-bio-8080-exec-7 4
192.168.1.11 - - [05/Nov/2024:22:15:39 +0800] "GET /smartqueueweb/ping HTTP/1.1" 200 255 http-bio-8080-exec-8 0
192.168.1.11 - - [05/Nov/2024:22:15:40 +0800] "GET /smartqueueweb/JsonStudentQueueEntriesAPI?window_number=2&queue_status=QUEUE HTTP/1.1" 200 12 http-bio-8080-exec-8 3
192.168.1.11 - - [05/Nov/2024:22:15:40 +0800] "GET /smartqueueweb/JsonStudentQueueEntriesAPI?window_number=2&queue_status=SERVING HTTP/1.1" 200 208 http-bio-8080-exec-8 4
0:0:0:0:0:0:0:1 - - [05/Nov/2024:22:15:40 +0800] "GET /smartqueueweb/ping HTTP/1.1" 200 255 http-bio-8080-exec-7 1
192.168.1.11 - - [05/Nov/2024:22:15:42 +0800] "GET /smartqueueweb/ping HTTP/1.1" 200 255 http-bio-8080-exec-8 1
0:0:0:0:0:0:0:1 - - [05/Nov/2024:22:15:43 +0800] "GET /smartqueueweb/ping HTTP/1.1" 200 255 http-bio-8080-exec-6 0
192.168.1.11 - - [05/Nov/2024:22:15:44 +0800] "GET /smartqueueweb/JsonStudentQueueEntriesAPI?window_number=2&queue_status=QUEUE HTTP/1.1" 200 12 http-bio-8080-exec-1 2
192.168.1.11 - - [05/Nov/2024:22:15:44 +0800] "GET /smartqueueweb/JsonStudentQueueEntriesAPI?window_number=2&queue_status=SERVING HTTP/1.1" 200 208 http-bio-8080-exec-1 5
192.168.1.11 - - [05/Nov/2024:22:15:45 +0800] "GET /smartqueueweb/ping HTTP/1.1" 200 255 http-bio-8080-exec-1 0
0:0:0:0:0:0:0:1 - - [05/Nov/2024:22:15:46 +0800] "GET /smartqueueweb/ping HTTP/1.1" 200 255 http-bio-8080-exec-6 0
192.168.1.11 - - [05/Nov/2024:22:15:47 +0800] "GET /smartqueueweb/ping HTTP/1.1" 200 255 http-bio-8080-exec-1 1
192.168.1.11 - - [05/Nov/2024:22:15:47 +0800] "GET /smartqueueweb/JsonStudentQueueEntriesAPI?window_number=2&queue_status=QUEUE HTTP/1.1" 200 12 http-bio-8080-exec-10 3
192.168.1.11 - - [05/Nov/2024:22:15:47 +0800] "GET /smartqueueweb/JsonStudentQueueEntriesAPI?window_number=2&queue_status=SERVING HTTP/1.1" 200 208 http-bio-8080-exec-10 3
0:0:0:0:0:0:0:1 - - [05/Nov/2024:22:15:49 +0800] "GET /smartqueueweb/ping HTTP/1.1" 200 255 http-bio-8080-exec-6 1
192.168.1.11 - - [05/Nov/2024:22:15:51 +0800] "GET /smartqueueweb/ping HTTP/1.1" 200 255 http-bio-8080-exec-10 1
192.168.1.11 - - [05/Nov/2024:22:15:52 +0800] "GET /smartqueueweb/JsonStudentQueueEntriesAPI?window_number=2&queue_status=QUEUE HTTP/1.1" 200 12 http-bio-8080-exec-10 3
192.168.1.11 - - [05/Nov/2024:22:15:52 +0800] "GET /smartqueueweb/JsonStudentQueueEntriesAPI?window_number=2&queue_status=SERVING HTTP/1.1" 200 208 http-bio-8080-exec-10 3
0:0:0:0:0:0:0:1 - - [05/Nov/2024:22:15:52 +0800] "GET /smartqueueweb/ping HTTP/1.1" 200 255 http-bio-8080-exec-6 0
192.168.1.11 - - [05/Nov/2024:22:15:54 +0800] "GET /smartqueueweb/ping HTTP/1.1" 200 255 http-bio-8080-exec-8 0
0:0:0:0:0:0:0:1 - - [05/Nov/2024:22:15:55 +0800] "GET /smartqueueweb/ping HTTP/1.1" 200 255 http-bio-8080-exec-7 1
192.168.1.11 - - [05/Nov/2024:22:15:56 +0800] "GET /smartqueueweb/JsonStudentQueueEntriesAPI?window_number=2&queue_status=QUEUE HTTP/1.1" 200 12 http-bio-8080-exec-8 2
192.168.1.11 - - [05/Nov/2024:22:15:56 +0800] "GET /smartqueueweb/JsonStudentQueueEntriesAPI?window_number=2&queue_status=SERVING HTTP/1.1" 200 208 http-bio-8080-exec-8 3
192.168.1.11 - - [05/Nov/2024:22:15:57 +0800] "GET /smartqueueweb/ping HTTP/1.1" 200 255 http-bio-8080-exec-8 1
0:0:0:0:0:0:0:1 - - [05/Nov/2024:22:15:58 +0800] "GET /smartqueueweb/ping HTTP/1.1" 200 255 http-bio-8080-exec-7 0
192.168.1.11 - - [05/Nov/2024:22:16:00 +0800] "GET /smartqueueweb/ping HTTP/1.1" 200 255 http-bio-8080-exec-8 1
192.168.1.11 - - [05/Nov/2024:22:16:00 +0800] "GET /smartqueueweb/JsonStudentQueueEntriesAPI?window_number=2&queue_status=QUEUE HTTP/1.1" 200 12 http-bio-8080-exec-9 3
192.168.1.11 - - [05/Nov/2024:22:16:00 +0800] "GET /smartqueueweb/JsonStudentQueueEntriesAPI?window_number=2&queue_status=SERVING HTTP/1.1" 200 208 http-bio-8080-exec-9 7
0:0:0:0:0:0:0:1 - - [05/Nov/2024:22:16:01 +0800] "GET /smartqueueweb/ping HTTP/1.1" 200 255 http-bio-8080-exec-7 0
192.168.1.11 - - [05/Nov/2024:22:16:03 +0800] "GET /smartqueueweb/ping HTTP/1.1" 200 255 http-bio-8080-exec-6 1
192.168.1.11 - - [05/Nov/2024:22:16:04 +0800] "GET /smartqueueweb/JsonStudentQueueEntriesAPI?window_number=2&queue_status=QUEUE HTTP/1.1" 200 12 http-bio-8080-exec-6 2
192.168.1.11 - - [05/Nov/2024:22:16:04 +0800] "GET /smartqueueweb/JsonStudentQueueEntriesAPI?window_number=2&queue_status=SERVING HTTP/1.1" 200 208 http-bio-8080-exec-6 4
0:0:0:0:0:0:0:1 - - [05/Nov/2024:22:16:04 +0800] "GET /smartqueueweb/ping HTTP/1.1" 200 255 http-bio-8080-exec-10 1
192.168.1.11 - - [05/Nov/2024:22:16:06 +0800] "GET /smartqueueweb/ping HTTP/1.1" 200 255 http-bio-8080-exec-6 1
0:0:0:0:0:0:0:1 - - [05/Nov/2024:22:16:07 +0800] "GET /smartqueueweb/ping HTTP/1.1" 200 255 http-bio-8080-exec-10 0
192.168.1.11 - - [05/Nov/2024:22:16:08 +0800] "GET /smartqueueweb/JsonStudentQueueEntriesAPI?window_number=2&queue_status=QUEUE HTTP/1.1" 200 12 http-bio-8080-exec-6 5
192.168.1.11 - - [05/Nov/2024:22:16:08 +0800] "GET /smartqueueweb/JsonStudentQueueEntriesAPI?window_number=2&queue_status=SERVING HTTP/1.1" 200 208 http-bio-8080-exec-6 4
192.168.1.11 - - [05/Nov/2024:22:16:09 +0800] "GET /smartqueueweb/ping HTTP/1.1" 200 255 http-bio-8080-exec-6 0
0:0:0:0:0:0:0:1 - - [05/Nov/2024:22:16:11 +0800] "GET /smartqueueweb/ping HTTP/1.1" 200 255 http-bio-8080-exec-10 0
192.168.1.11 - - [05/Nov/2024:22:16:12 +0800] "GET /smartqueueweb/ping HTTP/1.1" 200 255 http-bio-8080-exec-6 0
192.168.1.11 - - [05/Nov/2024:22:16:12 +0800] "GET /smartqueueweb/JsonStudentQueueEntriesAPI?window_number=2&queue_status=QUEUE HTTP/1.1" 200 12 http-bio-8080-exec-7 3
192.168.1.11 - - [05/Nov/2024:22:16:12 +0800] "GET /smartqueueweb/JsonStudentQueueEntriesAPI?window_number=2&queue_status=SERVING HTTP/1.1" 200 208 http-bio-8080-exec-7 3
0:0:0:0:0:0:0:1 - - [05/Nov/2024:22:16:13 +0800] "GET /smartqueueweb/ping HTTP/1.1" 200 255 http-bio-8080-exec-1 1
192.168.1.11 - - [05/Nov/2024:22:16:15 +0800] "GET /smartqueueweb/ping HTTP/1.1" 200 255 http-bio-8080-exec-8 0
192.168.1.11 - - [05/Nov/2024:22:16:15 +0800] "GET /smartqueueweb/JsonStudentQueueEntriesAPI?window_number=2&queue_status=QUEUE HTTP/1.1" 200 12 http-bio-8080-exec-8 3
192.168.1.11 - - [05/Nov/2024:22:16:15 +0800] "GET /smartqueueweb/JsonStudentQueueEntriesAPI?window_number=2&queue_status=SERVING HTTP/1.1" 200 208 http-bio-8080-exec-8 3
0:0:0:0:0:0:0:1 - - [05/Nov/2024:22:16:16 +0800] "GET /smartqueueweb/ping HTTP/1.1" 200 255 http-bio-8080-exec-1 0
192.168.1.11 - - [05/Nov/2024:22:16:17 +0800] "GET /smartqueueweb/ping HTTP/1.1" 200 255 http-bio-8080-exec-8 1
192.168.1.11 - - [05/Nov/2024:22:16:18 +0800] "GET /smartqueueweb/JsonAvailableWindow HTTP/1.1" 200 242 http-bio-8080-exec-8 4
192.168.1.11 - - [05/Nov/2024:22:16:19 +0800] "GET /smartqueueweb/JsonStudentQueueEntriesAPI?window_number=2&queue_status=QUEUE HTTP/1.1" 200 12 http-bio-8080-exec-8 3
192.168.1.11 - - [05/Nov/2024:22:16:19 +0800] "GET /smartqueueweb/JsonStudentQueueEntriesAPI?window_number=2&queue_status=SERVING HTTP/1.1" 200 208 http-bio-8080-exec-8 3
0:0:0:0:0:0:0:1 - - [05/Nov/2024:22:16:19 +0800] "GET /smartqueueweb/ping HTTP/1.1" 200 255 http-bio-8080-exec-1 0
192.168.1.11 - - [05/Nov/2024:22:16:19 +0800] "GET /smartqueueweb/JsonAvailableWindow HTTP/1.1" 200 242 http-bio-8080-exec-8 3
0:0:0:0:0:0:0:1 - - [05/Nov/2024:22:16:19 +0800] "GET /smartqueueweb/JsonStudentQueueEntriesAPI?window_number=1&queue_status=SERVING HTTP/1.1" 200 203 http-bio-8080-exec-1 3
0:0:0:0:0:0:0:1 - - [05/Nov/2024:22:16:19 +0800] "GET /smartqueueweb/JsonStudentQueueEntriesAPI?window_number=2&queue_status=SERVING HTTP/1.1" 200 208 http-bio-8080-exec-1 6
0:0:0:0:0:0:0:1 - - [05/Nov/2024:22:16:19 +0800] "GET /smartqueueweb/JsonStudentQueueEntriesAPI?window_number=3&queue_status=SERVING HTTP/1.1" 200 215 http-bio-8080-exec-1 6
192.168.1.11 - - [05/Nov/2024:22:16:20 +0800] "GET /smartqueueweb/JsonStudentQueueEntriesAPI?window_number=0&queue_status=QUEUE HTTP/1.1" 200 12 http-bio-8080-exec-8 3
192.168.1.11 - - [05/Nov/2024:22:16:20 +0800] "GET /smartqueueweb/JsonStudentQueueEntriesAPI?window_number=0&queue_status=SERVING HTTP/1.1" 200 12 http-bio-8080-exec-8 2
192.168.1.11 - - [05/Nov/2024:22:16:20 +0800] "GET /smartqueueweb/JsonStudentQueueEntriesAPI?window_number=3&queue_status=QUEUE HTTP/1.1" 200 213 http-bio-8080-exec-8 3
192.168.1.11 - - [05/Nov/2024:22:16:20 +0800] "GET /smartqueueweb/JsonStudentQueueEntriesAPI?window_number=3&queue_status=SERVING HTTP/1.1" 200 215 http-bio-8080-exec-8 4
192.168.1.11 - - [05/Nov/2024:22:16:20 +0800] "GET /smartqueueweb/ping HTTP/1.1" 200 255 http-bio-8080-exec-8 0
0:0:0:0:0:0:0:1 - - [05/Nov/2024:22:16:22 +0800] "GET /smartqueueweb/ping HTTP/1.1" 200 255 http-bio-8080-exec-1 1
192.168.1.11 - - [05/Nov/2024:22:16:24 +0800] "GET /smartqueueweb/ping HTTP/1.1" 200 255 http-bio-8080-exec-2 0
192.168.1.11 - - [05/Nov/2024:22:16:24 +0800] "GET /smartqueueweb/JsonStudentQueueEntriesAPI?window_number=3&queue_status=QUEUE HTTP/1.1" 200 213 http-bio-8080-exec-7 3
192.168.1.11 - - [05/Nov/2024:22:16:24 +0800] "GET /smartqueueweb/JsonStudentQueueEntriesAPI?window_number=3&queue_status=SERVING HTTP/1.1" 200 215 http-bio-8080-exec-7 3
0:0:0:0:0:0:0:1 - - [05/Nov/2024:22:16:25 +0800] "GET /smartqueueweb/ping HTTP/1.1" 200 255 http-bio-8080-exec-1 0
192.168.1.11 - - [05/Nov/2024:22:16:26 +0800] "PUT /smartqueueweb/updateQueueStatus?queueNumber=A311&queueStatus=DONE HTTP/1.1" 200 18 http-bio-8080-exec-7 5
192.168.1.11 - - [05/Nov/2024:22:16:27 +0800] "GET /smartqueueweb/ping HTTP/1.1" 200 255 http-bio-8080-exec-7 0
192.168.1.11 - - [05/Nov/2024:22:16:27 +0800] "GET /smartqueueweb/JsonStudentQueueEntriesAPI?window_number=3&queue_status=QUEUE HTTP/1.1" 200 213 http-bio-8080-exec-7 3
192.168.1.11 - - [05/Nov/2024:22:16:27 +0800] "GET /smartqueueweb/JsonStudentQueueEntriesAPI?window_number=3&queue_status=SERVING HTTP/1.1" 200 12 http-bio-8080-exec-7 3
0:0:0:0:0:0:0:1 - - [05/Nov/2024:22:16:28 +0800] "GET /smartqueueweb/ping HTTP/1.1" 200 255 http-bio-8080-exec-8 0
192.168.1.11 - - [05/Nov/2024:22:16:30 +0800] "GET /smartqueueweb/ping HTTP/1.1" 200 255 http-bio-8080-exec-6 0
0:0:0:0:0:0:0:1 - - [05/Nov/2024:22:16:31 +0800] "GET /smartqueueweb/ping HTTP/1.1" 200 255 http-bio-8080-exec-8 1
192.168.1.11 - - [05/Nov/2024:22:16:31 +0800] "GET /smartqueueweb/JsonStudentQueueEntriesAPI?window_number=3&queue_status=QUEUE HTTP/1.1" 200 213 http-bio-8080-exec-6 3
192.168.1.11 - - [05/Nov/2024:22:16:31 +0800] "GET /smartqueueweb/JsonStudentQueueEntriesAPI?window_number=3&queue_status=SERVING HTTP/1.1" 200 12 http-bio-8080-exec-6 4
192.168.1.11 - - [05/Nov/2024:22:16:32 +0800] "PUT /smartqueueweb/updateQueueStatus?queueNumber=A687&queueStatus=SERVING HTTP/1.1" 200 18 http-bio-8080-exec-6 6
192.168.1.11 - - [05/Nov/2024:22:16:33 +0800] "GET /smartqueueweb/ping HTTP/1.1" 200 255 http-bio-8080-exec-6 0
0:0:0:0:0:0:0:1 - - [05/Nov/2024:22:16:34 +0800] "GET /smartqueueweb/ping HTTP/1.1" 200 255 http-bio-8080-exec-8 1
0:0:0:0:0:0:0:1 - - [05/Nov/2024:22:16:35 +0800] "GET /smartqueueweb/JsonStudentQueueEntriesAPI?window_number=1&queue_status=SERVING HTTP/1.1" 200 203 http-bio-8080-exec-8 3
0:0:0:0:0:0:0:1 - - [05/Nov/2024:22:16:35 +0800] "GET /smartqueueweb/JsonStudentQueueEntriesAPI?window_number=2&queue_status=SERVING HTTP/1.1" 200 208 http-bio-8080-exec-8 4
0:0:0:0:0:0:0:1 - - [05/Nov/2024:22:16:35 +0800] "GET /smartqueueweb/JsonStudentQueueEntriesAPI?window_number=3&queue_status=SERVING HTTP/1.1" 200 215 http-bio-8080-exec-8 3
192.168.1.11 - - [05/Nov/2024:22:16:35 +0800] "GET /smartqueueweb/ping HTTP/1.1" 200 255 http-bio-8080-exec-6 0
192.168.1.11 - - [05/Nov/2024:22:16:36 +0800] "GET /smartqueueweb/JsonStudentQueueEntriesAPI?window_number=3&queue_status=QUEUE HTTP/1.1" 200 12 http-bio-8080-exec-5 3
192.168.1.11 - - [05/Nov/2024:22:16:36 +0800] "GET /smartqueueweb/JsonStudentQueueEntriesAPI?window_number=3&queue_status=SERVING HTTP/1.1" 200 215 http-bio-8080-exec-5 4
0:0:0:0:0:0:0:1 - - [05/Nov/2024:22:16:37 +0800] "GET /smartqueueweb/ping HTTP/1.1" 200 255 http-bio-8080-exec-8 1
192.168.1.11 - - [05/Nov/2024:22:16:38 +0800] "GET /smartqueueweb/ping HTTP/1.1" 200 255 http-bio-8080-exec-7 0
192.168.1.11 - - [05/Nov/2024:22:16:39 +0800] "GET /smartqueueweb/JsonStudentQueueEntriesAPI?window_number=3&queue_status=QUEUE HTTP/1.1" 200 12 http-bio-8080-exec-7 3
192.168.1.11 - - [05/Nov/2024:22:16:40 +0800] "GET /smartqueueweb/JsonStudentQueueEntriesAPI?window_number=3&queue_status=SERVING HTTP/1.1" 200 215 http-bio-8080-exec-7 4
0:0:0:0:0:0:0:1 - - [05/Nov/2024:22:16:40 +0800] "GET /smartqueueweb/ping HTTP/1.1" 200 255 http-bio-8080-exec-2 0
192.168.1.11 - - [05/Nov/2024:22:16:41 +0800] "GET /smartqueueweb/ping HTTP/1.1" 200 255 http-bio-8080-exec-7 1
0:0:0:0:0:0:0:1 - - [05/Nov/2024:22:16:43 +0800] "GET /smartqueueweb/ping HTTP/1.1" 200 255 http-bio-8080-exec-2 1
192.168.1.11 - - [05/Nov/2024:22:16:43 +0800] "GET /smartqueueweb/JsonStudentQueueEntriesAPI?window_number=3&queue_status=QUEUE HTTP/1.1" 200 12 http-bio-8080-exec-7 3
192.168.1.11 - - [05/Nov/2024:22:16:43 +0800] "GET /smartqueueweb/JsonStudentQueueEntriesAPI?window_number=3&queue_status=SERVING HTTP/1.1" 200 215 http-bio-8080-exec-7 3
192.168.1.11 - - [05/Nov/2024:22:16:44 +0800] "GET /smartqueueweb/ping HTTP/1.1" 200 255 http-bio-8080-exec-7 0
192.168.1.11 - - [05/Nov/2024:22:16:46 +0800] "PUT /smartqueueweb/updateQueueStatus?queueNumber=A687&queueStatus=DONE HTTP/1.1" 200 18 http-bio-8080-exec-7 5
0:0:0:0:0:0:0:1 - - [05/Nov/2024:22:16:46 +0800] "GET /smartqueueweb/ping HTTP/1.1" 200 255 http-bio-8080-exec-2 1
192.168.1.11 - - [05/Nov/2024:22:16:47 +0800] "GET /smartqueueweb/ping HTTP/1.1" 200 255 http-bio-8080-exec-7 0
192.168.1.11 - - [05/Nov/2024:22:16:47 +0800] "GET /smartqueueweb/JsonStudentQueueEntriesAPI?window_number=3&queue_status=QUEUE HTTP/1.1" 200 12 http-bio-8080-exec-7 3
192.168.1.11 - - [05/Nov/2024:22:16:47 +0800] "GET /smartqueueweb/JsonStudentQueueEntriesAPI?window_number=3&queue_status=SERVING HTTP/1.1" 200 12 http-bio-8080-exec-7 3
192.168.1.11 - - [05/Nov/2024:22:16:48 +0800] "GET /smartqueueweb/JsonAvailableWindow HTTP/1.1" 200 242 http-bio-8080-exec-9 3
192.168.1.11 - - [05/Nov/2024:22:16:49 +0800] "GET /smartqueueweb/JsonStudentQueueEntriesAPI?window_number=1&queue_status=QUEUE HTTP/1.1" 200 12 http-bio-8080-exec-9 4
192.168.1.11 - - [05/Nov/2024:22:16:49 +0800] "GET /smartqueueweb/JsonStudentQueueEntriesAPI?window_number=1&queue_status=SERVING HTTP/1.1" 200 203 http-bio-8080-exec-9 4
0:0:0:0:0:0:0:1 - - [05/Nov/2024:22:16:49 +0800] "GET /smartqueueweb/ping HTTP/1.1" 200 255 http-bio-8080-exec-1 1
192.168.1.11 - - [05/Nov/2024:22:16:50 +0800] "GET /smartqueueweb/ping HTTP/1.1" 200 255 http-bio-8080-exec-9 0
192.168.1.11 - - [05/Nov/2024:22:16:51 +0800] "GET /smartqueueweb/JsonStudentQueueEntriesAPI?window_number=1&queue_status=QUEUE HTTP/1.1" 200 12 http-bio-8080-exec-9 3
192.168.1.11 - - [05/Nov/2024:22:16:51 +0800] "GET /smartqueueweb/JsonStudentQueueEntriesAPI?window_number=1&queue_status=SERVING HTTP/1.1" 200 203 http-bio-8080-exec-9 3
0:0:0:0:0:0:0:1 - - [05/Nov/2024:22:16:52 +0800] "GET /smartqueueweb/ping HTTP/1.1" 200 255 http-bio-8080-exec-1 1
192.168.1.11 - - [05/Nov/2024:22:16:53 +0800] "GET /smartqueueweb/ping HTTP/1.1" 200 255 http-bio-8080-exec-9 0
0:0:0:0:0:0:0:1 - - [05/Nov/2024:22:16:55 +0800] "GET /smartqueueweb/ping HTTP/1.1" 200 255 http-bio-8080-exec-1 0
192.168.1.11 - - [05/Nov/2024:22:16:56 +0800] "GET /smartqueueweb/JsonStudentQueueEntriesAPI?window_number=1&queue_status=QUEUE HTTP/1.1" 200 12 http-bio-8080-exec-9 3
192.168.1.11 - - [05/Nov/2024:22:16:56 +0800] "GET /smartqueueweb/JsonStudentQueueEntriesAPI?window_number=1&queue_status=SERVING HTTP/1.1" 200 203 http-bio-8080-exec-9 3
192.168.1.11 - - [05/Nov/2024:22:16:57 +0800] "GET /smartqueueweb/ping HTTP/1.1" 200 255 http-bio-8080-exec-9 0
0:0:0:0:0:0:0:1 - - [05/Nov/2024:22:16:58 +0800] "GET /smartqueueweb/ping HTTP/1.1" 200 255 http-bio-8080-exec-5 0
192.168.1.11 - - [05/Nov/2024:22:16:59 +0800] "GET /smartqueueweb/ping HTTP/1.1" 200 255 http-bio-8080-exec-10 1
192.168.1.11 - - [05/Nov/2024:22:16:59 +0800] "GET /smartqueueweb/JsonStudentQueueEntriesAPI?window_number=1&queue_status=QUEUE HTTP/1.1" 200 12 http-bio-8080-exec-2 3
192.168.1.11 - - [05/Nov/2024:22:16:59 +0800] "GET /smartqueueweb/JsonStudentQueueEntriesAPI?window_number=1&queue_status=SERVING HTTP/1.1" 200 203 http-bio-8080-exec-2 6
0:0:0:0:0:0:0:1 - - [05/Nov/2024:22:17:01 +0800] "GET /smartqueueweb/ping HTTP/1.1" 200 255 http-bio-8080-exec-5 1
0:0:0:0:0:0:0:1 - - [05/Nov/2024:22:17:02 +0800] "GET /smartqueueweb/JsonStudentQueueEntriesAPI?window_number=1&queue_status=SERVING HTTP/1.1" 200 203 http-bio-8080-exec-5 6
0:0:0:0:0:0:0:1 - - [05/Nov/2024:22:17:02 +0800] "GET /smartqueueweb/JsonStudentQueueEntriesAPI?window_number=2&queue_status=SERVING HTTP/1.1" 200 208 http-bio-8080-exec-5 5
0:0:0:0:0:0:0:1 - - [05/Nov/2024:22:17:02 +0800] "GET /smartqueueweb/JsonStudentQueueEntriesAPI?window_number=3&queue_status=SERVING HTTP/1.1" 200 12 http-bio-8080-exec-5 3
192.168.1.11 - - [05/Nov/2024:22:17:02 +0800] "GET /smartqueueweb/ping HTTP/1.1" 200 255 http-bio-8080-exec-2 0
192.168.1.11 - - [05/Nov/2024:22:17:03 +0800] "GET /smartqueueweb/JsonStudentQueueEntriesAPI?window_number=1&queue_status=QUEUE HTTP/1.1" 200 12 http-bio-8080-exec-2 3
192.168.1.11 - - [05/Nov/2024:22:17:04 +0800] "GET /smartqueueweb/JsonStudentQueueEntriesAPI?window_number=1&queue_status=SERVING HTTP/1.1" 200 203 http-bio-8080-exec-2 4
0:0:0:0:0:0:0:1 - - [05/Nov/2024:22:17:04 +0800] "GET /smartqueueweb/ping HTTP/1.1" 200 255 http-bio-8080-exec-5 0
192.168.1.11 - - [05/Nov/2024:22:17:05 +0800] "GET /smartqueueweb/ping HTTP/1.1" 200 255 http-bio-8080-exec-2 1
0:0:0:0:0:0:0:1 - - [05/Nov/2024:22:17:07 +0800] "GET /smartqueueweb/ping HTTP/1.1" 200 255 http-bio-8080-exec-5 1
192.168.1.11 - - [05/Nov/2024:22:17:07 +0800] "GET /smartqueueweb/JsonStudentQueueEntriesAPI?window_number=1&queue_status=QUEUE HTTP/1.1" 200 12 http-bio-8080-exec-2 3
192.168.1.11 - - [05/Nov/2024:22:17:07 +0800] "GET /smartqueueweb/JsonStudentQueueEntriesAPI?window_number=1&queue_status=SERVING HTTP/1.1" 200 203 http-bio-8080-exec-2 3
192.168.1.11 - - [05/Nov/2024:22:17:08 +0800] "GET /smartqueueweb/ping HTTP/1.1" 200 255 http-bio-8080-exec-7 1
0:0:0:0:0:0:0:1 - - [05/Nov/2024:22:17:10 +0800] "GET /smartqueueweb/ping HTTP/1.1" 200 255 http-bio-8080-exec-9 0
192.168.1.11 - - [05/Nov/2024:22:17:11 +0800] "GET /smartqueueweb/ping HTTP/1.1" 200 255 http-bio-8080-exec-7 1
192.168.1.11 - - [05/Nov/2024:22:17:11 +0800] "GET /smartqueueweb/JsonStudentQueueEntriesAPI?window_number=1&queue_status=QUEUE HTTP/1.1" 200 12 http-bio-8080-exec-10 3
192.168.1.11 - - [05/Nov/2024:22:17:11 +0800] "GET /smartqueueweb/JsonStudentQueueEntriesAPI?window_number=1&queue_status=SERVING HTTP/1.1" 200 203 http-bio-8080-exec-10 3
192.168.1.11 - - [05/Nov/2024:22:17:12 +0800] "PUT /smartqueueweb/updateQueueStatus?queueNumber=G590&queueStatus=DONE HTTP/1.1" 200 18 http-bio-8080-exec-10 5
192.168.1.11 - - [05/Nov/2024:22:17:13 +0800] "GET /smartqueueweb/JsonAvailableWindow HTTP/1.1" 200 242 http-bio-8080-exec-10 4
0:0:0:0:0:0:0:1 - - [05/Nov/2024:22:17:13 +0800] "GET /smartqueueweb/ping HTTP/1.1" 200 255 http-bio-8080-exec-9 0
192.168.1.11 - - [05/Nov/2024:22:17:14 +0800] "GET /smartqueueweb/JsonStudentQueueEntriesAPI?window_number=2&queue_status=QUEUE HTTP/1.1" 200 12 http-bio-8080-exec-10 4
192.168.1.11 - - [05/Nov/2024:22:17:14 +0800] "GET /smartqueueweb/JsonStudentQueueEntriesAPI?window_number=2&queue_status=SERVING HTTP/1.1" 200 208 http-bio-8080-exec-10 3
192.168.1.11 - - [05/Nov/2024:22:17:14 +0800] "GET /smartqueueweb/ping HTTP/1.1" 200 255 http-bio-8080-exec-10 1
192.168.1.11 - - [05/Nov/2024:22:17:15 +0800] "GET /smartqueueweb/JsonStudentQueueEntriesAPI?window_number=2&queue_status=QUEUE HTTP/1.1" 200 12 http-bio-8080-exec-10 3
192.168.1.11 - - [05/Nov/2024:22:17:15 +0800] "GET /smartqueueweb/JsonStudentQueueEntriesAPI?window_number=2&queue_status=SERVING HTTP/1.1" 200 208 http-bio-8080-exec-10 3
0:0:0:0:0:0:0:1 - - [05/Nov/2024:22:17:16 +0800] "GET /smartqueueweb/ping HTTP/1.1" 200 255 http-bio-8080-exec-9 1
192.168.1.11 - - [05/Nov/2024:22:17:17 +0800] "GET /smartqueueweb/ping HTTP/1.1" 200 255 http-bio-8080-exec-10 0
0:0:0:0:0:0:0:1 - - [05/Nov/2024:22:17:19 +0800] "GET /smartqueueweb/ping HTTP/1.1" 200 255 http-bio-8080-exec-6 0
192.168.1.11 - - [05/Nov/2024:22:17:19 +0800] "GET /smartqueueweb/JsonStudentQueueEntriesAPI?window_number=2&queue_status=QUEUE HTTP/1.1" 200 12 http-bio-8080-exec-8 2
192.168.1.11 - - [05/Nov/2024:22:17:20 +0800] "GET /smartqueueweb/JsonStudentQueueEntriesAPI?window_number=2&queue_status=SERVING HTTP/1.1" 200 208 http-bio-8080-exec-8 3
0:0:0:0:0:0:0:1 - - [05/Nov/2024:22:17:20 +0800] "GET /smartqueueweb/JsonStudentQueueEntriesAPI?window_number=1&queue_status=SERVING HTTP/1.1" 200 12 http-bio-8080-exec-6 3
0:0:0:0:0:0:0:1 - - [05/Nov/2024:22:17:20 +0800] "GET /smartqueueweb/JsonStudentQueueEntriesAPI?window_number=2&queue_status=SERVING HTTP/1.1" 200 208 http-bio-8080-exec-6 4
192.168.1.11 - - [05/Nov/2024:22:17:20 +0800] "GET /smartqueueweb/ping HTTP/1.1" 200 255 http-bio-8080-exec-8 0
0:0:0:0:0:0:0:1 - - [05/Nov/2024:22:17:20 +0800] "GET /smartqueueweb/JsonStudentQueueEntriesAPI?window_number=3&queue_status=SERVING HTTP/1.1" 200 12 http-bio-8080-exec-6 3
0:0:0:0:0:0:0:1 - - [05/Nov/2024:22:17:22 +0800] "GET /smartqueueweb/ping HTTP/1.1" 200 255 http-bio-8080-exec-6 0
192.168.1.11 - - [05/Nov/2024:22:17:24 +0800] "GET /smartqueueweb/ping HTTP/1.1" 200 255 http-bio-8080-exec-8 0
192.168.1.11 - - [05/Nov/2024:22:17:24 +0800] "GET /smartqueueweb/JsonStudentQueueEntriesAPI?window_number=2&queue_status=QUEUE HTTP/1.1" 200 12 http-bio-8080-exec-10 2
192.168.1.11 - - [05/Nov/2024:22:17:24 +0800] "GET /smartqueueweb/JsonStudentQueueEntriesAPI?window_number=2&queue_status=SERVING HTTP/1.1" 200 208 http-bio-8080-exec-10 4
0:0:0:0:0:0:0:1 - - [05/Nov/2024:22:17:25 +0800] "GET /smartqueueweb/ping HTTP/1.1" 200 255 http-bio-8080-exec-6 0
192.168.1.11 - - [05/Nov/2024:22:17:26 +0800] "GET /smartqueueweb/ping HTTP/1.1" 200 255 http-bio-8080-exec-10 0
192.168.1.11 - - [05/Nov/2024:22:17:27 +0800] "GET /smartqueueweb/JsonStudentQueueEntriesAPI?window_number=2&queue_status=QUEUE HTTP/1.1" 200 12 http-bio-8080-exec-10 3
192.168.1.11 - - [05/Nov/2024:22:17:28 +0800] "GET /smartqueueweb/JsonStudentQueueEntriesAPI?window_number=2&queue_status=SERVING HTTP/1.1" 200 208 http-bio-8080-exec-10 5
0:0:0:0:0:0:0:1 - - [05/Nov/2024:22:17:28 +0800] "GET /smartqueueweb/ping HTTP/1.1" 200 255 http-bio-8080-exec-9 1
192.168.1.11 - - [05/Nov/2024:22:17:29 +0800] "GET /smartqueueweb/ping HTTP/1.1" 200 255 http-bio-8080-exec-2 0
0:0:0:0:0:0:0:1 - - [05/Nov/2024:22:17:31 +0800] "GET /smartqueueweb/ping HTTP/1.1" 200 255 http-bio-8080-exec-9 1
192.168.1.11 - - [05/Nov/2024:22:17:31 +0800] "GET /smartqueueweb/JsonStudentQueueEntriesAPI?window_number=2&queue_status=QUEUE HTTP/1.1" 200 12 http-bio-8080-exec-2 3
192.168.1.11 - - [05/Nov/2024:22:17:31 +0800] "GET /smartqueueweb/JsonStudentQueueEntriesAPI?window_number=2&queue_status=SERVING HTTP/1.1" 200 208 http-bio-8080-exec-2 3
192.168.1.11 - - [05/Nov/2024:22:17:32 +0800] "GET /smartqueueweb/ping HTTP/1.1" 200 255 http-bio-8080-exec-2 1
0:0:0:0:0:0:0:1 - - [05/Nov/2024:22:17:34 +0800] "GET /smartqueueweb/ping HTTP/1.1" 200 255 http-bio-8080-exec-9 0
192.168.1.11 - - [05/Nov/2024:22:17:35 +0800] "GET /smartqueueweb/ping HTTP/1.1" 200 255 http-bio-8080-exec-2 0
192.168.1.11 - - [05/Nov/2024:22:17:35 +0800] "GET /smartqueueweb/JsonStudentQueueEntriesAPI?window_number=2&queue_status=QUEUE HTTP/1.1" 200 12 http-bio-8080-exec-7 3
192.168.1.11 - - [05/Nov/2024:22:17:35 +0800] "GET /smartqueueweb/JsonStudentQueueEntriesAPI?window_number=2&queue_status=SERVING HTTP/1.1" 200 208 http-bio-8080-exec-7 3
0:0:0:0:0:0:0:1 - - [05/Nov/2024:22:17:37 +0800] "GET /smartqueueweb/ping HTTP/1.1" 200 255 http-bio-8080-exec-9 1
192.168.1.11 - - [05/Nov/2024:22:17:38 +0800] "GET /smartqueueweb/ping HTTP/1.1" 200 255 http-bio-8080-exec-1 1
192.168.1.11 - - [05/Nov/2024:22:17:39 +0800] "GET /smartqueueweb/JsonStudentQueueEntriesAPI?window_number=2&queue_status=QUEUE HTTP/1.1" 200 12 http-bio-8080-exec-1 3
192.168.1.11 - - [05/Nov/2024:22:17:39 +0800] "GET /smartqueueweb/JsonStudentQueueEntriesAPI?window_number=2&queue_status=SERVING HTTP/1.1" 200 208 http-bio-8080-exec-1 3
0:0:0:0:0:0:0:1 - - [05/Nov/2024:22:17:40 +0800] "GET /smartqueueweb/ping HTTP/1.1" 200 255 http-bio-8080-exec-6 0
192.168.1.11 - - [05/Nov/2024:22:17:41 +0800] "GET /smartqueueweb/ping HTTP/1.1" 200 255 http-bio-8080-exec-1 1
0:0:0:0:0:0:0:1 - - [05/Nov/2024:22:17:43 +0800] "GET /smartqueueweb/ping HTTP/1.1" 200 255 http-bio-8080-exec-6 1
192.168.1.11 - - [05/Nov/2024:22:17:43 +0800] "GET /smartqueueweb/JsonStudentQueueEntriesAPI?window_number=2&queue_status=QUEUE HTTP/1.1" 200 12 http-bio-8080-exec-1 2
192.168.1.11 - - [05/Nov/2024:22:17:43 +0800] "GET /smartqueueweb/JsonStudentQueueEntriesAPI?window_number=2&queue_status=SERVING HTTP/1.1" 200 208 http-bio-8080-exec-1 3
192.168.1.11 - - [05/Nov/2024:22:17:44 +0800] "GET /smartqueueweb/ping HTTP/1.1" 200 255 http-bio-8080-exec-1 1
0:0:0:0:0:0:0:1 - - [05/Nov/2024:22:17:46 +0800] "GET /smartqueueweb/ping HTTP/1.1" 200 255 http-bio-8080-exec-6 0
192.168.1.11 - - [05/Nov/2024:22:17:47 +0800] "GET /smartqueueweb/ping HTTP/1.1" 200 255 http-bio-8080-exec-1 1
192.168.1.11 - - [05/Nov/2024:22:17:47 +0800] "GET /smartqueueweb/JsonStudentQueueEntriesAPI?window_number=2&queue_status=QUEUE HTTP/1.1" 200 12 http-bio-8080-exec-9 2
192.168.1.11 - - [05/Nov/2024:22:17:47 +0800] "GET /smartqueueweb/JsonStudentQueueEntriesAPI?window_number=2&queue_status=SERVING HTTP/1.1" 200 208 http-bio-8080-exec-9 3
0:0:0:0:0:0:0:1 - - [05/Nov/2024:22:17:49 +0800] "GET /smartqueueweb/ping HTTP/1.1" 200 255 http-bio-8080-exec-10 0
192.168.1.11 - - [05/Nov/2024:22:17:50 +0800] "GET /smartqueueweb/ping HTTP/1.1" 200 255 http-bio-8080-exec-2 0
192.168.1.11 - - [05/Nov/2024:22:17:52 +0800] "GET /smartqueueweb/JsonStudentQueueEntriesAPI?window_number=2&queue_status=QUEUE HTTP/1.1" 200 12 http-bio-8080-exec-2 16
192.168.1.11 - - [05/Nov/2024:22:17:52 +0800] "GET /smartqueueweb/JsonStudentQueueEntriesAPI?window_number=2&queue_status=SERVING HTTP/1.1" 200 208 http-bio-8080-exec-2 18
0:0:0:0:0:0:0:1 - - [05/Nov/2024:22:17:52 +0800] "GET /smartqueueweb/ping HTTP/1.1" 200 255 http-bio-8080-exec-10 2
192.168.1.11 - - [05/Nov/2024:22:17:53 +0800] "GET /smartqueueweb/ping HTTP/1.1" 200 255 http-bio-8080-exec-2 0
0:0:0:0:0:0:0:1 - - [05/Nov/2024:22:17:55 +0800] "GET /smartqueueweb/ping HTTP/1.1" 200 255 http-bio-8080-exec-10 0
192.168.1.11 - - [05/Nov/2024:22:17:55 +0800] "GET /smartqueueweb/JsonStudentQueueEntriesAPI?window_number=2&queue_status=QUEUE HTTP/1.1" 200 12 http-bio-8080-exec-2 4
192.168.1.11 - - [05/Nov/2024:22:17:56 +0800] "GET /smartqueueweb/JsonStudentQueueEntriesAPI?window_number=2&queue_status=SERVING HTTP/1.1" 200 208 http-bio-8080-exec-2 5
192.168.1.11 - - [05/Nov/2024:22:17:56 +0800] "GET /smartqueueweb/ping HTTP/1.1" 200 255 http-bio-8080-exec-2 0
0:0:0:0:0:0:0:1 - - [05/Nov/2024:22:17:58 +0800] "GET /smartqueueweb/ping HTTP/1.1" 200 255 http-bio-8080-exec-9 0
192.168.1.11 - - [05/Nov/2024:22:17:59 +0800] "GET /smartqueueweb/ping HTTP/1.1" 200 255 http-bio-8080-exec-7 1
192.168.1.11 - - [05/Nov/2024:22:17:59 +0800] "GET /smartqueueweb/JsonStudentQueueEntriesAPI?window_number=2&queue_status=QUEUE HTTP/1.1" 200 12 http-bio-8080-exec-5 4
192.168.1.11 - - [05/Nov/2024:22:18:00 +0800] "GET /smartqueueweb/JsonStudentQueueEntriesAPI?window_number=2&queue_status=SERVING HTTP/1.1" 200 208 http-bio-8080-exec-5 5
0:0:0:0:0:0:0:1 - - [05/Nov/2024:22:18:01 +0800] "GET /smartqueueweb/ping HTTP/1.1" 200 255 http-bio-8080-exec-9 11
192.168.1.11 - - [05/Nov/2024:22:18:02 +0800] "GET /smartqueueweb/ping HTTP/1.1" 200 255 http-bio-8080-exec-5 1
192.168.1.11 - - [05/Nov/2024:22:18:03 +0800] "GET /smartqueueweb/JsonStudentQueueEntriesAPI?window_number=2&queue_status=QUEUE HTTP/1.1" 200 12 http-bio-8080-exec-5 5
192.168.1.11 - - [05/Nov/2024:22:18:04 +0800] "GET /smartqueueweb/JsonStudentQueueEntriesAPI?window_number=2&queue_status=SERVING HTTP/1.1" 200 208 http-bio-8080-exec-5 4
0:0:0:0:0:0:0:1 - - [05/Nov/2024:22:18:04 +0800] "GET /smartqueueweb/ping HTTP/1.1" 200 255 http-bio-8080-exec-9 1
192.168.1.11 - - [05/Nov/2024:22:18:05 +0800] "GET /smartqueueweb/ping HTTP/1.1" 200 255 http-bio-8080-exec-5 1
0:0:0:0:0:0:0:1 - - [05/Nov/2024:22:18:07 +0800] "GET /smartqueueweb/ping HTTP/1.1" 200 255 http-bio-8080-exec-9 13
192.168.1.11 - - [05/Nov/2024:22:18:07 +0800] "GET /smartqueueweb/JsonStudentQueueEntriesAPI?window_number=2&queue_status=QUEUE HTTP/1.1" 200 12 http-bio-8080-exec-5 4
192.168.1.11 - - [05/Nov/2024:22:18:08 +0800] "GET /smartqueueweb/JsonStudentQueueEntriesAPI?window_number=2&queue_status=SERVING HTTP/1.1" 200 208 http-bio-8080-exec-5 6
192.168.1.11 - - [05/Nov/2024:22:18:08 +0800] "GET /smartqueueweb/ping HTTP/1.1" 200 255 http-bio-8080-exec-2 1
0:0:0:0:0:0:0:1 - - [05/Nov/2024:22:18:10 +0800] "GET /smartqueueweb/ping HTTP/1.1" 200 255 http-bio-8080-exec-6 1
0:0:0:0:0:0:0:1 - - [05/Nov/2024:22:18:10 +0800] "GET /smartqueueweb/JsonStudentQueueEntriesAPI?window_number=1&queue_status=SERVING HTTP/1.1" 200 12 http-bio-8080-exec-6 4
0:0:0:0:0:0:0:1 - - [05/Nov/2024:22:18:10 +0800] "GET /smartqueueweb/JsonStudentQueueEntriesAPI?window_number=2&queue_status=SERVING HTTP/1.1" 200 208 http-bio-8080-exec-6 6
0:0:0:0:0:0:0:1 - - [05/Nov/2024:22:18:10 +0800] "GET /smartqueueweb/JsonStudentQueueEntriesAPI?window_number=3&queue_status=SERVING HTTP/1.1" 200 12 http-bio-8080-exec-6 4
192.168.1.11 - - [05/Nov/2024:22:18:12 +0800] "GET /smartqueueweb/ping HTTP/1.1" 200 255 http-bio-8080-exec-2 0
192.168.1.11 - - [05/Nov/2024:22:18:12 +0800] "GET /smartqueueweb/JsonStudentQueueEntriesAPI?window_number=2&queue_status=QUEUE HTTP/1.1" 200 12 http-bio-8080-exec-10 4
192.168.1.11 - - [05/Nov/2024:22:18:12 +0800] "GET /smartqueueweb/JsonStudentQueueEntriesAPI?window_number=2&queue_status=SERVING HTTP/1.1" 200 208 http-bio-8080-exec-10 5
0:0:0:0:0:0:0:1 - - [05/Nov/2024:22:18:13 +0800] "GET /smartqueueweb/ping HTTP/1.1" 200 255 http-bio-8080-exec-6 0
192.168.1.11 - - [05/Nov/2024:22:18:15 +0800] "GET /smartqueueweb/ping HTTP/1.1" 200 255 http-bio-8080-exec-10 1
192.168.1.11 - - [05/Nov/2024:22:18:15 +0800] "GET /smartqueueweb/inquiry HTTP/1.1" 200 36070 http-bio-8080-exec-10 2
192.168.1.11 - - [05/Nov/2024:22:18:15 +0800] "GET /smartqueueweb/JsonServiceListAPI HTTP/1.1" 200 1626 http-bio-8080-exec-10 4
0:0:0:0:0:0:0:1 - - [05/Nov/2024:22:18:16 +0800] "GET /smartqueueweb/ping HTTP/1.1" 200 255 http-bio-8080-exec-6 1
0:0:0:0:0:0:0:1 - - [05/Nov/2024:22:18:19 +0800] "GET /smartqueueweb/ping HTTP/1.1" 200 255 http-bio-8080-exec-5 0
0:0:0:0:0:0:0:1 - - [05/Nov/2024:22:18:22 +0800] "GET /smartqueueweb/ping HTTP/1.1" 200 255 http-bio-8080-exec-5 1
0:0:0:0:0:0:0:1 - - [05/Nov/2024:22:18:25 +0800] "GET /smartqueueweb/ping HTTP/1.1" 200 255 http-bio-8080-exec-5 1
0:0:0:0:0:0:0:1 - - [05/Nov/2024:22:18:28 +0800] "GET /smartqueueweb/ping HTTP/1.1" 200 255 http-bio-8080-exec-4 1
0:0:0:0:0:0:0:1 - - [05/Nov/2024:22:18:31 +0800] "GET /smartqueueweb/ping HTTP/1.1" 200 255 http-bio-8080-exec-4 0
0:0:0:0:0:0:0:1 - - [05/Nov/2024:22:18:34 +0800] "GET /smartqueueweb/ping HTTP/1.1" 200 255 http-bio-8080-exec-4 0
0:0:0:0:0:0:0:1 - - [05/Nov/2024:22:18:37 +0800] "GET /smartqueueweb/ping HTTP/1.1" 200 255 http-bio-8080-exec-4 0
192.168.1.11 - - [05/Nov/2024:22:18:40 +0800] "GET /smartqueueweb/JsonStudentSearchAPI?studentid=000&firstname=none&middlename=none&lastname=none HTTP/1.1" 400 38 http-bio-8080-exec-7 1
0:0:0:0:0:0:0:1 - - [05/Nov/2024:22:18:40 +0800] "GET /smartqueueweb/ping HTTP/1.1" 200 255 http-bio-8080-exec-9 1
0:0:0:0:0:0:0:1 - - [05/Nov/2024:22:18:43 +0800] "GET /smartqueueweb/ping HTTP/1.1" 200 255 http-bio-8080-exec-9 1
192.168.1.11 - - [05/Nov/2024:22:18:44 +0800] "GET /smartqueueweb/JsonStudentSearchAPI?studentid=000&firstname=none&middlename=none&lastname=none HTTP/1.1" 400 38 http-bio-8080-exec-1 1
0:0:0:0:0:0:0:1 - - [05/Nov/2024:22:18:46 +0800] "GET /smartqueueweb/ping HTTP/1.1" 200 255 http-bio-8080-exec-9 1
0:0:0:0:0:0:0:1 - - [05/Nov/2024:22:18:49 +0800] "GET /smartqueueweb/ping HTTP/1.1" 200 255 http-bio-8080-exec-10 1
0:0:0:0:0:0:0:1 - - [05/Nov/2024:22:18:52 +0800] "GET /smartqueueweb/ping HTTP/1.1" 200 255 http-bio-8080-exec-10 0
0:0:0:0:0:0:0:1 - - [05/Nov/2024:22:18:55 +0800] "GET /smartqueueweb/ping HTTP/1.1" 200 255 http-bio-8080-exec-10 1
192.168.1.11 - - [05/Nov/2024:22:18:56 +0800] "GET /smartqueueweb/JsonStudentSearchAPI?studentid=000&firstname=none&middlename=none&lastname=none HTTP/1.1" 400 38 http-bio-8080-exec-8 0
0:0:0:0:0:0:0:1 - - [05/Nov/2024:22:18:58 +0800] "GET /smartqueueweb/ping HTTP/1.1" 200 255 http-bio-8080-exec-5 0
192.168.1.11 - - [05/Nov/2024:22:18:59 +0800] "GET /smartqueueweb/JsonStudentSearchAPI?studentid=00032424&firstname=none&middlename=none&lastname=none HTTP/1.1" 200 14 http-bio-8080-exec-2 3
0:0:0:0:0:0:0:1 - - [05/Nov/2024:22:19:01 +0800] "GET /smartqueueweb/ping HTTP/1.1" 200 255 http-bio-8080-exec-5 0
0:0:0:0:0:0:0:1 - - [05/Nov/2024:22:19:04 +0800] "GET /smartqueueweb/ping HTTP/1.1" 200 255 http-bio-8080-exec-5 1
0:0:0:0:0:0:0:1 - - [05/Nov/2024:22:19:07 +0800] "GET /smartqueueweb/ping HTTP/1.1" 200 255 http-bio-8080-exec-5 1
0:0:0:0:0:0:0:1 - - [05/Nov/2024:22:19:10 +0800] "GET /smartqueueweb/ping HTTP/1.1" 200 255 http-bio-8080-exec-8 1
0:0:0:0:0:0:0:1 - - [05/Nov/2024:22:19:13 +0800] "GET /smartqueueweb/ping HTTP/1.1" 200 255 http-bio-8080-exec-8 0
0:0:0:0:0:0:0:1 - - [05/Nov/2024:22:19:16 +0800] "GET /smartqueueweb/ping HTTP/1.1" 200 255 http-bio-8080-exec-8 1
0:0:0:0:0:0:0:1 - - [05/Nov/2024:22:19:19 +0800] "GET /smartqueueweb/ping HTTP/1.1" 200 255 http-bio-8080-exec-6 1
0:0:0:0:0:0:0:1 - - [05/Nov/2024:22:19:22 +0800] "GET /smartqueueweb/ping HTTP/1.1" 200 255 http-bio-8080-exec-6 0
0:0:0:0:0:0:0:1 - - [05/Nov/2024:22:19:25 +0800] "GET /smartqueueweb/ping HTTP/1.1" 200 255 http-bio-8080-exec-6 0
0:0:0:0:0:0:0:1 - - [05/Nov/2024:22:19:28 +0800] "GET /smartqueueweb/ping HTTP/1.1" 200 255 http-bio-8080-exec-5 0
0:0:0:0:0:0:0:1 - - [05/Nov/2024:22:19:31 +0800] "GET /smartqueueweb/ping HTTP/1.1" 200 255 http-bio-8080-exec-5 0
0:0:0:0:0:0:0:1 - - [05/Nov/2024:22:19:34 +0800] "GET /smartqueueweb/ping HTTP/1.1" 200 255 http-bio-8080-exec-5 0
0:0:0:0:0:0:0:1 - - [05/Nov/2024:22:19:37 +0800] "GET /smartqueueweb/ping HTTP/1.1" 200 255 http-bio-8080-exec-5 1
0:0:0:0:0:0:0:1 - - [05/Nov/2024:22:19:40 +0800] "GET /smartqueueweb/ping HTTP/1.1" 200 255 http-bio-8080-exec-4 1
0:0:0:0:0:0:0:1 - - [05/Nov/2024:22:19:43 +0800] "GET /smartqueueweb/ping HTTP/1.1" 200 255 http-bio-8080-exec-4 0
0:0:0:0:0:0:0:1 - - [05/Nov/2024:22:19:46 +0800] "GET /smartqueueweb/ping HTTP/1.1" 200 255 http-bio-8080-exec-4 1
0:0:0:0:0:0:0:1 - - [05/Nov/2024:22:19:49 +0800] "GET /smartqueueweb/ping HTTP/1.1" 200 255 http-bio-8080-exec-10 1
192.168.1.11 - - [05/Nov/2024:22:19:52 +0800] "GET /smartqueueweb/JsonStudentSearchAPI?studentid=00032424&firstname=none&middlename=none&lastname=none HTTP/1.1" 200 14 http-bio-8080-exec-9 4
0:0:0:0:0:0:0:1 - - [05/Nov/2024:22:19:52 +0800] "GET /smartqueueweb/ping HTTP/1.1" 200 255 http-bio-8080-exec-10 1
192.168.1.11 - - [05/Nov/2024:22:19:53 +0800] "GET /smartqueueweb/JsonStudentSearchAPI?studentid=00032424&firstname=none&middlename=none&lastname=none HTTP/1.1" 200 14 http-bio-8080-exec-9 4
192.168.1.11 - - [05/Nov/2024:22:19:54 +0800] "GET /smartqueueweb/JsonStudentSearchAPI?studentid=00032424&firstname=none&middlename=none&lastname=none HTTP/1.1" 200 14 http-bio-8080-exec-9 4
0:0:0:0:0:0:0:1 - - [05/Nov/2024:22:19:55 +0800] "GET /smartqueueweb/ping HTTP/1.1" 200 255 http-bio-8080-exec-10 0
192.168.1.11 - - [05/Nov/2024:22:19:56 +0800] "GET /smartqueueweb/JsonStudentSearchAPI?studentid=121&firstname=none&middlename=none&lastname=none HTTP/1.1" 400 38 http-bio-8080-exec-9 1
0:0:0:0:0:0:0:1 - - [05/Nov/2024:22:19:58 +0800] "GET /smartqueueweb/ping HTTP/1.1" 200 255 http-bio-8080-exec-4 0
0:0:0:0:0:0:0:1 - - [05/Nov/2024:22:20:01 +0800] "GET /smartqueueweb/ping HTTP/1.1" 200 255 http-bio-8080-exec-4 0
0:0:0:0:0:0:0:1 - - [05/Nov/2024:22:20:04 +0800] "GET /smartqueueweb/ping HTTP/1.1" 200 255 http-bio-8080-exec-4 0
0:0:0:0:0:0:0:1 - - [05/Nov/2024:22:20:07 +0800] "GET /smartqueueweb/ping HTTP/1.1" 200 255 http-bio-8080-exec-4 0
192.168.1.11 - - [05/Nov/2024:22:20:07 +0800] "GET /smartqueueweb/JsonStudentSearchAPI?studentid=121&firstname=none&middlename=none&lastname=none HTTP/1.1" 400 38 http-bio-8080-exec-2 1
192.168.1.11 - - [05/Nov/2024:22:20:07 +0800] "POST /smartqueueweb/inquiry HTTP/1.1" 200 16 http-bio-8080-exec-6 17
0:0:0:0:0:0:0:1 - - [05/Nov/2024:22:20:10 +0800] "GET /smartqueueweb/ping HTTP/1.1" 200 255 http-bio-8080-exec-10 0
0:0:0:0:0:0:0:1 - - [05/Nov/2024:22:20:13 +0800] "GET /smartqueueweb/ping HTTP/1.1" 200 255 http-bio-8080-exec-10 1
0:0:0:0:0:0:0:1 - - [05/Nov/2024:22:20:16 +0800] "GET /smartqueueweb/ping HTTP/1.1" 200 255 http-bio-8080-exec-10 0
0:0:0:0:0:0:0:1 - - [05/Nov/2024:22:20:19 +0800] "GET /smartqueueweb/ping HTTP/1.1" 200 255 http-bio-8080-exec-7 1
0:0:0:0:0:0:0:1 - - [05/Nov/2024:22:20:22 +0800] "GET /smartqueueweb/ping HTTP/1.1" 200 255 http-bio-8080-exec-7 0
0:0:0:0:0:0:0:1 - - [05/Nov/2024:22:20:25 +0800] "GET /smartqueueweb/ping HTTP/1.1" 200 255 http-bio-8080-exec-7 1
0:0:0:0:0:0:0:1 - - [05/Nov/2024:22:20:28 +0800] "GET /smartqueueweb/ping HTTP/1.1" 200 255 http-bio-8080-exec-7 0
0:0:0:0:0:0:0:1 - - [05/Nov/2024:22:20:31 +0800] "GET /smartqueueweb/ping HTTP/1.1" 200 255 http-bio-8080-exec-1 0
0:0:0:0:0:0:0:1 - - [05/Nov/2024:22:20:34 +0800] "GET /smartqueueweb/ping HTTP/1.1" 200 255 http-bio-8080-exec-1 0
0:0:0:0:0:0:0:1 - - [05/Nov/2024:22:20:37 +0800] "GET /smartqueueweb/ping HTTP/1.1" 200 255 http-bio-8080-exec-1 1
0:0:0:0:0:0:0:1 - - [05/Nov/2024:22:20:40 +0800] "GET /smartqueueweb/ping HTTP/1.1" 200 255 http-bio-8080-exec-2 0
0:0:0:0:0:0:0:1 - - [05/Nov/2024:22:20:43 +0800] "GET /smartqueueweb/ping HTTP/1.1" 200 255 http-bio-8080-exec-2 0
0:0:0:0:0:0:0:1 - - [05/Nov/2024:22:20:46 +0800] "GET /smartqueueweb/ping HTTP/1.1" 200 255 http-bio-8080-exec-2 1
0:0:0:0:0:0:0:1 - - [05/Nov/2024:22:20:49 +0800] "GET /smartqueueweb/ping HTTP/1.1" 200 255 http-bio-8080-exec-7 6
0:0:0:0:0:0:0:1 - - [05/Nov/2024:22:20:52 +0800] "GET /smartqueueweb/ping HTTP/1.1" 200 255 http-bio-8080-exec-7 1
0:0:0:0:0:0:0:1 - - [05/Nov/2024:22:20:55 +0800] "GET /smartqueueweb/ping HTTP/1.1" 200 255 http-bio-8080-exec-7 0
0:0:0:0:0:0:0:1 - - [05/Nov/2024:22:20:58 +0800] "GET /smartqueueweb/ping HTTP/1.1" 200 255 http-bio-8080-exec-7 1
0:0:0:0:0:0:0:1 - - [05/Nov/2024:22:21:01 +0800] "GET /smartqueueweb/ping HTTP/1.1" 200 255 http-bio-8080-exec-9 0
0:0:0:0:0:0:0:1 - - [05/Nov/2024:22:21:04 +0800] "GET /smartqueueweb/ping HTTP/1.1" 200 255 http-bio-8080-exec-9 0
0:0:0:0:0:0:0:1 - - [05/Nov/2024:22:21:07 +0800] "GET /smartqueueweb/ping HTTP/1.1" 200 255 http-bio-8080-exec-9 1
0:0:0:0:0:0:0:1 - - [05/Nov/2024:22:21:10 +0800] "GET /smartqueueweb/ping HTTP/1.1" 200 255 http-bio-8080-exec-8 0
0:0:0:0:0:0:0:1 - - [05/Nov/2024:22:21:13 +0800] "GET /smartqueueweb/ping HTTP/1.1" 200 255 http-bio-8080-exec-8 1
0:0:0:0:0:0:0:1 - - [05/Nov/2024:22:21:16 +0800] "GET /smartqueueweb/ping HTTP/1.1" 200 255 http-bio-8080-exec-8 1
0:0:0:0:0:0:0:1 - - [05/Nov/2024:22:21:19 +0800] "GET /smartqueueweb/ping HTTP/1.1" 200 255 http-bio-8080-exec-7 1
0:0:0:0:0:0:0:1 - - [05/Nov/2024:22:21:22 +0800] "GET /smartqueueweb/ping HTTP/1.1" 200 255 http-bio-8080-exec-7 1
0:0:0:0:0:0:0:1 - - [05/Nov/2024:22:21:25 +0800] "GET /smartqueueweb/ping HTTP/1.1" 200 255 http-bio-8080-exec-7 0
0:0:0:0:0:0:0:1 - - [05/Nov/2024:22:21:28 +0800] "GET /smartqueueweb/ping HTTP/1.1" 200 255 http-bio-8080-exec-7 0
0:0:0:0:0:0:0:1 - - [05/Nov/2024:22:21:31 +0800] "GET /smartqueueweb/ping HTTP/1.1" 200 255 http-bio-8080-exec-5 1
0:0:0:0:0:0:0:1 - - [05/Nov/2024:22:21:34 +0800] "GET /smartqueueweb/ping HTTP/1.1" 200 255 http-bio-8080-exec-5 0
0:0:0:0:0:0:0:1 - - [05/Nov/2024:22:21:37 +0800] "GET /smartqueueweb/ping HTTP/1.1" 200 255 http-bio-8080-exec-5 0
0:0:0:0:0:0:0:1 - - [05/Nov/2024:22:21:40 +0800] "GET /smartqueueweb/ping HTTP/1.1" 200 255 http-bio-8080-exec-4 0
0:0:0:0:0:0:0:1 - - [05/Nov/2024:22:21:43 +0800] "GET /smartqueueweb/ping HTTP/1.1" 200 255 http-bio-8080-exec-4 1
0:0:0:0:0:0:0:1 - - [05/Nov/2024:22:21:46 +0800] "GET /smartqueueweb/ping HTTP/1.1" 200 255 http-bio-8080-exec-4 1
0:0:0:0:0:0:0:1 - - [05/Nov/2024:22:21:49 +0800] "GET /smartqueueweb/ping HTTP/1.1" 200 255 http-bio-8080-exec-7 0
0:0:0:0:0:0:0:1 - - [05/Nov/2024:22:21:52 +0800] "GET /smartqueueweb/ping HTTP/1.1" 200 255 http-bio-8080-exec-7 0
0:0:0:0:0:0:0:1 - - [05/Nov/2024:22:21:55 +0800] "GET /smartqueueweb/ping HTTP/1.1" 200 255 http-bio-8080-exec-7 1
0:0:0:0:0:0:0:1 - - [05/Nov/2024:22:21:58 +0800] "GET /smartqueueweb/ping HTTP/1.1" 200 255 http-bio-8080-exec-7 1
0:0:0:0:0:0:0:1 - - [05/Nov/2024:22:22:01 +0800] "GET /smartqueueweb/ping HTTP/1.1" 200 255 http-bio-8080-exec-6 1
0:0:0:0:0:0:0:1 - - [05/Nov/2024:22:22:04 +0800] "GET /smartqueueweb/ping HTTP/1.1" 200 255 http-bio-8080-exec-6 0
0:0:0:0:0:0:0:1 - - [05/Nov/2024:22:22:07 +0800] "GET /smartqueueweb/ping HTTP/1.1" 200 255 http-bio-8080-exec-6 1
0:0:0:0:0:0:0:1 - - [05/Nov/2024:22:22:10 +0800] "GET /smartqueueweb/ping HTTP/1.1" 200 255 http-bio-8080-exec-10 1
0:0:0:0:0:0:0:1 - - [05/Nov/2024:22:22:13 +0800] "GET /smartqueueweb/ping HTTP/1.1" 200 255 http-bio-8080-exec-10 1
0:0:0:0:0:0:0:1 - - [05/Nov/2024:22:22:16 +0800] "GET /smartqueueweb/ping HTTP/1.1" 200 255 http-bio-8080-exec-10 1
0:0:0:0:0:0:0:1 - - [05/Nov/2024:22:22:19 +0800] "GET /smartqueueweb/ping HTTP/1.1" 200 255 http-bio-8080-exec-7 1
0:0:0:0:0:0:0:1 - - [05/Nov/2024:22:22:22 +0800] "GET /smartqueueweb/ping HTTP/1.1" 200 255 http-bio-8080-exec-7 0
0:0:0:0:0:0:0:1 - - [05/Nov/2024:22:22:25 +0800] "GET /smartqueueweb/ping HTTP/1.1" 200 255 http-bio-8080-exec-7 0
0:0:0:0:0:0:0:1 - - [05/Nov/2024:22:22:28 +0800] "GET /smartqueueweb/ping HTTP/1.1" 200 255 http-bio-8080-exec-7 1
0:0:0:0:0:0:0:1 - - [05/Nov/2024:22:22:31 +0800] "GET /smartqueueweb/ping HTTP/1.1" 200 255 http-bio-8080-exec-1 1
0:0:0:0:0:0:0:1 - - [05/Nov/2024:22:22:34 +0800] "GET /smartqueueweb/ping HTTP/1.1" 200 255 http-bio-8080-exec-1 1
0:0:0:0:0:0:0:1 - - [05/Nov/2024:22:22:37 +0800] "GET /smartqueueweb/ping HTTP/1.1" 200 255 http-bio-8080-exec-1 0
0:0:0:0:0:0:0:1 - - [05/Nov/2024:22:22:40 +0800] "GET /smartqueueweb/ping HTTP/1.1" 200 255 http-bio-8080-exec-2 0
0:0:0:0:0:0:0:1 - - [05/Nov/2024:22:22:43 +0800] "GET /smartqueueweb/ping HTTP/1.1" 200 255 http-bio-8080-exec-2 1
0:0:0:0:0:0:0:1 - - [05/Nov/2024:22:22:46 +0800] "GET /smartqueueweb/ping HTTP/1.1" 200 255 http-bio-8080-exec-2 0
0:0:0:0:0:0:0:1 - - [05/Nov/2024:22:22:49 +0800] "GET /smartqueueweb/ping HTTP/1.1" 200 255 http-bio-8080-exec-7 1
0:0:0:0:0:0:0:1 - - [05/Nov/2024:22:22:52 +0800] "GET /smartqueueweb/ping HTTP/1.1" 200 255 http-bio-8080-exec-7 1
0:0:0:0:0:0:0:1 - - [05/Nov/2024:22:22:55 +0800] "GET /smartqueueweb/ping HTTP/1.1" 200 255 http-bio-8080-exec-7 0
0:0:0:0:0:0:0:1 - - [05/Nov/2024:22:22:58 +0800] "GET /smartqueueweb/ping HTTP/1.1" 200 255 http-bio-8080-exec-7 1
0:0:0:0:0:0:0:1 - - [05/Nov/2024:22:23:01 +0800] "GET /smartqueueweb/ping HTTP/1.1" 200 255 http-bio-8080-exec-9 1
0:0:0:0:0:0:0:1 - - [05/Nov/2024:22:23:04 +0800] "GET /smartqueueweb/ping HTTP/1.1" 200 255 http-bio-8080-exec-9 0
0:0:0:0:0:0:0:1 - - [05/Nov/2024:22:23:07 +0800] "GET /smartqueueweb/ping HTTP/1.1" 200 255 http-bio-8080-exec-9 1
0:0:0:0:0:0:0:1 - - [05/Nov/2024:22:23:10 +0800] "GET /smartqueueweb/ping HTTP/1.1" 200 255 http-bio-8080-exec-8 1
0:0:0:0:0:0:0:1 - - [05/Nov/2024:22:23:13 +0800] "GET /smartqueueweb/ping HTTP/1.1" 200 255 http-bio-8080-exec-8 1
0:0:0:0:0:0:0:1 - - [05/Nov/2024:22:23:16 +0800] "GET /smartqueueweb/ping HTTP/1.1" 200 255 http-bio-8080-exec-8 0
0:0:0:0:0:0:0:1 - - [05/Nov/2024:22:23:19 +0800] "GET /smartqueueweb/ping HTTP/1.1" 200 255 http-bio-8080-exec-7 1
0:0:0:0:0:0:0:1 - - [05/Nov/2024:22:23:22 +0800] "GET /smartqueueweb/ping HTTP/1.1" 200 255 http-bio-8080-exec-7 1
0:0:0:0:0:0:0:1 - - [05/Nov/2024:22:23:25 +0800] "GET /smartqueueweb/ping HTTP/1.1" 200 255 http-bio-8080-exec-7 0
0:0:0:0:0:0:0:1 - - [05/Nov/2024:22:23:28 +0800] "GET /smartqueueweb/ping HTTP/1.1" 200 255 http-bio-8080-exec-7 1
0:0:0:0:0:0:0:1 - - [05/Nov/2024:22:23:31 +0800] "GET /smartqueueweb/ping HTTP/1.1" 200 255 http-bio-8080-exec-5 1
0:0:0:0:0:0:0:1 - - [05/Nov/2024:22:23:34 +0800] "GET /smartqueueweb/ping HTTP/1.1" 200 255 http-bio-8080-exec-5 1
0:0:0:0:0:0:0:1 - - [05/Nov/2024:22:23:37 +0800] "GET /smartqueueweb/ping HTTP/1.1" 200 255 http-bio-8080-exec-5 1
0:0:0:0:0:0:0:1 - - [05/Nov/2024:22:23:40 +0800] "GET /smartqueueweb/ping HTTP/1.1" 200 255 http-bio-8080-exec-4 0
192.168.1.11 - - [05/Nov/2024:22:23:42 +0800] "GET /smartqueueweb/JsonStudentSearchAPI?studentid=12313&firstname=none&middlename=none&lastname=none HTTP/1.1" 200 14 http-bio-8080-exec-2 4
0:0:0:0:0:0:0:1 - - [05/Nov/2024:22:23:43 +0800] "GET /smartqueueweb/ping HTTP/1.1" 200 255 http-bio-8080-exec-4 2
0:0:0:0:0:0:0:1 - - [05/Nov/2024:22:23:46 +0800] "GET /smartqueueweb/ping HTTP/1.1" 200 255 http-bio-8080-exec-7 1
192.168.1.11 - - [05/Nov/2024:22:23:48 +0800] "GET /smartqueueweb/JsonStudentSearchAPI?studentid=2110010&firstname=none&middlename=none&lastname=none HTTP/1.1" 200 106 http-bio-8080-exec-2 4
192.168.1.11 - - [05/Nov/2024:22:23:48 +0800] "GET /smartqueueweb/JsonStudentSearchAPI?studentid=2110010&firstname=none&middlename=none&lastname=none HTTP/1.1" 200 106 http-bio-8080-exec-2 6
192.168.1.11 - - [05/Nov/2024:22:23:48 +0800] "POST /smartqueueweb/inquiry HTTP/1.1" 200 16 http-bio-8080-exec-2 21
0:0:0:0:0:0:0:1 - - [05/Nov/2024:22:23:49 +0800] "GET /smartqueueweb/ping HTTP/1.1" 200 255 http-bio-8080-exec-6 1
0:0:0:0:0:0:0:1 - - [05/Nov/2024:22:23:52 +0800] "GET /smartqueueweb/ping HTTP/1.1" 200 255 http-bio-8080-exec-6 1
