169.254.207.242 - - [07/Nov/2024:00:57:55 +0800] "GET /smartqueueweb/JsonStudentQueueEntriesAPI?window_number=3&queue_status=QUEUE HTTP/1.1" 200 209 http-bio-8080-exec-5 6
169.254.207.242 - - [07/Nov/2024:00:57:55 +0800] "GET /smartqueueweb/JsonStudentQueueEntriesAPI?window_number=3&queue_status=SERVING HTTP/1.1" 200 12 http-bio-8080-exec-5 5
0:0:0:0:0:0:0:1 - - [07/Nov/2024:00:57:56 +0800] "GET /smartqueueweb/ping HTTP/1.1" 200 255 http-bio-8080-exec-17 0
192.168.1.9 - - [07/Nov/2024:00:57:56 +0800] "GET /smartqueueweb/ping HTTP/1.1" 200 255 http-bio-8080-exec-4 0
192.168.1.9 - - [07/Nov/2024:00:57:56 +0800] "GET /smartqueueweb/JsonStudentQueueEntriesAPI?window_number=1&queue_status=QUEUE HTTP/1.1" 200 204 http-bio-8080-exec-3 4
192.168.1.9 - - [07/Nov/2024:00:57:56 +0800] "GET /smartqueueweb/JsonStudentQueueEntriesAPI?window_number=1&queue_status=SERVING HTTP/1.1" 200 207 http-bio-8080-exec-15 42
169.254.207.242 - - [07/Nov/2024:00:57:56 +0800] "PUT /smartqueueweb/updateQueueStatus?queueNumber=A3&queueStatus=SERVING HTTP/1.1" 200 18 http-bio-8080-exec-5 7
0:0:0:0:0:0:0:1 - - [07/Nov/2024:00:57:58 +0800] "GET /smartqueueweb/ping HTTP/1.1" 200 255 http-bio-8080-exec-14 1
169.254.207.242 - - [07/Nov/2024:00:57:58 +0800] "GET /smartqueueweb/ping HTTP/1.1" 200 255 http-bio-8080-exec-5 12
0:0:0:0:0:0:0:1 - - [07/Nov/2024:00:57:59 +0800] "GET /smartqueueweb/ping HTTP/1.1" 200 255 http-bio-8080-exec-14 0
192.168.1.9 - - [07/Nov/2024:00:57:59 +0800] "GET /smartqueueweb/ping HTTP/1.1" 200 255 http-bio-8080-exec-15 1
169.254.207.242 - - [07/Nov/2024:00:57:59 +0800] "GET /smartqueueweb/JsonStudentQueueEntriesAPI?window_number=3&queue_status=QUEUE HTTP/1.1" 200 12 http-bio-8080-exec-5 5
169.254.207.242 - - [07/Nov/2024:00:57:59 +0800] "GET /smartqueueweb/JsonStudentQueueEntriesAPI?window_number=3&queue_status=SERVING HTTP/1.1" 200 211 http-bio-8080-exec-5 5
192.168.1.9 - - [07/Nov/2024:00:58:00 +0800] "GET /smartqueueweb/JsonStudentQueueEntriesAPI?window_number=1&queue_status=QUEUE HTTP/1.1" 200 204 http-bio-8080-exec-15 5
192.168.1.9 - - [07/Nov/2024:00:58:00 +0800] "GET /smartqueueweb/JsonStudentQueueEntriesAPI?window_number=1&queue_status=SERVING HTTP/1.1" 200 207 http-bio-8080-exec-15 5
169.254.207.242 - - [07/Nov/2024:00:58:00 +0800] "GET /smartqueueweb/ping HTTP/1.1" 200 255 http-bio-8080-exec-5 0
0:0:0:0:0:0:0:1 - - [07/Nov/2024:00:58:01 +0800] "GET /smartqueueweb/ping HTTP/1.1" 200 255 http-bio-8080-exec-14 1
0:0:0:0:0:0:0:1 - - [07/Nov/2024:00:58:02 +0800] "GET /smartqueueweb/ping HTTP/1.1" 200 255 http-bio-8080-exec-14 0
192.168.1.9 - - [07/Nov/2024:00:58:02 +0800] "GET /smartqueueweb/ping HTTP/1.1" 200 255 http-bio-8080-exec-15 0
169.254.207.242 - - [07/Nov/2024:00:58:03 +0800] "GET /smartqueueweb/ping HTTP/1.1" 200 255 http-bio-8080-exec-5 1
169.254.207.242 - - [07/Nov/2024:00:58:03 +0800] "GET /smartqueueweb/JsonStudentQueueEntriesAPI?window_number=3&queue_status=QUEUE HTTP/1.1" 200 12 http-bio-8080-exec-16 3
169.254.207.242 - - [07/Nov/2024:00:58:04 +0800] "GET /smartqueueweb/JsonStudentQueueEntriesAPI?window_number=3&queue_status=SERVING HTTP/1.1" 200 211 http-bio-8080-exec-16 5
0:0:0:0:0:0:0:1 - - [07/Nov/2024:00:58:04 +0800] "GET /smartqueueweb/ping HTTP/1.1" 200 255 http-bio-8080-exec-14 0
192.168.1.9 - - [07/Nov/2024:00:58:04 +0800] "GET /smartqueueweb/JsonStudentQueueEntriesAPI?window_number=1&queue_status=QUEUE HTTP/1.1" 200 204 http-bio-8080-exec-15 4
192.168.1.9 - - [07/Nov/2024:00:58:04 +0800] "GET /smartqueueweb/JsonStudentQueueEntriesAPI?window_number=1&queue_status=SERVING HTTP/1.1" 200 207 http-bio-8080-exec-15 5
0:0:0:0:0:0:0:1 - - [07/Nov/2024:00:58:05 +0800] "GET /smartqueueweb/ping HTTP/1.1" 200 255 http-bio-8080-exec-14 1
192.168.1.9 - - [07/Nov/2024:00:58:05 +0800] "GET /smartqueueweb/ping HTTP/1.1" 200 255 http-bio-8080-exec-15 1
169.254.207.242 - - [07/Nov/2024:00:58:06 +0800] "GET /smartqueueweb/ping HTTP/1.1" 200 255 http-bio-8080-exec-16 1
0:0:0:0:0:0:0:1 - - [07/Nov/2024:00:58:07 +0800] "GET /smartqueueweb/ping HTTP/1.1" 200 255 http-bio-8080-exec-14 0
169.254.207.242 - - [07/Nov/2024:00:58:07 +0800] "GET /smartqueueweb/JsonStudentQueueEntriesAPI?window_number=3&queue_status=QUEUE HTTP/1.1" 200 12 http-bio-8080-exec-16 4
169.254.207.242 - - [07/Nov/2024:00:58:07 +0800] "GET /smartqueueweb/JsonStudentQueueEntriesAPI?window_number=3&queue_status=SERVING HTTP/1.1" 200 211 http-bio-8080-exec-16 4
0:0:0:0:0:0:0:1 - - [07/Nov/2024:00:58:08 +0800] "GET /smartqueueweb/ping HTTP/1.1" 200 255 http-bio-8080-exec-14 2
192.168.1.9 - - [07/Nov/2024:00:58:08 +0800] "GET /smartqueueweb/ping HTTP/1.1" 200 255 http-bio-8080-exec-15 3
192.168.1.9 - - [07/Nov/2024:00:58:08 +0800] "GET /smartqueueweb/JsonStudentQueueEntriesAPI?window_number=1&queue_status=QUEUE HTTP/1.1" 200 204 http-bio-8080-exec-4 6
192.168.1.9 - - [07/Nov/2024:00:58:08 +0800] "GET /smartqueueweb/JsonStudentQueueEntriesAPI?window_number=1&queue_status=SERVING HTTP/1.1" 200 207 http-bio-8080-exec-4 7
0:0:0:0:0:0:0:1 - - [07/Nov/2024:00:58:09 +0800] "GET /smartqueueweb/JsonStudentQueueEntriesAPI?window_number=1&queue_status=SERVING HTTP/1.1" 200 207 http-bio-8080-exec-14 5
0:0:0:0:0:0:0:1 - - [07/Nov/2024:00:58:09 +0800] "GET /smartqueueweb/JsonStudentQueueEntriesAPI?window_number=2&queue_status=SERVING HTTP/1.1" 200 208 http-bio-8080-exec-14 5
0:0:0:0:0:0:0:1 - - [07/Nov/2024:00:58:09 +0800] "GET /smartqueueweb/JsonStudentQueueEntriesAPI?window_number=3&queue_status=SERVING HTTP/1.1" 200 211 http-bio-8080-exec-14 6
169.254.207.242 - - [07/Nov/2024:00:58:09 +0800] "GET /smartqueueweb/ping HTTP/1.1" 200 255 http-bio-8080-exec-16 1
0:0:0:0:0:0:0:1 - - [07/Nov/2024:00:58:11 +0800] "GET /smartqueueweb/ping HTTP/1.1" 200 255 http-bio-8080-exec-14 1
0:0:0:0:0:0:0:1 - - [07/Nov/2024:00:58:11 +0800] "GET /smartqueueweb/ping HTTP/1.1" 200 255 http-bio-8080-exec-14 1
169.254.207.242 - - [07/Nov/2024:00:58:11 +0800] "GET /smartqueueweb/JsonStudentQueueEntriesAPI?window_number=3&queue_status=QUEUE HTTP/1.1" 200 12 http-bio-8080-exec-16 7
169.254.207.242 - - [07/Nov/2024:00:58:12 +0800] "GET /smartqueueweb/JsonStudentQueueEntriesAPI?window_number=3&queue_status=SERVING HTTP/1.1" 200 211 http-bio-8080-exec-16 4
192.168.1.9 - - [07/Nov/2024:00:58:12 +0800] "GET /smartqueueweb/ping HTTP/1.1" 200 255 http-bio-8080-exec-4 1
169.254.207.242 - - [07/Nov/2024:00:58:12 +0800] "GET /smartqueueweb/ping HTTP/1.1" 200 255 http-bio-8080-exec-16 2
0:0:0:0:0:0:0:1 - - [07/Nov/2024:00:58:13 +0800] "GET /smartqueueweb/ping HTTP/1.1" 200 255 http-bio-8080-exec-15 0
192.168.1.9 - - [07/Nov/2024:00:58:13 +0800] "GET /smartqueueweb/JsonStudentQueueEntriesAPI?window_number=1&queue_status=QUEUE HTTP/1.1" 200 204 http-bio-8080-exec-3 7
192.168.1.9 - - [07/Nov/2024:00:58:13 +0800] "GET /smartqueueweb/JsonStudentQueueEntriesAPI?window_number=1&queue_status=SERVING HTTP/1.1" 200 207 http-bio-8080-exec-3 4
0:0:0:0:0:0:0:1 - - [07/Nov/2024:00:58:14 +0800] "GET /smartqueueweb/ping HTTP/1.1" 200 255 http-bio-8080-exec-15 2
192.168.1.9 - - [07/Nov/2024:00:58:15 +0800] "GET /smartqueueweb/ping HTTP/1.1" 200 255 http-bio-8080-exec-3 1
169.254.207.242 - - [07/Nov/2024:00:58:15 +0800] "GET /smartqueueweb/ping HTTP/1.1" 200 255 http-bio-8080-exec-16 1
169.254.207.242 - - [07/Nov/2024:00:58:15 +0800] "GET /smartqueueweb/JsonStudentQueueEntriesAPI?window_number=3&queue_status=QUEUE HTTP/1.1" 200 12 http-bio-8080-exec-16 5
169.254.207.242 - - [07/Nov/2024:00:58:15 +0800] "GET /smartqueueweb/JsonStudentQueueEntriesAPI?window_number=3&queue_status=SERVING HTTP/1.1" 200 211 http-bio-8080-exec-16 6
0:0:0:0:0:0:0:1 - - [07/Nov/2024:00:58:17 +0800] "GET /smartqueueweb/ping HTTP/1.1" 200 255 http-bio-8080-exec-15 0
192.168.1.9 - - [07/Nov/2024:00:58:17 +0800] "GET /smartqueueweb/JsonStudentQueueEntriesAPI?window_number=1&queue_status=QUEUE HTTP/1.1" 200 204 http-bio-8080-exec-3 5
192.168.1.9 - - [07/Nov/2024:00:58:17 +0800] "GET /smartqueueweb/JsonStudentQueueEntriesAPI?window_number=1&queue_status=SERVING HTTP/1.1" 200 207 http-bio-8080-exec-3 5
0:0:0:0:0:0:0:1 - - [07/Nov/2024:00:58:17 +0800] "GET /smartqueueweb/ping HTTP/1.1" 200 255 http-bio-8080-exec-15 0
192.168.1.9 - - [07/Nov/2024:00:58:18 +0800] "GET /smartqueueweb/ping HTTP/1.1" 200 255 http-bio-8080-exec-3 1
169.254.207.242 - - [07/Nov/2024:00:58:19 +0800] "GET /smartqueueweb/ping HTTP/1.1" 200 255 http-bio-8080-exec-16 1
0:0:0:0:0:0:0:1 - - [07/Nov/2024:00:58:19 +0800] "GET /smartqueueweb/ping HTTP/1.1" 200 255 http-bio-8080-exec-15 0
169.254.207.242 - - [07/Nov/2024:00:58:20 +0800] "GET /smartqueueweb/JsonStudentQueueEntriesAPI?window_number=3&queue_status=QUEUE HTTP/1.1" 200 12 http-bio-8080-exec-16 4
169.254.207.242 - - [07/Nov/2024:00:58:20 +0800] "GET /smartqueueweb/JsonStudentQueueEntriesAPI?window_number=3&queue_status=SERVING HTTP/1.1" 200 211 http-bio-8080-exec-16 6
0:0:0:0:0:0:0:1 - - [07/Nov/2024:00:58:20 +0800] "GET /smartqueueweb/ping HTTP/1.1" 200 255 http-bio-8080-exec-15 0
192.168.1.9 - - [07/Nov/2024:00:58:21 +0800] "GET /smartqueueweb/ping HTTP/1.1" 200 255 http-bio-8080-exec-3 1
192.168.1.9 - - [07/Nov/2024:00:58:21 +0800] "GET /smartqueueweb/JsonStudentQueueEntriesAPI?window_number=1&queue_status=QUEUE HTTP/1.1" 200 204 http-bio-8080-exec-14 5
192.168.1.9 - - [07/Nov/2024:00:58:21 +0800] "GET /smartqueueweb/JsonStudentQueueEntriesAPI?window_number=1&queue_status=SERVING HTTP/1.1" 200 207 http-bio-8080-exec-14 6
169.254.207.242 - - [07/Nov/2024:00:58:22 +0800] "GET /smartqueueweb/ping HTTP/1.1" 200 255 http-bio-8080-exec-16 1
0:0:0:0:0:0:0:1 - - [07/Nov/2024:00:58:23 +0800] "GET /smartqueueweb/ping HTTP/1.1" 200 255 http-bio-8080-exec-4 0
0:0:0:0:0:0:0:1 - - [07/Nov/2024:00:58:23 +0800] "GET /smartqueueweb/ping HTTP/1.1" 200 255 http-bio-8080-exec-4 0
169.254.207.242 - - [07/Nov/2024:00:58:24 +0800] "GET /smartqueueweb/JsonStudentQueueEntriesAPI?window_number=3&queue_status=QUEUE HTTP/1.1" 200 12 http-bio-8080-exec-16 5
169.254.207.242 - - [07/Nov/2024:00:58:24 +0800] "GET /smartqueueweb/JsonStudentQueueEntriesAPI?window_number=3&queue_status=SERVING HTTP/1.1" 200 211 http-bio-8080-exec-16 5
192.168.1.9 - - [07/Nov/2024:00:58:24 +0800] "GET /smartqueueweb/ping HTTP/1.1" 200 255 http-bio-8080-exec-17 1
169.254.207.242 - - [07/Nov/2024:00:58:25 +0800] "GET /smartqueueweb/ping HTTP/1.1" 200 255 http-bio-8080-exec-16 1
0:0:0:0:0:0:0:1 - - [07/Nov/2024:00:58:25 +0800] "GET /smartqueueweb/ping HTTP/1.1" 200 255 http-bio-8080-exec-4 1
192.168.1.9 - - [07/Nov/2024:00:58:25 +0800] "GET /smartqueueweb/JsonStudentQueueEntriesAPI?window_number=1&queue_status=QUEUE HTTP/1.1" 200 204 http-bio-8080-exec-17 5
192.168.1.9 - - [07/Nov/2024:00:58:25 +0800] "GET /smartqueueweb/JsonStudentQueueEntriesAPI?window_number=1&queue_status=SERVING HTTP/1.1" 200 207 http-bio-8080-exec-17 13
0:0:0:0:0:0:0:1 - - [07/Nov/2024:00:58:26 +0800] "GET /smartqueueweb/ping HTTP/1.1" 200 255 http-bio-8080-exec-4 1
192.168.1.9 - - [07/Nov/2024:00:58:27 +0800] "GET /smartqueueweb/ping HTTP/1.1" 200 255 http-bio-8080-exec-17 1
169.254.207.242 - - [07/Nov/2024:00:58:28 +0800] "GET /smartqueueweb/ping HTTP/1.1" 200 255 http-bio-8080-exec-16 0
169.254.207.242 - - [07/Nov/2024:00:58:28 +0800] "GET /smartqueueweb/JsonStudentQueueEntriesAPI?window_number=3&queue_status=QUEUE HTTP/1.1" 200 12 http-bio-8080-exec-5 6
169.254.207.242 - - [07/Nov/2024:00:58:28 +0800] "GET /smartqueueweb/JsonStudentQueueEntriesAPI?window_number=3&queue_status=SERVING HTTP/1.1" 200 211 http-bio-8080-exec-5 5
0:0:0:0:0:0:0:1 - - [07/Nov/2024:00:58:29 +0800] "GET /smartqueueweb/ping HTTP/1.1" 200 255 http-bio-8080-exec-4 1
192.168.1.9 - - [07/Nov/2024:00:58:29 +0800] "GET /smartqueueweb/JsonStudentQueueEntriesAPI?window_number=1&queue_status=QUEUE HTTP/1.1" 200 204 http-bio-8080-exec-17 5
192.168.1.9 - - [07/Nov/2024:00:58:29 +0800] "GET /smartqueueweb/JsonStudentQueueEntriesAPI?window_number=1&queue_status=SERVING HTTP/1.1" 200 207 http-bio-8080-exec-17 3
0:0:0:0:0:0:0:1 - - [07/Nov/2024:00:58:29 +0800] "GET /smartqueueweb/ping HTTP/1.1" 200 255 http-bio-8080-exec-4 0
192.168.1.9 - - [07/Nov/2024:00:58:30 +0800] "GET /smartqueueweb/ping HTTP/1.1" 200 255 http-bio-8080-exec-17 0
169.254.207.242 - - [07/Nov/2024:00:58:31 +0800] "GET /smartqueueweb/ping HTTP/1.1" 200 255 http-bio-8080-exec-5 1
0:0:0:0:0:0:0:1 - - [07/Nov/2024:00:58:31 +0800] "GET /smartqueueweb/ping HTTP/1.1" 200 255 http-bio-8080-exec-4 1
169.254.207.242 - - [07/Nov/2024:00:58:32 +0800] "GET /smartqueueweb/JsonStudentQueueEntriesAPI?window_number=3&queue_status=QUEUE HTTP/1.1" 200 12 http-bio-8080-exec-5 5
169.254.207.242 - - [07/Nov/2024:00:58:32 +0800] "GET /smartqueueweb/JsonStudentQueueEntriesAPI?window_number=3&queue_status=SERVING HTTP/1.1" 200 211 http-bio-8080-exec-5 5
0:0:0:0:0:0:0:1 - - [07/Nov/2024:00:58:32 +0800] "GET /smartqueueweb/ping HTTP/1.1" 200 255 http-bio-8080-exec-4 1
192.168.1.9 - - [07/Nov/2024:00:58:33 +0800] "GET /smartqueueweb/ping HTTP/1.1" 200 255 http-bio-8080-exec-15 0
192.168.1.9 - - [07/Nov/2024:00:58:33 +0800] "GET /smartqueueweb/JsonStudentQueueEntriesAPI?window_number=1&queue_status=QUEUE HTTP/1.1" 200 204 http-bio-8080-exec-14 4
192.168.1.9 - - [07/Nov/2024:00:58:33 +0800] "GET /smartqueueweb/JsonStudentQueueEntriesAPI?window_number=1&queue_status=SERVING HTTP/1.1" 200 207 http-bio-8080-exec-14 4
169.254.207.242 - - [07/Nov/2024:00:58:34 +0800] "GET /smartqueueweb/ping HTTP/1.1" 200 255 http-bio-8080-exec-5 1
0:0:0:0:0:0:0:1 - - [07/Nov/2024:00:58:35 +0800] "GET /smartqueueweb/ping HTTP/1.1" 200 255 http-bio-8080-exec-17 0
169.254.207.242 - - [07/Nov/2024:00:58:51 +0800] "GET /smartqueueweb/ping HTTP/1.1" 200 5326 http-bio-8080-exec-5 155
192.168.1.9 - - [07/Nov/2024:00:58:51 +0800] "GET /smartqueueweb/ping HTTP/1.1" 200 5326 http-bio-8080-exec-1 155
0:0:0:0:0:0:0:1 - - [07/Nov/2024:00:58:51 +0800] "GET /smartqueueweb/ping HTTP/1.1" 200 5326 http-bio-8080-exec-4 155
192.168.1.9 - - [07/Nov/2024:00:58:51 +0800] "GET /smartqueueweb/ping HTTP/1.1" 200 5326 http-bio-8080-exec-3 7
169.254.207.242 - - [07/Nov/2024:00:58:51 +0800] "GET /smartqueueweb/ping HTTP/1.1" 200 5326 http-bio-8080-exec-7 7
169.254.207.242 - - [07/Nov/2024:00:58:51 +0800] "GET /smartqueueweb/ping HTTP/1.1" 200 5326 http-bio-8080-exec-8 5
0:0:0:0:0:0:0:1 - - [07/Nov/2024:00:58:51 +0800] "GET /smartqueueweb/ HTTP/1.1" 200 5326 http-bio-8080-exec-9 7
169.254.207.242 - - [07/Nov/2024:00:58:51 +0800] "GET /smartqueueweb/ HTTP/1.1" 200 5326 http-bio-8080-exec-8 4
192.168.1.9 - - [07/Nov/2024:00:58:51 +0800] "GET /smartqueueweb/ HTTP/1.1" 200 5326 http-bio-8080-exec-3 3
169.254.207.242 - - [07/Nov/2024:00:58:51 +0800] "GET /smartqueueweb/ HTTP/1.1" 200 5326 http-bio-8080-exec-8 8
169.254.207.242 - - [07/Nov/2024:00:58:51 +0800] "GET /smartqueueweb/ HTTP/1.1" 200 5326 http-bio-8080-exec-7 6
192.168.1.9 - - [07/Nov/2024:00:58:51 +0800] "GET /smartqueueweb/ HTTP/1.1" 200 5326 http-bio-8080-exec-3 4
169.254.207.242 - - [07/Nov/2024:00:58:51 +0800] "GET /smartqueueweb/JsonStudentQueueEntriesAPI?window_number=3&queue_status=QUEUE HTTP/1.1" 200 204 http-bio-8080-exec-6 540
192.168.1.9 - - [07/Nov/2024:00:58:51 +0800] "GET /smartqueueweb/JsonStudentQueueEntriesAPI?window_number=1&queue_status=QUEUE HTTP/1.1" 200 204 http-bio-8080-exec-2 540
169.254.207.242 - - [07/Nov/2024:00:58:51 +0800] "GET /smartqueueweb/JsonStudentQueueEntriesAPI?window_number=3&queue_status=QUEUE HTTP/1.1" 200 12 http-bio-8080-exec-2 6
0:0:0:0:0:0:0:1 - - [07/Nov/2024:00:58:52 +0800] "GET /smartqueueweb HTTP/1.1" 302 - http-bio-8080-exec-9 0
0:0:0:0:0:0:0:1 - - [07/Nov/2024:00:58:52 +0800] "GET /smartqueueweb/ HTTP/1.1" 200 5326 http-bio-8080-exec-9 4
0:0:0:0:0:0:0:1 - - [07/Nov/2024:00:58:58 +0800] "POST /smartqueueweb/dashboard HTTP/1.1" 302 - http-bio-8080-exec-5 297
0:0:0:0:0:0:0:1 - - [07/Nov/2024:00:58:58 +0800] "GET /smartqueueweb/staffdashboard HTTP/1.1" 200 14711 http-bio-8080-exec-5 35
0:0:0:0:0:0:0:1 - - [07/Nov/2024:00:59:00 +0800] "GET /smartqueueweb/userwindow HTTP/1.1" 200 10462 http-bio-8080-exec-5 5
0:0:0:0:0:0:0:1 - - [07/Nov/2024:00:59:00 +0800] "GET /smartqueueweb/QueueWebSocketController HTTP/1.1" 101 - http-bio-8080-exec-9 12
0:0:0:0:0:0:0:1 - - [07/Nov/2024:00:59:00 +0800] "GET /smartqueueweb/video-ad.mp4 HTTP/1.1" 404 2821 http-bio-8080-exec-5 22
0:0:0:0:0:0:0:1 - - [07/Nov/2024:00:59:03 +0800] "GET /smartqueueweb/ping HTTP/1.1" 200 255 http-bio-8080-exec-5 1
0:0:0:0:0:0:0:1 - - [07/Nov/2024:00:59:06 +0800] "GET /smartqueueweb/ping HTTP/1.1" 200 255 http-bio-8080-exec-5 1
0:0:0:0:0:0:0:1 - - [07/Nov/2024:00:59:09 +0800] "GET /smartqueueweb/ping HTTP/1.1" 200 255 http-bio-8080-exec-3 1
0:0:0:0:0:0:0:1 - - [07/Nov/2024:00:59:12 +0800] "GET /smartqueueweb/ping HTTP/1.1" 200 255 http-bio-8080-exec-3 1
169.254.207.242 - - [07/Nov/2024:00:59:14 +0800] "POST /smartqueueweb/dashboard HTTP/1.1" 302 - http-bio-8080-exec-2 22
169.254.207.242 - - [07/Nov/2024:00:59:14 +0800] "GET /smartqueueweb/staffdashboard HTTP/1.1" 200 14711 http-bio-8080-exec-2 4
0:0:0:0:0:0:0:1 - - [07/Nov/2024:00:59:15 +0800] "GET /smartqueueweb/ping HTTP/1.1" 200 255 http-bio-8080-exec-3 2
169.254.207.242 - - [07/Nov/2024:00:59:16 +0800] "GET /smartqueueweb/counterwindow HTTP/1.1" 200 27105 http-bio-8080-exec-2 4
169.254.207.242 - - [07/Nov/2024:00:59:16 +0800] "GET /smartqueueweb/QueueWebSocketController HTTP/1.1" 101 - http-bio-8080-exec-1 2
169.254.207.242 - - [07/Nov/2024:00:59:18 +0800] "GET /smartqueueweb/JsonAvailableWindow HTTP/1.1" 200 242 http-bio-8080-exec-2 8
0:0:0:0:0:0:0:1 - - [07/Nov/2024:00:59:18 +0800] "GET /smartqueueweb/ping HTTP/1.1" 200 255 http-bio-8080-exec-10 2
169.254.207.242 - - [07/Nov/2024:00:59:19 +0800] "GET /smartqueueweb/JsonAvailableWindow HTTP/1.1" 200 242 http-bio-8080-exec-2 7
169.254.207.242 - - [07/Nov/2024:00:59:19 +0800] "GET /smartqueueweb/JsonAvailableWindow HTTP/1.1" 200 242 http-bio-8080-exec-2 8
169.254.207.242 - - [07/Nov/2024:00:59:19 +0800] "GET /smartqueueweb/ping HTTP/1.1" 200 255 http-bio-8080-exec-2 2
169.254.207.242 - - [07/Nov/2024:00:59:20 +0800] "GET /smartqueueweb/JsonStudentQueueEntriesAPI?window_number=2&queue_status=QUEUE HTTP/1.1" 200 12 http-bio-8080-exec-2 7
169.254.207.242 - - [07/Nov/2024:00:59:20 +0800] "GET /smartqueueweb/JsonStudentQueueEntriesAPI?window_number=2&queue_status=SERVING HTTP/1.1" 200 208 http-bio-8080-exec-2 8
169.254.207.242 - - [07/Nov/2024:00:59:20 +0800] "GET /smartqueueweb/JsonStudentQueueEntriesAPI?window_number=2&queue_status=QUEUE HTTP/1.1" 200 12 http-bio-8080-exec-2 6
169.254.207.242 - - [07/Nov/2024:00:59:20 +0800] "GET /smartqueueweb/JsonStudentQueueEntriesAPI?window_number=2&queue_status=SERVING HTTP/1.1" 200 208 http-bio-8080-exec-2 6
0:0:0:0:0:0:0:1 - - [07/Nov/2024:00:59:21 +0800] "GET /smartqueueweb/ping HTTP/1.1" 200 255 http-bio-8080-exec-10 1
169.254.207.242 - - [07/Nov/2024:00:59:22 +0800] "GET /smartqueueweb/ping HTTP/1.1" 200 255 http-bio-8080-exec-2 2
0:0:0:0:0:0:0:1 - - [07/Nov/2024:00:59:24 +0800] "GET /smartqueueweb/ping HTTP/1.1" 200 255 http-bio-8080-exec-10 1
169.254.207.242 - - [07/Nov/2024:00:59:24 +0800] "GET /smartqueueweb/JsonStudentQueueEntriesAPI?window_number=2&queue_status=QUEUE HTTP/1.1" 200 12 http-bio-8080-exec-2 6
169.254.207.242 - - [07/Nov/2024:00:59:24 +0800] "GET /smartqueueweb/JsonStudentQueueEntriesAPI?window_number=2&queue_status=SERVING HTTP/1.1" 200 208 http-bio-8080-exec-2 6
0:0:0:0:0:0:0:1 - - [07/Nov/2024:00:59:24 +0800] "GET /smartqueueweb/ping HTTP/1.1" 200 255 http-bio-8080-exec-10 2
169.254.207.242 - - [07/Nov/2024:00:59:25 +0800] "GET /smartqueueweb/ping HTTP/1.1" 200 255 http-bio-8080-exec-2 3
0:0:0:0:0:0:0:1 - - [07/Nov/2024:00:59:27 +0800] "GET /smartqueueweb/ping HTTP/1.1" 200 255 http-bio-8080-exec-10 1
169.254.207.242 - - [07/Nov/2024:00:59:28 +0800] "GET /smartqueueweb/ping HTTP/1.1" 200 255 http-bio-8080-exec-2 2
169.254.207.242 - - [07/Nov/2024:00:59:28 +0800] "GET /smartqueueweb/JsonStudentQueueEntriesAPI?window_number=2&queue_status=QUEUE HTTP/1.1" 200 12 http-bio-8080-exec-7 6
169.254.207.242 - - [07/Nov/2024:00:59:28 +0800] "GET /smartqueueweb/JsonStudentQueueEntriesAPI?window_number=2&queue_status=SERVING HTTP/1.1" 200 208 http-bio-8080-exec-7 8
169.254.207.242 - - [07/Nov/2024:00:59:28 +0800] "GET /smartqueueweb/JsonAvailableWindow HTTP/1.1" 200 242 http-bio-8080-exec-7 6
0:0:0:0:0:0:0:1 - - [07/Nov/2024:00:59:29 +0800] "GET /smartqueueweb/JsonStudentQueueEntriesAPI?window_number=1&queue_status=SERVING HTTP/1.1" 200 207 http-bio-8080-exec-4 8
0:0:0:0:0:0:0:1 - - [07/Nov/2024:00:59:29 +0800] "GET /smartqueueweb/JsonStudentQueueEntriesAPI?window_number=2&queue_status=SERVING HTTP/1.1" 200 208 http-bio-8080-exec-4 9
0:0:0:0:0:0:0:1 - - [07/Nov/2024:00:59:29 +0800] "GET /smartqueueweb/JsonStudentQueueEntriesAPI?window_number=3&queue_status=SERVING HTTP/1.1" 200 211 http-bio-8080-exec-4 7
169.254.207.242 - - [07/Nov/2024:00:59:29 +0800] "GET /smartqueueweb/JsonStudentQueueEntriesAPI?window_number=3&queue_status=QUEUE HTTP/1.1" 200 12 http-bio-8080-exec-7 5
169.254.207.242 - - [07/Nov/2024:00:59:29 +0800] "GET /smartqueueweb/JsonStudentQueueEntriesAPI?window_number=3&queue_status=SERVING HTTP/1.1" 200 211 http-bio-8080-exec-7 7
0:0:0:0:0:0:0:1 - - [07/Nov/2024:00:59:30 +0800] "GET /smartqueueweb/ping HTTP/1.1" 200 255 http-bio-8080-exec-4 1
169.254.207.242 - - [07/Nov/2024:00:59:31 +0800] "GET /smartqueueweb/ping HTTP/1.1" 200 255 http-bio-8080-exec-7 2
169.254.207.242 - - [07/Nov/2024:00:59:32 +0800] "GET /smartqueueweb/JsonStudentQueueEntriesAPI?window_number=3&queue_status=QUEUE HTTP/1.1" 200 12 http-bio-8080-exec-7 6
169.254.207.242 - - [07/Nov/2024:00:59:32 +0800] "GET /smartqueueweb/JsonStudentQueueEntriesAPI?window_number=3&queue_status=SERVING HTTP/1.1" 200 211 http-bio-8080-exec-7 7
0:0:0:0:0:0:0:1 - - [07/Nov/2024:00:59:33 +0800] "GET /smartqueueweb/ping HTTP/1.1" 200 255 http-bio-8080-exec-4 1
169.254.207.242 - - [07/Nov/2024:00:59:34 +0800] "GET /smartqueueweb/ping HTTP/1.1" 200 255 http-bio-8080-exec-7 3
169.254.207.242 - - [07/Nov/2024:00:59:36 +0800] "GET /smartqueueweb/JsonStudentQueueEntriesAPI?window_number=3&queue_status=QUEUE HTTP/1.1" 200 12 http-bio-8080-exec-7 6
169.254.207.242 - - [07/Nov/2024:00:59:36 +0800] "GET /smartqueueweb/JsonStudentQueueEntriesAPI?window_number=3&queue_status=SERVING HTTP/1.1" 200 211 http-bio-8080-exec-7 7
0:0:0:0:0:0:0:1 - - [07/Nov/2024:00:59:36 +0800] "GET /smartqueueweb/ping HTTP/1.1" 200 255 http-bio-8080-exec-4 2
169.254.207.242 - - [07/Nov/2024:00:59:37 +0800] "GET /smartqueueweb/ping HTTP/1.1" 200 255 http-bio-8080-exec-7 1
0:0:0:0:0:0:0:1 - - [07/Nov/2024:00:59:39 +0800] "GET /smartqueueweb/ping HTTP/1.1" 200 255 http-bio-8080-exec-10 2
169.254.207.242 - - [07/Nov/2024:00:59:40 +0800] "GET /smartqueueweb/ping HTTP/1.1" 200 255 http-bio-8080-exec-7 2
169.254.207.242 - - [07/Nov/2024:00:59:40 +0800] "GET /smartqueueweb/JsonStudentQueueEntriesAPI?window_number=3&queue_status=QUEUE HTTP/1.1" 200 12 http-bio-8080-exec-2 7
169.254.207.242 - - [07/Nov/2024:00:59:40 +0800] "GET /smartqueueweb/JsonStudentQueueEntriesAPI?window_number=3&queue_status=SERVING HTTP/1.1" 200 211 http-bio-8080-exec-2 7
0:0:0:0:0:0:0:1 - - [07/Nov/2024:00:59:41 +0800] "GET /smartqueueweb/JsonStudentQueueEntriesAPI?window_number=1&queue_status=SERVING HTTP/1.1" 200 207 http-bio-8080-exec-10 7
0:0:0:0:0:0:0:1 - - [07/Nov/2024:00:59:41 +0800] "GET /smartqueueweb/JsonStudentQueueEntriesAPI?window_number=2&queue_status=SERVING HTTP/1.1" 200 208 http-bio-8080-exec-10 7
0:0:0:0:0:0:0:1 - - [07/Nov/2024:00:59:41 +0800] "GET /smartqueueweb/JsonStudentQueueEntriesAPI?window_number=3&queue_status=SERVING HTTP/1.1" 200 211 http-bio-8080-exec-10 8
0:0:0:0:0:0:0:1 - - [07/Nov/2024:00:59:42 +0800] "GET /smartqueueweb/ping HTTP/1.1" 200 255 http-bio-8080-exec-10 1
169.254.207.242 - - [07/Nov/2024:00:59:43 +0800] "GET /smartqueueweb/ping HTTP/1.1" 200 255 http-bio-8080-exec-2 2
169.254.207.242 - - [07/Nov/2024:00:59:44 +0800] "GET /smartqueueweb/JsonStudentQueueEntriesAPI?window_number=3&queue_status=QUEUE HTTP/1.1" 200 12 http-bio-8080-exec-2 7
169.254.207.242 - - [07/Nov/2024:00:59:44 +0800] "GET /smartqueueweb/JsonStudentQueueEntriesAPI?window_number=3&queue_status=SERVING HTTP/1.1" 200 211 http-bio-8080-exec-2 7
0:0:0:0:0:0:0:1 - - [07/Nov/2024:00:59:45 +0800] "GET /smartqueueweb/ping HTTP/1.1" 200 255 http-bio-8080-exec-10 2
169.254.207.242 - - [07/Nov/2024:00:59:46 +0800] "GET /smartqueueweb/ping HTTP/1.1" 200 255 http-bio-8080-exec-2 1
169.254.207.242 - - [07/Nov/2024:00:59:48 +0800] "GET /smartqueueweb/JsonAvailableWindow HTTP/1.1" 200 242 http-bio-8080-exec-2 6
169.254.207.242 - - [07/Nov/2024:00:59:48 +0800] "GET /smartqueueweb/JsonStudentQueueEntriesAPI?window_number=0&queue_status=QUEUE HTTP/1.1" 200 12 http-bio-8080-exec-2 6
169.254.207.242 - - [07/Nov/2024:00:59:48 +0800] "GET /smartqueueweb/JsonStudentQueueEntriesAPI?window_number=0&queue_status=SERVING HTTP/1.1" 200 12 http-bio-8080-exec-2 6
0:0:0:0:0:0:0:1 - - [07/Nov/2024:00:59:48 +0800] "GET /smartqueueweb/ping HTTP/1.1" 200 255 http-bio-8080-exec-5 1
169.254.207.242 - - [07/Nov/2024:00:59:49 +0800] "GET /smartqueueweb/JsonStudentQueueEntriesAPI?window_number=1&queue_status=QUEUE HTTP/1.1" 200 204 http-bio-8080-exec-2 8
169.254.207.242 - - [07/Nov/2024:00:59:49 +0800] "GET /smartqueueweb/ping HTTP/1.1" 200 255 http-bio-8080-exec-2 1
169.254.207.242 - - [07/Nov/2024:00:59:49 +0800] "GET /smartqueueweb/JsonStudentQueueEntriesAPI?window_number=1&queue_status=SERVING HTTP/1.1" 200 207 http-bio-8080-exec-7 6
169.254.207.242 - - [07/Nov/2024:00:59:51 +0800] "PUT /smartqueueweb/updateQueueStatus?queueNumber=G2&queueStatus=DONE HTTP/1.1" 200 18 http-bio-8080-exec-7 9
0:0:0:0:0:0:0:1 - - [07/Nov/2024:00:59:51 +0800] "GET /smartqueueweb/ping HTTP/1.1" 200 255 http-bio-8080-exec-5 1
169.254.207.242 - - [07/Nov/2024:00:59:53 +0800] "GET /smartqueueweb/ping HTTP/1.1" 200 255 http-bio-8080-exec-7 2
169.254.207.242 - - [07/Nov/2024:00:59:53 +0800] "GET /smartqueueweb/JsonStudentQueueEntriesAPI?window_number=1&queue_status=QUEUE HTTP/1.1" 200 204 http-bio-8080-exec-2 6
169.254.207.242 - - [07/Nov/2024:00:59:53 +0800] "GET /smartqueueweb/JsonStudentQueueEntriesAPI?window_number=1&queue_status=SERVING HTTP/1.1" 200 12 http-bio-8080-exec-2 6
169.254.207.242 - - [07/Nov/2024:00:59:54 +0800] "PUT /smartqueueweb/updateQueueStatus?queueNumber=G4&queueStatus=SERVING HTTP/1.1" 200 18 http-bio-8080-exec-2 9
0:0:0:0:0:0:0:1 - - [07/Nov/2024:00:59:54 +0800] "GET /smartqueueweb/ping HTTP/1.1" 200 255 http-bio-8080-exec-5 2
0:0:0:0:0:0:0:1 - - [07/Nov/2024:00:59:57 +0800] "GET /smartqueueweb/JsonStudentQueueEntriesAPI?window_number=1&queue_status=SERVING HTTP/1.1" 200 206 http-bio-8080-exec-5 6
0:0:0:0:0:0:0:1 - - [07/Nov/2024:00:59:57 +0800] "GET /smartqueueweb/JsonStudentQueueEntriesAPI?window_number=2&queue_status=SERVING HTTP/1.1" 200 208 http-bio-8080-exec-5 8
0:0:0:0:0:0:0:1 - - [07/Nov/2024:00:59:57 +0800] "GET /smartqueueweb/JsonStudentQueueEntriesAPI?window_number=3&queue_status=SERVING HTTP/1.1" 200 211 http-bio-8080-exec-5 7
169.254.207.242 - - [07/Nov/2024:00:59:57 +0800] "GET /smartqueueweb/ping HTTP/1.1" 200 255 http-bio-8080-exec-2 1
169.254.207.242 - - [07/Nov/2024:00:59:57 +0800] "GET /smartqueueweb/JsonStudentQueueEntriesAPI?window_number=1&queue_status=QUEUE HTTP/1.1" 200 12 http-bio-8080-exec-7 5
169.254.207.242 - - [07/Nov/2024:00:59:57 +0800] "GET /smartqueueweb/JsonStudentQueueEntriesAPI?window_number=1&queue_status=SERVING HTTP/1.1" 200 206 http-bio-8080-exec-7 7
0:0:0:0:0:0:0:1 - - [07/Nov/2024:00:59:57 +0800] "GET /smartqueueweb/ping HTTP/1.1" 200 255 http-bio-8080-exec-5 1
169.254.207.242 - - [07/Nov/2024:00:59:58 +0800] "GET /smartqueueweb/ping HTTP/1.1" 200 255 http-bio-8080-exec-7 2
169.254.207.242 - - [07/Nov/2024:01:00:00 +0800] "GET /smartqueueweb/JsonStudentQueueEntriesAPI?window_number=1&queue_status=QUEUE HTTP/1.1" 200 12 http-bio-8080-exec-7 6
169.254.207.242 - - [07/Nov/2024:01:00:00 +0800] "GET /smartqueueweb/JsonStudentQueueEntriesAPI?window_number=1&queue_status=SERVING HTTP/1.1" 200 206 http-bio-8080-exec-7 9
0:0:0:0:0:0:0:1 - - [07/Nov/2024:01:00:00 +0800] "GET /smartqueueweb/ping HTTP/1.1" 200 255 http-bio-8080-exec-10 1
169.254.207.242 - - [07/Nov/2024:01:00:01 +0800] "GET /smartqueueweb/ping HTTP/1.1" 200 255 http-bio-8080-exec-7 2
0:0:0:0:0:0:0:1 - - [07/Nov/2024:01:00:03 +0800] "GET /smartqueueweb/ping HTTP/1.1" 200 255 http-bio-8080-exec-10 1
169.254.207.242 - - [07/Nov/2024:01:00:04 +0800] "GET /smartqueueweb/ping HTTP/1.1" 200 255 http-bio-8080-exec-7 2
169.254.207.242 - - [07/Nov/2024:01:00:04 +0800] "GET /smartqueueweb/JsonStudentQueueEntriesAPI?window_number=1&queue_status=QUEUE HTTP/1.1" 200 12 http-bio-8080-exec-2 5
169.254.207.242 - - [07/Nov/2024:01:00:04 +0800] "GET /smartqueueweb/JsonStudentQueueEntriesAPI?window_number=1&queue_status=SERVING HTTP/1.1" 200 206 http-bio-8080-exec-2 7
0:0:0:0:0:0:0:1 - - [07/Nov/2024:01:00:06 +0800] "GET /smartqueueweb/ping HTTP/1.1" 200 255 http-bio-8080-exec-10 2
169.254.207.242 - - [07/Nov/2024:01:00:07 +0800] "GET /smartqueueweb/ping HTTP/1.1" 200 255 http-bio-8080-exec-2 1
169.254.207.242 - - [07/Nov/2024:01:00:08 +0800] "GET /smartqueueweb/JsonStudentQueueEntriesAPI?window_number=1&queue_status=QUEUE HTTP/1.1" 200 12 http-bio-8080-exec-2 6
169.254.207.242 - - [07/Nov/2024:01:00:08 +0800] "GET /smartqueueweb/JsonStudentQueueEntriesAPI?window_number=1&queue_status=SERVING HTTP/1.1" 200 206 http-bio-8080-exec-2 7
0:0:0:0:0:0:0:1 - - [07/Nov/2024:01:00:09 +0800] "GET /smartqueueweb/ping HTTP/1.1" 200 255 http-bio-8080-exec-6 2
169.254.207.242 - - [07/Nov/2024:01:00:10 +0800] "GET /smartqueueweb/ping HTTP/1.1" 200 255 http-bio-8080-exec-2 2
169.254.207.242 - - [07/Nov/2024:01:00:12 +0800] "GET /smartqueueweb/JsonStudentQueueEntriesAPI?window_number=1&queue_status=QUEUE HTTP/1.1" 200 12 http-bio-8080-exec-2 6
169.254.207.242 - - [07/Nov/2024:01:00:12 +0800] "GET /smartqueueweb/JsonStudentQueueEntriesAPI?window_number=1&queue_status=SERVING HTTP/1.1" 200 206 http-bio-8080-exec-2 8
0:0:0:0:0:0:0:1 - - [07/Nov/2024:01:00:12 +0800] "GET /smartqueueweb/ping HTTP/1.1" 200 255 http-bio-8080-exec-6 1
169.254.207.242 - - [07/Nov/2024:01:00:13 +0800] "GET /smartqueueweb/ping HTTP/1.1" 200 255 http-bio-8080-exec-2 2
0:0:0:0:0:0:0:1 - - [07/Nov/2024:01:00:15 +0800] "GET /smartqueueweb/ping HTTP/1.1" 200 255 http-bio-8080-exec-6 1
169.254.207.242 - - [07/Nov/2024:01:00:16 +0800] "GET /smartqueueweb/ping HTTP/1.1" 200 255 http-bio-8080-exec-2 1
169.254.207.242 - - [07/Nov/2024:01:00:16 +0800] "GET /smartqueueweb/JsonStudentQueueEntriesAPI?window_number=1&queue_status=QUEUE HTTP/1.1" 200 12 http-bio-8080-exec-7 5
169.254.207.242 - - [07/Nov/2024:01:00:16 +0800] "GET /smartqueueweb/JsonStudentQueueEntriesAPI?window_number=1&queue_status=SERVING HTTP/1.1" 200 206 http-bio-8080-exec-7 8
0:0:0:0:0:0:0:1 - - [07/Nov/2024:01:00:18 +0800] "GET /smartqueueweb/ping HTTP/1.1" 200 255 http-bio-8080-exec-5 1
169.254.207.242 - - [07/Nov/2024:01:00:19 +0800] "GET /smartqueueweb/ping HTTP/1.1" 200 255 http-bio-8080-exec-7 1
169.254.207.242 - - [07/Nov/2024:01:00:20 +0800] "GET /smartqueueweb/JsonStudentQueueEntriesAPI?window_number=1&queue_status=QUEUE HTTP/1.1" 200 12 http-bio-8080-exec-7 6
169.254.207.242 - - [07/Nov/2024:01:00:20 +0800] "GET /smartqueueweb/JsonStudentQueueEntriesAPI?window_number=1&queue_status=SERVING HTTP/1.1" 200 206 http-bio-8080-exec-7 6
0:0:0:0:0:0:0:1 - - [07/Nov/2024:01:00:21 +0800] "GET /smartqueueweb/ping HTTP/1.1" 200 255 http-bio-8080-exec-5 1
169.254.207.242 - - [07/Nov/2024:01:00:22 +0800] "GET /smartqueueweb/ping HTTP/1.1" 200 255 http-bio-8080-exec-7 1
0:0:0:0:0:0:0:1 - - [07/Nov/2024:01:00:24 +0800] "GET /smartqueueweb/ping HTTP/1.1" 200 255 http-bio-8080-exec-5 2
169.254.207.242 - - [07/Nov/2024:01:00:24 +0800] "GET /smartqueueweb/JsonStudentQueueEntriesAPI?window_number=1&queue_status=QUEUE HTTP/1.1" 200 12 http-bio-8080-exec-7 5
169.254.207.242 - - [07/Nov/2024:01:00:24 +0800] "GET /smartqueueweb/JsonStudentQueueEntriesAPI?window_number=1&queue_status=SERVING HTTP/1.1" 200 206 http-bio-8080-exec-7 6
0:0:0:0:0:0:0:1 - - [07/Nov/2024:01:00:24 +0800] "GET /smartqueueweb/ping HTTP/1.1" 200 255 http-bio-8080-exec-5 1
169.254.207.242 - - [07/Nov/2024:01:00:25 +0800] "GET /smartqueueweb/ping HTTP/1.1" 200 255 http-bio-8080-exec-7 1
0:0:0:0:0:0:0:1 - - [07/Nov/2024:01:00:27 +0800] "GET /smartqueueweb/ping HTTP/1.1" 200 255 http-bio-8080-exec-5 2
169.254.207.242 - - [07/Nov/2024:01:00:28 +0800] "GET /smartqueueweb/ping HTTP/1.1" 200 255 http-bio-8080-exec-7 1
169.254.207.242 - - [07/Nov/2024:01:00:28 +0800] "GET /smartqueueweb/JsonStudentQueueEntriesAPI?window_number=1&queue_status=QUEUE HTTP/1.1" 200 12 http-bio-8080-exec-2 5
169.254.207.242 - - [07/Nov/2024:01:00:28 +0800] "GET /smartqueueweb/JsonStudentQueueEntriesAPI?window_number=1&queue_status=SERVING HTTP/1.1" 200 206 http-bio-8080-exec-2 6
0:0:0:0:0:0:0:1 - - [07/Nov/2024:01:00:30 +0800] "GET /smartqueueweb/ping HTTP/1.1" 200 255 http-bio-8080-exec-4 1
169.254.207.242 - - [07/Nov/2024:01:00:31 +0800] "GET /smartqueueweb/ping HTTP/1.1" 200 255 http-bio-8080-exec-2 1
169.254.207.242 - - [07/Nov/2024:01:00:32 +0800] "GET /smartqueueweb/JsonStudentQueueEntriesAPI?window_number=1&queue_status=QUEUE HTTP/1.1" 200 12 http-bio-8080-exec-2 6
169.254.207.242 - - [07/Nov/2024:01:00:32 +0800] "GET /smartqueueweb/JsonStudentQueueEntriesAPI?window_number=1&queue_status=SERVING HTTP/1.1" 200 206 http-bio-8080-exec-2 7
0:0:0:0:0:0:0:1 - - [07/Nov/2024:01:00:33 +0800] "GET /smartqueueweb/ping HTTP/1.1" 200 255 http-bio-8080-exec-4 1
169.254.207.242 - - [07/Nov/2024:01:00:34 +0800] "GET /smartqueueweb/ping HTTP/1.1" 200 255 http-bio-8080-exec-2 2
169.254.207.242 - - [07/Nov/2024:01:00:36 +0800] "GET /smartqueueweb/JsonStudentQueueEntriesAPI?window_number=1&queue_status=QUEUE HTTP/1.1" 200 12 http-bio-8080-exec-2 7
169.254.207.242 - - [07/Nov/2024:01:00:36 +0800] "GET /smartqueueweb/JsonStudentQueueEntriesAPI?window_number=1&queue_status=SERVING HTTP/1.1" 200 206 http-bio-8080-exec-2 6
0:0:0:0:0:0:0:1 - - [07/Nov/2024:01:00:36 +0800] "GET /smartqueueweb/ping HTTP/1.1" 200 255 http-bio-8080-exec-4 1
169.254.207.242 - - [07/Nov/2024:01:00:37 +0800] "GET /smartqueueweb/ping HTTP/1.1" 200 255 http-bio-8080-exec-2 1
0:0:0:0:0:0:0:1 - - [07/Nov/2024:01:00:39 +0800] "GET /smartqueueweb/ping HTTP/1.1" 200 255 http-bio-8080-exec-10 1
169.254.207.242 - - [07/Nov/2024:01:00:40 +0800] "GET /smartqueueweb/ping HTTP/1.1" 200 255 http-bio-8080-exec-2 2
169.254.207.242 - - [07/Nov/2024:01:00:40 +0800] "GET /smartqueueweb/JsonStudentQueueEntriesAPI?window_number=1&queue_status=QUEUE HTTP/1.1" 200 12 http-bio-8080-exec-7 5
169.254.207.242 - - [07/Nov/2024:01:00:40 +0800] "GET /smartqueueweb/JsonStudentQueueEntriesAPI?window_number=1&queue_status=SERVING HTTP/1.1" 200 206 http-bio-8080-exec-7 6
0:0:0:0:0:0:0:1 - - [07/Nov/2024:01:00:42 +0800] "GET /smartqueueweb/ping HTTP/1.1" 200 255 http-bio-8080-exec-10 1
169.254.207.242 - - [07/Nov/2024:01:00:43 +0800] "GET /smartqueueweb/ping HTTP/1.1" 200 255 http-bio-8080-exec-7 1
169.254.207.242 - - [07/Nov/2024:01:00:44 +0800] "GET /smartqueueweb/JsonStudentQueueEntriesAPI?window_number=1&queue_status=QUEUE HTTP/1.1" 200 12 http-bio-8080-exec-7 5
169.254.207.242 - - [07/Nov/2024:01:00:44 +0800] "GET /smartqueueweb/JsonStudentQueueEntriesAPI?window_number=1&queue_status=SERVING HTTP/1.1" 200 206 http-bio-8080-exec-7 6
0:0:0:0:0:0:0:1 - - [07/Nov/2024:01:00:45 +0800] "GET /smartqueueweb/ping HTTP/1.1" 200 255 http-bio-8080-exec-10 1
169.254.207.242 - - [07/Nov/2024:01:00:46 +0800] "GET /smartqueueweb/ping HTTP/1.1" 200 255 http-bio-8080-exec-7 1
169.254.207.242 - - [07/Nov/2024:01:00:48 +0800] "GET /smartqueueweb/JsonStudentQueueEntriesAPI?window_number=1&queue_status=QUEUE HTTP/1.1" 200 12 http-bio-8080-exec-7 6
169.254.207.242 - - [07/Nov/2024:01:00:48 +0800] "GET /smartqueueweb/JsonStudentQueueEntriesAPI?window_number=1&queue_status=SERVING HTTP/1.1" 200 206 http-bio-8080-exec-7 6
169.254.207.242 - - [07/Nov/2024:01:00:49 +0800] "GET /smartqueueweb/ping HTTP/1.1" 200 255 http-bio-8080-exec-7 1
0:0:0:0:0:0:0:1 - - [07/Nov/2024:01:00:50 +0800] "GET /smartqueueweb/ping HTTP/1.1" 200 255 http-bio-8080-exec-6 1
0:0:0:0:0:0:0:1 - - [07/Nov/2024:01:00:51 +0800] "GET /smartqueueweb/ping HTTP/1.1" 200 255 http-bio-8080-exec-6 1
169.254.207.242 - - [07/Nov/2024:01:00:52 +0800] "GET /smartqueueweb/ping HTTP/1.1" 200 255 http-bio-8080-exec-7 1
169.254.207.242 - - [07/Nov/2024:01:00:52 +0800] "GET /smartqueueweb/JsonStudentQueueEntriesAPI?window_number=1&queue_status=QUEUE HTTP/1.1" 200 12 http-bio-8080-exec-7 6
169.254.207.242 - - [07/Nov/2024:01:00:52 +0800] "GET /smartqueueweb/JsonStudentQueueEntriesAPI?window_number=1&queue_status=SERVING HTTP/1.1" 200 206 http-bio-8080-exec-7 7
0:0:0:0:0:0:0:1 - - [07/Nov/2024:01:00:54 +0800] "GET /smartqueueweb/ping HTTP/1.1" 200 255 http-bio-8080-exec-6 1
169.254.207.242 - - [07/Nov/2024:01:00:55 +0800] "GET /smartqueueweb/ping HTTP/1.1" 200 255 http-bio-8080-exec-7 2
169.254.207.242 - - [07/Nov/2024:01:00:56 +0800] "GET /smartqueueweb/JsonStudentQueueEntriesAPI?window_number=1&queue_status=QUEUE HTTP/1.1" 200 12 http-bio-8080-exec-7 7
169.254.207.242 - - [07/Nov/2024:01:00:56 +0800] "GET /smartqueueweb/JsonStudentQueueEntriesAPI?window_number=1&queue_status=SERVING HTTP/1.1" 200 206 http-bio-8080-exec-7 5
0:0:0:0:0:0:0:1 - - [07/Nov/2024:01:00:57 +0800] "GET /smartqueueweb/ping HTTP/1.1" 200 255 http-bio-8080-exec-6 1
169.254.207.242 - - [07/Nov/2024:01:00:58 +0800] "GET /smartqueueweb/ping HTTP/1.1" 200 255 http-bio-8080-exec-7 2
169.254.207.242 - - [07/Nov/2024:01:01:00 +0800] "GET /smartqueueweb/JsonStudentQueueEntriesAPI?window_number=1&queue_status=QUEUE HTTP/1.1" 200 12 http-bio-8080-exec-7 6
169.254.207.242 - - [07/Nov/2024:01:01:00 +0800] "GET /smartqueueweb/JsonStudentQueueEntriesAPI?window_number=1&queue_status=SERVING HTTP/1.1" 200 206 http-bio-8080-exec-7 6
0:0:0:0:0:0:0:1 - - [07/Nov/2024:01:01:00 +0800] "GET /smartqueueweb/ping HTTP/1.1" 200 255 http-bio-8080-exec-8 1
169.254.207.242 - - [07/Nov/2024:01:01:01 +0800] "GET /smartqueueweb/ping HTTP/1.1" 200 255 http-bio-8080-exec-7 1
0:0:0:0:0:0:0:1 - - [07/Nov/2024:01:01:03 +0800] "GET /smartqueueweb/ping HTTP/1.1" 200 255 http-bio-8080-exec-8 1
169.254.207.242 - - [07/Nov/2024:01:01:04 +0800] "GET /smartqueueweb/ping HTTP/1.1" 200 255 http-bio-8080-exec-7 1
169.254.207.242 - - [07/Nov/2024:01:01:04 +0800] "GET /smartqueueweb/JsonStudentQueueEntriesAPI?window_number=1&queue_status=QUEUE HTTP/1.1" 200 12 http-bio-8080-exec-2 6
169.254.207.242 - - [07/Nov/2024:01:01:04 +0800] "GET /smartqueueweb/JsonStudentQueueEntriesAPI?window_number=1&queue_status=SERVING HTTP/1.1" 200 206 http-bio-8080-exec-2 7
0:0:0:0:0:0:0:1 - - [07/Nov/2024:01:01:06 +0800] "GET /smartqueueweb/JsonStudentQueueEntriesAPI?window_number=1&queue_status=SERVING HTTP/1.1" 200 206 http-bio-8080-exec-8 5
0:0:0:0:0:0:0:1 - - [07/Nov/2024:01:01:06 +0800] "GET /smartqueueweb/JsonStudentQueueEntriesAPI?window_number=2&queue_status=SERVING HTTP/1.1" 200 208 http-bio-8080-exec-8 6
0:0:0:0:0:0:0:1 - - [07/Nov/2024:01:01:06 +0800] "GET /smartqueueweb/JsonStudentQueueEntriesAPI?window_number=3&queue_status=SERVING HTTP/1.1" 200 211 http-bio-8080-exec-8 5
0:0:0:0:0:0:0:1 - - [07/Nov/2024:01:01:06 +0800] "GET /smartqueueweb/ping HTTP/1.1" 200 255 http-bio-8080-exec-8 1
169.254.207.242 - - [07/Nov/2024:01:01:07 +0800] "GET /smartqueueweb/ping HTTP/1.1" 200 255 http-bio-8080-exec-2 2
169.254.207.242 - - [07/Nov/2024:01:01:08 +0800] "GET /smartqueueweb/JsonStudentQueueEntriesAPI?window_number=1&queue_status=QUEUE HTTP/1.1" 200 12 http-bio-8080-exec-2 6
169.254.207.242 - - [07/Nov/2024:01:01:08 +0800] "GET /smartqueueweb/JsonStudentQueueEntriesAPI?window_number=1&queue_status=SERVING HTTP/1.1" 200 206 http-bio-8080-exec-2 7
0:0:0:0:0:0:0:1 - - [07/Nov/2024:01:01:09 +0800] "GET /smartqueueweb/ping HTTP/1.1" 200 255 http-bio-8080-exec-10 1
169.254.207.242 - - [07/Nov/2024:01:01:10 +0800] "GET /smartqueueweb/ping HTTP/1.1" 200 255 http-bio-8080-exec-2 1
169.254.207.242 - - [07/Nov/2024:01:01:10 +0800] "GET /smartqueueweb/JsonAvailableWindow HTTP/1.1" 200 242 http-bio-8080-exec-2 6
169.254.207.242 - - [07/Nov/2024:01:01:11 +0800] "GET /smartqueueweb/JsonStudentQueueEntriesAPI?window_number=3&queue_status=QUEUE HTTP/1.1" 200 12 http-bio-8080-exec-2 5
169.254.207.242 - - [07/Nov/2024:01:01:11 +0800] "GET /smartqueueweb/JsonStudentQueueEntriesAPI?window_number=3&queue_status=SERVING HTTP/1.1" 200 211 http-bio-8080-exec-2 6
169.254.207.242 - - [07/Nov/2024:01:01:12 +0800] "GET /smartqueueweb/JsonStudentQueueEntriesAPI?window_number=3&queue_status=QUEUE HTTP/1.1" 200 12 http-bio-8080-exec-2 5
169.254.207.242 - - [07/Nov/2024:01:01:12 +0800] "GET /smartqueueweb/JsonStudentQueueEntriesAPI?window_number=3&queue_status=SERVING HTTP/1.1" 200 211 http-bio-8080-exec-2 8
0:0:0:0:0:0:0:1 - - [07/Nov/2024:01:01:12 +0800] "GET /smartqueueweb/ping HTTP/1.1" 200 255 http-bio-8080-exec-10 2
169.254.207.242 - - [07/Nov/2024:01:01:13 +0800] "GET /smartqueueweb/ping HTTP/1.1" 200 255 http-bio-8080-exec-2 1
0:0:0:0:0:0:0:1 - - [07/Nov/2024:01:01:15 +0800] "GET /smartqueueweb/ping HTTP/1.1" 200 255 http-bio-8080-exec-10 1
169.254.207.242 - - [07/Nov/2024:01:01:16 +0800] "GET /smartqueueweb/ping HTTP/1.1" 200 255 http-bio-8080-exec-2 1
169.254.207.242 - - [07/Nov/2024:01:01:16 +0800] "GET /smartqueueweb/JsonStudentQueueEntriesAPI?window_number=3&queue_status=QUEUE HTTP/1.1" 200 12 http-bio-8080-exec-7 5
169.254.207.242 - - [07/Nov/2024:01:01:16 +0800] "GET /smartqueueweb/JsonStudentQueueEntriesAPI?window_number=3&queue_status=SERVING HTTP/1.1" 200 211 http-bio-8080-exec-7 7
0:0:0:0:0:0:0:1 - - [07/Nov/2024:01:01:17 +0800] "GET /smartqueueweb/JsonStudentQueueEntriesAPI?window_number=1&queue_status=SERVING HTTP/1.1" 200 206 http-bio-8080-exec-10 6
0:0:0:0:0:0:0:1 - - [07/Nov/2024:01:01:17 +0800] "GET /smartqueueweb/JsonStudentQueueEntriesAPI?window_number=2&queue_status=SERVING HTTP/1.1" 200 208 http-bio-8080-exec-10 7
0:0:0:0:0:0:0:1 - - [07/Nov/2024:01:01:17 +0800] "GET /smartqueueweb/JsonStudentQueueEntriesAPI?window_number=3&queue_status=SERVING HTTP/1.1" 200 211 http-bio-8080-exec-10 8
0:0:0:0:0:0:0:1 - - [07/Nov/2024:01:01:18 +0800] "GET /smartqueueweb/ping HTTP/1.1" 200 255 http-bio-8080-exec-3 1
169.254.207.242 - - [07/Nov/2024:01:01:19 +0800] "GET /smartqueueweb/ping HTTP/1.1" 200 255 http-bio-8080-exec-7 1
169.254.207.242 - - [07/Nov/2024:01:01:20 +0800] "GET /smartqueueweb/JsonStudentQueueEntriesAPI?window_number=3&queue_status=QUEUE HTTP/1.1" 200 12 http-bio-8080-exec-7 5
169.254.207.242 - - [07/Nov/2024:01:01:20 +0800] "GET /smartqueueweb/JsonStudentQueueEntriesAPI?window_number=3&queue_status=SERVING HTTP/1.1" 200 211 http-bio-8080-exec-7 8
0:0:0:0:0:0:0:1 - - [07/Nov/2024:01:01:21 +0800] "GET /smartqueueweb/ping HTTP/1.1" 200 255 http-bio-8080-exec-3 2
169.254.207.242 - - [07/Nov/2024:01:01:22 +0800] "GET /smartqueueweb/ping HTTP/1.1" 200 255 http-bio-8080-exec-7 2
0:0:0:0:0:0:0:1 - - [07/Nov/2024:01:01:24 +0800] "GET /smartqueueweb/ping HTTP/1.1" 200 255 http-bio-8080-exec-3 1
169.254.207.242 - - [07/Nov/2024:01:01:24 +0800] "GET /smartqueueweb/JsonStudentQueueEntriesAPI?window_number=3&queue_status=QUEUE HTTP/1.1" 200 12 http-bio-8080-exec-7 5
169.254.207.242 - - [07/Nov/2024:01:01:24 +0800] "GET /smartqueueweb/JsonStudentQueueEntriesAPI?window_number=3&queue_status=SERVING HTTP/1.1" 200 211 http-bio-8080-exec-7 6
0:0:0:0:0:0:0:1 - - [07/Nov/2024:01:01:24 +0800] "GET /smartqueueweb/ping HTTP/1.1" 200 255 http-bio-8080-exec-3 1
169.254.207.242 - - [07/Nov/2024:01:01:25 +0800] "GET /smartqueueweb/ping HTTP/1.1" 200 255 http-bio-8080-exec-7 1
0:0:0:0:0:0:0:1 - - [07/Nov/2024:01:01:27 +0800] "GET /smartqueueweb/ping HTTP/1.1" 200 255 http-bio-8080-exec-3 2
169.254.207.242 - - [07/Nov/2024:01:01:28 +0800] "GET /smartqueueweb/ping HTTP/1.1" 200 255 http-bio-8080-exec-7 2
169.254.207.242 - - [07/Nov/2024:01:01:28 +0800] "GET /smartqueueweb/JsonStudentQueueEntriesAPI?window_number=3&queue_status=QUEUE HTTP/1.1" 200 12 http-bio-8080-exec-2 5
169.254.207.242 - - [07/Nov/2024:01:01:28 +0800] "GET /smartqueueweb/JsonStudentQueueEntriesAPI?window_number=3&queue_status=SERVING HTTP/1.1" 200 211 http-bio-8080-exec-2 5
0:0:0:0:0:0:0:1 - - [07/Nov/2024:01:01:30 +0800] "GET /smartqueueweb/ping HTTP/1.1" 200 255 http-bio-8080-exec-8 1
169.254.207.242 - - [07/Nov/2024:01:01:31 +0800] "PUT /smartqueueweb/updateQueueStatus?queueNumber=A3&queueStatus=DONE HTTP/1.1" 200 18 http-bio-8080-exec-2 18
169.254.207.242 - - [07/Nov/2024:01:01:32 +0800] "GET /smartqueueweb/ping HTTP/1.1" 200 255 http-bio-8080-exec-3 1
0:0:0:0:0:0:0:1 - - [07/Nov/2024:01:01:32 +0800] "GET /smartqueueweb/JsonStudentQueueEntriesAPI?window_number=1&queue_status=SERVING HTTP/1.1" 200 206 http-bio-8080-exec-8 6
0:0:0:0:0:0:0:1 - - [07/Nov/2024:01:01:32 +0800] "GET /smartqueueweb/JsonStudentQueueEntriesAPI?window_number=2&queue_status=SERVING HTTP/1.1" 200 208 http-bio-8080-exec-8 7
0:0:0:0:0:0:0:1 - - [07/Nov/2024:01:01:32 +0800] "GET /smartqueueweb/JsonStudentQueueEntriesAPI?window_number=3&queue_status=SERVING HTTP/1.1" 200 12 http-bio-8080-exec-8 6
169.254.207.242 - - [07/Nov/2024:01:01:32 +0800] "GET /smartqueueweb/JsonStudentQueueEntriesAPI?window_number=3&queue_status=QUEUE HTTP/1.1" 200 12 http-bio-8080-exec-3 5
169.254.207.242 - - [07/Nov/2024:01:01:32 +0800] "GET /smartqueueweb/JsonStudentQueueEntriesAPI?window_number=3&queue_status=SERVING HTTP/1.1" 200 12 http-bio-8080-exec-3 5
169.254.207.242 - - [07/Nov/2024:01:01:32 +0800] "GET /smartqueueweb/JsonAvailableWindow HTTP/1.1" 200 242 http-bio-8080-exec-3 6
0:0:0:0:0:0:0:1 - - [07/Nov/2024:01:01:33 +0800] "GET /smartqueueweb/ping HTTP/1.1" 200 255 http-bio-8080-exec-8 1
169.254.207.242 - - [07/Nov/2024:01:01:33 +0800] "GET /smartqueueweb/JsonStudentQueueEntriesAPI?window_number=1&queue_status=QUEUE HTTP/1.1" 200 12 http-bio-8080-exec-3 6
169.254.207.242 - - [07/Nov/2024:01:01:33 +0800] "GET /smartqueueweb/JsonStudentQueueEntriesAPI?window_number=1&queue_status=SERVING HTTP/1.1" 200 206 http-bio-8080-exec-3 5
169.254.207.242 - - [07/Nov/2024:01:01:34 +0800] "GET /smartqueueweb/ping HTTP/1.1" 200 255 http-bio-8080-exec-3 1
169.254.207.242 - - [07/Nov/2024:01:01:35 +0800] "GET /smartqueueweb/JsonAvailableWindow HTTP/1.1" 200 242 http-bio-8080-exec-3 6
169.254.207.242 - - [07/Nov/2024:01:01:36 +0800] "GET /smartqueueweb/JsonStudentQueueEntriesAPI?window_number=2&queue_status=QUEUE HTTP/1.1" 200 12 http-bio-8080-exec-3 6
169.254.207.242 - - [07/Nov/2024:01:01:36 +0800] "GET /smartqueueweb/JsonStudentQueueEntriesAPI?window_number=2&queue_status=SERVING HTTP/1.1" 200 208 http-bio-8080-exec-3 6
169.254.207.242 - - [07/Nov/2024:01:01:36 +0800] "GET /smartqueueweb/JsonStudentQueueEntriesAPI?window_number=2&queue_status=QUEUE HTTP/1.1" 200 12 http-bio-8080-exec-3 6
169.254.207.242 - - [07/Nov/2024:01:01:36 +0800] "GET /smartqueueweb/JsonStudentQueueEntriesAPI?window_number=2&queue_status=SERVING HTTP/1.1" 200 208 http-bio-8080-exec-2 7
0:0:0:0:0:0:0:1 - - [07/Nov/2024:01:01:36 +0800] "GET /smartqueueweb/ping HTTP/1.1" 200 255 http-bio-8080-exec-8 1
169.254.207.242 - - [07/Nov/2024:01:01:37 +0800] "GET /smartqueueweb/ping HTTP/1.1" 200 255 http-bio-8080-exec-2 1
0:0:0:0:0:0:0:1 - - [07/Nov/2024:01:01:39 +0800] "GET /smartqueueweb/ping HTTP/1.1" 200 255 http-bio-8080-exec-6 1
169.254.207.242 - - [07/Nov/2024:01:01:40 +0800] "GET /smartqueueweb/ping HTTP/1.1" 200 255 http-bio-8080-exec-2 2
169.254.207.242 - - [07/Nov/2024:01:01:40 +0800] "GET /smartqueueweb/JsonStudentQueueEntriesAPI?window_number=2&queue_status=QUEUE HTTP/1.1" 200 12 http-bio-8080-exec-7 6
169.254.207.242 - - [07/Nov/2024:01:01:40 +0800] "GET /smartqueueweb/JsonStudentQueueEntriesAPI?window_number=2&queue_status=SERVING HTTP/1.1" 200 208 http-bio-8080-exec-7 6
0:0:0:0:0:0:0:1 - - [07/Nov/2024:01:01:40 +0800] "GET /smartqueueweb/JsonStudentQueueEntriesAPI?window_number=1&queue_status=SERVING HTTP/1.1" 200 206 http-bio-8080-exec-6 6
0:0:0:0:0:0:0:1 - - [07/Nov/2024:01:01:40 +0800] "GET /smartqueueweb/JsonStudentQueueEntriesAPI?window_number=2&queue_status=SERVING HTTP/1.1" 200 208 http-bio-8080-exec-6 7
0:0:0:0:0:0:0:1 - - [07/Nov/2024:01:01:40 +0800] "GET /smartqueueweb/JsonStudentQueueEntriesAPI?window_number=3&queue_status=SERVING HTTP/1.1" 200 12 http-bio-8080-exec-6 8
0:0:0:0:0:0:0:1 - - [07/Nov/2024:01:01:42 +0800] "GET /smartqueueweb/ping HTTP/1.1" 200 255 http-bio-8080-exec-6 2
169.254.207.242 - - [07/Nov/2024:01:01:43 +0800] "GET /smartqueueweb/ping HTTP/1.1" 200 255 http-bio-8080-exec-7 1
169.254.207.242 - - [07/Nov/2024:01:01:44 +0800] "GET /smartqueueweb/JsonStudentQueueEntriesAPI?window_number=2&queue_status=QUEUE HTTP/1.1" 200 12 http-bio-8080-exec-7 7
169.254.207.242 - - [07/Nov/2024:01:01:44 +0800] "GET /smartqueueweb/JsonStudentQueueEntriesAPI?window_number=2&queue_status=SERVING HTTP/1.1" 200 208 http-bio-8080-exec-7 8
0:0:0:0:0:0:0:1 - - [07/Nov/2024:01:01:45 +0800] "GET /smartqueueweb/ping HTTP/1.1" 200 255 http-bio-8080-exec-6 2
169.254.207.242 - - [07/Nov/2024:01:01:46 +0800] "GET /smartqueueweb/ping HTTP/1.1" 200 255 http-bio-8080-exec-7 3
169.254.207.242 - - [07/Nov/2024:01:01:48 +0800] "GET /smartqueueweb/JsonStudentQueueEntriesAPI?window_number=2&queue_status=QUEUE HTTP/1.1" 200 12 http-bio-8080-exec-7 6
169.254.207.242 - - [07/Nov/2024:01:01:48 +0800] "GET /smartqueueweb/JsonStudentQueueEntriesAPI?window_number=2&queue_status=SERVING HTTP/1.1" 200 208 http-bio-8080-exec-7 8
0:0:0:0:0:0:0:1 - - [07/Nov/2024:01:01:48 +0800] "GET /smartqueueweb/ping HTTP/1.1" 200 255 http-bio-8080-exec-3 0
0:0:0:0:0:0:0:1 - - [07/Nov/2024:01:01:49 +0800] "GET /smartqueueweb/JsonStudentQueueEntriesAPI?window_number=1&queue_status=SERVING HTTP/1.1" 200 206 http-bio-8080-exec-3 6
0:0:0:0:0:0:0:1 - - [07/Nov/2024:01:01:49 +0800] "GET /smartqueueweb/JsonStudentQueueEntriesAPI?window_number=2&queue_status=SERVING HTTP/1.1" 200 208 http-bio-8080-exec-3 8
