192.168.1.11 - - [05/Nov/2024:22:23:53 +0800] "GET /smartqueueweb/ HTTP/1.1" 302 - http-bio-8080-exec-10 4
192.168.1.11 - - [05/Nov/2024:22:23:54 +0800] "GET /smartqueueweb/staffdashboard HTTP/1.1" 200 14711 http-bio-8080-exec-10 5
0:0:0:0:0:0:0:1 - - [05/Nov/2024:22:23:55 +0800] "GET /smartqueueweb/ping HTTP/1.1" 200 255 http-bio-8080-exec-6 0
192.168.1.11 - - [05/Nov/2024:22:23:56 +0800] "GET /smartqueueweb/counterwindow HTTP/1.1" 200 26722 http-bio-8080-exec-10 3
192.168.1.11 - - [05/Nov/2024:22:23:56 +0800] "GET /smartqueueweb/QueueWebSocketController HTTP/1.1" 101 - http-bio-8080-exec-7 1
192.168.1.11 - - [05/Nov/2024:22:23:57 +0800] "GET /smartqueueweb/JsonAvailableWindow HTTP/1.1" 200 242 http-bio-8080-exec-10 6
192.168.1.11 - - [05/Nov/2024:22:23:58 +0800] "GET /smartqueueweb/JsonStudentQueueEntriesAPI?window_number=1&queue_status=QUEUE HTTP/1.1" 200 12 http-bio-8080-exec-10 7
192.168.1.11 - - [05/Nov/2024:22:23:58 +0800] "GET /smartqueueweb/JsonStudentQueueEntriesAPI?window_number=1&queue_status=SERVING HTTP/1.1" 200 12 http-bio-8080-exec-10 7
0:0:0:0:0:0:0:1 - - [05/Nov/2024:22:23:58 +0800] "GET /smartqueueweb/ping HTTP/1.1" 200 255 http-bio-8080-exec-6 1
192.168.1.11 - - [05/Nov/2024:22:23:59 +0800] "GET /smartqueueweb/ping HTTP/1.1" 200 255 http-bio-8080-exec-5 1
192.168.1.11 - - [05/Nov/2024:22:24:00 +0800] "GET /smartqueueweb/JsonStudentQueueEntriesAPI?window_number=1&queue_status=QUEUE HTTP/1.1" 200 12 http-bio-8080-exec-5 5
192.168.1.11 - - [05/Nov/2024:22:24:00 +0800] "GET /smartqueueweb/JsonStudentQueueEntriesAPI?window_number=1&queue_status=SERVING HTTP/1.1" 200 12 http-bio-8080-exec-5 21
0:0:0:0:0:0:0:1 - - [05/Nov/2024:22:24:01 +0800] "GET /smartqueueweb/ping HTTP/1.1" 200 255 http-bio-8080-exec-1 1
192.168.1.11 - - [05/Nov/2024:22:24:01 +0800] "GET /smartqueueweb/JsonAvailableWindow HTTP/1.1" 200 242 http-bio-8080-exec-5 8
192.168.1.11 - - [05/Nov/2024:22:24:02 +0800] "GET /smartqueueweb/ping HTTP/1.1" 200 255 http-bio-8080-exec-5 0
192.168.1.11 - - [05/Nov/2024:22:24:02 +0800] "GET /smartqueueweb/JsonStudentQueueEntriesAPI?window_number=2&queue_status=QUEUE HTTP/1.1" 200 211 http-bio-8080-exec-5 7
192.168.1.11 - - [05/Nov/2024:22:24:02 +0800] "GET /smartqueueweb/JsonStudentQueueEntriesAPI?window_number=2&queue_status=SERVING HTTP/1.1" 200 208 http-bio-8080-exec-5 7
192.168.1.11 - - [05/Nov/2024:22:24:04 +0800] "GET /smartqueueweb/JsonStudentQueueEntriesAPI?window_number=2&queue_status=QUEUE HTTP/1.1" 200 211 http-bio-8080-exec-5 5
192.168.1.11 - - [05/Nov/2024:22:24:04 +0800] "GET /smartqueueweb/JsonStudentQueueEntriesAPI?window_number=2&queue_status=SERVING HTTP/1.1" 200 208 http-bio-8080-exec-5 6
0:0:0:0:0:0:0:1 - - [05/Nov/2024:22:24:04 +0800] "GET /smartqueueweb/ping HTTP/1.1" 200 255 http-bio-8080-exec-1 1
192.168.1.11 - - [05/Nov/2024:22:24:05 +0800] "GET /smartqueueweb/ping HTTP/1.1" 200 255 http-bio-8080-exec-5 1
192.168.1.11 - - [05/Nov/2024:22:24:06 +0800] "PUT /smartqueueweb/updateQueueStatus?queueNumber=R951&queueStatus=DONE HTTP/1.1" 200 18 http-bio-8080-exec-5 17
0:0:0:0:0:0:0:1 - - [05/Nov/2024:22:24:07 +0800] "GET /smartqueueweb/ping HTTP/1.1" 200 255 http-bio-8080-exec-1 0
0:0:0:0:0:0:0:1 - - [05/Nov/2024:22:24:07 +0800] "GET /smartqueueweb/JsonStudentQueueEntriesAPI?window_number=1&queue_status=SERVING HTTP/1.1" 200 12 http-bio-8080-exec-1 6
0:0:0:0:0:0:0:1 - - [05/Nov/2024:22:24:07 +0800] "GET /smartqueueweb/JsonStudentQueueEntriesAPI?window_number=2&queue_status=SERVING HTTP/1.1" 200 12 http-bio-8080-exec-1 5
0:0:0:0:0:0:0:1 - - [05/Nov/2024:22:24:07 +0800] "GET /smartqueueweb/JsonStudentQueueEntriesAPI?window_number=3&queue_status=SERVING HTTP/1.1" 200 12 http-bio-8080-exec-1 5
192.168.1.11 - - [05/Nov/2024:22:24:08 +0800] "GET /smartqueueweb/ping HTTP/1.1" 200 255 http-bio-8080-exec-5 1
192.168.1.11 - - [05/Nov/2024:22:24:08 +0800] "GET /smartqueueweb/JsonStudentQueueEntriesAPI?window_number=2&queue_status=QUEUE HTTP/1.1" 200 211 http-bio-8080-exec-2 4
192.168.1.11 - - [05/Nov/2024:22:24:08 +0800] "GET /smartqueueweb/JsonStudentQueueEntriesAPI?window_number=2&queue_status=SERVING HTTP/1.1" 200 12 http-bio-8080-exec-2 5
0:0:0:0:0:0:0:1 - - [05/Nov/2024:22:24:10 +0800] "GET /smartqueueweb/ping HTTP/1.1" 200 255 http-bio-8080-exec-8 2
192.168.1.11 - - [05/Nov/2024:22:24:11 +0800] "GET /smartqueueweb/ping HTTP/1.1" 200 255 http-bio-8080-exec-6 1
192.168.1.11 - - [05/Nov/2024:22:24:12 +0800] "GET /smartqueueweb/JsonStudentQueueEntriesAPI?window_number=2&queue_status=QUEUE HTTP/1.1" 200 211 http-bio-8080-exec-6 5
192.168.1.11 - - [05/Nov/2024:22:24:12 +0800] "GET /smartqueueweb/JsonStudentQueueEntriesAPI?window_number=2&queue_status=SERVING HTTP/1.1" 200 12 http-bio-8080-exec-6 5
0:0:0:0:0:0:0:1 - - [05/Nov/2024:22:24:13 +0800] "GET /smartqueueweb/ping HTTP/1.1" 200 255 http-bio-8080-exec-8 0
192.168.1.11 - - [05/Nov/2024:22:24:14 +0800] "GET /smartqueueweb/ping HTTP/1.1" 200 255 http-bio-8080-exec-5 0
192.168.1.11 - - [05/Nov/2024:22:24:15 +0800] "PUT /smartqueueweb/updateQueueStatus?queueNumber=R205&queueStatus=SERVING HTTP/1.1" 200 18 http-bio-8080-exec-5 13
0:0:0:0:0:0:0:1 - - [05/Nov/2024:22:24:16 +0800] "GET /smartqueueweb/ping HTTP/1.1" 200 255 http-bio-8080-exec-8 1
192.168.1.11 - - [05/Nov/2024:22:24:17 +0800] "GET /smartqueueweb/ping HTTP/1.1" 200 255 http-bio-8080-exec-4 1
192.168.1.11 - - [05/Nov/2024:22:24:17 +0800] "GET /smartqueueweb/JsonStudentQueueEntriesAPI?window_number=2&queue_status=QUEUE HTTP/1.1" 200 12 http-bio-8080-exec-5 6
192.168.1.11 - - [05/Nov/2024:22:24:17 +0800] "GET /smartqueueweb/JsonStudentQueueEntriesAPI?window_number=2&queue_status=SERVING HTTP/1.1" 200 213 http-bio-8080-exec-5 8
0:0:0:0:0:0:0:1 - - [05/Nov/2024:22:24:18 +0800] "GET /smartqueueweb/JsonStudentQueueEntriesAPI?window_number=1&queue_status=SERVING HTTP/1.1" 200 12 http-bio-8080-exec-8 5
0:0:0:0:0:0:0:1 - - [05/Nov/2024:22:24:18 +0800] "GET /smartqueueweb/JsonStudentQueueEntriesAPI?window_number=2&queue_status=SERVING HTTP/1.1" 200 213 http-bio-8080-exec-8 5
0:0:0:0:0:0:0:1 - - [05/Nov/2024:22:24:18 +0800] "GET /smartqueueweb/JsonStudentQueueEntriesAPI?window_number=3&queue_status=SERVING HTTP/1.1" 200 12 http-bio-8080-exec-8 6
0:0:0:0:0:0:0:1 - - [05/Nov/2024:22:24:19 +0800] "GET /smartqueueweb/ping HTTP/1.1" 200 255 http-bio-8080-exec-2 0
192.168.1.11 - - [05/Nov/2024:22:24:20 +0800] "GET /smartqueueweb/ping HTTP/1.1" 200 255 http-bio-8080-exec-10 1
192.168.1.11 - - [05/Nov/2024:22:24:20 +0800] "GET /smartqueueweb/JsonStudentQueueEntriesAPI?window_number=2&queue_status=QUEUE HTTP/1.1" 200 12 http-bio-8080-exec-9 16
192.168.1.11 - - [05/Nov/2024:22:24:20 +0800] "GET /smartqueueweb/JsonStudentQueueEntriesAPI?window_number=2&queue_status=SERVING HTTP/1.1" 200 213 http-bio-8080-exec-9 5
0:0:0:0:0:0:0:1 - - [05/Nov/2024:22:24:22 +0800] "GET /smartqueueweb/ping HTTP/1.1" 200 255 http-bio-8080-exec-2 0
192.168.1.11 - - [05/Nov/2024:22:24:23 +0800] "GET /smartqueueweb/ping HTTP/1.1" 200 5326 http-bio-8080-exec-9 37
192.168.1.11 - - [05/Nov/2024:22:24:24 +0800] "GET /smartqueueweb/JsonStudentQueueEntriesAPI?window_number=2&queue_status=QUEUE HTTP/1.1" 200 12 http-bio-8080-exec-9 16
192.168.1.11 - - [05/Nov/2024:22:24:24 +0800] "GET /smartqueueweb/ HTTP/1.1" 200 5326 http-bio-8080-exec-10 6
192.168.1.11 - - [05/Nov/2024:22:24:24 +0800] "GET /smartqueueweb/JsonStudentQueueEntriesAPI?window_number=2&queue_status=SERVING HTTP/1.1" 200 213 http-bio-8080-exec-9 9
192.168.1.11 - - [05/Nov/2024:22:24:24 +0800] "GET /smartqueueweb/images/image.png HTTP/1.1" 200 7939610 http-bio-8080-exec-9 46
0:0:0:0:0:0:0:1 - - [05/Nov/2024:22:24:25 +0800] "GET /smartqueueweb/ping HTTP/1.1" 200 255 http-bio-8080-exec-2 1
0:0:0:0:0:0:0:1 - - [05/Nov/2024:22:24:28 +0800] "GET /smartqueueweb/ping HTTP/1.1" 200 5326 http-bio-8080-exec-2 8
192.168.1.11 - - [05/Nov/2024:22:24:28 +0800] "GET /smartqueueweb/ HTTP/1.1" 200 5326 http-bio-8080-exec-9 4
0:0:0:0:0:0:0:1 - - [05/Nov/2024:22:24:28 +0800] "GET /smartqueueweb/ HTTP/1.1" 200 5326 http-bio-8080-exec-2 4
192.168.1.11 - - [05/Nov/2024:22:24:31 +0800] "POST /smartqueueweb/dashboard HTTP/1.1" 302 - http-bio-8080-exec-7 35
192.168.1.11 - - [05/Nov/2024:22:24:31 +0800] "GET /smartqueueweb/staffdashboard HTTP/1.1" 200 14711 http-bio-8080-exec-7 8
192.168.1.11 - - [05/Nov/2024:22:24:34 +0800] "GET /smartqueueweb/ping HTTP/1.1" 200 255 http-bio-8080-exec-7 1
0:0:0:0:0:0:0:1 - - [05/Nov/2024:22:24:34 +0800] "POST /smartqueueweb/dashboard HTTP/1.1" 200 5302 http-bio-8080-exec-8 16
192.168.1.11 - - [05/Nov/2024:22:24:37 +0800] "GET /smartqueueweb/ping HTTP/1.1" 200 255 http-bio-8080-exec-7 1
0:0:0:0:0:0:0:1 - - [05/Nov/2024:22:24:37 +0800] "POST /smartqueueweb/dashboard HTTP/1.1" 302 - http-bio-8080-exec-8 16
0:0:0:0:0:0:0:1 - - [05/Nov/2024:22:24:37 +0800] "GET /smartqueueweb/staffdashboard HTTP/1.1" 200 14711 http-bio-8080-exec-8 3
192.168.1.11 - - [05/Nov/2024:22:24:40 +0800] "GET /smartqueueweb/ping HTTP/1.1" 200 255 http-bio-8080-exec-1 0
0:0:0:0:0:0:0:1 - - [05/Nov/2024:22:24:40 +0800] "GET /smartqueueweb/ping HTTP/1.1" 200 255 http-bio-8080-exec-4 1
0:0:0:0:0:0:0:1 - - [05/Nov/2024:22:24:43 +0800] "GET /smartqueueweb/counterwindow HTTP/1.1" 200 26722 http-bio-8080-exec-4 3
0:0:0:0:0:0:0:1 - - [05/Nov/2024:22:24:43 +0800] "GET /smartqueueweb/QueueWebSocketController HTTP/1.1" 101 - http-bio-8080-exec-5 2
192.168.1.11 - - [05/Nov/2024:22:24:43 +0800] "GET /smartqueueweb/ping HTTP/1.1" 200 255 http-bio-8080-exec-1 1
0:0:0:0:0:0:0:1 - - [05/Nov/2024:22:24:44 +0800] "GET /smartqueueweb/userwindow HTTP/1.1" 200 9553 http-bio-8080-exec-4 3
0:0:0:0:0:0:0:1 - - [05/Nov/2024:22:24:44 +0800] "GET /smartqueueweb/QueueWebSocketController HTTP/1.1" 101 - http-bio-8080-exec-8 1
0:0:0:0:0:0:0:1 - - [05/Nov/2024:22:24:44 +0800] "GET /smartqueueweb/video-ad.mp4 HTTP/1.1" 404 2821 http-bio-8080-exec-4 4
192.168.1.11 - - [05/Nov/2024:22:24:46 +0800] "GET /smartqueueweb/ping HTTP/1.1" 200 255 http-bio-8080-exec-1 1
0:0:0:0:0:0:0:1 - - [05/Nov/2024:22:24:47 +0800] "GET /smartqueueweb/ping HTTP/1.1" 200 255 http-bio-8080-exec-4 1
192.168.1.11 - - [05/Nov/2024:22:24:48 +0800] "GET /smartqueueweb/counterwindow HTTP/1.1" 200 26722 http-bio-8080-exec-1 3
192.168.1.11 - - [05/Nov/2024:22:24:48 +0800] "GET /smartqueueweb/QueueWebSocketController HTTP/1.1" 101 - http-bio-8080-exec-10 1
192.168.1.11 - - [05/Nov/2024:22:24:49 +0800] "GET /smartqueueweb/JsonAvailableWindow HTTP/1.1" 200 242 http-bio-8080-exec-6 5
0:0:0:0:0:0:0:1 - - [05/Nov/2024:22:24:50 +0800] "GET /smartqueueweb/ping HTTP/1.1" 200 255 http-bio-8080-exec-3 1
192.168.1.11 - - [05/Nov/2024:22:24:51 +0800] "GET /smartqueueweb/JsonAvailableWindow HTTP/1.1" 200 242 http-bio-8080-exec-6 4
192.168.1.11 - - [05/Nov/2024:22:24:51 +0800] "GET /smartqueueweb/ping HTTP/1.1" 200 255 http-bio-8080-exec-6 1
192.168.1.11 - - [05/Nov/2024:22:24:51 +0800] "GET /smartqueueweb/JsonStudentQueueEntriesAPI?window_number=2&queue_status=QUEUE HTTP/1.1" 200 12 http-bio-8080-exec-6 6
192.168.1.11 - - [05/Nov/2024:22:24:51 +0800] "GET /smartqueueweb/JsonStudentQueueEntriesAPI?window_number=2&queue_status=SERVING HTTP/1.1" 200 213 http-bio-8080-exec-6 5
192.168.1.11 - - [05/Nov/2024:22:24:52 +0800] "GET /smartqueueweb/JsonStudentQueueEntriesAPI?window_number=2&queue_status=QUEUE HTTP/1.1" 200 12 http-bio-8080-exec-6 6
192.168.1.11 - - [05/Nov/2024:22:24:52 +0800] "GET /smartqueueweb/JsonStudentQueueEntriesAPI?window_number=2&queue_status=SERVING HTTP/1.1" 200 213 http-bio-8080-exec-6 45
192.168.1.11 - - [05/Nov/2024:22:24:53 +0800] "GET /smartqueueweb/JsonAvailableWindow HTTP/1.1" 200 242 http-bio-8080-exec-6 5
0:0:0:0:0:0:0:1 - - [05/Nov/2024:22:24:53 +0800] "GET /smartqueueweb/ping HTTP/1.1" 200 255 http-bio-8080-exec-3 1
192.168.1.11 - - [05/Nov/2024:22:24:53 +0800] "GET /smartqueueweb/JsonStudentQueueEntriesAPI?window_number=1&queue_status=QUEUE HTTP/1.1" 200 12 http-bio-8080-exec-6 7
192.168.1.11 - - [05/Nov/2024:22:24:53 +0800] "GET /smartqueueweb/JsonStudentQueueEntriesAPI?window_number=1&queue_status=SERVING HTTP/1.1" 200 12 http-bio-8080-exec-6 6
192.168.1.11 - - [05/Nov/2024:22:24:54 +0800] "GET /smartqueueweb/ping HTTP/1.1" 200 255 http-bio-8080-exec-6 0
192.168.1.11 - - [05/Nov/2024:22:24:55 +0800] "GET /smartqueueweb/JsonAvailableWindow HTTP/1.1" 200 242 http-bio-8080-exec-6 5
192.168.1.11 - - [05/Nov/2024:22:24:56 +0800] "GET /smartqueueweb/JsonStudentQueueEntriesAPI?window_number=3&queue_status=QUEUE HTTP/1.1" 200 209 http-bio-8080-exec-6 6
192.168.1.11 - - [05/Nov/2024:22:24:56 +0800] "GET /smartqueueweb/JsonStudentQueueEntriesAPI?window_number=3&queue_status=SERVING HTTP/1.1" 200 12 http-bio-8080-exec-6 6
0:0:0:0:0:0:0:1 - - [05/Nov/2024:22:24:56 +0800] "GET /smartqueueweb/JsonStudentQueueEntriesAPI?window_number=1&queue_status=SERVING HTTP/1.1" 200 12 http-bio-8080-exec-3 5
0:0:0:0:0:0:0:1 - - [05/Nov/2024:22:24:56 +0800] "GET /smartqueueweb/JsonStudentQueueEntriesAPI?window_number=2&queue_status=SERVING HTTP/1.1" 200 213 http-bio-8080-exec-3 6
192.168.1.11 - - [05/Nov/2024:22:24:56 +0800] "GET /smartqueueweb/JsonStudentQueueEntriesAPI?window_number=3&queue_status=QUEUE HTTP/1.1" 200 12 http-bio-8080-exec-6 7
0:0:0:0:0:0:0:1 - - [05/Nov/2024:22:24:56 +0800] "GET /smartqueueweb/JsonStudentQueueEntriesAPI?window_number=3&queue_status=SERVING HTTP/1.1" 200 12 http-bio-8080-exec-3 11
192.168.1.11 - - [05/Nov/2024:22:24:56 +0800] "GET /smartqueueweb/JsonStudentQueueEntriesAPI?window_number=3&queue_status=SERVING HTTP/1.1" 200 12 http-bio-8080-exec-6 7
0:0:0:0:0:0:0:1 - - [05/Nov/2024:22:24:56 +0800] "GET /smartqueueweb/ping HTTP/1.1" 200 255 http-bio-8080-exec-3 1
192.168.1.11 - - [05/Nov/2024:22:24:57 +0800] "GET /smartqueueweb/ping HTTP/1.1" 200 255 http-bio-8080-exec-6 1
192.168.1.11 - - [05/Nov/2024:22:24:58 +0800] "GET /smartqueueweb/JsonAvailableWindow HTTP/1.1" 200 242 http-bio-8080-exec-6 5
192.168.1.11 - - [05/Nov/2024:22:24:58 +0800] "GET /smartqueueweb/JsonStudentQueueEntriesAPI?window_number=3&queue_status=QUEUE HTTP/1.1" 200 209 http-bio-8080-exec-6 6
192.168.1.11 - - [05/Nov/2024:22:24:58 +0800] "GET /smartqueueweb/JsonStudentQueueEntriesAPI?window_number=3&queue_status=SERVING HTTP/1.1" 200 12 http-bio-8080-exec-6 6
0:0:0:0:0:0:0:1 - - [05/Nov/2024:22:24:59 +0800] "GET /smartqueueweb/ping HTTP/1.1" 200 255 http-bio-8080-exec-7 1
192.168.1.11 - - [05/Nov/2024:22:25:00 +0800] "GET /smartqueueweb/ping HTTP/1.1" 200 255 http-bio-8080-exec-9 0
192.168.1.11 - - [05/Nov/2024:22:25:00 +0800] "GET /smartqueueweb/JsonStudentQueueEntriesAPI?window_number=3&queue_status=QUEUE HTTP/1.1" 200 209 http-bio-8080-exec-5 5
192.168.1.11 - - [05/Nov/2024:22:25:00 +0800] "GET /smartqueueweb/JsonStudentQueueEntriesAPI?window_number=3&queue_status=SERVING HTTP/1.1" 200 12 http-bio-8080-exec-5 6
0:0:0:0:0:0:0:1 - - [05/Nov/2024:22:25:02 +0800] "GET /smartqueueweb/ping HTTP/1.1" 200 255 http-bio-8080-exec-7 0
192.168.1.11 - - [05/Nov/2024:22:25:03 +0800] "PUT /smartqueueweb/updateQueueStatus?queueNumber=A593&queueStatus=SERVING HTTP/1.1" 200 18 http-bio-8080-exec-5 20
192.168.1.11 - - [05/Nov/2024:22:25:04 +0800] "GET /smartqueueweb/ping HTTP/1.1" 200 255 http-bio-8080-exec-5 1
192.168.1.11 - - [05/Nov/2024:22:25:04 +0800] "GET /smartqueueweb/JsonStudentQueueEntriesAPI?window_number=3&queue_status=QUEUE HTTP/1.1" 200 12 http-bio-8080-exec-5 4
192.168.1.11 - - [05/Nov/2024:22:25:04 +0800] "GET /smartqueueweb/JsonStudentQueueEntriesAPI?window_number=3&queue_status=SERVING HTTP/1.1" 200 211 http-bio-8080-exec-5 5
0:0:0:0:0:0:0:1 - - [05/Nov/2024:22:25:05 +0800] "GET /smartqueueweb/ping HTTP/1.1" 200 255 http-bio-8080-exec-7 1
0:0:0:0:0:0:0:1 - - [05/Nov/2024:22:25:06 +0800] "GET /smartqueueweb/JsonStudentQueueEntriesAPI?window_number=1&queue_status=SERVING HTTP/1.1" 200 12 http-bio-8080-exec-7 4
0:0:0:0:0:0:0:1 - - [05/Nov/2024:22:25:06 +0800] "GET /smartqueueweb/JsonStudentQueueEntriesAPI?window_number=2&queue_status=SERVING HTTP/1.1" 200 213 http-bio-8080-exec-7 4
0:0:0:0:0:0:0:1 - - [05/Nov/2024:22:25:06 +0800] "GET /smartqueueweb/JsonStudentQueueEntriesAPI?window_number=3&queue_status=SERVING HTTP/1.1" 200 211 http-bio-8080-exec-7 7
192.168.1.11 - - [05/Nov/2024:22:25:06 +0800] "GET /smartqueueweb/ping HTTP/1.1" 200 255 http-bio-8080-exec-5 0
192.168.1.11 - - [05/Nov/2024:22:25:08 +0800] "GET /smartqueueweb/JsonStudentQueueEntriesAPI?window_number=3&queue_status=QUEUE HTTP/1.1" 200 12 http-bio-8080-exec-5 5
192.168.1.11 - - [05/Nov/2024:22:25:08 +0800] "GET /smartqueueweb/JsonStudentQueueEntriesAPI?window_number=3&queue_status=SERVING HTTP/1.1" 200 211 http-bio-8080-exec-5 14
0:0:0:0:0:0:0:1 - - [05/Nov/2024:22:25:08 +0800] "GET /smartqueueweb/ping HTTP/1.1" 200 255 http-bio-8080-exec-7 0
192.168.1.11 - - [05/Nov/2024:22:25:09 +0800] "GET /smartqueueweb/ping HTTP/1.1" 200 255 http-bio-8080-exec-2 0
0:0:0:0:0:0:0:1 - - [05/Nov/2024:22:25:11 +0800] "GET /smartqueueweb/ping HTTP/1.1" 200 255 http-bio-8080-exec-3 0
192.168.1.11 - - [05/Nov/2024:22:25:12 +0800] "GET /smartqueueweb/ping HTTP/1.1" 200 255 http-bio-8080-exec-2 1
192.168.1.11 - - [05/Nov/2024:22:25:12 +0800] "GET /smartqueueweb/JsonStudentQueueEntriesAPI?window_number=3&queue_status=QUEUE HTTP/1.1" 200 12 http-bio-8080-exec-5 5
192.168.1.11 - - [05/Nov/2024:22:25:12 +0800] "GET /smartqueueweb/JsonStudentQueueEntriesAPI?window_number=3&queue_status=SERVING HTTP/1.1" 200 211 http-bio-8080-exec-5 5
0:0:0:0:0:0:0:1 - - [05/Nov/2024:22:25:14 +0800] "GET /smartqueueweb/ping HTTP/1.1" 200 255 http-bio-8080-exec-3 0
192.168.1.11 - - [05/Nov/2024:22:25:15 +0800] "GET /smartqueueweb/ping HTTP/1.1" 200 255 http-bio-8080-exec-5 1
192.168.1.11 - - [05/Nov/2024:22:25:16 +0800] "GET /smartqueueweb/JsonStudentQueueEntriesAPI?window_number=3&queue_status=QUEUE HTTP/1.1" 200 12 http-bio-8080-exec-5 4
192.168.1.11 - - [05/Nov/2024:22:25:16 +0800] "GET /smartqueueweb/JsonStudentQueueEntriesAPI?window_number=3&queue_status=SERVING HTTP/1.1" 200 211 http-bio-8080-exec-5 15
0:0:0:0:0:0:0:1 - - [05/Nov/2024:22:25:17 +0800] "GET /smartqueueweb/ping HTTP/1.1" 200 255 http-bio-8080-exec-3 1
192.168.1.11 - - [05/Nov/2024:22:25:18 +0800] "GET /smartqueueweb/ping HTTP/1.1" 200 255 http-bio-8080-exec-5 1
192.168.1.11 - - [05/Nov/2024:22:25:18 +0800] "GET /smartqueueweb/ HTTP/1.1" 302 - http-bio-8080-exec-5 2
192.168.1.11 - - [05/Nov/2024:22:25:18 +0800] "GET /smartqueueweb/staffdashboard HTTP/1.1" 200 14711 http-bio-8080-exec-5 2
0:0:0:0:0:0:0:1 - - [05/Nov/2024:22:25:20 +0800] "GET /smartqueueweb/ping HTTP/1.1" 200 255 http-bio-8080-exec-9 0
192.168.1.11 - - [05/Nov/2024:22:25:21 +0800] "GET /smartqueueweb/ping HTTP/1.1" 200 255 http-bio-8080-exec-6 0
0:0:0:0:0:0:0:1 - - [05/Nov/2024:22:25:23 +0800] "GET /smartqueueweb/ping HTTP/1.1" 200 255 http-bio-8080-exec-9 0
192.168.1.11 - - [05/Nov/2024:22:25:23 +0800] "GET /smartqueueweb/inqui HTTP/1.1" 404 2800 http-bio-8080-exec-6 4
0:0:0:0:0:0:0:1 - - [05/Nov/2024:22:25:26 +0800] "GET /smartqueueweb/ping HTTP/1.1" 200 255 http-bio-8080-exec-9 0
192.168.1.11 - - [05/Nov/2024:22:25:27 +0800] "GET /smartqueueweb/inquiry HTTP/1.1" 200 36070 http-bio-8080-exec-6 3
192.168.1.11 - - [05/Nov/2024:22:25:27 +0800] "GET /smartqueueweb/JsonServiceListAPI HTTP/1.1" 200 1626 http-bio-8080-exec-6 7
0:0:0:0:0:0:0:1 - - [05/Nov/2024:22:25:29 +0800] "GET /smartqueueweb/ping HTTP/1.1" 200 255 http-bio-8080-exec-7 1
0:0:0:0:0:0:0:1 - - [05/Nov/2024:22:25:32 +0800] "GET /smartqueueweb/ping HTTP/1.1" 200 255 http-bio-8080-exec-7 0
0:0:0:0:0:0:0:1 - - [05/Nov/2024:22:25:35 +0800] "GET /smartqueueweb/ping HTTP/1.1" 200 255 http-bio-8080-exec-7 1
0:0:0:0:0:0:0:1 - - [05/Nov/2024:22:25:38 +0800] "GET /smartqueueweb/ping HTTP/1.1" 200 255 http-bio-8080-exec-7 1
0:0:0:0:0:0:0:1 - - [05/Nov/2024:22:25:41 +0800] "GET /smartqueueweb/ping HTTP/1.1" 200 255 http-bio-8080-exec-5 1
192.168.1.11 - - [05/Nov/2024:22:25:44 +0800] "POST /smartqueueweb/inquiry HTTP/1.1" 200 16 http-bio-8080-exec-6 9
0:0:0:0:0:0:0:1 - - [05/Nov/2024:22:25:44 +0800] "GET /smartqueueweb/ping HTTP/1.1" 200 255 http-bio-8080-exec-5 0
0:0:0:0:0:0:0:1 - - [05/Nov/2024:22:25:47 +0800] "GET /smartqueueweb/ping HTTP/1.1" 200 255 http-bio-8080-exec-5 1
192.168.1.11 - - [05/Nov/2024:22:25:49 +0800] "GET /smartqueueweb/ HTTP/1.1" 302 - http-bio-8080-exec-10 1
192.168.1.11 - - [05/Nov/2024:22:25:49 +0800] "GET /smartqueueweb/staffdashboard HTTP/1.1" 200 14711 http-bio-8080-exec-10 2
192.168.1.11 - - [05/Nov/2024:22:25:50 +0800] "GET /smartqueueweb/userwindow HTTP/1.1" 200 9553 http-bio-8080-exec-10 2
192.168.1.11 - - [05/Nov/2024:22:25:50 +0800] "GET /smartqueueweb/QueueWebSocketController HTTP/1.1" 101 - http-bio-8080-exec-9 1
192.168.1.11 - - [05/Nov/2024:22:25:50 +0800] "GET /smartqueueweb/video-ad.mp4 HTTP/1.1" 404 2821 http-bio-8080-exec-10 3
0:0:0:0:0:0:0:1 - - [05/Nov/2024:22:25:50 +0800] "GET /smartqueueweb/ping HTTP/1.1" 200 255 http-bio-8080-exec-4 1
192.168.1.11 - - [05/Nov/2024:22:25:52 +0800] "GET /smartqueueweb/ping HTTP/1.1" 200 255 http-bio-8080-exec-10 11
192.168.1.11 - - [05/Nov/2024:22:25:52 +0800] "GET /smartqueueweb/counterwindow HTTP/1.1" 200 26722 http-bio-8080-exec-10 2
192.168.1.11 - - [05/Nov/2024:22:25:52 +0800] "GET /smartqueueweb/QueueWebSocketController HTTP/1.1" 101 - http-bio-8080-exec-7 1
0:0:0:0:0:0:0:1 - - [05/Nov/2024:22:25:53 +0800] "GET /smartqueueweb/ping HTTP/1.1" 200 255 http-bio-8080-exec-4 1
192.168.1.11 - - [05/Nov/2024:22:25:54 +0800] "GET /smartqueueweb/JsonAvailableWindow HTTP/1.1" 200 242 http-bio-8080-exec-10 5
192.168.1.11 - - [05/Nov/2024:22:25:55 +0800] "GET /smartqueueweb/ping HTTP/1.1" 200 255 http-bio-8080-exec-10 0
192.168.1.11 - - [05/Nov/2024:22:25:55 +0800] "GET /smartqueueweb/JsonAvailableWindow HTTP/1.1" 200 242 http-bio-8080-exec-10 5
192.168.1.11 - - [05/Nov/2024:22:25:56 +0800] "GET /smartqueueweb/JsonStudentQueueEntriesAPI?window_number=1&queue_status=QUEUE HTTP/1.1" 200 207 http-bio-8080-exec-10 6
192.168.1.11 - - [05/Nov/2024:22:25:56 +0800] "GET /smartqueueweb/JsonStudentQueueEntriesAPI?window_number=1&queue_status=SERVING HTTP/1.1" 200 12 http-bio-8080-exec-10 7
192.168.1.11 - - [05/Nov/2024:22:25:56 +0800] "GET /smartqueueweb/JsonStudentQueueEntriesAPI?window_number=1&queue_status=QUEUE HTTP/1.1" 200 207 http-bio-8080-exec-10 6
192.168.1.11 - - [05/Nov/2024:22:25:56 +0800] "GET /smartqueueweb/JsonStudentQueueEntriesAPI?window_number=1&queue_status=SERVING HTTP/1.1" 200 12 http-bio-8080-exec-10 5
0:0:0:0:0:0:0:1 - - [05/Nov/2024:22:25:56 +0800] "GET /smartqueueweb/ping HTTP/1.1" 200 255 http-bio-8080-exec-4 1
192.168.1.11 - - [05/Nov/2024:22:25:57 +0800] "PUT /smartqueueweb/updateQueueStatus?queueNumber=G183&queueStatus=SERVING HTTP/1.1" 200 18 http-bio-8080-exec-1 17
192.168.1.11 - - [05/Nov/2024:22:25:58 +0800] "GET /smartqueueweb/ping HTTP/1.1" 200 255 http-bio-8080-exec-1 0
0:0:0:0:0:0:0:1 - - [05/Nov/2024:22:25:59 +0800] "GET /smartqueueweb/ping HTTP/1.1" 200 255 http-bio-8080-exec-2 1
192.168.1.11 - - [05/Nov/2024:22:26:00 +0800] "GET /smartqueueweb/JsonStudentQueueEntriesAPI?window_number=1&queue_status=QUEUE HTTP/1.1" 200 12 http-bio-8080-exec-10 4
192.168.1.11 - - [05/Nov/2024:22:26:00 +0800] "GET /smartqueueweb/JsonStudentQueueEntriesAPI?window_number=1&queue_status=SERVING HTTP/1.1" 200 209 http-bio-8080-exec-10 5
192.168.1.11 - - [05/Nov/2024:22:26:01 +0800] "GET /smartqueueweb/ping HTTP/1.1" 200 255 http-bio-8080-exec-10 0
0:0:0:0:0:0:0:1 - - [05/Nov/2024:22:26:01 +0800] "GET /smartqueueweb/JsonStudentQueueEntriesAPI?window_number=1&queue_status=SERVING HTTP/1.1" 200 209 http-bio-8080-exec-2 5
0:0:0:0:0:0:0:1 - - [05/Nov/2024:22:26:01 +0800] "GET /smartqueueweb/JsonStudentQueueEntriesAPI?window_number=2&queue_status=SERVING HTTP/1.1" 200 213 http-bio-8080-exec-2 4
0:0:0:0:0:0:0:1 - - [05/Nov/2024:22:26:01 +0800] "GET /smartqueueweb/JsonStudentQueueEntriesAPI?window_number=3&queue_status=SERVING HTTP/1.1" 200 211 http-bio-8080-exec-2 7
0:0:0:0:0:0:0:1 - - [05/Nov/2024:22:26:02 +0800] "GET /smartqueueweb/ping HTTP/1.1" 200 255 http-bio-8080-exec-2 0
192.168.1.11 - - [05/Nov/2024:22:26:04 +0800] "GET /smartqueueweb/ping HTTP/1.1" 200 255 http-bio-8080-exec-10 0
192.168.1.11 - - [05/Nov/2024:22:26:04 +0800] "GET /smartqueueweb/JsonStudentQueueEntriesAPI?window_number=1&queue_status=QUEUE HTTP/1.1" 200 12 http-bio-8080-exec-5 4
192.168.1.11 - - [05/Nov/2024:22:26:04 +0800] "GET /smartqueueweb/JsonStudentQueueEntriesAPI?window_number=1&queue_status=SERVING HTTP/1.1" 200 209 http-bio-8080-exec-5 4
0:0:0:0:0:0:0:1 - - [05/Nov/2024:22:26:05 +0800] "GET /smartqueueweb/ping HTTP/1.1" 200 255 http-bio-8080-exec-2 1
192.168.1.11 - - [05/Nov/2024:22:26:07 +0800] "GET /smartqueueweb/ping HTTP/1.1" 200 255 http-bio-8080-exec-5 0
192.168.1.11 - - [05/Nov/2024:22:26:08 +0800] "GET /smartqueueweb/JsonStudentQueueEntriesAPI?window_number=1&queue_status=QUEUE HTTP/1.1" 200 12 http-bio-8080-exec-5 3
192.168.1.11 - - [05/Nov/2024:22:26:08 +0800] "GET /smartqueueweb/JsonStudentQueueEntriesAPI?window_number=1&queue_status=SERVING HTTP/1.1" 200 209 http-bio-8080-exec-5 4
0:0:0:0:0:0:0:1 - - [05/Nov/2024:22:26:08 +0800] "GET /smartqueueweb/ping HTTP/1.1" 200 255 http-bio-8080-exec-2 0
192.168.1.11 - - [05/Nov/2024:22:26:10 +0800] "GET /smartqueueweb/ping HTTP/1.1" 200 255 http-bio-8080-exec-3 1
0:0:0:0:0:0:0:1 - - [05/Nov/2024:22:26:11 +0800] "GET /smartqueueweb/ping HTTP/1.1" 200 255 http-bio-8080-exec-9 1
192.168.1.11 - - [05/Nov/2024:22:26:12 +0800] "GET /smartqueueweb/JsonStudentQueueEntriesAPI?window_number=1&queue_status=QUEUE HTTP/1.1" 200 12 http-bio-8080-exec-3 3
192.168.1.11 - - [05/Nov/2024:22:26:12 +0800] "GET /smartqueueweb/JsonStudentQueueEntriesAPI?window_number=1&queue_status=SERVING HTTP/1.1" 200 209 http-bio-8080-exec-3 3
192.168.1.11 - - [05/Nov/2024:22:26:13 +0800] "GET /smartqueueweb/ping HTTP/1.1" 200 255 http-bio-8080-exec-3 1
0:0:0:0:0:0:0:1 - - [05/Nov/2024:22:26:14 +0800] "GET /smartqueueweb/ping HTTP/1.1" 200 255 http-bio-8080-exec-9 1
192.168.1.11 - - [05/Nov/2024:22:26:16 +0800] "GET /smartqueueweb/ping HTTP/1.1" 200 255 http-bio-8080-exec-3 1
192.168.1.11 - - [05/Nov/2024:22:26:16 +0800] "GET /smartqueueweb/JsonStudentQueueEntriesAPI?window_number=1&queue_status=QUEUE HTTP/1.1" 200 12 http-bio-8080-exec-1 6
192.168.1.11 - - [05/Nov/2024:22:26:16 +0800] "GET /smartqueueweb/JsonStudentQueueEntriesAPI?window_number=1&queue_status=SERVING HTTP/1.1" 200 209 http-bio-8080-exec-1 6
0:0:0:0:0:0:0:1 - - [05/Nov/2024:22:26:17 +0800] "GET /smartqueueweb/ping HTTP/1.1" 200 255 http-bio-8080-exec-9 0
192.168.1.11 - - [05/Nov/2024:22:26:18 +0800] "GET /smartqueueweb/JsonAvailableWindow HTTP/1.1" 200 242 http-bio-8080-exec-1 5
192.168.1.11 - - [05/Nov/2024:22:26:19 +0800] "GET /smartqueueweb/ping HTTP/1.1" 200 255 http-bio-8080-exec-6 0
0:0:0:0:0:0:0:1 - - [05/Nov/2024:22:26:19 +0800] "GET /smartqueueweb/JsonStudentQueueEntriesAPI?window_number=1&queue_status=SERVING HTTP/1.1" 200 209 http-bio-8080-exec-2 5
0:0:0:0:0:0:0:1 - - [05/Nov/2024:22:26:19 +0800] "GET /smartqueueweb/JsonStudentQueueEntriesAPI?window_number=2&queue_status=SERVING HTTP/1.1" 200 213 http-bio-8080-exec-2 5
0:0:0:0:0:0:0:1 - - [05/Nov/2024:22:26:19 +0800] "GET /smartqueueweb/JsonStudentQueueEntriesAPI?window_number=3&queue_status=SERVING HTTP/1.1" 200 211 http-bio-8080-exec-2 4
192.168.1.11 - - [05/Nov/2024:22:26:20 +0800] "GET /smartqueueweb/JsonStudentQueueEntriesAPI?window_number=2&queue_status=QUEUE HTTP/1.1" 200 12 http-bio-8080-exec-6 6
192.168.1.11 - - [05/Nov/2024:22:26:20 +0800] "GET /smartqueueweb/JsonStudentQueueEntriesAPI?window_number=2&queue_status=SERVING HTTP/1.1" 200 213 http-bio-8080-exec-6 6
192.168.1.11 - - [05/Nov/2024:22:26:20 +0800] "GET /smartqueueweb/JsonStudentQueueEntriesAPI?window_number=2&queue_status=QUEUE HTTP/1.1" 200 12 http-bio-8080-exec-6 6
192.168.1.11 - - [05/Nov/2024:22:26:20 +0800] "GET /smartqueueweb/JsonStudentQueueEntriesAPI?window_number=2&queue_status=SERVING HTTP/1.1" 200 213 http-bio-8080-exec-6 5
0:0:0:0:0:0:0:1 - - [05/Nov/2024:22:26:20 +0800] "GET /smartqueueweb/ping HTTP/1.1" 200 255 http-bio-8080-exec-2 0
192.168.1.11 - - [05/Nov/2024:22:26:22 +0800] "GET /smartqueueweb/ping HTTP/1.1" 200 255 http-bio-8080-exec-6 0
0:0:0:0:0:0:0:1 - - [05/Nov/2024:22:26:23 +0800] "GET /smartqueueweb/ping HTTP/1.1" 200 255 http-bio-8080-exec-2 1
192.168.1.11 - - [05/Nov/2024:22:26:24 +0800] "GET /smartqueueweb/JsonStudentQueueEntriesAPI?window_number=2&queue_status=QUEUE HTTP/1.1" 200 12 http-bio-8080-exec-6 4
192.168.1.11 - - [05/Nov/2024:22:26:24 +0800] "GET /smartqueueweb/JsonStudentQueueEntriesAPI?window_number=2&queue_status=SERVING HTTP/1.1" 200 213 http-bio-8080-exec-6 5
192.168.1.11 - - [05/Nov/2024:22:26:25 +0800] "GET /smartqueueweb/ping HTTP/1.1" 200 255 http-bio-8080-exec-6 1
192.168.1.11 - - [05/Nov/2024:22:26:25 +0800] "GET /smartqueueweb/JsonAvailableWindow HTTP/1.1" 200 242 http-bio-8080-exec-6 4
192.168.1.11 - - [05/Nov/2024:22:26:26 +0800] "GET /smartqueueweb/JsonStudentQueueEntriesAPI?window_number=1&queue_status=QUEUE HTTP/1.1" 200 12 http-bio-8080-exec-6 5
192.168.1.11 - - [05/Nov/2024:22:26:26 +0800] "GET /smartqueueweb/JsonStudentQueueEntriesAPI?window_number=1&queue_status=SERVING HTTP/1.1" 200 209 http-bio-8080-exec-6 6
0:0:0:0:0:0:0:1 - - [05/Nov/2024:22:26:26 +0800] "GET /smartqueueweb/ping HTTP/1.1" 200 255 http-bio-8080-exec-2 1
192.168.1.11 - - [05/Nov/2024:22:26:27 +0800] "PUT /smartqueueweb/updateQueueStatus?queueNumber=G183&queueStatus=DONE HTTP/1.1" 200 18 http-bio-8080-exec-6 6
192.168.1.11 - - [05/Nov/2024:22:26:28 +0800] "GET /smartqueueweb/ping HTTP/1.1" 200 255 http-bio-8080-exec-6 1
192.168.1.11 - - [05/Nov/2024:22:26:28 +0800] "GET /smartqueueweb/JsonStudentQueueEntriesAPI?window_number=1&queue_status=QUEUE HTTP/1.1" 200 12 http-bio-8080-exec-10 4
192.168.1.11 - - [05/Nov/2024:22:26:28 +0800] "GET /smartqueueweb/JsonStudentQueueEntriesAPI?window_number=1&queue_status=SERVING HTTP/1.1" 200 12 http-bio-8080-exec-10 4
192.168.1.11 - - [05/Nov/2024:22:26:28 +0800] "GET /smartqueueweb/JsonAvailableWindow HTTP/1.1" 200 242 http-bio-8080-exec-10 4
192.168.1.11 - - [05/Nov/2024:22:26:29 +0800] "GET /smartqueueweb/JsonStudentQueueEntriesAPI?window_number=2&queue_status=QUEUE HTTP/1.1" 200 12 http-bio-8080-exec-4 8
192.168.1.11 - - [05/Nov/2024:22:26:29 +0800] "GET /smartqueueweb/JsonStudentQueueEntriesAPI?window_number=2&queue_status=SERVING HTTP/1.1" 200 213 http-bio-8080-exec-4 7
0:0:0:0:0:0:0:1 - - [05/Nov/2024:22:26:29 +0800] "GET /smartqueueweb/ping HTTP/1.1" 200 255 http-bio-8080-exec-1 1
192.168.1.11 - - [05/Nov/2024:22:26:31 +0800] "GET /smartqueueweb/ping HTTP/1.1" 200 255 http-bio-8080-exec-4 1
192.168.1.11 - - [05/Nov/2024:22:26:32 +0800] "GET /smartqueueweb/JsonStudentQueueEntriesAPI?window_number=2&queue_status=QUEUE HTTP/1.1" 200 12 http-bio-8080-exec-4 5
192.168.1.11 - - [05/Nov/2024:22:26:32 +0800] "GET /smartqueueweb/JsonStudentQueueEntriesAPI?window_number=2&queue_status=SERVING HTTP/1.1" 200 213 http-bio-8080-exec-4 4
0:0:0:0:0:0:0:1 - - [05/Nov/2024:22:26:32 +0800] "GET /smartqueueweb/ping HTTP/1.1" 200 255 http-bio-8080-exec-1 0
0:0:0:0:0:0:0:1 - - [05/Nov/2024:22:26:33 +0800] "GET /smartqueueweb/JsonStudentQueueEntriesAPI?window_number=1&queue_status=SERVING HTTP/1.1" 200 12 http-bio-8080-exec-1 4
0:0:0:0:0:0:0:1 - - [05/Nov/2024:22:26:33 +0800] "GET /smartqueueweb/JsonStudentQueueEntriesAPI?window_number=2&queue_status=SERVING HTTP/1.1" 200 213 http-bio-8080-exec-1 8
0:0:0:0:0:0:0:1 - - [05/Nov/2024:22:26:33 +0800] "GET /smartqueueweb/JsonStudentQueueEntriesAPI?window_number=3&queue_status=SERVING HTTP/1.1" 200 211 http-bio-8080-exec-1 7
192.168.1.11 - - [05/Nov/2024:22:26:34 +0800] "GET /smartqueueweb/ping HTTP/1.1" 200 255 http-bio-8080-exec-4 1
0:0:0:0:0:0:0:1 - - [05/Nov/2024:22:26:35 +0800] "GET /smartqueueweb/ping HTTP/1.1" 200 255 http-bio-8080-exec-1 1
192.168.1.11 - - [05/Nov/2024:22:26:36 +0800] "GET /smartqueueweb/JsonStudentQueueEntriesAPI?window_number=2&queue_status=QUEUE HTTP/1.1" 200 12 http-bio-8080-exec-4 4
192.168.1.11 - - [05/Nov/2024:22:26:36 +0800] "GET /smartqueueweb/JsonStudentQueueEntriesAPI?window_number=2&queue_status=SERVING HTTP/1.1" 200 213 http-bio-8080-exec-4 17
192.168.1.11 - - [05/Nov/2024:22:26:37 +0800] "GET /smartqueueweb/ping HTTP/1.1" 200 255 http-bio-8080-exec-4 1
0:0:0:0:0:0:0:1 - - [05/Nov/2024:22:26:38 +0800] "GET /smartqueueweb/ping HTTP/1.1" 200 255 http-bio-8080-exec-1 1
192.168.1.11 - - [05/Nov/2024:22:26:40 +0800] "GET /smartqueueweb/ping HTTP/1.1" 200 255 http-bio-8080-exec-10 1
192.168.1.11 - - [05/Nov/2024:22:26:40 +0800] "GET /smartqueueweb/JsonStudentQueueEntriesAPI?window_number=2&queue_status=QUEUE HTTP/1.1" 200 12 http-bio-8080-exec-2 5
192.168.1.11 - - [05/Nov/2024:22:26:40 +0800] "GET /smartqueueweb/JsonStudentQueueEntriesAPI?window_number=2&queue_status=SERVING HTTP/1.1" 200 213 http-bio-8080-exec-2 4
192.168.1.11 - - [05/Nov/2024:22:26:40 +0800] "PUT /smartqueueweb/updateQueueStatus?queueNumber=R205&queueStatus=DONE HTTP/1.1" 200 18 http-bio-8080-exec-2 8
0:0:0:0:0:0:0:1 - - [05/Nov/2024:22:26:41 +0800] "GET /smartqueueweb/ping HTTP/1.1" 200 255 http-bio-8080-exec-4 0
192.168.1.11 - - [05/Nov/2024:22:26:42 +0800] "GET /smartqueueweb/JsonAvailableWindow HTTP/1.1" 200 242 http-bio-8080-exec-2 18
192.168.1.11 - - [05/Nov/2024:22:26:43 +0800] "GET /smartqueueweb/JsonStudentQueueEntriesAPI?window_number=3&queue_status=QUEUE HTTP/1.1" 200 12 http-bio-8080-exec-2 5
192.168.1.11 - - [05/Nov/2024:22:26:43 +0800] "GET /smartqueueweb/JsonStudentQueueEntriesAPI?window_number=3&queue_status=SERVING HTTP/1.1" 200 211 http-bio-8080-exec-2 6
192.168.1.11 - - [05/Nov/2024:22:26:43 +0800] "GET /smartqueueweb/ping HTTP/1.1" 200 255 http-bio-8080-exec-2 1
0:0:0:0:0:0:0:1 - - [05/Nov/2024:22:26:44 +0800] "GET /smartqueueweb/ping HTTP/1.1" 200 255 http-bio-8080-exec-4 1
192.168.1.11 - - [05/Nov/2024:22:26:45 +0800] "GET /smartqueueweb/JsonStudentQueueEntriesAPI?window_number=3&queue_status=QUEUE HTTP/1.1" 200 12 http-bio-8080-exec-2 5
192.168.1.11 - - [05/Nov/2024:22:26:45 +0800] "GET /smartqueueweb/JsonStudentQueueEntriesAPI?window_number=3&queue_status=SERVING HTTP/1.1" 200 211 http-bio-8080-exec-2 7
192.168.1.11 - - [05/Nov/2024:22:26:46 +0800] "GET /smartqueueweb/ping HTTP/1.1" 200 255 http-bio-8080-exec-2 1
0:0:0:0:0:0:0:1 - - [05/Nov/2024:22:26:47 +0800] "GET /smartqueueweb/ping HTTP/1.1" 200 255 http-bio-8080-exec-4 1
192.168.1.11 - - [05/Nov/2024:22:26:48 +0800] "GET /smartqueueweb/JsonStudentQueueEntriesAPI?window_number=3&queue_status=QUEUE HTTP/1.1" 200 12 http-bio-8080-exec-2 4
192.168.1.11 - - [05/Nov/2024:22:26:48 +0800] "GET /smartqueueweb/JsonStudentQueueEntriesAPI?window_number=3&queue_status=SERVING HTTP/1.1" 200 211 http-bio-8080-exec-2 5
0:0:0:0:0:0:0:1 - - [05/Nov/2024:22:26:48 +0800] "GET /smartqueueweb/JsonStudentQueueEntriesAPI?window_number=1&queue_status=SERVING HTTP/1.1" 200 12 http-bio-8080-exec-4 4
0:0:0:0:0:0:0:1 - - [05/Nov/2024:22:26:48 +0800] "GET /smartqueueweb/JsonStudentQueueEntriesAPI?window_number=2&queue_status=SERVING HTTP/1.1" 200 12 http-bio-8080-exec-4 5
0:0:0:0:0:0:0:1 - - [05/Nov/2024:22:26:48 +0800] "GET /smartqueueweb/JsonStudentQueueEntriesAPI?window_number=3&queue_status=SERVING HTTP/1.1" 200 211 http-bio-8080-exec-4 4
192.168.1.11 - - [05/Nov/2024:22:26:49 +0800] "GET /smartqueueweb/ping HTTP/1.1" 200 255 http-bio-8080-exec-1 1
0:0:0:0:0:0:0:1 - - [05/Nov/2024:22:26:50 +0800] "GET /smartqueueweb/ping HTTP/1.1" 200 255 http-bio-8080-exec-3 1
192.168.1.11 - - [05/Nov/2024:22:26:52 +0800] "GET /smartqueueweb/ping HTTP/1.1" 200 255 http-bio-8080-exec-1 1
192.168.1.11 - - [05/Nov/2024:22:26:52 +0800] "GET /smartqueueweb/JsonStudentQueueEntriesAPI?window_number=3&queue_status=QUEUE HTTP/1.1" 200 12 http-bio-8080-exec-10 4
192.168.1.11 - - [05/Nov/2024:22:26:52 +0800] "GET /smartqueueweb/JsonStudentQueueEntriesAPI?window_number=3&queue_status=SERVING HTTP/1.1" 200 211 http-bio-8080-exec-10 5
0:0:0:0:0:0:0:1 - - [05/Nov/2024:22:26:53 +0800] "GET /smartqueueweb/ping HTTP/1.1" 200 255 http-bio-8080-exec-3 8
192.168.1.11 - - [05/Nov/2024:22:26:55 +0800] "GET /smartqueueweb/ping HTTP/1.1" 200 255 http-bio-8080-exec-10 1
192.168.1.11 - - [05/Nov/2024:22:26:56 +0800] "GET /smartqueueweb/JsonStudentQueueEntriesAPI?window_number=3&queue_status=QUEUE HTTP/1.1" 200 12 http-bio-8080-exec-10 5
192.168.1.11 - - [05/Nov/2024:22:26:56 +0800] "GET /smartqueueweb/JsonStudentQueueEntriesAPI?window_number=3&queue_status=SERVING HTTP/1.1" 200 211 http-bio-8080-exec-10 4
0:0:0:0:0:0:0:1 - - [05/Nov/2024:22:26:56 +0800] "GET /smartqueueweb/ping HTTP/1.1" 200 255 http-bio-8080-exec-3 0
192.168.1.11 - - [05/Nov/2024:22:26:58 +0800] "GET /smartqueueweb/ping HTTP/1.1" 200 255 http-bio-8080-exec-10 2
0:0:0:0:0:0:0:1 - - [05/Nov/2024:22:26:59 +0800] "GET /smartqueueweb/ping HTTP/1.1" 200 255 http-bio-8080-exec-5 1
192.168.1.11 - - [05/Nov/2024:22:27:00 +0800] "GET /smartqueueweb/JsonStudentQueueEntriesAPI?window_number=3&queue_status=QUEUE HTTP/1.1" 200 12 http-bio-8080-exec-2 6
192.168.1.11 - - [05/Nov/2024:22:27:00 +0800] "GET /smartqueueweb/JsonStudentQueueEntriesAPI?window_number=3&queue_status=SERVING HTTP/1.1" 200 211 http-bio-8080-exec-2 4
192.168.1.11 - - [05/Nov/2024:22:27:01 +0800] "GET /smartqueueweb/ping HTTP/1.1" 200 255 http-bio-8080-exec-2 0
0:0:0:0:0:0:0:1 - - [05/Nov/2024:22:27:02 +0800] "GET /smartqueueweb/ping HTTP/1.1" 200 255 http-bio-8080-exec-5 1
192.168.1.11 - - [05/Nov/2024:22:27:04 +0800] "GET /smartqueueweb/ping HTTP/1.1" 200 255 http-bio-8080-exec-2 1
192.168.1.11 - - [05/Nov/2024:22:27:04 +0800] "GET /smartqueueweb/JsonStudentQueueEntriesAPI?window_number=3&queue_status=QUEUE HTTP/1.1" 200 12 http-bio-8080-exec-6 3
192.168.1.11 - - [05/Nov/2024:22:27:04 +0800] "GET /smartqueueweb/JsonStudentQueueEntriesAPI?window_number=3&queue_status=SERVING HTTP/1.1" 200 211 http-bio-8080-exec-6 5
0:0:0:0:0:0:0:1 - - [05/Nov/2024:22:27:05 +0800] "GET /smartqueueweb/ping HTTP/1.1" 200 255 http-bio-8080-exec-5 2
192.168.1.11 - - [05/Nov/2024:22:27:07 +0800] "GET /smartqueueweb/ping HTTP/1.1" 200 255 http-bio-8080-exec-6 0
192.168.1.11 - - [05/Nov/2024:22:27:08 +0800] "GET /smartqueueweb/JsonStudentQueueEntriesAPI?window_number=3&queue_status=QUEUE HTTP/1.1" 200 12 http-bio-8080-exec-6 4
192.168.1.11 - - [05/Nov/2024:22:27:08 +0800] "GET /smartqueueweb/JsonStudentQueueEntriesAPI?window_number=3&queue_status=SERVING HTTP/1.1" 200 211 http-bio-8080-exec-6 4
0:0:0:0:0:0:0:1 - - [05/Nov/2024:22:27:08 +0800] "GET /smartqueueweb/ping HTTP/1.1" 200 255 http-bio-8080-exec-5 1
192.168.1.11 - - [05/Nov/2024:22:27:10 +0800] "GET /smartqueueweb/ping HTTP/1.1" 200 255 http-bio-8080-exec-1 1
0:0:0:0:0:0:0:1 - - [05/Nov/2024:22:27:11 +0800] "GET /smartqueueweb/ping HTTP/1.1" 200 255 http-bio-8080-exec-3 0
192.168.1.11 - - [05/Nov/2024:22:27:12 +0800] "GET /smartqueueweb/JsonStudentQueueEntriesAPI?window_number=3&queue_status=QUEUE HTTP/1.1" 200 12 http-bio-8080-exec-1 5
192.168.1.11 - - [05/Nov/2024:22:27:12 +0800] "GET /smartqueueweb/JsonStudentQueueEntriesAPI?window_number=3&queue_status=SERVING HTTP/1.1" 200 211 http-bio-8080-exec-1 4
192.168.1.11 - - [05/Nov/2024:22:27:14 +0800] "GET /smartqueueweb/ping HTTP/1.1" 200 255 http-bio-8080-exec-1 1
0:0:0:0:0:0:0:1 - - [05/Nov/2024:22:27:14 +0800] "GET /smartqueueweb/ping HTTP/1.1" 200 255 http-bio-8080-exec-3 0
192.168.1.11 - - [05/Nov/2024:22:27:17 +0800] "GET /smartqueueweb/ping HTTP/1.1" 200 255 http-bio-8080-exec-1 0
192.168.1.11 - - [05/Nov/2024:22:27:17 +0800] "GET /smartqueueweb/JsonStudentQueueEntriesAPI?window_number=3&queue_status=QUEUE HTTP/1.1" 200 12 http-bio-8080-exec-4 4
192.168.1.11 - - [05/Nov/2024:22:27:17 +0800] "GET /smartqueueweb/JsonStudentQueueEntriesAPI?window_number=3&queue_status=SERVING HTTP/1.1" 200 211 http-bio-8080-exec-4 5
0:0:0:0:0:0:0:1 - - [05/Nov/2024:22:27:17 +0800] "GET /smartqueueweb/ping HTTP/1.1" 200 255 http-bio-8080-exec-3 1
192.168.1.11 - - [05/Nov/2024:22:27:20 +0800] "GET /smartqueueweb/ping HTTP/1.1" 200 255 http-bio-8080-exec-5 13
0:0:0:0:0:0:0:1 - - [05/Nov/2024:22:27:21 +0800] "GET /smartqueueweb/ping HTTP/1.1" 200 255 http-bio-8080-exec-9 1
192.168.1.11 - - [05/Nov/2024:22:27:21 +0800] "GET /smartqueueweb/JsonStudentQueueEntriesAPI?window_number=3&queue_status=QUEUE HTTP/1.1" 200 12 http-bio-8080-exec-5 4
192.168.1.11 - - [05/Nov/2024:22:27:21 +0800] "GET /smartqueueweb/JsonStudentQueueEntriesAPI?window_number=3&queue_status=SERVING HTTP/1.1" 200 211 http-bio-8080-exec-5 4
192.168.1.11 - - [05/Nov/2024:22:27:23 +0800] "GET /smartqueueweb/ping HTTP/1.1" 200 255 http-bio-8080-exec-5 1
0:0:0:0:0:0:0:1 - - [05/Nov/2024:22:27:24 +0800] "GET /smartqueueweb/ping HTTP/1.1" 200 255 http-bio-8080-exec-9 1
192.168.1.11 - - [05/Nov/2024:22:27:25 +0800] "GET /smartqueueweb/JsonStudentQueueEntriesAPI?window_number=3&queue_status=QUEUE HTTP/1.1" 200 12 http-bio-8080-exec-5 4
192.168.1.11 - - [05/Nov/2024:22:27:25 +0800] "GET /smartqueueweb/JsonStudentQueueEntriesAPI?window_number=3&queue_status=SERVING HTTP/1.1" 200 211 http-bio-8080-exec-5 7
192.168.1.11 - - [05/Nov/2024:22:27:26 +0800] "GET /smartqueueweb/ping HTTP/1.1" 200 255 http-bio-8080-exec-5 0
0:0:0:0:0:0:0:1 - - [05/Nov/2024:22:27:27 +0800] "GET /smartqueueweb/ping HTTP/1.1" 200 255 http-bio-8080-exec-9 0
192.168.1.11 - - [05/Nov/2024:22:27:29 +0800] "GET /smartqueueweb/ping HTTP/1.1" 200 255 http-bio-8080-exec-4 0
192.168.1.11 - - [05/Nov/2024:22:27:29 +0800] "GET /smartqueueweb/JsonStudentQueueEntriesAPI?window_number=3&queue_status=QUEUE HTTP/1.1" 200 12 http-bio-8080-exec-3 5
192.168.1.11 - - [05/Nov/2024:22:27:29 +0800] "GET /smartqueueweb/JsonStudentQueueEntriesAPI?window_number=3&queue_status=SERVING HTTP/1.1" 200 211 http-bio-8080-exec-3 5
0:0:0:0:0:0:0:1 - - [05/Nov/2024:22:27:30 +0800] "GET /smartqueueweb/ping HTTP/1.1" 200 255 http-bio-8080-exec-1 1
192.168.1.11 - - [05/Nov/2024:22:27:32 +0800] "GET /smartqueueweb/ping HTTP/1.1" 200 255 http-bio-8080-exec-3 0
0:0:0:0:0:0:0:1 - - [05/Nov/2024:22:27:33 +0800] "GET /smartqueueweb/ping HTTP/1.1" 200 255 http-bio-8080-exec-1 0
192.168.1.11 - - [05/Nov/2024:22:27:33 +0800] "GET /smartqueueweb/JsonStudentQueueEntriesAPI?window_number=3&queue_status=QUEUE HTTP/1.1" 200 12 http-bio-8080-exec-3 4
192.168.1.11 - - [05/Nov/2024:22:27:33 +0800] "GET /smartqueueweb/JsonStudentQueueEntriesAPI?window_number=3&queue_status=SERVING HTTP/1.1" 200 211 http-bio-8080-exec-3 7
192.168.1.11 - - [05/Nov/2024:22:27:35 +0800] "GET /smartqueueweb/ping HTTP/1.1" 200 255 http-bio-8080-exec-3 1
0:0:0:0:0:0:0:1 - - [05/Nov/2024:22:27:36 +0800] "GET /smartqueueweb/ping HTTP/1.1" 200 255 http-bio-8080-exec-1 0
192.168.1.11 - - [05/Nov/2024:22:27:37 +0800] "GET /smartqueueweb/JsonStudentQueueEntriesAPI?window_number=3&queue_status=QUEUE HTTP/1.1" 200 12 http-bio-8080-exec-3 4
192.168.1.11 - - [05/Nov/2024:22:27:37 +0800] "GET /smartqueueweb/JsonStudentQueueEntriesAPI?window_number=3&queue_status=SERVING HTTP/1.1" 200 211 http-bio-8080-exec-3 8
192.168.1.11 - - [05/Nov/2024:22:27:38 +0800] "GET /smartqueueweb/ping HTTP/1.1" 200 255 http-bio-8080-exec-3 0
0:0:0:0:0:0:0:1 - - [05/Nov/2024:22:27:39 +0800] "GET /smartqueueweb/ping HTTP/1.1" 200 255 http-bio-8080-exec-5 0
192.168.1.11 - - [05/Nov/2024:22:27:41 +0800] "GET /smartqueueweb/ping HTTP/1.1" 200 255 http-bio-8080-exec-10 1
192.168.1.11 - - [05/Nov/2024:22:27:41 +0800] "GET /smartqueueweb/JsonStudentQueueEntriesAPI?window_number=3&queue_status=QUEUE HTTP/1.1" 200 12 http-bio-8080-exec-6 4
192.168.1.11 - - [05/Nov/2024:22:27:41 +0800] "GET /smartqueueweb/JsonStudentQueueEntriesAPI?window_number=3&queue_status=SERVING HTTP/1.1" 200 211 http-bio-8080-exec-6 7
0:0:0:0:0:0:0:1 - - [05/Nov/2024:22:27:42 +0800] "GET /smartqueueweb/ping HTTP/1.1" 200 255 http-bio-8080-exec-5 1
192.168.1.11 - - [05/Nov/2024:22:27:44 +0800] "GET /smartqueueweb/ping HTTP/1.1" 200 255 http-bio-8080-exec-6 1
0:0:0:0:0:0:0:1 - - [05/Nov/2024:22:27:45 +0800] "GET /smartqueueweb/ping HTTP/1.1" 200 255 http-bio-8080-exec-5 1
192.168.1.11 - - [05/Nov/2024:22:27:45 +0800] "GET /smartqueueweb/JsonStudentQueueEntriesAPI?window_number=3&queue_status=QUEUE HTTP/1.1" 200 12 http-bio-8080-exec-6 4
192.168.1.11 - - [05/Nov/2024:22:27:45 +0800] "GET /smartqueueweb/JsonStudentQueueEntriesAPI?window_number=3&queue_status=SERVING HTTP/1.1" 200 211 http-bio-8080-exec-6 3
192.168.1.11 - - [05/Nov/2024:22:27:47 +0800] "GET /smartqueueweb/ping HTTP/1.1" 200 255 http-bio-8080-exec-6 1
0:0:0:0:0:0:0:1 - - [05/Nov/2024:22:27:48 +0800] "GET /smartqueueweb/ping HTTP/1.1" 200 255 http-bio-8080-exec-5 1
192.168.1.11 - - [05/Nov/2024:22:27:49 +0800] "GET /smartqueueweb/JsonStudentQueueEntriesAPI?window_number=3&queue_status=QUEUE HTTP/1.1" 200 12 http-bio-8080-exec-2 4
192.168.1.11 - - [05/Nov/2024:22:27:49 +0800] "GET /smartqueueweb/JsonStudentQueueEntriesAPI?window_number=3&queue_status=SERVING HTTP/1.1" 200 211 http-bio-8080-exec-2 4
192.168.1.11 - - [05/Nov/2024:22:27:50 +0800] "GET /smartqueueweb/ping HTTP/1.1" 200 255 http-bio-8080-exec-2 1
0:0:0:0:0:0:0:1 - - [05/Nov/2024:22:27:51 +0800] "GET /smartqueueweb/ping HTTP/1.1" 200 255 http-bio-8080-exec-9 0
192.168.1.11 - - [05/Nov/2024:22:27:53 +0800] "GET /smartqueueweb/ping HTTP/1.1" 200 255 http-bio-8080-exec-2 1
192.168.1.11 - - [05/Nov/2024:22:27:53 +0800] "GET /smartqueueweb/JsonStudentQueueEntriesAPI?window_number=3&queue_status=QUEUE HTTP/1.1" 200 12 http-bio-8080-exec-5 3
192.168.1.11 - - [05/Nov/2024:22:27:53 +0800] "GET /smartqueueweb/JsonStudentQueueEntriesAPI?window_number=3&queue_status=SERVING HTTP/1.1" 200 211 http-bio-8080-exec-5 7
0:0:0:0:0:0:0:1 - - [05/Nov/2024:22:27:54 +0800] "GET /smartqueueweb/ping HTTP/1.1" 200 255 http-bio-8080-exec-9 1
192.168.1.11 - - [05/Nov/2024:22:27:56 +0800] "GET /smartqueueweb/ping HTTP/1.1" 200 255 http-bio-8080-exec-5 0
0:0:0:0:0:0:0:1 - - [05/Nov/2024:22:27:57 +0800] "GET /smartqueueweb/ping HTTP/1.1" 200 255 http-bio-8080-exec-9 0
192.168.1.11 - - [05/Nov/2024:22:27:57 +0800] "GET /smartqueueweb/JsonStudentQueueEntriesAPI?window_number=3&queue_status=QUEUE HTTP/1.1" 200 12 http-bio-8080-exec-5 3
192.168.1.11 - - [05/Nov/2024:22:27:57 +0800] "GET /smartqueueweb/JsonStudentQueueEntriesAPI?window_number=3&queue_status=SERVING HTTP/1.1" 200 211 http-bio-8080-exec-5 3
192.168.1.11 - - [05/Nov/2024:22:27:59 +0800] "GET /smartqueueweb/ping HTTP/1.1" 200 255 http-bio-8080-exec-1 1
0:0:0:0:0:0:0:1 - - [05/Nov/2024:22:28:00 +0800] "GET /smartqueueweb/ping HTTP/1.1" 200 255 http-bio-8080-exec-6 1
192.168.1.11 - - [05/Nov/2024:22:28:00 +0800] "GET /smartqueueweb/JsonStudentQueueEntriesAPI?window_number=3&queue_status=QUEUE HTTP/1.1" 200 12 http-bio-8080-exec-1 5
192.168.1.11 - - [05/Nov/2024:22:28:00 +0800] "GET /smartqueueweb/JsonStudentQueueEntriesAPI?window_number=3&queue_status=SERVING HTTP/1.1" 200 211 http-bio-8080-exec-1 8
192.168.1.11 - - [05/Nov/2024:22:28:01 +0800] "GET /smartqueueweb/ping HTTP/1.1" 200 255 http-bio-8080-exec-2 1
0:0:0:0:0:0:0:1 - - [05/Nov/2024:22:28:02 +0800] "GET /smartqueueweb/ping HTTP/1.1" 200 255 http-bio-8080-exec-6 1
192.168.1.11 - - [05/Nov/2024:22:28:04 +0800] "GET /smartqueueweb/ping HTTP/1.1" 200 255 http-bio-8080-exec-5 0
192.168.1.11 - - [05/Nov/2024:22:28:04 +0800] "GET /smartqueueweb/JsonStudentQueueEntriesAPI?window_number=3&queue_status=QUEUE HTTP/1.1" 200 12 http-bio-8080-exec-4 4
192.168.1.11 - - [05/Nov/2024:22:28:04 +0800] "GET /smartqueueweb/JsonStudentQueueEntriesAPI?window_number=3&queue_status=SERVING HTTP/1.1" 200 211 http-bio-8080-exec-4 4
0:0:0:0:0:0:0:1 - - [05/Nov/2024:22:28:05 +0800] "GET /smartqueueweb/ping HTTP/1.1" 200 255 http-bio-8080-exec-9 1
192.168.1.11 - - [05/Nov/2024:22:28:07 +0800] "GET /smartqueueweb/ping HTTP/1.1" 200 255 http-bio-8080-exec-4 0
192.168.1.11 - - [05/Nov/2024:22:28:08 +0800] "GET /smartqueueweb/JsonStudentQueueEntriesAPI?window_number=3&queue_status=QUEUE HTTP/1.1" 200 12 http-bio-8080-exec-4 4
192.168.1.11 - - [05/Nov/2024:22:28:08 +0800] "GET /smartqueueweb/JsonStudentQueueEntriesAPI?window_number=3&queue_status=SERVING HTTP/1.1" 200 211 http-bio-8080-exec-4 4
0:0:0:0:0:0:0:1 - - [05/Nov/2024:22:28:08 +0800] "GET /smartqueueweb/ping HTTP/1.1" 200 255 http-bio-8080-exec-9 1
192.168.1.11 - - [05/Nov/2024:22:28:10 +0800] "GET /smartqueueweb/ping HTTP/1.1" 200 255 http-bio-8080-exec-2 0
0:0:0:0:0:0:0:1 - - [05/Nov/2024:22:28:11 +0800] "GET /smartqueueweb/ping HTTP/1.1" 200 255 http-bio-8080-exec-10 0
192.168.1.11 - - [05/Nov/2024:22:28:12 +0800] "GET /smartqueueweb/JsonStudentQueueEntriesAPI?window_number=3&queue_status=QUEUE HTTP/1.1" 200 12 http-bio-8080-exec-2 3
192.168.1.11 - - [05/Nov/2024:22:28:12 +0800] "GET /smartqueueweb/JsonStudentQueueEntriesAPI?window_number=3&queue_status=SERVING HTTP/1.1" 200 211 http-bio-8080-exec-2 4
192.168.1.11 - - [05/Nov/2024:22:28:13 +0800] "GET /smartqueueweb/ping HTTP/1.1" 200 255 http-bio-8080-exec-2 0
0:0:0:0:0:0:0:1 - - [05/Nov/2024:22:28:14 +0800] "GET /smartqueueweb/ping HTTP/1.1" 200 255 http-bio-8080-exec-9 0
192.168.1.11 - - [05/Nov/2024:22:28:16 +0800] "GET /smartqueueweb/ping HTTP/1.1" 200 255 http-bio-8080-exec-3 1
192.168.1.11 - - [05/Nov/2024:22:28:16 +0800] "GET /smartqueueweb/JsonStudentQueueEntriesAPI?window_number=3&queue_status=QUEUE HTTP/1.1" 200 12 http-bio-8080-exec-1 5
192.168.1.11 - - [05/Nov/2024:22:28:16 +0800] "GET /smartqueueweb/JsonStudentQueueEntriesAPI?window_number=3&queue_status=SERVING HTTP/1.1" 200 211 http-bio-8080-exec-1 5
0:0:0:0:0:0:0:1 - - [05/Nov/2024:22:28:17 +0800] "GET /smartqueueweb/ping HTTP/1.1" 200 255 http-bio-8080-exec-9 1
192.168.1.11 - - [05/Nov/2024:22:28:19 +0800] "GET /smartqueueweb/ping HTTP/1.1" 200 255 http-bio-8080-exec-6 1
192.168.1.11 - - [05/Nov/2024:22:28:20 +0800] "GET /smartqueueweb/JsonStudentQueueEntriesAPI?window_number=3&queue_status=QUEUE HTTP/1.1" 200 12 http-bio-8080-exec-6 7
192.168.1.11 - - [05/Nov/2024:22:28:20 +0800] "GET /smartqueueweb/JsonStudentQueueEntriesAPI?window_number=3&queue_status=SERVING HTTP/1.1" 200 211 http-bio-8080-exec-6 6
