0:0:0:0:0:0:0:1 - - [07/Nov/2024:01:01:49 +0800] "GET /smartqueueweb/JsonStudentQueueEntriesAPI?window_number=3&queue_status=SERVING HTTP/1.1" 200 12 http-bio-8080-exec-3 5
169.254.207.242 - - [07/Nov/2024:01:01:49 +0800] "GET /smartqueueweb/ping HTTP/1.1" 200 255 http-bio-8080-exec-7 3
0:0:0:0:0:0:0:1 - - [07/Nov/2024:01:01:51 +0800] "GET /smartqueueweb/ping HTTP/1.1" 200 255 http-bio-8080-exec-3 1
169.254.207.242 - - [07/Nov/2024:01:01:52 +0800] "GET /smartqueueweb/ping HTTP/1.1" 200 255 http-bio-8080-exec-7 1
169.254.207.242 - - [07/Nov/2024:01:01:52 +0800] "GET /smartqueueweb/JsonStudentQueueEntriesAPI?window_number=2&queue_status=QUEUE HTTP/1.1" 200 12 http-bio-8080-exec-2 5
169.254.207.242 - - [07/Nov/2024:01:01:52 +0800] "GET /smartqueueweb/JsonStudentQueueEntriesAPI?window_number=2&queue_status=SERVING HTTP/1.1" 200 208 http-bio-8080-exec-2 5
0:0:0:0:0:0:0:1 - - [07/Nov/2024:01:01:54 +0800] "GET /smartqueueweb/ping HTTP/1.1" 200 255 http-bio-8080-exec-3 1
169.254.207.242 - - [07/Nov/2024:01:01:55 +0800] "GET /smartqueueweb/ping HTTP/1.1" 200 255 http-bio-8080-exec-2 2
169.254.207.242 - - [07/Nov/2024:01:01:56 +0800] "GET /smartqueueweb/JsonStudentQueueEntriesAPI?window_number=2&queue_status=QUEUE HTTP/1.1" 200 12 http-bio-8080-exec-2 6
169.254.207.242 - - [07/Nov/2024:01:01:56 +0800] "GET /smartqueueweb/JsonStudentQueueEntriesAPI?window_number=2&queue_status=SERVING HTTP/1.1" 200 208 http-bio-8080-exec-2 6
0:0:0:0:0:0:0:1 - - [07/Nov/2024:01:01:57 +0800] "GET /smartqueueweb/ping HTTP/1.1" 200 255 http-bio-8080-exec-3 1
0:0:0:0:0:0:0:1 - - [07/Nov/2024:01:01:57 +0800] "GET /smartqueueweb/JsonStudentQueueEntriesAPI?window_number=1&queue_status=SERVING HTTP/1.1" 200 206 http-bio-8080-exec-3 6
0:0:0:0:0:0:0:1 - - [07/Nov/2024:01:01:57 +0800] "GET /smartqueueweb/JsonStudentQueueEntriesAPI?window_number=2&queue_status=SERVING HTTP/1.1" 200 208 http-bio-8080-exec-3 6
0:0:0:0:0:0:0:1 - - [07/Nov/2024:01:01:57 +0800] "GET /smartqueueweb/JsonStudentQueueEntriesAPI?window_number=3&queue_status=SERVING HTTP/1.1" 200 12 http-bio-8080-exec-3 4
169.254.207.242 - - [07/Nov/2024:01:01:58 +0800] "GET /smartqueueweb/ping HTTP/1.1" 200 255 http-bio-8080-exec-2 1
169.254.207.242 - - [07/Nov/2024:01:02:00 +0800] "GET /smartqueueweb/JsonStudentQueueEntriesAPI?window_number=2&queue_status=QUEUE HTTP/1.1" 200 12 http-bio-8080-exec-2 6
169.254.207.242 - - [07/Nov/2024:01:02:00 +0800] "GET /smartqueueweb/JsonStudentQueueEntriesAPI?window_number=2&queue_status=SERVING HTTP/1.1" 200 208 http-bio-8080-exec-2 8
0:0:0:0:0:0:0:1 - - [07/Nov/2024:01:02:00 +0800] "GET /smartqueueweb/ping HTTP/1.1" 200 255 http-bio-8080-exec-4 2
169.254.207.242 - - [07/Nov/2024:01:02:01 +0800] "GET /smartqueueweb/ping HTTP/1.1" 200 255 http-bio-8080-exec-2 1
0:0:0:0:0:0:0:1 - - [07/Nov/2024:01:02:03 +0800] "GET /smartqueueweb/ping HTTP/1.1" 200 255 http-bio-8080-exec-4 2
169.254.207.242 - - [07/Nov/2024:01:02:04 +0800] "GET /smartqueueweb/ping HTTP/1.1" 200 255 http-bio-8080-exec-2 1
169.254.207.242 - - [07/Nov/2024:01:02:04 +0800] "GET /smartqueueweb/JsonStudentQueueEntriesAPI?window_number=2&queue_status=QUEUE HTTP/1.1" 200 12 http-bio-8080-exec-7 4
169.254.207.242 - - [07/Nov/2024:01:02:04 +0800] "GET /smartqueueweb/JsonStudentQueueEntriesAPI?window_number=2&queue_status=SERVING HTTP/1.1" 200 208 http-bio-8080-exec-7 5
0:0:0:0:0:0:0:1 - - [07/Nov/2024:01:02:06 +0800] "GET /smartqueueweb/JsonStudentQueueEntriesAPI?window_number=1&queue_status=SERVING HTTP/1.1" 200 206 http-bio-8080-exec-4 5
0:0:0:0:0:0:0:1 - - [07/Nov/2024:01:02:06 +0800] "GET /smartqueueweb/JsonStudentQueueEntriesAPI?window_number=2&queue_status=SERVING HTTP/1.1" 200 208 http-bio-8080-exec-4 7
0:0:0:0:0:0:0:1 - - [07/Nov/2024:01:02:06 +0800] "GET /smartqueueweb/JsonStudentQueueEntriesAPI?window_number=3&queue_status=SERVING HTTP/1.1" 200 12 http-bio-8080-exec-4 8
0:0:0:0:0:0:0:1 - - [07/Nov/2024:01:02:06 +0800] "GET /smartqueueweb/ping HTTP/1.1" 200 255 http-bio-8080-exec-4 2
169.254.207.242 - - [07/Nov/2024:01:02:07 +0800] "GET /smartqueueweb/ping HTTP/1.1" 200 255 http-bio-8080-exec-7 2
169.254.207.242 - - [07/Nov/2024:01:02:08 +0800] "GET /smartqueueweb/JsonStudentQueueEntriesAPI?window_number=2&queue_status=QUEUE HTTP/1.1" 200 12 http-bio-8080-exec-7 6
169.254.207.242 - - [07/Nov/2024:01:02:08 +0800] "GET /smartqueueweb/JsonStudentQueueEntriesAPI?window_number=2&queue_status=SERVING HTTP/1.1" 200 208 http-bio-8080-exec-7 5
0:0:0:0:0:0:0:1 - - [07/Nov/2024:01:02:09 +0800] "GET /smartqueueweb/ping HTTP/1.1" 200 255 http-bio-8080-exec-10 1
169.254.207.242 - - [07/Nov/2024:01:02:10 +0800] "GET /smartqueueweb/ping HTTP/1.1" 200 255 http-bio-8080-exec-7 2
169.254.207.242 - - [07/Nov/2024:01:02:12 +0800] "GET /smartqueueweb/JsonStudentQueueEntriesAPI?window_number=2&queue_status=QUEUE HTTP/1.1" 200 12 http-bio-8080-exec-7 6
169.254.207.242 - - [07/Nov/2024:01:02:12 +0800] "GET /smartqueueweb/JsonStudentQueueEntriesAPI?window_number=2&queue_status=SERVING HTTP/1.1" 200 208 http-bio-8080-exec-7 6
0:0:0:0:0:0:0:1 - - [07/Nov/2024:01:02:12 +0800] "GET /smartqueueweb/ping HTTP/1.1" 200 255 http-bio-8080-exec-10 2
169.254.207.242 - - [07/Nov/2024:01:02:13 +0800] "GET /smartqueueweb/ping HTTP/1.1" 200 255 http-bio-8080-exec-7 1
0:0:0:0:0:0:0:1 - - [07/Nov/2024:01:02:15 +0800] "GET /smartqueueweb/JsonStudentQueueEntriesAPI?window_number=1&queue_status=SERVING HTTP/1.1" 200 206 http-bio-8080-exec-10 7
0:0:0:0:0:0:0:1 - - [07/Nov/2024:01:02:15 +0800] "GET /smartqueueweb/JsonStudentQueueEntriesAPI?window_number=2&queue_status=SERVING HTTP/1.1" 200 208 http-bio-8080-exec-10 7
0:0:0:0:0:0:0:1 - - [07/Nov/2024:01:02:15 +0800] "GET /smartqueueweb/JsonStudentQueueEntriesAPI?window_number=3&queue_status=SERVING HTTP/1.1" 200 12 http-bio-8080-exec-10 5
0:0:0:0:0:0:0:1 - - [07/Nov/2024:01:02:15 +0800] "GET /smartqueueweb/ping HTTP/1.1" 200 255 http-bio-8080-exec-10 1
169.254.207.242 - - [07/Nov/2024:01:02:16 +0800] "GET /smartqueueweb/ping HTTP/1.1" 200 255 http-bio-8080-exec-7 2
169.254.207.242 - - [07/Nov/2024:01:02:16 +0800] "GET /smartqueueweb/JsonStudentQueueEntriesAPI?window_number=2&queue_status=QUEUE HTTP/1.1" 200 12 http-bio-8080-exec-2 6
169.254.207.242 - - [07/Nov/2024:01:02:16 +0800] "GET /smartqueueweb/JsonStudentQueueEntriesAPI?window_number=2&queue_status=SERVING HTTP/1.1" 200 208 http-bio-8080-exec-2 5
169.254.207.242 - - [07/Nov/2024:01:02:19 +0800] "GET /smartqueueweb/ping HTTP/1.1" 200 255 http-bio-8080-exec-2 1
0:0:0:0:0:0:0:1 - - [07/Nov/2024:01:02:20 +0800] "GET /smartqueueweb/ping HTTP/1.1" 200 255 http-bio-8080-exec-6 0
169.254.207.242 - - [07/Nov/2024:01:02:20 +0800] "GET /smartqueueweb/JsonStudentQueueEntriesAPI?window_number=2&queue_status=QUEUE HTTP/1.1" 200 12 http-bio-8080-exec-2 4
169.254.207.242 - - [07/Nov/2024:01:02:20 +0800] "GET /smartqueueweb/JsonStudentQueueEntriesAPI?window_number=2&queue_status=SERVING HTTP/1.1" 200 208 http-bio-8080-exec-2 4
0:0:0:0:0:0:0:1 - - [07/Nov/2024:01:02:21 +0800] "GET /smartqueueweb/ping HTTP/1.1" 200 255 http-bio-8080-exec-6 1
169.254.207.242 - - [07/Nov/2024:01:02:22 +0800] "GET /smartqueueweb/ping HTTP/1.1" 200 255 http-bio-8080-exec-2 1
0:0:0:0:0:0:0:1 - - [07/Nov/2024:01:02:23 +0800] "GET /smartqueueweb/JsonStudentQueueEntriesAPI?window_number=1&queue_status=SERVING HTTP/1.1" 200 206 http-bio-8080-exec-6 4
0:0:0:0:0:0:0:1 - - [07/Nov/2024:01:02:23 +0800] "GET /smartqueueweb/JsonStudentQueueEntriesAPI?window_number=2&queue_status=SERVING HTTP/1.1" 200 208 http-bio-8080-exec-6 6
0:0:0:0:0:0:0:1 - - [07/Nov/2024:01:02:23 +0800] "GET /smartqueueweb/JsonStudentQueueEntriesAPI?window_number=3&queue_status=SERVING HTTP/1.1" 200 12 http-bio-8080-exec-6 6
0:0:0:0:0:0:0:1 - - [07/Nov/2024:01:02:24 +0800] "GET /smartqueueweb/ping HTTP/1.1" 200 255 http-bio-8080-exec-6 1
169.254.207.242 - - [07/Nov/2024:01:02:24 +0800] "GET /smartqueueweb/JsonStudentQueueEntriesAPI?window_number=2&queue_status=QUEUE HTTP/1.1" 200 12 http-bio-8080-exec-2 5
169.254.207.242 - - [07/Nov/2024:01:02:24 +0800] "GET /smartqueueweb/JsonStudentQueueEntriesAPI?window_number=2&queue_status=SERVING HTTP/1.1" 200 208 http-bio-8080-exec-7 5
0:0:0:0:0:0:0:1 - - [07/Nov/2024:01:02:24 +0800] "GET /smartqueueweb/ping HTTP/1.1" 200 255 http-bio-8080-exec-6 1
169.254.207.242 - - [07/Nov/2024:01:02:25 +0800] "GET /smartqueueweb/ping HTTP/1.1" 200 255 http-bio-8080-exec-7 1
0:0:0:0:0:0:0:1 - - [07/Nov/2024:01:02:27 +0800] "GET /smartqueueweb/ping HTTP/1.1" 200 255 http-bio-8080-exec-6 1
169.254.207.242 - - [07/Nov/2024:01:02:28 +0800] "GET /smartqueueweb/ping HTTP/1.1" 200 255 http-bio-8080-exec-7 0
169.254.207.242 - - [07/Nov/2024:01:02:28 +0800] "GET /smartqueueweb/JsonStudentQueueEntriesAPI?window_number=2&queue_status=QUEUE HTTP/1.1" 200 12 http-bio-8080-exec-2 4
169.254.207.242 - - [07/Nov/2024:01:02:28 +0800] "GET /smartqueueweb/JsonStudentQueueEntriesAPI?window_number=2&queue_status=SERVING HTTP/1.1" 200 208 http-bio-8080-exec-2 6
0:0:0:0:0:0:0:1 - - [07/Nov/2024:01:02:30 +0800] "GET /smartqueueweb/ping HTTP/1.1" 200 255 http-bio-8080-exec-5 1
169.254.207.242 - - [07/Nov/2024:01:02:31 +0800] "GET /smartqueueweb/ping HTTP/1.1" 200 255 http-bio-8080-exec-2 0
0:0:0:0:0:0:0:1 - - [07/Nov/2024:01:02:32 +0800] "GET /smartqueueweb/JsonStudentQueueEntriesAPI?window_number=1&queue_status=SERVING HTTP/1.1" 200 206 http-bio-8080-exec-5 6
0:0:0:0:0:0:0:1 - - [07/Nov/2024:01:02:32 +0800] "GET /smartqueueweb/JsonStudentQueueEntriesAPI?window_number=2&queue_status=SERVING HTTP/1.1" 200 208 http-bio-8080-exec-5 6
0:0:0:0:0:0:0:1 - - [07/Nov/2024:01:02:32 +0800] "GET /smartqueueweb/JsonStudentQueueEntriesAPI?window_number=3&queue_status=SERVING HTTP/1.1" 200 12 http-bio-8080-exec-5 6
169.254.207.242 - - [07/Nov/2024:01:02:32 +0800] "GET /smartqueueweb/JsonStudentQueueEntriesAPI?window_number=2&queue_status=QUEUE HTTP/1.1" 200 12 http-bio-8080-exec-2 4
169.254.207.242 - - [07/Nov/2024:01:02:32 +0800] "GET /smartqueueweb/JsonStudentQueueEntriesAPI?window_number=2&queue_status=SERVING HTTP/1.1" 200 208 http-bio-8080-exec-2 6
0:0:0:0:0:0:0:1 - - [07/Nov/2024:01:02:33 +0800] "GET /smartqueueweb/ping HTTP/1.1" 200 255 http-bio-8080-exec-5 1
169.254.207.242 - - [07/Nov/2024:01:02:34 +0800] "GET /smartqueueweb/ping HTTP/1.1" 200 255 http-bio-8080-exec-2 1
169.254.207.242 - - [07/Nov/2024:01:02:36 +0800] "GET /smartqueueweb/JsonStudentQueueEntriesAPI?window_number=2&queue_status=QUEUE HTTP/1.1" 200 12 http-bio-8080-exec-2 6
169.254.207.242 - - [07/Nov/2024:01:02:36 +0800] "GET /smartqueueweb/JsonStudentQueueEntriesAPI?window_number=2&queue_status=SERVING HTTP/1.1" 200 208 http-bio-8080-exec-2 5
0:0:0:0:0:0:0:1 - - [07/Nov/2024:01:02:36 +0800] "GET /smartqueueweb/ping HTTP/1.1" 200 255 http-bio-8080-exec-5 1
169.254.207.242 - - [07/Nov/2024:01:02:37 +0800] "GET /smartqueueweb/ping HTTP/1.1" 200 255 http-bio-8080-exec-2 1
0:0:0:0:0:0:0:1 - - [07/Nov/2024:01:02:39 +0800] "GET /smartqueueweb/ping HTTP/1.1" 200 255 http-bio-8080-exec-3 1
169.254.207.242 - - [07/Nov/2024:01:02:40 +0800] "GET /smartqueueweb/ping HTTP/1.1" 200 255 http-bio-8080-exec-2 1
169.254.207.242 - - [07/Nov/2024:01:02:40 +0800] "GET /smartqueueweb/JsonStudentQueueEntriesAPI?window_number=2&queue_status=QUEUE HTTP/1.1" 200 12 http-bio-8080-exec-7 5
169.254.207.242 - - [07/Nov/2024:01:02:40 +0800] "GET /smartqueueweb/JsonStudentQueueEntriesAPI?window_number=2&queue_status=SERVING HTTP/1.1" 200 208 http-bio-8080-exec-7 6
0:0:0:0:0:0:0:1 - - [07/Nov/2024:01:02:40 +0800] "GET /smartqueueweb/JsonStudentQueueEntriesAPI?window_number=1&queue_status=SERVING HTTP/1.1" 200 206 http-bio-8080-exec-3 6
0:0:0:0:0:0:0:1 - - [07/Nov/2024:01:02:40 +0800] "GET /smartqueueweb/JsonStudentQueueEntriesAPI?window_number=2&queue_status=SERVING HTTP/1.1" 200 208 http-bio-8080-exec-3 6
0:0:0:0:0:0:0:1 - - [07/Nov/2024:01:02:40 +0800] "GET /smartqueueweb/JsonStudentQueueEntriesAPI?window_number=3&queue_status=SERVING HTTP/1.1" 200 12 http-bio-8080-exec-3 6
0:0:0:0:0:0:0:1 - - [07/Nov/2024:01:02:42 +0800] "GET /smartqueueweb/ping HTTP/1.1" 200 255 http-bio-8080-exec-3 1
169.254.207.242 - - [07/Nov/2024:01:02:43 +0800] "GET /smartqueueweb/ping HTTP/1.1" 200 255 http-bio-8080-exec-7 1
169.254.207.242 - - [07/Nov/2024:01:02:44 +0800] "GET /smartqueueweb/JsonStudentQueueEntriesAPI?window_number=2&queue_status=QUEUE HTTP/1.1" 200 12 http-bio-8080-exec-7 5
169.254.207.242 - - [07/Nov/2024:01:02:44 +0800] "GET /smartqueueweb/JsonStudentQueueEntriesAPI?window_number=2&queue_status=SERVING HTTP/1.1" 200 208 http-bio-8080-exec-7 5
0:0:0:0:0:0:0:1 - - [07/Nov/2024:01:02:45 +0800] "GET /smartqueueweb/ping HTTP/1.1" 200 255 http-bio-8080-exec-3 1
169.254.207.242 - - [07/Nov/2024:01:02:46 +0800] "GET /smartqueueweb/ping HTTP/1.1" 200 255 http-bio-8080-exec-7 1
169.254.207.242 - - [07/Nov/2024:01:02:48 +0800] "GET /smartqueueweb/JsonStudentQueueEntriesAPI?window_number=2&queue_status=QUEUE HTTP/1.1" 200 12 http-bio-8080-exec-7 6
169.254.207.242 - - [07/Nov/2024:01:02:48 +0800] "GET /smartqueueweb/JsonStudentQueueEntriesAPI?window_number=2&queue_status=SERVING HTTP/1.1" 200 208 http-bio-8080-exec-7 5
0:0:0:0:0:0:0:1 - - [07/Nov/2024:01:02:48 +0800] "GET /smartqueueweb/ping HTTP/1.1" 200 255 http-bio-8080-exec-8 1
0:0:0:0:0:0:0:1 - - [07/Nov/2024:01:02:49 +0800] "GET /smartqueueweb/JsonStudentQueueEntriesAPI?window_number=1&queue_status=SERVING HTTP/1.1" 200 206 http-bio-8080-exec-8 6
0:0:0:0:0:0:0:1 - - [07/Nov/2024:01:02:49 +0800] "GET /smartqueueweb/JsonStudentQueueEntriesAPI?window_number=2&queue_status=SERVING HTTP/1.1" 200 208 http-bio-8080-exec-8 6
0:0:0:0:0:0:0:1 - - [07/Nov/2024:01:02:49 +0800] "GET /smartqueueweb/JsonStudentQueueEntriesAPI?window_number=3&queue_status=SERVING HTTP/1.1" 200 12 http-bio-8080-exec-8 5
169.254.207.242 - - [07/Nov/2024:01:02:49 +0800] "GET /smartqueueweb/ping HTTP/1.1" 200 255 http-bio-8080-exec-7 1
169.254.207.242 - - [07/Nov/2024:01:02:51 +0800] "PUT /smartqueueweb/updateQueueStatus?queueNumber=R1&queueStatus=DONE HTTP/1.1" 200 18 http-bio-8080-exec-7 9
0:0:0:0:0:0:0:1 - - [07/Nov/2024:01:02:51 +0800] "GET /smartqueueweb/ping HTTP/1.1" 200 255 http-bio-8080-exec-8 1
169.254.207.242 - - [07/Nov/2024:01:02:52 +0800] "GET /smartqueueweb/ping HTTP/1.1" 200 255 http-bio-8080-exec-7 2
169.254.207.242 - - [07/Nov/2024:01:02:52 +0800] "GET /smartqueueweb/JsonStudentQueueEntriesAPI?window_number=2&queue_status=QUEUE HTTP/1.1" 200 12 http-bio-8080-exec-2 6
169.254.207.242 - - [07/Nov/2024:01:02:52 +0800] "GET /smartqueueweb/JsonStudentQueueEntriesAPI?window_number=2&queue_status=SERVING HTTP/1.1" 200 12 http-bio-8080-exec-2 5
0:0:0:0:0:0:0:1 - - [07/Nov/2024:01:02:54 +0800] "GET /smartqueueweb/ping HTTP/1.1" 200 255 http-bio-8080-exec-8 1
169.254.207.242 - - [07/Nov/2024:01:02:55 +0800] "GET /smartqueueweb/ping HTTP/1.1" 200 255 http-bio-8080-exec-5 1
169.254.207.242 - - [07/Nov/2024:01:02:56 +0800] "GET /smartqueueweb/JsonStudentQueueEntriesAPI?window_number=2&queue_status=QUEUE HTTP/1.1" 200 12 http-bio-8080-exec-5 6
169.254.207.242 - - [07/Nov/2024:01:02:56 +0800] "GET /smartqueueweb/JsonStudentQueueEntriesAPI?window_number=2&queue_status=SERVING HTTP/1.1" 200 12 http-bio-8080-exec-5 5
0:0:0:0:0:0:0:1 - - [07/Nov/2024:01:02:57 +0800] "GET /smartqueueweb/JsonStudentQueueEntriesAPI?window_number=1&queue_status=SERVING HTTP/1.1" 200 206 http-bio-8080-exec-4 5
0:0:0:0:0:0:0:1 - - [07/Nov/2024:01:02:57 +0800] "GET /smartqueueweb/JsonStudentQueueEntriesAPI?window_number=2&queue_status=SERVING HTTP/1.1" 200 12 http-bio-8080-exec-4 6
0:0:0:0:0:0:0:1 - - [07/Nov/2024:01:02:57 +0800] "GET /smartqueueweb/JsonStudentQueueEntriesAPI?window_number=3&queue_status=SERVING HTTP/1.1" 200 12 http-bio-8080-exec-4 4
0:0:0:0:0:0:0:1 - - [07/Nov/2024:01:02:57 +0800] "GET /smartqueueweb/ping HTTP/1.1" 200 255 http-bio-8080-exec-4 1
169.254.207.242 - - [07/Nov/2024:01:02:57 +0800] "GET /smartqueueweb/JsonAvailableWindow HTTP/1.1" 200 242 http-bio-8080-exec-5 7
169.254.207.242 - - [07/Nov/2024:01:02:58 +0800] "GET /smartqueueweb/ping HTTP/1.1" 200 255 http-bio-8080-exec-5 1
169.254.207.242 - - [07/Nov/2024:01:02:58 +0800] "GET /smartqueueweb/JsonStudentQueueEntriesAPI?window_number=1&queue_status=QUEUE HTTP/1.1" 200 12 http-bio-8080-exec-5 6
169.254.207.242 - - [07/Nov/2024:01:02:58 +0800] "GET /smartqueueweb/JsonStudentQueueEntriesAPI?window_number=1&queue_status=SERVING HTTP/1.1" 200 206 http-bio-8080-exec-5 7
169.254.207.242 - - [07/Nov/2024:01:03:00 +0800] "GET /smartqueueweb/JsonStudentQueueEntriesAPI?window_number=1&queue_status=QUEUE HTTP/1.1" 200 12 http-bio-8080-exec-5 5
169.254.207.242 - - [07/Nov/2024:01:03:00 +0800] "GET /smartqueueweb/JsonStudentQueueEntriesAPI?window_number=1&queue_status=SERVING HTTP/1.1" 200 206 http-bio-8080-exec-5 6
0:0:0:0:0:0:0:1 - - [07/Nov/2024:01:03:00 +0800] "GET /smartqueueweb/ping HTTP/1.1" 200 255 http-bio-8080-exec-4 1
169.254.207.242 - - [07/Nov/2024:01:03:01 +0800] "GET /smartqueueweb/ping HTTP/1.1" 200 255 http-bio-8080-exec-5 1
0:0:0:0:0:0:0:1 - - [07/Nov/2024:01:03:03 +0800] "GET /smartqueueweb/ping HTTP/1.1" 200 255 http-bio-8080-exec-4 1
169.254.207.242 - - [07/Nov/2024:01:03:04 +0800] "GET /smartqueueweb/ping HTTP/1.1" 200 255 http-bio-8080-exec-5 1
169.254.207.242 - - [07/Nov/2024:01:03:04 +0800] "GET /smartqueueweb/JsonStudentQueueEntriesAPI?window_number=1&queue_status=QUEUE HTTP/1.1" 200 12 http-bio-8080-exec-7 5
169.254.207.242 - - [07/Nov/2024:01:03:04 +0800] "GET /smartqueueweb/JsonStudentQueueEntriesAPI?window_number=1&queue_status=SERVING HTTP/1.1" 200 206 http-bio-8080-exec-5 6
0:0:0:0:0:0:0:1 - - [07/Nov/2024:01:03:05 +0800] "GET /smartqueueweb/JsonStudentQueueEntriesAPI?window_number=1&queue_status=SERVING HTTP/1.1" 200 206 http-bio-8080-exec-4 5
0:0:0:0:0:0:0:1 - - [07/Nov/2024:01:03:05 +0800] "GET /smartqueueweb/JsonStudentQueueEntriesAPI?window_number=2&queue_status=SERVING HTTP/1.1" 200 12 http-bio-8080-exec-4 7
0:0:0:0:0:0:0:1 - - [07/Nov/2024:01:03:05 +0800] "GET /smartqueueweb/JsonStudentQueueEntriesAPI?window_number=3&queue_status=SERVING HTTP/1.1" 200 12 http-bio-8080-exec-4 5
0:0:0:0:0:0:0:1 - - [07/Nov/2024:01:03:06 +0800] "GET /smartqueueweb/ping HTTP/1.1" 200 255 http-bio-8080-exec-4 0
169.254.207.242 - - [07/Nov/2024:01:03:07 +0800] "GET /smartqueueweb/ping HTTP/1.1" 200 255 http-bio-8080-exec-5 2
169.254.207.242 - - [07/Nov/2024:01:03:08 +0800] "GET /smartqueueweb/JsonStudentQueueEntriesAPI?window_number=1&queue_status=QUEUE HTTP/1.1" 200 12 http-bio-8080-exec-5 7
169.254.207.242 - - [07/Nov/2024:01:03:08 +0800] "GET /smartqueueweb/JsonStudentQueueEntriesAPI?window_number=1&queue_status=SERVING HTTP/1.1" 200 206 http-bio-8080-exec-5 7
0:0:0:0:0:0:0:1 - - [07/Nov/2024:01:03:09 +0800] "GET /smartqueueweb/ping HTTP/1.1" 200 255 http-bio-8080-exec-8 1
169.254.207.242 - - [07/Nov/2024:01:03:10 +0800] "GET /smartqueueweb/ping HTTP/1.1" 200 255 http-bio-8080-exec-5 1
169.254.207.242 - - [07/Nov/2024:01:03:12 +0800] "GET /smartqueueweb/JsonStudentQueueEntriesAPI?window_number=1&queue_status=QUEUE HTTP/1.1" 200 12 http-bio-8080-exec-5 7
169.254.207.242 - - [07/Nov/2024:01:03:12 +0800] "GET /smartqueueweb/JsonStudentQueueEntriesAPI?window_number=1&queue_status=SERVING HTTP/1.1" 200 206 http-bio-8080-exec-5 6
0:0:0:0:0:0:0:1 - - [07/Nov/2024:01:03:12 +0800] "GET /smartqueueweb/ping HTTP/1.1" 200 255 http-bio-8080-exec-8 2
169.254.207.242 - - [07/Nov/2024:01:03:13 +0800] "GET /smartqueueweb/ping HTTP/1.1" 200 255 http-bio-8080-exec-5 1
0:0:0:0:0:0:0:1 - - [07/Nov/2024:01:03:14 +0800] "GET /smartqueueweb/JsonStudentQueueEntriesAPI?window_number=1&queue_status=SERVING HTTP/1.1" 200 206 http-bio-8080-exec-8 5
0:0:0:0:0:0:0:1 - - [07/Nov/2024:01:03:14 +0800] "GET /smartqueueweb/JsonStudentQueueEntriesAPI?window_number=2&queue_status=SERVING HTTP/1.1" 200 12 http-bio-8080-exec-8 6
0:0:0:0:0:0:0:1 - - [07/Nov/2024:01:03:14 +0800] "GET /smartqueueweb/JsonStudentQueueEntriesAPI?window_number=3&queue_status=SERVING HTTP/1.1" 200 12 http-bio-8080-exec-8 6
0:0:0:0:0:0:0:1 - - [07/Nov/2024:01:03:15 +0800] "GET /smartqueueweb/ping HTTP/1.1" 200 255 http-bio-8080-exec-8 1
169.254.207.242 - - [07/Nov/2024:01:03:16 +0800] "GET /smartqueueweb/ping HTTP/1.1" 200 255 http-bio-8080-exec-5 1
169.254.207.242 - - [07/Nov/2024:01:03:16 +0800] "GET /smartqueueweb/JsonStudentQueueEntriesAPI?window_number=1&queue_status=QUEUE HTTP/1.1" 200 12 http-bio-8080-exec-2 5
169.254.207.242 - - [07/Nov/2024:01:03:16 +0800] "GET /smartqueueweb/JsonStudentQueueEntriesAPI?window_number=1&queue_status=SERVING HTTP/1.1" 200 206 http-bio-8080-exec-2 5
0:0:0:0:0:0:0:1 - - [07/Nov/2024:01:03:18 +0800] "GET /smartqueueweb/ping HTTP/1.1" 200 255 http-bio-8080-exec-7 1
169.254.207.242 - - [07/Nov/2024:01:03:19 +0800] "GET /smartqueueweb/ping HTTP/1.1" 200 255 http-bio-8080-exec-2 0
169.254.207.242 - - [07/Nov/2024:01:03:20 +0800] "GET /smartqueueweb/JsonStudentQueueEntriesAPI?window_number=1&queue_status=QUEUE HTTP/1.1" 200 12 http-bio-8080-exec-2 6
169.254.207.242 - - [07/Nov/2024:01:03:20 +0800] "GET /smartqueueweb/JsonStudentQueueEntriesAPI?window_number=1&queue_status=SERVING HTTP/1.1" 200 206 http-bio-8080-exec-2 5
0:0:0:0:0:0:0:1 - - [07/Nov/2024:01:03:21 +0800] "GET /smartqueueweb/ping HTTP/1.1" 200 255 http-bio-8080-exec-7 1
169.254.207.242 - - [07/Nov/2024:01:03:22 +0800] "GET /smartqueueweb/ping HTTP/1.1" 200 255 http-bio-8080-exec-2 1
0:0:0:0:0:0:0:1 - - [07/Nov/2024:01:03:24 +0800] "GET /smartqueueweb/ping HTTP/1.1" 200 255 http-bio-8080-exec-7 1
169.254.207.242 - - [07/Nov/2024:01:03:24 +0800] "GET /smartqueueweb/JsonStudentQueueEntriesAPI?window_number=1&queue_status=QUEUE HTTP/1.1" 200 12 http-bio-8080-exec-2 5
169.254.207.242 - - [07/Nov/2024:01:03:24 +0800] "GET /smartqueueweb/JsonStudentQueueEntriesAPI?window_number=1&queue_status=SERVING HTTP/1.1" 200 206 http-bio-8080-exec-2 5
0:0:0:0:0:0:0:1 - - [07/Nov/2024:01:03:24 +0800] "GET /smartqueueweb/ping HTTP/1.1" 200 255 http-bio-8080-exec-7 0
169.254.207.242 - - [07/Nov/2024:01:03:25 +0800] "GET /smartqueueweb/ping HTTP/1.1" 200 255 http-bio-8080-exec-2 1
0:0:0:0:0:0:0:1 - - [07/Nov/2024:01:03:27 +0800] "GET /smartqueueweb/ping HTTP/1.1" 200 255 http-bio-8080-exec-7 2
169.254.207.242 - - [07/Nov/2024:01:03:28 +0800] "GET /smartqueueweb/ping HTTP/1.1" 200 255 http-bio-8080-exec-2 1
169.254.207.242 - - [07/Nov/2024:01:03:28 +0800] "GET /smartqueueweb/JsonStudentQueueEntriesAPI?window_number=1&queue_status=QUEUE HTTP/1.1" 200 12 http-bio-8080-exec-5 5
169.254.207.242 - - [07/Nov/2024:01:03:28 +0800] "GET /smartqueueweb/JsonStudentQueueEntriesAPI?window_number=1&queue_status=SERVING HTTP/1.1" 200 206 http-bio-8080-exec-5 6
0:0:0:0:0:0:0:1 - - [07/Nov/2024:01:03:30 +0800] "GET /smartqueueweb/ping HTTP/1.1" 200 255 http-bio-8080-exec-4 1
169.254.207.242 - - [07/Nov/2024:01:03:31 +0800] "GET /smartqueueweb/ping HTTP/1.1" 200 255 http-bio-8080-exec-5 1
169.254.207.242 - - [07/Nov/2024:01:03:32 +0800] "GET /smartqueueweb/JsonStudentQueueEntriesAPI?window_number=1&queue_status=QUEUE HTTP/1.1" 200 12 http-bio-8080-exec-5 5
169.254.207.242 - - [07/Nov/2024:01:03:32 +0800] "GET /smartqueueweb/JsonStudentQueueEntriesAPI?window_number=1&queue_status=SERVING HTTP/1.1" 200 206 http-bio-8080-exec-5 6
0:0:0:0:0:0:0:1 - - [07/Nov/2024:01:03:33 +0800] "GET /smartqueueweb/ping HTTP/1.1" 200 255 http-bio-8080-exec-4 1
169.254.207.242 - - [07/Nov/2024:01:03:34 +0800] "GET /smartqueueweb/ping HTTP/1.1" 200 255 http-bio-8080-exec-5 1
169.254.207.242 - - [07/Nov/2024:01:03:36 +0800] "GET /smartqueueweb/JsonStudentQueueEntriesAPI?window_number=1&queue_status=QUEUE HTTP/1.1" 200 12 http-bio-8080-exec-5 5
169.254.207.242 - - [07/Nov/2024:01:03:36 +0800] "GET /smartqueueweb/JsonStudentQueueEntriesAPI?window_number=1&queue_status=SERVING HTTP/1.1" 200 206 http-bio-8080-exec-5 7
0:0:0:0:0:0:0:1 - - [07/Nov/2024:01:03:36 +0800] "GET /smartqueueweb/ping HTTP/1.1" 200 255 http-bio-8080-exec-4 1
169.254.207.242 - - [07/Nov/2024:01:03:37 +0800] "GET /smartqueueweb/ping HTTP/1.1" 200 255 http-bio-8080-exec-5 1
0:0:0:0:0:0:0:1 - - [07/Nov/2024:01:03:39 +0800] "GET /smartqueueweb/ping HTTP/1.1" 200 255 http-bio-8080-exec-10 1
169.254.207.242 - - [07/Nov/2024:01:03:40 +0800] "GET /smartqueueweb/ping HTTP/1.1" 200 255 http-bio-8080-exec-5 1
169.254.207.242 - - [07/Nov/2024:01:03:40 +0800] "GET /smartqueueweb/JsonStudentQueueEntriesAPI?window_number=1&queue_status=QUEUE HTTP/1.1" 200 12 http-bio-8080-exec-2 5
169.254.207.242 - - [07/Nov/2024:01:03:40 +0800] "GET /smartqueueweb/JsonStudentQueueEntriesAPI?window_number=1&queue_status=SERVING HTTP/1.1" 200 206 http-bio-8080-exec-2 5
169.254.207.242 - - [07/Nov/2024:01:03:41 +0800] "PUT /smartqueueweb/updateQueueStatus?queueNumber=G4&queueStatus=DONE HTTP/1.1" 200 18 http-bio-8080-exec-2 19
0:0:0:0:0:0:0:1 - - [07/Nov/2024:01:03:42 +0800] "GET /smartqueueweb/ping HTTP/1.1" 200 255 http-bio-8080-exec-10 1
169.254.207.242 - - [07/Nov/2024:01:03:43 +0800] "GET /smartqueueweb/ping HTTP/1.1" 200 255 http-bio-8080-exec-2 1
169.254.207.242 - - [07/Nov/2024:01:03:43 +0800] "GET /smartqueueweb/JsonAvailableWindow HTTP/1.1" 200 242 http-bio-8080-exec-2 5
169.254.207.242 - - [07/Nov/2024:01:03:44 +0800] "GET /smartqueueweb/JsonStudentQueueEntriesAPI?window_number=0&queue_status=QUEUE HTTP/1.1" 200 12 http-bio-8080-exec-2 5
169.254.207.242 - - [07/Nov/2024:01:03:44 +0800] "GET /smartqueueweb/JsonStudentQueueEntriesAPI?window_number=0&queue_status=SERVING HTTP/1.1" 200 12 http-bio-8080-exec-2 5
169.254.207.242 - - [07/Nov/2024:01:03:45 +0800] "GET /smartqueueweb/JsonStudentQueueEntriesAPI?window_number=3&queue_status=QUEUE HTTP/1.1" 200 12 http-bio-8080-exec-2 6
169.254.207.242 - - [07/Nov/2024:01:03:45 +0800] "GET /smartqueueweb/JsonStudentQueueEntriesAPI?window_number=3&queue_status=SERVING HTTP/1.1" 200 12 http-bio-8080-exec-2 4
0:0:0:0:0:0:0:1 - - [07/Nov/2024:01:03:45 +0800] "GET /smartqueueweb/ping HTTP/1.1" 200 255 http-bio-8080-exec-10 1
169.254.207.242 - - [07/Nov/2024:01:03:46 +0800] "GET /smartqueueweb/ping HTTP/1.1" 200 255 http-bio-8080-exec-2 1
169.254.207.242 - - [07/Nov/2024:01:03:46 +0800] "GET /smartqueueweb/JsonAvailableWindow HTTP/1.1" 200 242 http-bio-8080-exec-2 7
169.254.207.242 - - [07/Nov/2024:01:03:47 +0800] "GET /smartqueueweb/JsonStudentQueueEntriesAPI?window_number=1&queue_status=QUEUE HTTP/1.1" 200 12 http-bio-8080-exec-2 5
169.254.207.242 - - [07/Nov/2024:01:03:47 +0800] "GET /smartqueueweb/JsonStudentQueueEntriesAPI?window_number=1&queue_status=SERVING HTTP/1.1" 200 12 http-bio-8080-exec-2 5
169.254.207.242 - - [07/Nov/2024:01:03:48 +0800] "GET /smartqueueweb/JsonStudentQueueEntriesAPI?window_number=1&queue_status=QUEUE HTTP/1.1" 200 12 http-bio-8080-exec-2 5
169.254.207.242 - - [07/Nov/2024:01:03:48 +0800] "GET /smartqueueweb/JsonStudentQueueEntriesAPI?window_number=1&queue_status=SERVING HTTP/1.1" 200 12 http-bio-8080-exec-2 5
0:0:0:0:0:0:0:1 - - [07/Nov/2024:01:03:48 +0800] "GET /smartqueueweb/ping HTTP/1.1" 200 255 http-bio-8080-exec-4 1
169.254.207.242 - - [07/Nov/2024:01:03:48 +0800] "GET /smartqueueweb/JsonAvailableWindow HTTP/1.1" 200 242 http-bio-8080-exec-2 6
169.254.207.242 - - [07/Nov/2024:01:03:49 +0800] "GET /smartqueueweb/ping HTTP/1.1" 200 255 http-bio-8080-exec-2 1
169.254.207.242 - - [07/Nov/2024:01:03:49 +0800] "GET /smartqueueweb/JsonStudentQueueEntriesAPI?window_number=2&queue_status=QUEUE HTTP/1.1" 200 12 http-bio-8080-exec-2 5
169.254.207.242 - - [07/Nov/2024:01:03:49 +0800] "GET /smartqueueweb/JsonStudentQueueEntriesAPI?window_number=2&queue_status=SERVING HTTP/1.1" 200 12 http-bio-8080-exec-2 5
0:0:0:0:0:0:0:1 - - [07/Nov/2024:01:03:51 +0800] "GET /smartqueueweb/ping HTTP/1.1" 200 255 http-bio-8080-exec-4 1
169.254.207.242 - - [07/Nov/2024:01:03:52 +0800] "GET /smartqueueweb/ping HTTP/1.1" 200 255 http-bio-8080-exec-2 1
169.254.207.242 - - [07/Nov/2024:01:03:52 +0800] "GET /smartqueueweb/JsonStudentQueueEntriesAPI?window_number=2&queue_status=QUEUE HTTP/1.1" 200 12 http-bio-8080-exec-5 5
169.254.207.242 - - [07/Nov/2024:01:03:52 +0800] "GET /smartqueueweb/JsonStudentQueueEntriesAPI?window_number=2&queue_status=SERVING HTTP/1.1" 200 12 http-bio-8080-exec-5 5
0:0:0:0:0:0:0:1 - - [07/Nov/2024:01:03:54 +0800] "GET /smartqueueweb/ping HTTP/1.1" 200 255 http-bio-8080-exec-4 0
169.254.207.242 - - [07/Nov/2024:01:03:55 +0800] "GET /smartqueueweb/ping HTTP/1.1" 200 255 http-bio-8080-exec-5 1
169.254.207.242 - - [07/Nov/2024:01:03:56 +0800] "GET /smartqueueweb/JsonStudentQueueEntriesAPI?window_number=2&queue_status=QUEUE HTTP/1.1" 200 12 http-bio-8080-exec-5 5
169.254.207.242 - - [07/Nov/2024:01:03:56 +0800] "GET /smartqueueweb/JsonStudentQueueEntriesAPI?window_number=2&queue_status=SERVING HTTP/1.1" 200 12 http-bio-8080-exec-5 5
0:0:0:0:0:0:0:1 - - [07/Nov/2024:01:03:57 +0800] "GET /smartqueueweb/ping HTTP/1.1" 200 255 http-bio-8080-exec-4 1
169.254.207.242 - - [07/Nov/2024:01:03:58 +0800] "GET /smartqueueweb/inquiry HTTP/1.1" 200 36246 http-bio-8080-exec-5 9
169.254.207.242 - - [07/Nov/2024:01:03:58 +0800] "GET /smartqueueweb/JsonServiceListAPI HTTP/1.1" 200 1626 http-bio-8080-exec-5 6
0:0:0:0:0:0:0:1 - - [07/Nov/2024:01:04:00 +0800] "GET /smartqueueweb/ping HTTP/1.1" 200 255 http-bio-8080-exec-6 0
169.254.207.242 - - [07/Nov/2024:01:04:01 +0800] "GET /smartqueueweb/JsonStudentSearchAPI?studentid=&firstname=none&middlename=none&lastname=none HTTP/1.1" 400 38 http-bio-8080-exec-5 2
0:0:0:0:0:0:0:1 - - [07/Nov/2024:01:04:03 +0800] "GET /smartqueueweb/ping HTTP/1.1" 200 255 http-bio-8080-exec-6 1
169.254.207.242 - - [07/Nov/2024:01:04:05 +0800] "GET /smartqueueweb/JsonStudentSearchAPI?studentid=2110010&firstname=none&middlename=none&lastname=none HTTP/1.1" 200 106 http-bio-8080-exec-2 9
0:0:0:0:0:0:0:1 - - [07/Nov/2024:01:04:06 +0800] "GET /smartqueueweb/ping HTTP/1.1" 200 255 http-bio-8080-exec-6 1
169.254.207.242 - - [07/Nov/2024:01:04:06 +0800] "GET /smartqueueweb/JsonStudentSearchAPI?studentid=2110010&firstname=none&middlename=none&lastname=none HTTP/1.1" 200 106 http-bio-8080-exec-2 6
0:0:0:0:0:0:0:1 - - [07/Nov/2024:01:04:09 +0800] "GET /smartqueueweb/ping HTTP/1.1" 200 255 http-bio-8080-exec-4 1
0:0:0:0:0:0:0:1 - - [07/Nov/2024:01:04:12 +0800] "GET /smartqueueweb/ping HTTP/1.1" 200 255 http-bio-8080-exec-4 1
169.254.207.242 - - [07/Nov/2024:01:04:13 +0800] "GET /smartqueueweb/JsonStudentSearchAPI?studentid=2110010&firstname=none&middlename=none&lastname=none HTTP/1.1" 200 106 http-bio-8080-exec-2 4
169.254.207.242 - - [07/Nov/2024:01:04:14 +0800] "GET /smartqueueweb/JsonStudentSearchAPI?studentid=2110010&firstname=none&middlename=none&lastname=none HTTP/1.1" 200 106 http-bio-8080-exec-2 6
169.254.207.242 - - [07/Nov/2024:01:04:14 +0800] "POST /smartqueueweb/inquiry HTTP/1.1" 200 16 http-bio-8080-exec-2 11
0:0:0:0:0:0:0:1 - - [07/Nov/2024:01:04:15 +0800] "GET /smartqueueweb/ping HTTP/1.1" 200 255 http-bio-8080-exec-4 2
0:0:0:0:0:0:0:1 - - [07/Nov/2024:01:04:18 +0800] "GET /smartqueueweb/ping HTTP/1.1" 200 255 http-bio-8080-exec-6 1
0:0:0:0:0:0:0:1 - - [07/Nov/2024:01:04:21 +0800] "GET /smartqueueweb/ping HTTP/1.1" 200 255 http-bio-8080-exec-6 1
0:0:0:0:0:0:0:1 - - [07/Nov/2024:01:04:24 +0800] "GET /smartqueueweb/ping HTTP/1.1" 200 255 http-bio-8080-exec-6 1
0:0:0:0:0:0:0:1 - - [07/Nov/2024:01:04:24 +0800] "GET /smartqueueweb/ping HTTP/1.1" 200 255 http-bio-8080-exec-6 1
0:0:0:0:0:0:0:1 - - [07/Nov/2024:01:04:27 +0800] "GET /smartqueueweb/ping HTTP/1.1" 200 255 http-bio-8080-exec-6 1
0:0:0:0:0:0:0:1 - - [07/Nov/2024:01:04:30 +0800] "GET /smartqueueweb/ping HTTP/1.1" 200 255 http-bio-8080-exec-1 1
0:0:0:0:0:0:0:1 - - [07/Nov/2024:01:04:33 +0800] "GET /smartqueueweb/ping HTTP/1.1" 200 255 http-bio-8080-exec-1 1
0:0:0:0:0:0:0:1 - - [07/Nov/2024:01:04:36 +0800] "GET /smartqueueweb/ping HTTP/1.1" 200 255 http-bio-8080-exec-10 1
0:0:0:0:0:0:0:1 - - [07/Nov/2024:01:04:39 +0800] "GET /smartqueueweb/ping HTTP/1.1" 200 255 http-bio-8080-exec-3 1
0:0:0:0:0:0:0:1 - - [07/Nov/2024:01:04:42 +0800] "GET /smartqueueweb/ping HTTP/1.1" 200 255 http-bio-8080-exec-3 1
0:0:0:0:0:0:0:1 - - [07/Nov/2024:01:04:45 +0800] "GET /smartqueueweb/ping HTTP/1.1" 200 255 http-bio-8080-exec-3 1
169.254.207.242 - - [07/Nov/2024:01:04:47 +0800] "GET /smartqueueweb/inquiry HTTP/1.1" 200 36246 http-bio-8080-exec-2 2
169.254.207.242 - - [07/Nov/2024:01:04:47 +0800] "GET /smartqueueweb/JsonServiceListAPI HTTP/1.1" 200 1626 http-bio-8080-exec-2 4
0:0:0:0:0:0:0:1 - - [07/Nov/2024:01:04:48 +0800] "GET /smartqueueweb/ping HTTP/1.1" 200 255 http-bio-8080-exec-5 1
0:0:0:0:0:0:0:1 - - [07/Nov/2024:01:04:51 +0800] "GET /smartqueueweb/ping HTTP/1.1" 200 255 http-bio-8080-exec-5 1
169.254.207.242 - - [07/Nov/2024:01:04:51 +0800] "GET /smartqueueweb/ HTTP/1.1" 302 - http-bio-8080-exec-2 7
169.254.207.242 - - [07/Nov/2024:01:04:51 +0800] "GET /smartqueueweb/staffdashboard HTTP/1.1" 200 14711 http-bio-8080-exec-2 2
169.254.207.242 - - [07/Nov/2024:01:04:53 +0800] "GET /smartqueueweb/counterwindow HTTP/1.1" 200 27105 http-bio-8080-exec-2 3
169.254.207.242 - - [07/Nov/2024:01:04:53 +0800] "GET /smartqueueweb/QueueWebSocketController HTTP/1.1" 101 - http-bio-8080-exec-1 2
0:0:0:0:0:0:0:1 - - [07/Nov/2024:01:04:54 +0800] "GET /smartqueueweb/ping HTTP/1.1" 200 255 http-bio-8080-exec-5 1
169.254.207.242 - - [07/Nov/2024:01:04:57 +0800] "GET /smartqueueweb/ping HTTP/1.1" 200 255 http-bio-8080-exec-2 1
0:0:0:0:0:0:0:1 - - [07/Nov/2024:01:04:57 +0800] "GET /smartqueueweb/ping HTTP/1.1" 200 255 http-bio-8080-exec-5 1
169.254.207.242 - - [07/Nov/2024:01:04:58 +0800] "GET /smartqueueweb/JsonStudentQueueEntriesAPI?window_number=&queue_status=QUEUE HTTP/1.1" 500 42 http-bio-8080-exec-2 1
169.254.207.242 - - [07/Nov/2024:01:04:59 +0800] "GET /smartqueueweb/JsonStudentSearchAPI?studentid=0110101&firstname=none&middlename=none&lastname=none HTTP/1.1" 200 14 http-bio-8080-exec-7 5
169.254.207.242 - - [07/Nov/2024:01:04:59 +0800] "POST /smartqueueweb/inquiry HTTP/1.1" 200 16 http-bio-8080-exec-7 19
169.254.207.242 - - [07/Nov/2024:01:05:00 +0800] "GET /smartqueueweb/ping HTTP/1.1" 200 255 http-bio-8080-exec-7 1
0:0:0:0:0:0:0:1 - - [07/Nov/2024:01:05:00 +0800] "GET /smartqueueweb/ping HTTP/1.1" 200 255 http-bio-8080-exec-10 1
169.254.207.242 - - [07/Nov/2024:01:05:02 +0800] "GET /smartqueueweb/JsonStudentQueueEntriesAPI?window_number=&queue_status=QUEUE HTTP/1.1" 500 42 http-bio-8080-exec-7 1
169.254.207.242 - - [07/Nov/2024:01:05:03 +0800] "GET /smartqueueweb/ping HTTP/1.1" 200 255 http-bio-8080-exec-2 1
0:0:0:0:0:0:0:1 - - [07/Nov/2024:01:05:03 +0800] "GET /smartqueueweb/ping HTTP/1.1" 200 255 http-bio-8080-exec-10 0
169.254.207.242 - - [07/Nov/2024:01:05:05 +0800] "GET /smartqueueweb/ping HTTP/1.1" 200 255 http-bio-8080-exec-2 2
169.254.207.242 - - [07/Nov/2024:01:05:05 +0800] "GET /smartqueueweb/JsonStudentQueueEntriesAPI?window_number=&queue_status=QUEUE HTTP/1.1" 500 42 http-bio-8080-exec-3 1
0:0:0:0:0:0:0:1 - - [07/Nov/2024:01:05:06 +0800] "GET /smartqueueweb/ping HTTP/1.1" 200 255 http-bio-8080-exec-10 1
169.254.207.242 - - [07/Nov/2024:01:05:06 +0800] "GET /smartqueueweb/JsonAvailableWindow HTTP/1.1" 200 242 http-bio-8080-exec-2 6
169.254.207.242 - - [07/Nov/2024:01:05:07 +0800] "GET /smartqueueweb/JsonStudentQueueEntriesAPI?window_number=1&queue_status=QUEUE HTTP/1.1" 200 12 http-bio-8080-exec-2 7
169.254.207.242 - - [07/Nov/2024:01:05:07 +0800] "GET /smartqueueweb/JsonStudentQueueEntriesAPI?window_number=1&queue_status=SERVING HTTP/1.1" 200 12 http-bio-8080-exec-2 5
169.254.207.242 - - [07/Nov/2024:01:05:08 +0800] "GET /smartqueueweb/JsonAvailableWindow HTTP/1.1" 200 242 http-bio-8080-exec-2 6
169.254.207.242 - - [07/Nov/2024:01:05:08 +0800] "GET /smartqueueweb/ping HTTP/1.1" 200 255 http-bio-8080-exec-2 1
169.254.207.242 - - [07/Nov/2024:01:05:08 +0800] "GET /smartqueueweb/JsonStudentQueueEntriesAPI?window_number=1&queue_status=QUEUE HTTP/1.1" 200 12 http-bio-8080-exec-8 6
169.254.207.242 - - [07/Nov/2024:01:05:08 +0800] "GET /smartqueueweb/JsonStudentQueueEntriesAPI?window_number=1&queue_status=SERVING HTTP/1.1" 200 12 http-bio-8080-exec-8 6
169.254.207.242 - - [07/Nov/2024:01:05:09 +0800] "GET /smartqueueweb/JsonAvailableWindow HTTP/1.1" 200 242 http-bio-8080-exec-8 6
0:0:0:0:0:0:0:1 - - [07/Nov/2024:01:05:09 +0800] "GET /smartqueueweb/ping HTTP/1.1" 200 255 http-bio-8080-exec-4 1
169.254.207.242 - - [07/Nov/2024:01:05:09 +0800] "GET /smartqueueweb/JsonStudentQueueEntriesAPI?window_number=0&queue_status=QUEUE HTTP/1.1" 200 12 http-bio-8080-exec-8 5
169.254.207.242 - - [07/Nov/2024:01:05:09 +0800] "GET /smartqueueweb/JsonStudentQueueEntriesAPI?window_number=0&queue_status=SERVING HTTP/1.1" 200 12 http-bio-8080-exec-8 5
169.254.207.242 - - [07/Nov/2024:01:05:10 +0800] "GET /smartqueueweb/JsonStudentQueueEntriesAPI?window_number=2&queue_status=QUEUE HTTP/1.1" 200 216 http-bio-8080-exec-8 7
169.254.207.242 - - [07/Nov/2024:01:05:10 +0800] "GET /smartqueueweb/JsonStudentQueueEntriesAPI?window_number=2&queue_status=SERVING HTTP/1.1" 200 12 http-bio-8080-exec-8 5
169.254.207.242 - - [07/Nov/2024:01:05:11 +0800] "GET /smartqueueweb/ping HTTP/1.1" 200 255 http-bio-8080-exec-8 1
169.254.207.242 - - [07/Nov/2024:01:05:11 +0800] "PUT /smartqueueweb/updateQueueStatus?queueNumber=R1&queueStatus=SERVING HTTP/1.1" 200 18 http-bio-8080-exec-8 8
0:0:0:0:0:0:0:1 - - [07/Nov/2024:01:05:12 +0800] "GET /smartqueueweb/ping HTTP/1.1" 200 255 http-bio-8080-exec-4 0
169.254.207.242 - - [07/Nov/2024:01:05:13 +0800] "GET /smartqueueweb/JsonStudentQueueEntriesAPI?window_number=2&queue_status=QUEUE HTTP/1.1" 200 12 http-bio-8080-exec-8 5
169.254.207.242 - - [07/Nov/2024:01:05:13 +0800] "GET /smartqueueweb/JsonStudentQueueEntriesAPI?window_number=2&queue_status=SERVING HTTP/1.1" 200 415 http-bio-8080-exec-8 7
169.254.207.242 - - [07/Nov/2024:01:05:14 +0800] "GET /smartqueueweb/ping HTTP/1.1" 200 255 http-bio-8080-exec-8 3
0:0:0:0:0:0:0:1 - - [07/Nov/2024:01:05:15 +0800] "GET /smartqueueweb/JsonStudentQueueEntriesAPI?window_number=1&queue_status=SERVING HTTP/1.1" 200 12 http-bio-8080-exec-4 6
0:0:0:0:0:0:0:1 - - [07/Nov/2024:01:05:15 +0800] "GET /smartqueueweb/JsonStudentQueueEntriesAPI?window_number=2&queue_status=SERVING HTTP/1.1" 200 415 http-bio-8080-exec-4 7
0:0:0:0:0:0:0:1 - - [07/Nov/2024:01:05:15 +0800] "GET /smartqueueweb/JsonStudentQueueEntriesAPI?window_number=3&queue_status=SERVING HTTP/1.1" 200 12 http-bio-8080-exec-4 8
0:0:0:0:0:0:0:1 - - [07/Nov/2024:01:05:15 +0800] "GET /smartqueueweb/ping HTTP/1.1" 200 255 http-bio-8080-exec-4 1
169.254.207.242 - - [07/Nov/2024:01:05:17 +0800] "GET /smartqueueweb/ping HTTP/1.1" 200 255 http-bio-8080-exec-8 1
169.254.207.242 - - [07/Nov/2024:01:05:17 +0800] "GET /smartqueueweb/JsonStudentQueueEntriesAPI?window_number=2&queue_status=QUEUE HTTP/1.1" 200 12 http-bio-8080-exec-2 6
169.254.207.242 - - [07/Nov/2024:01:05:17 +0800] "GET /smartqueueweb/JsonStudentQueueEntriesAPI?window_number=2&queue_status=SERVING HTTP/1.1" 200 415 http-bio-8080-exec-2 5
0:0:0:0:0:0:0:1 - - [07/Nov/2024:01:05:18 +0800] "GET /smartqueueweb/ping HTTP/1.1" 200 255 http-bio-8080-exec-5 1
169.254.207.242 - - [07/Nov/2024:01:05:20 +0800] "GET /smartqueueweb/ping HTTP/1.1" 200 255 http-bio-8080-exec-2 1
0:0:0:0:0:0:0:1 - - [07/Nov/2024:01:05:21 +0800] "GET /smartqueueweb/ping HTTP/1.1" 200 255 http-bio-8080-exec-5 1
169.254.207.242 - - [07/Nov/2024:01:05:21 +0800] "GET /smartqueueweb/JsonStudentQueueEntriesAPI?window_number=2&queue_status=QUEUE HTTP/1.1" 200 12 http-bio-8080-exec-2 7
169.254.207.242 - - [07/Nov/2024:01:05:21 +0800] "GET /smartqueueweb/JsonStudentQueueEntriesAPI?window_number=2&queue_status=SERVING HTTP/1.1" 200 415 http-bio-8080-exec-2 6
169.254.207.242 - - [07/Nov/2024:01:05:23 +0800] "GET /smartqueueweb/ping HTTP/1.1" 200 255 http-bio-8080-exec-2 1
0:0:0:0:0:0:0:1 - - [07/Nov/2024:01:05:24 +0800] "GET /smartqueueweb/ping HTTP/1.1" 200 255 http-bio-8080-exec-5 0
0:0:0:0:0:0:0:1 - - [07/Nov/2024:01:05:24 +0800] "GET /smartqueueweb/ping HTTP/1.1" 200 255 http-bio-8080-exec-5 1
169.254.207.242 - - [07/Nov/2024:01:05:25 +0800] "GET /smartqueueweb/JsonStudentQueueEntriesAPI?window_number=2&queue_status=QUEUE HTTP/1.1" 200 12 http-bio-8080-exec-2 5
169.254.207.242 - - [07/Nov/2024:01:05:25 +0800] "GET /smartqueueweb/JsonStudentQueueEntriesAPI?window_number=2&queue_status=SERVING HTTP/1.1" 200 415 http-bio-8080-exec-2 6
169.254.207.242 - - [07/Nov/2024:01:05:26 +0800] "GET /smartqueueweb/ping HTTP/1.1" 200 255 http-bio-8080-exec-2 1
0:0:0:0:0:0:0:1 - - [07/Nov/2024:01:05:29 +0800] "GET /smartqueueweb/ping HTTP/1.1" 200 255 http-bio-8080-exec-10 1
169.254.207.242 - - [07/Nov/2024:01:05:29 +0800] "GET /smartqueueweb/ping HTTP/1.1" 200 255 http-bio-8080-exec-2 1
169.254.207.242 - - [07/Nov/2024:01:05:29 +0800] "GET /smartqueueweb/JsonStudentQueueEntriesAPI?window_number=2&queue_status=QUEUE HTTP/1.1" 200 12 http-bio-8080-exec-8 5
169.254.207.242 - - [07/Nov/2024:01:05:29 +0800] "GET /smartqueueweb/JsonStudentQueueEntriesAPI?window_number=2&queue_status=SERVING HTTP/1.1" 200 415 http-bio-8080-exec-8 6
169.254.207.242 - - [07/Nov/2024:01:05:30 +0800] "GET /smartqueueweb/JsonAvailableWindow HTTP/1.1" 200 242 http-bio-8080-exec-8 5
0:0:0:0:0:0:0:1 - - [07/Nov/2024:01:05:30 +0800] "GET /smartqueueweb/ping HTTP/1.1" 200 255 http-bio-8080-exec-10 1
169.254.207.242 - - [07/Nov/2024:01:05:31 +0800] "GET /smartqueueweb/JsonStudentQueueEntriesAPI?window_number=3&queue_status=QUEUE HTTP/1.1" 200 208 http-bio-8080-exec-8 5
169.254.207.242 - - [07/Nov/2024:01:05:31 +0800] "GET /smartqueueweb/JsonStudentQueueEntriesAPI?window_number=3&queue_status=SERVING HTTP/1.1" 200 12 http-bio-8080-exec-8 5
169.254.207.242 - - [07/Nov/2024:01:05:32 +0800] "GET /smartqueueweb/ping HTTP/1.1" 200 255 http-bio-8080-exec-8 1
0:0:0:0:0:0:0:1 - - [07/Nov/2024:01:05:33 +0800] "GET /smartqueueweb/ping HTTP/1.1" 200 255 http-bio-8080-exec-10 1
169.254.207.242 - - [07/Nov/2024:01:05:33 +0800] "GET /smartqueueweb/JsonStudentQueueEntriesAPI?window_number=3&queue_status=QUEUE HTTP/1.1" 200 208 http-bio-8080-exec-8 6
169.254.207.242 - - [07/Nov/2024:01:05:33 +0800] "GET /smartqueueweb/JsonStudentQueueEntriesAPI?window_number=3&queue_status=SERVING HTTP/1.1" 200 12 http-bio-8080-exec-8 5
169.254.207.242 - - [07/Nov/2024:01:05:35 +0800] "GET /smartqueueweb/ping HTTP/1.1" 200 255 http-bio-8080-exec-8 1
0:0:0:0:0:0:0:1 - - [07/Nov/2024:01:05:36 +0800] "GET /smartqueueweb/ping HTTP/1.1" 200 255 http-bio-8080-exec-10 1
169.254.207.242 - - [07/Nov/2024:01:05:37 +0800] "GET /smartqueueweb/JsonStudentQueueEntriesAPI?window_number=3&queue_status=QUEUE HTTP/1.1" 200 208 http-bio-8080-exec-8 6
169.254.207.242 - - [07/Nov/2024:01:05:37 +0800] "GET /smartqueueweb/JsonStudentQueueEntriesAPI?window_number=3&queue_status=SERVING HTTP/1.1" 200 12 http-bio-8080-exec-8 6
169.254.207.242 - - [07/Nov/2024:01:05:38 +0800] "PUT /smartqueueweb/updateQueueStatus?queueNumber=A2&queueStatus=SERVING HTTP/1.1" 200 18 http-bio-8080-exec-8 9
0:0:0:0:0:0:0:1 - - [07/Nov/2024:01:05:39 +0800] "GET /smartqueueweb/ping HTTP/1.1" 200 255 http-bio-8080-exec-4 0
0:0:0:0:0:0:0:1 - - [07/Nov/2024:01:05:41 +0800] "GET /smartqueueweb/JsonStudentQueueEntriesAPI?window_number=1&queue_status=SERVING HTTP/1.1" 200 12 http-bio-8080-exec-4 4
169.254.207.242 - - [07/Nov/2024:01:05:41 +0800] "GET /smartqueueweb/ping HTTP/1.1" 200 255 http-bio-8080-exec-8 2
0:0:0:0:0:0:0:1 - - [07/Nov/2024:01:05:41 +0800] "GET /smartqueueweb/JsonStudentQueueEntriesAPI?window_number=2&queue_status=SERVING HTTP/1.1" 200 415 http-bio-8080-exec-4 6
0:0:0:0:0:0:0:1 - - [07/Nov/2024:01:05:41 +0800] "GET /smartqueueweb/JsonStudentQueueEntriesAPI?window_number=3&queue_status=SERVING HTTP/1.1" 200 210 http-bio-8080-exec-4 5
169.254.207.242 - - [07/Nov/2024:01:05:41 +0800] "GET /smartqueueweb/ping HTTP/1.1" 200 255 http-bio-8080-exec-8 1
169.254.207.242 - - [07/Nov/2024:01:05:41 +0800] "GET /smartqueueweb/JsonStudentQueueEntriesAPI?window_number=3&queue_status=QUEUE HTTP/1.1" 200 12 http-bio-8080-exec-2 6
169.254.207.242 - - [07/Nov/2024:01:05:41 +0800] "GET /smartqueueweb/JsonStudentQueueEntriesAPI?window_number=3&queue_status=SERVING HTTP/1.1" 200 210 http-bio-8080-exec-2 6
0:0:0:0:0:0:0:1 - - [07/Nov/2024:01:05:42 +0800] "GET /smartqueueweb/ping HTTP/1.1" 200 255 http-bio-8080-exec-4 2
169.254.207.242 - - [07/Nov/2024:01:05:44 +0800] "GET /smartqueueweb/ping HTTP/1.1" 200 255 http-bio-8080-exec-2 1
0:0:0:0:0:0:0:1 - - [07/Nov/2024:01:05:45 +0800] "GET /smartqueueweb/ping HTTP/1.1" 200 255 http-bio-8080-exec-4 1
169.254.207.242 - - [07/Nov/2024:01:05:45 +0800] "GET /smartqueueweb/JsonStudentQueueEntriesAPI?window_number=3&queue_status=QUEUE HTTP/1.1" 200 12 http-bio-8080-exec-2 6
169.254.207.242 - - [07/Nov/2024:01:05:45 +0800] "GET /smartqueueweb/JsonStudentQueueEntriesAPI?window_number=3&queue_status=SERVING HTTP/1.1" 200 210 http-bio-8080-exec-2 6
169.254.207.242 - - [07/Nov/2024:01:05:47 +0800] "PUT /smartqueueweb/updateQueueStatus?queueNumber=A2&queueStatus=DONE HTTP/1.1" 200 18 http-bio-8080-exec-2 18
169.254.207.242 - - [07/Nov/2024:01:05:48 +0800] "GET /smartqueueweb/ping HTTP/1.1" 200 255 http-bio-8080-exec-2 1
0:0:0:0:0:0:0:1 - - [07/Nov/2024:01:05:48 +0800] "GET /smartqueueweb/ping HTTP/1.1" 200 255 http-bio-8080-exec-6 0
169.254.207.242 - - [07/Nov/2024:01:05:50 +0800] "GET /smartqueueweb/JsonStudentQueueEntriesAPI?window_number=3&queue_status=QUEUE HTTP/1.1" 200 12 http-bio-8080-exec-2 5
169.254.207.242 - - [07/Nov/2024:01:05:50 +0800] "GET /smartqueueweb/JsonStudentQueueEntriesAPI?window_number=3&queue_status=SERVING HTTP/1.1" 200 12 http-bio-8080-exec-2 5
169.254.207.242 - - [07/Nov/2024:01:05:51 +0800] "GET /smartqueueweb/ping HTTP/1.1" 200 255 http-bio-8080-exec-2 1
0:0:0:0:0:0:0:1 - - [07/Nov/2024:01:05:51 +0800] "GET /smartqueueweb/ping HTTP/1.1" 200 255 http-bio-8080-exec-6 0
169.254.207.242 - - [07/Nov/2024:01:05:52 +0800] "GET /smartqueueweb/JsonStudentSearchAPI?studentid=0110101&firstname=none&middlename=none&lastname=none HTTP/1.1" 200 14 http-bio-8080-exec-2 5
169.254.207.242 - - [07/Nov/2024:01:05:52 +0800] "POST /smartqueueweb/inquiry HTTP/1.1" 200 16 http-bio-8080-exec-2 9
169.254.207.242 - - [07/Nov/2024:01:05:54 +0800] "GET /smartqueueweb/ping HTTP/1.1" 200 255 http-bio-8080-exec-2 1
169.254.207.242 - - [07/Nov/2024:01:05:54 +0800] "GET /smartqueueweb/JsonStudentQueueEntriesAPI?window_number=3&queue_status=QUEUE HTTP/1.1" 200 208 http-bio-8080-exec-8 6
169.254.207.242 - - [07/Nov/2024:01:05:54 +0800] "GET /smartqueueweb/JsonStudentQueueEntriesAPI?window_number=3&queue_status=SERVING HTTP/1.1" 200 12 http-bio-8080-exec-8 5
0:0:0:0:0:0:0:1 - - [07/Nov/2024:01:05:54 +0800] "GET /smartqueueweb/ping HTTP/1.1" 200 255 http-bio-8080-exec-6 1
169.254.207.242 - - [07/Nov/2024:01:05:57 +0800] "GET /smartqueueweb/ping HTTP/1.1" 200 255 http-bio-8080-exec-8 1
0:0:0:0:0:0:0:1 - - [07/Nov/2024:01:05:57 +0800] "GET /smartqueueweb/ping HTTP/1.1" 200 255 http-bio-8080-exec-6 1
169.254.207.242 - - [07/Nov/2024:01:05:58 +0800] "GET /smartqueueweb/JsonStudentQueueEntriesAPI?window_number=3&queue_status=QUEUE HTTP/1.1" 200 208 http-bio-8080-exec-8 4
169.254.207.242 - - [07/Nov/2024:01:05:58 +0800] "GET /smartqueueweb/JsonStudentQueueEntriesAPI?window_number=3&queue_status=SERVING HTTP/1.1" 200 12 http-bio-8080-exec-8 5
169.254.207.242 - - [07/Nov/2024:01:06:00 +0800] "GET /smartqueueweb/ping HTTP/1.1" 200 255 http-bio-8080-exec-8 0
0:0:0:0:0:0:0:1 - - [07/Nov/2024:01:06:00 +0800] "GET /smartqueueweb/ping HTTP/1.1" 200 255 http-bio-8080-exec-3 1
169.254.207.242 - - [07/Nov/2024:01:06:01 +0800] "GET /smartqueueweb/JsonStudentQueueEntriesAPI?window_number=3&queue_status=QUEUE HTTP/1.1" 200 208 http-bio-8080-exec-8 5
169.254.207.242 - - [07/Nov/2024:01:06:01 +0800] "GET /smartqueueweb/JsonStudentQueueEntriesAPI?window_number=3&queue_status=SERVING HTTP/1.1" 200 12 http-bio-8080-exec-8 6
169.254.207.242 - - [07/Nov/2024:01:06:02 +0800] "GET /smartqueueweb/ping HTTP/1.1" 200 255 http-bio-8080-exec-8 0
169.254.207.242 - - [07/Nov/2024:01:06:02 +0800] "GET /smartqueueweb/JsonAvailableWindow HTTP/1.1" 200 242 http-bio-8080-exec-8 5
0:0:0:0:0:0:0:1 - - [07/Nov/2024:01:06:03 +0800] "GET /smartqueueweb/ping HTTP/1.1" 200 255 http-bio-8080-exec-3 0
169.254.207.242 - - [07/Nov/2024:01:06:05 +0800] "PUT /smartqueueweb/updateQueueStatus?queueNumber=A3&queueStatus=SERVING HTTP/1.1" 200 18 http-bio-8080-exec-8 7
0:0:0:0:0:0:0:1 - - [07/Nov/2024:01:06:06 +0800] "GET /smartqueueweb/ping HTTP/1.1" 200 255 http-bio-8080-exec-3 1
169.254.207.242 - - [07/Nov/2024:01:06:07 +0800] "GET /smartqueueweb/ping HTTP/1.1" 200 255 http-bio-8080-exec-8 1
169.254.207.242 - - [07/Nov/2024:01:06:07 +0800] "GET /smartqueueweb/JsonStudentQueueEntriesAPI?window_number=0&queue_status=QUEUE HTTP/1.1" 200 12 http-bio-8080-exec-2 5
169.254.207.242 - - [07/Nov/2024:01:06:07 +0800] "GET /smartqueueweb/JsonStudentQueueEntriesAPI?window_number=0&queue_status=SERVING HTTP/1.1" 200 12 http-bio-8080-exec-2 6
0:0:0:0:0:0:0:1 - - [07/Nov/2024:01:06:08 +0800] "GET /smartqueueweb/JsonStudentQueueEntriesAPI?window_number=1&queue_status=SERVING HTTP/1.1" 200 12 http-bio-8080-exec-4 4
0:0:0:0:0:0:0:1 - - [07/Nov/2024:01:06:08 +0800] "GET /smartqueueweb/JsonStudentQueueEntriesAPI?window_number=2&queue_status=SERVING HTTP/1.1" 200 415 http-bio-8080-exec-4 5
0:0:0:0:0:0:0:1 - - [07/Nov/2024:01:06:08 +0800] "GET /smartqueueweb/JsonStudentQueueEntriesAPI?window_number=3&queue_status=SERVING HTTP/1.1" 200 410 http-bio-8080-exec-4 5
169.254.207.242 - - [07/Nov/2024:01:06:08 +0800] "GET /smartqueueweb/ping HTTP/1.1" 200 255 http-bio-8080-exec-2 1
0:0:0:0:0:0:0:1 - - [07/Nov/2024:01:06:09 +0800] "GET /smartqueueweb/ping HTTP/1.1" 200 255 http-bio-8080-exec-4 1
169.254.207.242 - - [07/Nov/2024:01:06:09 +0800] "GET /smartqueueweb/JsonStudentQueueEntriesAPI?window_number=0&queue_status=QUEUE HTTP/1.1" 200 12 http-bio-8080-exec-2 4
169.254.207.242 - - [07/Nov/2024:01:06:09 +0800] "GET /smartqueueweb/JsonStudentQueueEntriesAPI?window_number=0&queue_status=SERVING HTTP/1.1" 200 12 http-bio-8080-exec-2 5
