192.168.1.9 - - [07/Nov/2024:00:54:36 +0800] "GET /smartqueueweb/JsonStudentQueueEntriesAPI?window_number=1&queue_status=SERVING HTTP/1.1" 200 12 http-bio-8080-exec-4 7
192.168.1.9 - - [07/Nov/2024:00:54:38 +0800] "GET /smartqueueweb/ping HTTP/1.1" 200 255 http-bio-8080-exec-4 1
192.168.1.9 - - [07/Nov/2024:00:54:40 +0800] "GET /smartqueueweb/JsonStudentQueueEntriesAPI?window_number=1&queue_status=QUEUE HTTP/1.1" 200 205 http-bio-8080-exec-4 5
192.168.1.9 - - [07/Nov/2024:00:54:40 +0800] "GET /smartqueueweb/JsonStudentQueueEntriesAPI?window_number=1&queue_status=SERVING HTTP/1.1" 200 12 http-bio-8080-exec-4 4
192.168.1.9 - - [07/Nov/2024:00:54:41 +0800] "GET /smartqueueweb/ping HTTP/1.1" 200 255 http-bio-8080-exec-4 1
192.168.1.9 - - [07/Nov/2024:00:54:44 +0800] "GET /smartqueueweb/ping HTTP/1.1" 200 255 http-bio-8080-exec-4 1
192.168.1.9 - - [07/Nov/2024:00:54:44 +0800] "GET /smartqueueweb/JsonStudentQueueEntriesAPI?window_number=1&queue_status=QUEUE HTTP/1.1" 200 205 http-bio-8080-exec-5 4
192.168.1.9 - - [07/Nov/2024:00:54:44 +0800] "GET /smartqueueweb/JsonStudentQueueEntriesAPI?window_number=1&queue_status=SERVING HTTP/1.1" 200 12 http-bio-8080-exec-5 4
192.168.1.9 - - [07/Nov/2024:00:54:47 +0800] "GET /smartqueueweb/ping HTTP/1.1" 200 255 http-bio-8080-exec-5 1
192.168.1.9 - - [07/Nov/2024:00:54:48 +0800] "GET /smartqueueweb/JsonStudentQueueEntriesAPI?window_number=1&queue_status=QUEUE HTTP/1.1" 200 205 http-bio-8080-exec-5 5
192.168.1.9 - - [07/Nov/2024:00:54:48 +0800] "GET /smartqueueweb/JsonStudentQueueEntriesAPI?window_number=1&queue_status=SERVING HTTP/1.1" 200 12 http-bio-8080-exec-5 7
192.168.1.9 - - [07/Nov/2024:00:54:50 +0800] "GET /smartqueueweb/ping HTTP/1.1" 200 255 http-bio-8080-exec-5 0
192.168.1.9 - - [07/Nov/2024:00:54:52 +0800] "GET /smartqueueweb/JsonStudentQueueEntriesAPI?window_number=1&queue_status=QUEUE HTTP/1.1" 200 205 http-bio-8080-exec-12 5
192.168.1.9 - - [07/Nov/2024:00:54:52 +0800] "GET /smartqueueweb/JsonStudentQueueEntriesAPI?window_number=1&queue_status=SERVING HTTP/1.1" 200 12 http-bio-8080-exec-12 4
192.168.1.9 - - [07/Nov/2024:00:54:53 +0800] "GET /smartqueueweb/ping HTTP/1.1" 200 255 http-bio-8080-exec-12 0
192.168.1.9 - - [07/Nov/2024:00:54:56 +0800] "GET /smartqueueweb/ping HTTP/1.1" 200 255 http-bio-8080-exec-12 1
192.168.1.9 - - [07/Nov/2024:00:54:56 +0800] "GET /smartqueueweb/JsonStudentQueueEntriesAPI?window_number=1&queue_status=QUEUE HTTP/1.1" 200 205 http-bio-8080-exec-4 5
192.168.1.9 - - [07/Nov/2024:00:54:56 +0800] "GET /smartqueueweb/JsonStudentQueueEntriesAPI?window_number=1&queue_status=SERVING HTTP/1.1" 200 12 http-bio-8080-exec-4 6
192.168.1.9 - - [07/Nov/2024:00:54:59 +0800] "GET /smartqueueweb/ping HTTP/1.1" 200 255 http-bio-8080-exec-4 0
192.168.1.9 - - [07/Nov/2024:00:55:00 +0800] "GET /smartqueueweb/JsonStudentQueueEntriesAPI?window_number=1&queue_status=QUEUE HTTP/1.1" 200 205 http-bio-8080-exec-4 4
192.168.1.9 - - [07/Nov/2024:00:55:00 +0800] "GET /smartqueueweb/JsonStudentQueueEntriesAPI?window_number=1&queue_status=SERVING HTTP/1.1" 200 12 http-bio-8080-exec-4 5
192.168.1.9 - - [07/Nov/2024:00:55:02 +0800] "GET /smartqueueweb/ping HTTP/1.1" 200 255 http-bio-8080-exec-5 1
192.168.1.9 - - [07/Nov/2024:00:55:04 +0800] "GET /smartqueueweb/JsonStudentQueueEntriesAPI?window_number=1&queue_status=QUEUE HTTP/1.1" 200 205 http-bio-8080-exec-5 6
192.168.1.9 - - [07/Nov/2024:00:55:04 +0800] "GET /smartqueueweb/JsonStudentQueueEntriesAPI?window_number=1&queue_status=SERVING HTTP/1.1" 200 12 http-bio-8080-exec-5 5
192.168.1.9 - - [07/Nov/2024:00:55:05 +0800] "GET /smartqueueweb/ping HTTP/1.1" 200 255 http-bio-8080-exec-5 1
169.254.207.242 - - [07/Nov/2024:00:55:06 +0800] "GET /smartqueueweb/JsonStudentSearchAPI?studentid=0110101&firstname=none&middlename=none&lastname=none HTTP/1.1" 200 14 http-bio-8080-exec-15 5
169.254.207.242 - - [07/Nov/2024:00:55:06 +0800] "POST /smartqueueweb/inquiry HTTP/1.1" 200 16 http-bio-8080-exec-15 9
192.168.1.9 - - [07/Nov/2024:00:55:08 +0800] "GET /smartqueueweb/ping HTTP/1.1" 200 255 http-bio-8080-exec-5 1
192.168.1.9 - - [07/Nov/2024:00:55:08 +0800] "GET /smartqueueweb/JsonStudentQueueEntriesAPI?window_number=1&queue_status=QUEUE HTTP/1.1" 200 205 http-bio-8080-exec-6 4
192.168.1.9 - - [07/Nov/2024:00:55:08 +0800] "GET /smartqueueweb/JsonStudentQueueEntriesAPI?window_number=1&queue_status=SERVING HTTP/1.1" 200 12 http-bio-8080-exec-6 5
192.168.1.9 - - [07/Nov/2024:00:55:11 +0800] "GET /smartqueueweb/ping HTTP/1.1" 200 255 http-bio-8080-exec-6 1
192.168.1.9 - - [07/Nov/2024:00:55:12 +0800] "GET /smartqueueweb/JsonStudentQueueEntriesAPI?window_number=1&queue_status=QUEUE HTTP/1.1" 200 205 http-bio-8080-exec-4 5
192.168.1.9 - - [07/Nov/2024:00:55:12 +0800] "GET /smartqueueweb/JsonStudentQueueEntriesAPI?window_number=1&queue_status=SERVING HTTP/1.1" 200 12 http-bio-8080-exec-4 4
192.168.1.9 - - [07/Nov/2024:00:55:14 +0800] "GET /smartqueueweb/ping HTTP/1.1" 200 255 http-bio-8080-exec-4 1
192.168.1.9 - - [07/Nov/2024:00:55:16 +0800] "GET /smartqueueweb/JsonStudentQueueEntriesAPI?window_number=1&queue_status=QUEUE HTTP/1.1" 200 205 http-bio-8080-exec-4 5
192.168.1.9 - - [07/Nov/2024:00:55:16 +0800] "GET /smartqueueweb/JsonStudentQueueEntriesAPI?window_number=1&queue_status=SERVING HTTP/1.1" 200 12 http-bio-8080-exec-4 7
192.168.1.9 - - [07/Nov/2024:00:55:17 +0800] "GET /smartqueueweb/ping HTTP/1.1" 200 255 http-bio-8080-exec-4 0
192.168.1.9 - - [07/Nov/2024:00:55:20 +0800] "GET /smartqueueweb/ping HTTP/1.1" 200 255 http-bio-8080-exec-4 0
192.168.1.9 - - [07/Nov/2024:00:55:20 +0800] "GET /smartqueueweb/JsonStudentQueueEntriesAPI?window_number=1&queue_status=QUEUE HTTP/1.1" 200 205 http-bio-8080-exec-12 5
192.168.1.9 - - [07/Nov/2024:00:55:20 +0800] "GET /smartqueueweb/JsonStudentQueueEntriesAPI?window_number=1&queue_status=SERVING HTTP/1.1" 200 12 http-bio-8080-exec-12 9
192.168.1.9 - - [07/Nov/2024:00:55:23 +0800] "GET /smartqueueweb/ping HTTP/1.1" 200 255 http-bio-8080-exec-8 1
0:0:0:0:0:0:0:1 - - [07/Nov/2024:00:55:24 +0800] "GET /smartqueueweb/ping HTTP/1.1" 200 255 http-bio-8080-exec-5 0
0:0:0:0:0:0:0:1 - - [07/Nov/2024:00:55:24 +0800] "GET /smartqueueweb/ping HTTP/1.1" 200 255 http-bio-8080-exec-5 0
192.168.1.9 - - [07/Nov/2024:00:55:24 +0800] "GET /smartqueueweb/JsonStudentQueueEntriesAPI?window_number=1&queue_status=QUEUE HTTP/1.1" 200 205 http-bio-8080-exec-8 18
192.168.1.9 - - [07/Nov/2024:00:55:24 +0800] "GET /smartqueueweb/JsonStudentQueueEntriesAPI?window_number=1&queue_status=SERVING HTTP/1.1" 200 12 http-bio-8080-exec-8 5
192.168.1.9 - - [07/Nov/2024:00:55:26 +0800] "GET /smartqueueweb/ping HTTP/1.1" 200 255 http-bio-8080-exec-8 0
192.168.1.9 - - [07/Nov/2024:00:55:28 +0800] "GET /smartqueueweb/JsonStudentQueueEntriesAPI?window_number=1&queue_status=QUEUE HTTP/1.1" 200 205 http-bio-8080-exec-8 5
192.168.1.9 - - [07/Nov/2024:00:55:28 +0800] "GET /smartqueueweb/JsonStudentQueueEntriesAPI?window_number=1&queue_status=SERVING HTTP/1.1" 200 12 http-bio-8080-exec-8 4
192.168.1.9 - - [07/Nov/2024:00:55:29 +0800] "GET /smartqueueweb/ping HTTP/1.1" 200 255 http-bio-8080-exec-8 0
192.168.1.9 - - [07/Nov/2024:00:55:32 +0800] "GET /smartqueueweb/ping HTTP/1.1" 200 255 http-bio-8080-exec-6 1
192.168.1.9 - - [07/Nov/2024:00:55:32 +0800] "GET /smartqueueweb/JsonStudentQueueEntriesAPI?window_number=1&queue_status=QUEUE HTTP/1.1" 200 205 http-bio-8080-exec-12 5
192.168.1.9 - - [07/Nov/2024:00:55:32 +0800] "GET /smartqueueweb/JsonStudentQueueEntriesAPI?window_number=1&queue_status=SERVING HTTP/1.1" 200 12 http-bio-8080-exec-12 4
192.168.1.9 - - [07/Nov/2024:00:55:35 +0800] "GET /smartqueueweb/ping HTTP/1.1" 200 255 http-bio-8080-exec-12 1
192.168.1.9 - - [07/Nov/2024:00:55:38 +0800] "GET /smartqueueweb/JsonStudentQueueEntriesAPI?window_number=1&queue_status=QUEUE HTTP/1.1" 200 205 http-bio-8080-exec-4 5
192.168.1.9 - - [07/Nov/2024:00:55:38 +0800] "GET /smartqueueweb/JsonStudentQueueEntriesAPI?window_number=1&queue_status=SERVING HTTP/1.1" 200 12 http-bio-8080-exec-4 6
192.168.1.9 - - [07/Nov/2024:00:55:38 +0800] "GET /smartqueueweb/ping HTTP/1.1" 200 255 http-bio-8080-exec-4 1
192.168.1.9 - - [07/Nov/2024:00:55:40 +0800] "GET /smartqueueweb/JsonStudentQueueEntriesAPI?window_number=1&queue_status=QUEUE HTTP/1.1" 200 205 http-bio-8080-exec-4 4
192.168.1.9 - - [07/Nov/2024:00:55:40 +0800] "GET /smartqueueweb/JsonStudentQueueEntriesAPI?window_number=1&queue_status=SERVING HTTP/1.1" 200 12 http-bio-8080-exec-4 5
192.168.1.9 - - [07/Nov/2024:00:55:41 +0800] "GET /smartqueueweb/ping HTTP/1.1" 200 255 http-bio-8080-exec-4 1
169.254.207.242 - - [07/Nov/2024:00:55:43 +0800] "POST /smartqueueweb/inquiry HTTP/1.1" 200 16 http-bio-8080-exec-15 9
192.168.1.9 - - [07/Nov/2024:00:55:44 +0800] "GET /smartqueueweb/ping HTTP/1.1" 200 255 http-bio-8080-exec-5 1
192.168.1.9 - - [07/Nov/2024:00:55:44 +0800] "GET /smartqueueweb/JsonStudentQueueEntriesAPI?window_number=1&queue_status=QUEUE HTTP/1.1" 200 398 http-bio-8080-exec-6 5
192.168.1.9 - - [07/Nov/2024:00:55:44 +0800] "GET /smartqueueweb/JsonStudentQueueEntriesAPI?window_number=1&queue_status=SERVING HTTP/1.1" 200 12 http-bio-8080-exec-6 4
192.168.1.9 - - [07/Nov/2024:00:55:47 +0800] "GET /smartqueueweb/ping HTTP/1.1" 200 255 http-bio-8080-exec-6 0
192.168.1.9 - - [07/Nov/2024:00:55:48 +0800] "GET /smartqueueweb/JsonStudentQueueEntriesAPI?window_number=1&queue_status=QUEUE HTTP/1.1" 200 398 http-bio-8080-exec-6 5
192.168.1.9 - - [07/Nov/2024:00:55:48 +0800] "GET /smartqueueweb/JsonStudentQueueEntriesAPI?window_number=1&queue_status=SERVING HTTP/1.1" 200 12 http-bio-8080-exec-6 8
192.168.1.9 - - [07/Nov/2024:00:55:50 +0800] "GET /smartqueueweb/ping HTTP/1.1" 200 255 http-bio-8080-exec-6 1
192.168.1.9 - - [07/Nov/2024:00:55:52 +0800] "GET /smartqueueweb/JsonStudentQueueEntriesAPI?window_number=1&queue_status=QUEUE HTTP/1.1" 200 398 http-bio-8080-exec-8 4
192.168.1.9 - - [07/Nov/2024:00:55:52 +0800] "GET /smartqueueweb/JsonStudentQueueEntriesAPI?window_number=1&queue_status=SERVING HTTP/1.1" 200 12 http-bio-8080-exec-8 4
192.168.1.9 - - [07/Nov/2024:00:55:53 +0800] "GET /smartqueueweb/ping HTTP/1.1" 200 255 http-bio-8080-exec-8 0
192.168.1.9 - - [07/Nov/2024:00:55:56 +0800] "GET /smartqueueweb/ping HTTP/1.1" 200 255 http-bio-8080-exec-8 1
192.168.1.9 - - [07/Nov/2024:00:55:56 +0800] "GET /smartqueueweb/JsonStudentQueueEntriesAPI?window_number=1&queue_status=QUEUE HTTP/1.1" 200 398 http-bio-8080-exec-6 5
192.168.1.9 - - [07/Nov/2024:00:55:56 +0800] "GET /smartqueueweb/JsonStudentQueueEntriesAPI?window_number=1&queue_status=SERVING HTTP/1.1" 200 12 http-bio-8080-exec-6 6
192.168.1.9 - - [07/Nov/2024:00:55:59 +0800] "GET /smartqueueweb/ping HTTP/1.1" 200 255 http-bio-8080-exec-6 1
169.254.207.242 - - [07/Nov/2024:00:56:00 +0800] "GET /smartqueueweb/ HTTP/1.1" 302 - http-bio-8080-exec-15 1
169.254.207.242 - - [07/Nov/2024:00:56:00 +0800] "GET /smartqueueweb/staffdashboard HTTP/1.1" 200 14711 http-bio-8080-exec-15 4
192.168.1.9 - - [07/Nov/2024:00:56:00 +0800] "GET /smartqueueweb/JsonStudentQueueEntriesAPI?window_number=1&queue_status=QUEUE HTTP/1.1" 200 398 http-bio-8080-exec-6 5
192.168.1.9 - - [07/Nov/2024:00:56:00 +0800] "GET /smartqueueweb/JsonStudentQueueEntriesAPI?window_number=1&queue_status=SERVING HTTP/1.1" 200 12 http-bio-8080-exec-6 5
192.168.1.9 - - [07/Nov/2024:00:56:02 +0800] "GET /smartqueueweb/ping HTTP/1.1" 200 255 http-bio-8080-exec-5 0
0:0:0:0:0:0:0:1 - - [07/Nov/2024:00:56:02 +0800] "GET /smartqueueweb/ping HTTP/1.1" 200 255 http-bio-8080-exec-14 1
169.254.207.242 - - [07/Nov/2024:00:56:03 +0800] "GET /smartqueueweb/ping HTTP/1.1" 200 255 http-bio-8080-exec-15 1
169.254.207.242 - - [07/Nov/2024:00:56:03 +0800] "GET /smartqueueweb/counterwindow HTTP/1.1" 200 27105 http-bio-8080-exec-15 4
169.254.207.242 - - [07/Nov/2024:00:56:03 +0800] "GET /smartqueueweb/QueueWebSocketController HTTP/1.1" 101 - http-bio-8080-exec-12 1
0:0:0:0:0:0:0:1 - - [07/Nov/2024:00:56:04 +0800] "GET /smartqueueweb/ping HTTP/1.1" 200 255 http-bio-8080-exec-14 1
192.168.1.9 - - [07/Nov/2024:00:56:04 +0800] "GET /smartqueueweb/JsonStudentQueueEntriesAPI?window_number=1&queue_status=QUEUE HTTP/1.1" 200 398 http-bio-8080-exec-5 5
192.168.1.9 - - [07/Nov/2024:00:56:04 +0800] "GET /smartqueueweb/JsonStudentQueueEntriesAPI?window_number=1&queue_status=SERVING HTTP/1.1" 200 12 http-bio-8080-exec-5 5
192.168.1.9 - - [07/Nov/2024:00:56:06 +0800] "GET /smartqueueweb/ping HTTP/1.1" 200 255 http-bio-8080-exec-5 0
169.254.207.242 - - [07/Nov/2024:00:56:06 +0800] "GET /smartqueueweb/ping HTTP/1.1" 200 255 http-bio-8080-exec-15 1
0:0:0:0:0:0:0:1 - - [07/Nov/2024:00:56:07 +0800] "GET /smartqueueweb/ping HTTP/1.1" 200 255 http-bio-8080-exec-14 0
169.254.207.242 - - [07/Nov/2024:00:56:07 +0800] "GET /smartqueueweb/JsonStudentQueueEntriesAPI?window_number=&queue_status=QUEUE HTTP/1.1" 500 42 http-bio-8080-exec-15 0
169.254.207.242 - - [07/Nov/2024:00:56:08 +0800] "GET /smartqueueweb/JsonAvailableWindow HTTP/1.1" 200 242 http-bio-8080-exec-4 5
169.254.207.242 - - [07/Nov/2024:00:56:08 +0800] "GET /smartqueueweb/JsonStudentQueueEntriesAPI?window_number=1&queue_status=QUEUE HTTP/1.1" 200 398 http-bio-8080-exec-4 6
169.254.207.242 - - [07/Nov/2024:00:56:08 +0800] "GET /smartqueueweb/JsonStudentQueueEntriesAPI?window_number=1&queue_status=SERVING HTTP/1.1" 200 12 http-bio-8080-exec-4 4
192.168.1.9 - - [07/Nov/2024:00:56:09 +0800] "GET /smartqueueweb/ping HTTP/1.1" 200 255 http-bio-8080-exec-5 1
192.168.1.9 - - [07/Nov/2024:00:56:09 +0800] "GET /smartqueueweb/JsonStudentQueueEntriesAPI?window_number=1&queue_status=QUEUE HTTP/1.1" 200 398 http-bio-8080-exec-8 5
192.168.1.9 - - [07/Nov/2024:00:56:09 +0800] "GET /smartqueueweb/JsonStudentQueueEntriesAPI?window_number=1&queue_status=SERVING HTTP/1.1" 200 12 http-bio-8080-exec-8 3
169.254.207.242 - - [07/Nov/2024:00:56:09 +0800] "GET /smartqueueweb/JsonAvailableWindow HTTP/1.1" 200 242 http-bio-8080-exec-4 5
169.254.207.242 - - [07/Nov/2024:00:56:09 +0800] "GET /smartqueueweb/ping HTTP/1.1" 200 255 http-bio-8080-exec-4 0
0:0:0:0:0:0:0:1 - - [07/Nov/2024:00:56:10 +0800] "GET /smartqueueweb/ping HTTP/1.1" 200 255 http-bio-8080-exec-14 1
169.254.207.242 - - [07/Nov/2024:00:56:11 +0800] "GET /smartqueueweb/JsonStudentQueueEntriesAPI?window_number=0&queue_status=QUEUE HTTP/1.1" 200 12 http-bio-8080-exec-4 5
169.254.207.242 - - [07/Nov/2024:00:56:11 +0800] "GET /smartqueueweb/JsonStudentQueueEntriesAPI?window_number=0&queue_status=SERVING HTTP/1.1" 200 12 http-bio-8080-exec-4 5
192.168.1.9 - - [07/Nov/2024:00:56:12 +0800] "GET /smartqueueweb/ping HTTP/1.1" 200 255 http-bio-8080-exec-8 1
169.254.207.242 - - [07/Nov/2024:00:56:12 +0800] "GET /smartqueueweb/ping HTTP/1.1" 200 255 http-bio-8080-exec-4 2
192.168.1.9 - - [07/Nov/2024:00:56:13 +0800] "GET /smartqueueweb/JsonStudentQueueEntriesAPI?window_number=1&queue_status=QUEUE HTTP/1.1" 200 398 http-bio-8080-exec-6 4
192.168.1.9 - - [07/Nov/2024:00:56:13 +0800] "GET /smartqueueweb/JsonStudentQueueEntriesAPI?window_number=1&queue_status=SERVING HTTP/1.1" 200 12 http-bio-8080-exec-6 3
0:0:0:0:0:0:0:1 - - [07/Nov/2024:00:56:13 +0800] "GET /smartqueueweb/ping HTTP/1.1" 200 255 http-bio-8080-exec-8 0
169.254.207.242 - - [07/Nov/2024:00:56:13 +0800] "GET /smartqueueweb/JsonAvailableWindow HTTP/1.1" 200 242 http-bio-8080-exec-4 5
169.254.207.242 - - [07/Nov/2024:00:56:14 +0800] "GET /smartqueueweb/JsonStudentQueueEntriesAPI?window_number=1&queue_status=QUEUE HTTP/1.1" 200 398 http-bio-8080-exec-4 5
169.254.207.242 - - [07/Nov/2024:00:56:14 +0800] "GET /smartqueueweb/JsonStudentQueueEntriesAPI?window_number=1&queue_status=SERVING HTTP/1.1" 200 12 http-bio-8080-exec-4 5
192.168.1.9 - - [07/Nov/2024:00:56:15 +0800] "GET /smartqueueweb/ping HTTP/1.1" 200 255 http-bio-8080-exec-6 1
169.254.207.242 - - [07/Nov/2024:00:56:15 +0800] "PUT /smartqueueweb/updateQueueStatus?queueNumber=G2&queueStatus=SERVING HTTP/1.1" 200 18 http-bio-8080-exec-4 17
0:0:0:0:0:0:0:1 - - [07/Nov/2024:00:56:16 +0800] "GET /smartqueueweb/ping HTTP/1.1" 200 255 http-bio-8080-exec-8 0
169.254.207.242 - - [07/Nov/2024:00:56:17 +0800] "GET /smartqueueweb/ping HTTP/1.1" 200 255 http-bio-8080-exec-4 1
169.254.207.242 - - [07/Nov/2024:00:56:17 +0800] "GET /smartqueueweb/JsonStudentQueueEntriesAPI?window_number=1&queue_status=QUEUE HTTP/1.1" 200 204 http-bio-8080-exec-4 4
192.168.1.9 - - [07/Nov/2024:00:56:17 +0800] "GET /smartqueueweb/JsonStudentQueueEntriesAPI?window_number=1&queue_status=QUEUE HTTP/1.1" 200 204 http-bio-8080-exec-6 4
192.168.1.9 - - [07/Nov/2024:00:56:17 +0800] "GET /smartqueueweb/JsonStudentQueueEntriesAPI?window_number=1&queue_status=SERVING HTTP/1.1" 200 207 http-bio-8080-exec-6 6
169.254.207.242 - - [07/Nov/2024:00:56:17 +0800] "GET /smartqueueweb/JsonStudentQueueEntriesAPI?window_number=1&queue_status=SERVING HTTP/1.1" 200 207 http-bio-8080-exec-4 6
0:0:0:0:0:0:0:1 - - [07/Nov/2024:00:56:17 +0800] "GET /smartqueueweb/ping HTTP/1.1" 200 255 http-bio-8080-exec-8 0
192.168.1.9 - - [07/Nov/2024:00:56:18 +0800] "GET /smartqueueweb/ping HTTP/1.1" 200 255 http-bio-8080-exec-6 0
169.254.207.242 - - [07/Nov/2024:00:56:18 +0800] "GET /smartqueueweb/ping HTTP/1.1" 200 255 http-bio-8080-exec-4 1
0:0:0:0:0:0:0:1 - - [07/Nov/2024:00:56:19 +0800] "GET /smartqueueweb/ping HTTP/1.1" 200 255 http-bio-8080-exec-8 1
0:0:0:0:0:0:0:1 - - [07/Nov/2024:00:56:19 +0800] "GET /smartqueueweb/JsonStudentQueueEntriesAPI?window_number=1&queue_status=SERVING HTTP/1.1" 200 207 http-bio-8080-exec-8 5
0:0:0:0:0:0:0:1 - - [07/Nov/2024:00:56:19 +0800] "GET /smartqueueweb/JsonStudentQueueEntriesAPI?window_number=2&queue_status=SERVING HTTP/1.1" 200 12 http-bio-8080-exec-8 4
0:0:0:0:0:0:0:1 - - [07/Nov/2024:00:56:19 +0800] "GET /smartqueueweb/JsonStudentQueueEntriesAPI?window_number=3&queue_status=SERVING HTTP/1.1" 200 12 http-bio-8080-exec-8 4
169.254.207.242 - - [07/Nov/2024:00:56:19 +0800] "GET /smartqueueweb/JsonStudentQueueEntriesAPI?window_number=1&queue_status=QUEUE HTTP/1.1" 200 204 http-bio-8080-exec-4 4
169.254.207.242 - - [07/Nov/2024:00:56:19 +0800] "GET /smartqueueweb/JsonStudentQueueEntriesAPI?window_number=1&queue_status=SERVING HTTP/1.1" 200 207 http-bio-8080-exec-5 5
0:0:0:0:0:0:0:1 - - [07/Nov/2024:00:56:20 +0800] "GET /smartqueueweb/ping HTTP/1.1" 200 255 http-bio-8080-exec-8 1
192.168.1.9 - - [07/Nov/2024:00:56:21 +0800] "GET /smartqueueweb/ping HTTP/1.1" 200 255 http-bio-8080-exec-6 0
192.168.1.9 - - [07/Nov/2024:00:56:21 +0800] "GET /smartqueueweb/JsonStudentQueueEntriesAPI?window_number=1&queue_status=QUEUE HTTP/1.1" 200 204 http-bio-8080-exec-6 5
192.168.1.9 - - [07/Nov/2024:00:56:21 +0800] "GET /smartqueueweb/JsonStudentQueueEntriesAPI?window_number=1&queue_status=SERVING HTTP/1.1" 200 207 http-bio-8080-exec-6 4
169.254.207.242 - - [07/Nov/2024:00:56:21 +0800] "GET /smartqueueweb/ping HTTP/1.1" 200 255 http-bio-8080-exec-5 1
0:0:0:0:0:0:0:1 - - [07/Nov/2024:00:56:22 +0800] "GET /smartqueueweb/ping HTTP/1.1" 200 255 http-bio-8080-exec-8 1
0:0:0:0:0:0:0:1 - - [07/Nov/2024:00:56:23 +0800] "GET /smartqueueweb/ping HTTP/1.1" 200 255 http-bio-8080-exec-15 0
169.254.207.242 - - [07/Nov/2024:00:56:23 +0800] "GET /smartqueueweb/JsonStudentQueueEntriesAPI?window_number=1&queue_status=QUEUE HTTP/1.1" 200 204 http-bio-8080-exec-5 5
169.254.207.242 - - [07/Nov/2024:00:56:23 +0800] "GET /smartqueueweb/JsonStudentQueueEntriesAPI?window_number=1&queue_status=SERVING HTTP/1.1" 200 207 http-bio-8080-exec-5 5
192.168.1.9 - - [07/Nov/2024:00:56:24 +0800] "GET /smartqueueweb/ping HTTP/1.1" 200 255 http-bio-8080-exec-6 1
0:0:0:0:0:0:0:1 - - [07/Nov/2024:00:56:24 +0800] "GET /smartqueueweb/userwindow HTTP/1.1" 200 10462 http-bio-8080-exec-15 3
0:0:0:0:0:0:0:1 - - [07/Nov/2024:00:56:24 +0800] "GET /smartqueueweb/video-ad.mp4 HTTP/1.1" 404 2821 http-bio-8080-exec-15 3
0:0:0:0:0:0:0:1 - - [07/Nov/2024:00:56:24 +0800] "GET /smartqueueweb/QueueWebSocketController HTTP/1.1" 101 - http-bio-8080-exec-8 1
169.254.207.242 - - [07/Nov/2024:00:56:24 +0800] "GET /smartqueueweb/ping HTTP/1.1" 200 255 http-bio-8080-exec-5 0
192.168.1.9 - - [07/Nov/2024:00:56:25 +0800] "GET /smartqueueweb/JsonStudentQueueEntriesAPI?window_number=1&queue_status=QUEUE HTTP/1.1" 200 204 http-bio-8080-exec-6 5
192.168.1.9 - - [07/Nov/2024:00:56:25 +0800] "GET /smartqueueweb/JsonStudentQueueEntriesAPI?window_number=1&queue_status=SERVING HTTP/1.1" 200 207 http-bio-8080-exec-6 6
0:0:0:0:0:0:0:1 - - [07/Nov/2024:00:56:26 +0800] "GET /smartqueueweb/ping HTTP/1.1" 200 255 http-bio-8080-exec-15 1
192.168.1.9 - - [07/Nov/2024:00:56:27 +0800] "GET /smartqueueweb/ping HTTP/1.1" 200 255 http-bio-8080-exec-6 1
0:0:0:0:0:0:0:1 - - [07/Nov/2024:00:56:27 +0800] "GET /smartqueueweb/ping HTTP/1.1" 200 255 http-bio-8080-exec-15 1
169.254.207.242 - - [07/Nov/2024:00:56:27 +0800] "GET /smartqueueweb/ping HTTP/1.1" 200 255 http-bio-8080-exec-5 1
169.254.207.242 - - [07/Nov/2024:00:56:27 +0800] "GET /smartqueueweb/JsonStudentQueueEntriesAPI?window_number=1&queue_status=QUEUE HTTP/1.1" 200 204 http-bio-8080-exec-4 4
169.254.207.242 - - [07/Nov/2024:00:56:27 +0800] "GET /smartqueueweb/JsonStudentQueueEntriesAPI?window_number=1&queue_status=SERVING HTTP/1.1" 200 207 http-bio-8080-exec-16 5
192.168.1.9 - - [07/Nov/2024:00:56:29 +0800] "GET /smartqueueweb/JsonStudentQueueEntriesAPI?window_number=1&queue_status=QUEUE HTTP/1.1" 200 204 http-bio-8080-exec-6 4
192.168.1.9 - - [07/Nov/2024:00:56:29 +0800] "GET /smartqueueweb/JsonStudentQueueEntriesAPI?window_number=1&queue_status=SERVING HTTP/1.1" 200 207 http-bio-8080-exec-6 4
0:0:0:0:0:0:0:1 - - [07/Nov/2024:00:56:29 +0800] "GET /smartqueueweb/ping HTTP/1.1" 200 255 http-bio-8080-exec-15 1
192.168.1.9 - - [07/Nov/2024:00:56:30 +0800] "GET /smartqueueweb/ping HTTP/1.1" 200 255 http-bio-8080-exec-6 1
0:0:0:0:0:0:0:1 - - [07/Nov/2024:00:56:30 +0800] "GET /smartqueueweb/ping HTTP/1.1" 200 255 http-bio-8080-exec-15 1
169.254.207.242 - - [07/Nov/2024:00:56:30 +0800] "GET /smartqueueweb/ping HTTP/1.1" 200 255 http-bio-8080-exec-16 0
169.254.207.242 - - [07/Nov/2024:00:56:31 +0800] "GET /smartqueueweb/JsonStudentQueueEntriesAPI?window_number=1&queue_status=QUEUE HTTP/1.1" 200 204 http-bio-8080-exec-16 5
169.254.207.242 - - [07/Nov/2024:00:56:31 +0800] "GET /smartqueueweb/JsonStudentQueueEntriesAPI?window_number=1&queue_status=SERVING HTTP/1.1" 200 207 http-bio-8080-exec-16 5
0:0:0:0:0:0:0:1 - - [07/Nov/2024:00:56:32 +0800] "GET /smartqueueweb/ping HTTP/1.1" 200 255 http-bio-8080-exec-15 0
192.168.1.9 - - [07/Nov/2024:00:56:33 +0800] "GET /smartqueueweb/ping HTTP/1.1" 200 255 http-bio-8080-exec-3 1
192.168.1.9 - - [07/Nov/2024:00:56:33 +0800] "GET /smartqueueweb/JsonStudentQueueEntriesAPI?window_number=1&queue_status=QUEUE HTTP/1.1" 200 204 http-bio-8080-exec-4 4
192.168.1.9 - - [07/Nov/2024:00:56:33 +0800] "GET /smartqueueweb/JsonStudentQueueEntriesAPI?window_number=1&queue_status=SERVING HTTP/1.1" 200 207 http-bio-8080-exec-4 5
0:0:0:0:0:0:0:1 - - [07/Nov/2024:00:56:33 +0800] "GET /smartqueueweb/ping HTTP/1.1" 200 255 http-bio-8080-exec-6 12
169.254.207.242 - - [07/Nov/2024:00:56:33 +0800] "GET /smartqueueweb/ping HTTP/1.1" 200 255 http-bio-8080-exec-16 1
0:0:0:0:0:0:0:1 - - [07/Nov/2024:00:56:35 +0800] "GET /smartqueueweb/ping HTTP/1.1" 200 255 http-bio-8080-exec-6 1
169.254.207.242 - - [07/Nov/2024:00:56:35 +0800] "GET /smartqueueweb/JsonStudentQueueEntriesAPI?window_number=1&queue_status=QUEUE HTTP/1.1" 200 204 http-bio-8080-exec-16 5
169.254.207.242 - - [07/Nov/2024:00:56:35 +0800] "GET /smartqueueweb/JsonStudentQueueEntriesAPI?window_number=1&queue_status=SERVING HTTP/1.1" 200 207 http-bio-8080-exec-16 5
192.168.1.9 - - [07/Nov/2024:00:56:36 +0800] "GET /smartqueueweb/ping HTTP/1.1" 200 255 http-bio-8080-exec-4 0
0:0:0:0:0:0:0:1 - - [07/Nov/2024:00:56:36 +0800] "GET /smartqueueweb/ping HTTP/1.1" 200 255 http-bio-8080-exec-6 1
169.254.207.242 - - [07/Nov/2024:00:56:36 +0800] "GET /smartqueueweb/ping HTTP/1.1" 200 255 http-bio-8080-exec-16 1
192.168.1.9 - - [07/Nov/2024:00:56:37 +0800] "GET /smartqueueweb/JsonStudentQueueEntriesAPI?window_number=1&queue_status=QUEUE HTTP/1.1" 200 204 http-bio-8080-exec-4 5
192.168.1.9 - - [07/Nov/2024:00:56:37 +0800] "GET /smartqueueweb/JsonStudentQueueEntriesAPI?window_number=1&queue_status=SERVING HTTP/1.1" 200 207 http-bio-8080-exec-4 5
0:0:0:0:0:0:0:1 - - [07/Nov/2024:00:56:38 +0800] "GET /smartqueueweb/ping HTTP/1.1" 200 255 http-bio-8080-exec-6 1
192.168.1.9 - - [07/Nov/2024:00:56:39 +0800] "GET /smartqueueweb/ping HTTP/1.1" 200 255 http-bio-8080-exec-4 12
0:0:0:0:0:0:0:1 - - [07/Nov/2024:00:56:39 +0800] "GET /smartqueueweb/ping HTTP/1.1" 200 255 http-bio-8080-exec-6 1
169.254.207.242 - - [07/Nov/2024:00:56:39 +0800] "GET /smartqueueweb/ping HTTP/1.1" 200 255 http-bio-8080-exec-16 1
169.254.207.242 - - [07/Nov/2024:00:56:39 +0800] "GET /smartqueueweb/JsonStudentQueueEntriesAPI?window_number=1&queue_status=QUEUE HTTP/1.1" 200 204 http-bio-8080-exec-5 4
169.254.207.242 - - [07/Nov/2024:00:56:40 +0800] "GET /smartqueueweb/JsonStudentQueueEntriesAPI?window_number=1&queue_status=SERVING HTTP/1.1" 200 207 http-bio-8080-exec-5 4
0:0:0:0:0:0:0:1 - - [07/Nov/2024:00:56:40 +0800] "GET /smartqueueweb/userwindow HTTP/1.1" 200 10462 http-bio-8080-exec-6 2
0:0:0:0:0:0:0:1 - - [07/Nov/2024:00:56:40 +0800] "GET /smartqueueweb/video-ad.mp4 HTTP/1.1" 404 2821 http-bio-8080-exec-6 3
0:0:0:0:0:0:0:1 - - [07/Nov/2024:00:56:40 +0800] "GET /smartqueueweb/QueueWebSocketController HTTP/1.1" 101 - http-bio-8080-exec-8 1
192.168.1.9 - - [07/Nov/2024:00:56:41 +0800] "GET /smartqueueweb/JsonStudentQueueEntriesAPI?window_number=1&queue_status=QUEUE HTTP/1.1" 200 204 http-bio-8080-exec-4 4
192.168.1.9 - - [07/Nov/2024:00:56:41 +0800] "GET /smartqueueweb/JsonStudentQueueEntriesAPI?window_number=1&queue_status=SERVING HTTP/1.1" 200 207 http-bio-8080-exec-17 5
0:0:0:0:0:0:0:1 - - [07/Nov/2024:00:56:41 +0800] "GET /smartqueueweb/ping HTTP/1.1" 200 255 http-bio-8080-exec-6 0
192.168.1.9 - - [07/Nov/2024:00:56:42 +0800] "GET /smartqueueweb/ping HTTP/1.1" 200 255 http-bio-8080-exec-17 1
169.254.207.242 - - [07/Nov/2024:00:56:42 +0800] "GET /smartqueueweb/ping HTTP/1.1" 200 255 http-bio-8080-exec-5 0
0:0:0:0:0:0:0:1 - - [07/Nov/2024:00:56:43 +0800] "GET /smartqueueweb/ping HTTP/1.1" 200 255 http-bio-8080-exec-14 1
169.254.207.242 - - [07/Nov/2024:00:56:43 +0800] "GET /smartqueueweb/JsonStudentQueueEntriesAPI?window_number=1&queue_status=QUEUE HTTP/1.1" 200 204 http-bio-8080-exec-5 5
169.254.207.242 - - [07/Nov/2024:00:56:43 +0800] "GET /smartqueueweb/JsonStudentQueueEntriesAPI?window_number=1&queue_status=SERVING HTTP/1.1" 200 207 http-bio-8080-exec-5 4
0:0:0:0:0:0:0:1 - - [07/Nov/2024:00:56:44 +0800] "GET /smartqueueweb/ping HTTP/1.1" 200 255 http-bio-8080-exec-14 0
192.168.1.9 - - [07/Nov/2024:00:56:45 +0800] "GET /smartqueueweb/ping HTTP/1.1" 200 255 http-bio-8080-exec-4 0
192.168.1.9 - - [07/Nov/2024:00:56:45 +0800] "GET /smartqueueweb/JsonStudentQueueEntriesAPI?window_number=1&queue_status=QUEUE HTTP/1.1" 200 204 http-bio-8080-exec-15 5
192.168.1.9 - - [07/Nov/2024:00:56:45 +0800] "GET /smartqueueweb/JsonStudentQueueEntriesAPI?window_number=1&queue_status=SERVING HTTP/1.1" 200 207 http-bio-8080-exec-15 4
169.254.207.242 - - [07/Nov/2024:00:56:45 +0800] "GET /smartqueueweb/ping HTTP/1.1" 200 255 http-bio-8080-exec-5 0
0:0:0:0:0:0:0:1 - - [07/Nov/2024:00:56:46 +0800] "GET /smartqueueweb/ping HTTP/1.1" 200 255 http-bio-8080-exec-14 0
0:0:0:0:0:0:0:1 - - [07/Nov/2024:00:56:47 +0800] "GET /smartqueueweb/ping HTTP/1.1" 200 255 http-bio-8080-exec-14 1
169.254.207.242 - - [07/Nov/2024:00:56:47 +0800] "GET /smartqueueweb/JsonStudentQueueEntriesAPI?window_number=1&queue_status=QUEUE HTTP/1.1" 200 204 http-bio-8080-exec-5 5
169.254.207.242 - - [07/Nov/2024:00:56:47 +0800] "GET /smartqueueweb/JsonStudentQueueEntriesAPI?window_number=1&queue_status=SERVING HTTP/1.1" 200 207 http-bio-8080-exec-5 5
192.168.1.9 - - [07/Nov/2024:00:56:48 +0800] "GET /smartqueueweb/ping HTTP/1.1" 200 255 http-bio-8080-exec-15 1
0:0:0:0:0:0:0:1 - - [07/Nov/2024:00:56:48 +0800] "GET /smartqueueweb/JsonStudentQueueEntriesAPI?window_number=1&queue_status=SERVING HTTP/1.1" 200 207 http-bio-8080-exec-14 4
0:0:0:0:0:0:0:1 - - [07/Nov/2024:00:56:48 +0800] "GET /smartqueueweb/JsonStudentQueueEntriesAPI?window_number=2&queue_status=SERVING HTTP/1.1" 200 12 http-bio-8080-exec-14 3
0:0:0:0:0:0:0:1 - - [07/Nov/2024:00:56:48 +0800] "GET /smartqueueweb/JsonStudentQueueEntriesAPI?window_number=3&queue_status=SERVING HTTP/1.1" 200 12 http-bio-8080-exec-14 4
169.254.207.242 - - [07/Nov/2024:00:56:48 +0800] "GET /smartqueueweb/ping HTTP/1.1" 200 255 http-bio-8080-exec-5 1
0:0:0:0:0:0:0:1 - - [07/Nov/2024:00:56:49 +0800] "GET /smartqueueweb/ping HTTP/1.1" 200 255 http-bio-8080-exec-14 0
192.168.1.9 - - [07/Nov/2024:00:56:49 +0800] "GET /smartqueueweb/JsonStudentQueueEntriesAPI?window_number=1&queue_status=QUEUE HTTP/1.1" 200 204 http-bio-8080-exec-15 8
192.168.1.9 - - [07/Nov/2024:00:56:49 +0800] "GET /smartqueueweb/JsonStudentQueueEntriesAPI?window_number=1&queue_status=SERVING HTTP/1.1" 200 207 http-bio-8080-exec-15 5
0:0:0:0:0:0:0:1 - - [07/Nov/2024:00:56:50 +0800] "GET /smartqueueweb/ping HTTP/1.1" 200 255 http-bio-8080-exec-14 1
192.168.1.9 - - [07/Nov/2024:00:56:51 +0800] "GET /smartqueueweb/ping HTTP/1.1" 200 255 http-bio-8080-exec-15 0
169.254.207.242 - - [07/Nov/2024:00:56:51 +0800] "GET /smartqueueweb/ping HTTP/1.1" 200 255 http-bio-8080-exec-5 1
169.254.207.242 - - [07/Nov/2024:00:56:51 +0800] "GET /smartqueueweb/JsonStudentQueueEntriesAPI?window_number=1&queue_status=QUEUE HTTP/1.1" 200 204 http-bio-8080-exec-16 8
169.254.207.242 - - [07/Nov/2024:00:56:51 +0800] "GET /smartqueueweb/JsonStudentQueueEntriesAPI?window_number=1&queue_status=SERVING HTTP/1.1" 200 207 http-bio-8080-exec-16 3
0:0:0:0:0:0:0:1 - - [07/Nov/2024:00:56:52 +0800] "GET /smartqueueweb/ping HTTP/1.1" 200 255 http-bio-8080-exec-14 0
192.168.1.9 - - [07/Nov/2024:00:56:53 +0800] "GET /smartqueueweb/JsonStudentQueueEntriesAPI?window_number=1&queue_status=QUEUE HTTP/1.1" 200 204 http-bio-8080-exec-17 3
192.168.1.9 - - [07/Nov/2024:00:56:53 +0800] "GET /smartqueueweb/JsonStudentQueueEntriesAPI?window_number=1&queue_status=SERVING HTTP/1.1" 200 207 http-bio-8080-exec-17 3
0:0:0:0:0:0:0:1 - - [07/Nov/2024:00:56:53 +0800] "GET /smartqueueweb/ping HTTP/1.1" 200 255 http-bio-8080-exec-15 1
169.254.207.242 - - [07/Nov/2024:00:56:53 +0800] "GET /smartqueueweb/JsonAvailableWindow HTTP/1.1" 200 242 http-bio-8080-exec-16 5
192.168.1.9 - - [07/Nov/2024:00:56:54 +0800] "GET /smartqueueweb/ping HTTP/1.1" 200 255 http-bio-8080-exec-17 0
169.254.207.242 - - [07/Nov/2024:00:56:54 +0800] "GET /smartqueueweb/JsonStudentQueueEntriesAPI?window_number=2&queue_status=QUEUE HTTP/1.1" 200 206 http-bio-8080-exec-16 4
169.254.207.242 - - [07/Nov/2024:00:56:54 +0800] "GET /smartqueueweb/JsonStudentQueueEntriesAPI?window_number=2&queue_status=SERVING HTTP/1.1" 200 12 http-bio-8080-exec-16 3
169.254.207.242 - - [07/Nov/2024:00:56:54 +0800] "GET /smartqueueweb/ping HTTP/1.1" 200 255 http-bio-8080-exec-16 1
0:0:0:0:0:0:0:1 - - [07/Nov/2024:00:56:55 +0800] "GET /smartqueueweb/ping HTTP/1.1" 200 255 http-bio-8080-exec-15 1
169.254.207.242 - - [07/Nov/2024:00:56:55 +0800] "GET /smartqueueweb/JsonStudentQueueEntriesAPI?window_number=2&queue_status=QUEUE HTTP/1.1" 200 206 http-bio-8080-exec-16 3
169.254.207.242 - - [07/Nov/2024:00:56:55 +0800] "GET /smartqueueweb/JsonStudentQueueEntriesAPI?window_number=2&queue_status=SERVING HTTP/1.1" 200 12 http-bio-8080-exec-16 4
0:0:0:0:0:0:0:1 - - [07/Nov/2024:00:56:56 +0800] "GET /smartqueueweb/ping HTTP/1.1" 200 255 http-bio-8080-exec-15 0
192.168.1.9 - - [07/Nov/2024:00:56:57 +0800] "GET /smartqueueweb/ping HTTP/1.1" 200 255 http-bio-8080-exec-17 0
192.168.1.9 - - [07/Nov/2024:00:56:57 +0800] "GET /smartqueueweb/JsonStudentQueueEntriesAPI?window_number=1&queue_status=QUEUE HTTP/1.1" 200 204 http-bio-8080-exec-6 2
192.168.1.9 - - [07/Nov/2024:00:56:57 +0800] "GET /smartqueueweb/JsonStudentQueueEntriesAPI?window_number=1&queue_status=SERVING HTTP/1.1" 200 207 http-bio-8080-exec-6 3
169.254.207.242 - - [07/Nov/2024:00:56:57 +0800] "GET /smartqueueweb/ping HTTP/1.1" 200 255 http-bio-8080-exec-16 0
0:0:0:0:0:0:0:1 - - [07/Nov/2024:00:56:58 +0800] "GET /smartqueueweb/ping HTTP/1.1" 200 255 http-bio-8080-exec-15 1
0:0:0:0:0:0:0:1 - - [07/Nov/2024:00:56:59 +0800] "GET /smartqueueweb/ping HTTP/1.1" 200 255 http-bio-8080-exec-15 0
169.254.207.242 - - [07/Nov/2024:00:56:59 +0800] "GET /smartqueueweb/JsonStudentQueueEntriesAPI?window_number=2&queue_status=QUEUE HTTP/1.1" 200 206 http-bio-8080-exec-16 5
169.254.207.242 - - [07/Nov/2024:00:56:59 +0800] "GET /smartqueueweb/JsonStudentQueueEntriesAPI?window_number=2&queue_status=SERVING HTTP/1.1" 200 12 http-bio-8080-exec-16 4
192.168.1.9 - - [07/Nov/2024:00:57:00 +0800] "GET /smartqueueweb/ping HTTP/1.1" 200 255 http-bio-8080-exec-6 1
169.254.207.242 - - [07/Nov/2024:00:57:00 +0800] "GET /smartqueueweb/ping HTTP/1.1" 200 255 http-bio-8080-exec-16 2
0:0:0:0:0:0:0:1 - - [07/Nov/2024:00:57:01 +0800] "GET /smartqueueweb/ping HTTP/1.1" 200 255 http-bio-8080-exec-15 1
192.168.1.9 - - [07/Nov/2024:00:57:01 +0800] "GET /smartqueueweb/JsonStudentQueueEntriesAPI?window_number=1&queue_status=QUEUE HTTP/1.1" 200 204 http-bio-8080-exec-6 6
192.168.1.9 - - [07/Nov/2024:00:57:01 +0800] "GET /smartqueueweb/JsonStudentQueueEntriesAPI?window_number=1&queue_status=SERVING HTTP/1.1" 200 207 http-bio-8080-exec-14 5
0:0:0:0:0:0:0:1 - - [07/Nov/2024:00:57:02 +0800] "GET /smartqueueweb/ping HTTP/1.1" 200 255 http-bio-8080-exec-4 1
169.254.207.242 - - [07/Nov/2024:00:57:02 +0800] "GET /smartqueueweb/JsonAvailableWindow HTTP/1.1" 200 242 http-bio-8080-exec-16 6
192.168.1.9 - - [07/Nov/2024:00:57:03 +0800] "GET /smartqueueweb/ping HTTP/1.1" 200 255 http-bio-8080-exec-14 1
169.254.207.242 - - [07/Nov/2024:00:57:03 +0800] "GET /smartqueueweb/ping HTTP/1.1" 200 255 http-bio-8080-exec-16 0
169.254.207.242 - - [07/Nov/2024:00:57:03 +0800] "GET /smartqueueweb/JsonStudentQueueEntriesAPI?window_number=0&queue_status=QUEUE HTTP/1.1" 200 12 http-bio-8080-exec-5 3
169.254.207.242 - - [07/Nov/2024:00:57:03 +0800] "GET /smartqueueweb/JsonStudentQueueEntriesAPI?window_number=0&queue_status=SERVING HTTP/1.1" 200 12 http-bio-8080-exec-5 3
0:0:0:0:0:0:0:1 - - [07/Nov/2024:00:57:04 +0800] "GET /smartqueueweb/ping HTTP/1.1" 200 255 http-bio-8080-exec-6 1
169.254.207.242 - - [07/Nov/2024:00:57:04 +0800] "GET /smartqueueweb/JsonStudentQueueEntriesAPI?window_number=2&queue_status=QUEUE HTTP/1.1" 200 206 http-bio-8080-exec-5 6
169.254.207.242 - - [07/Nov/2024:00:57:04 +0800] "GET /smartqueueweb/JsonStudentQueueEntriesAPI?window_number=2&queue_status=SERVING HTTP/1.1" 200 12 http-bio-8080-exec-5 4
192.168.1.9 - - [07/Nov/2024:00:57:05 +0800] "GET /smartqueueweb/JsonStudentQueueEntriesAPI?window_number=1&queue_status=QUEUE HTTP/1.1" 200 204 http-bio-8080-exec-14 6
192.168.1.9 - - [07/Nov/2024:00:57:05 +0800] "GET /smartqueueweb/JsonStudentQueueEntriesAPI?window_number=1&queue_status=SERVING HTTP/1.1" 200 207 http-bio-8080-exec-14 5
0:0:0:0:0:0:0:1 - - [07/Nov/2024:00:57:05 +0800] "GET /smartqueueweb/ping HTTP/1.1" 200 255 http-bio-8080-exec-6 0
169.254.207.242 - - [07/Nov/2024:00:57:06 +0800] "PUT /smartqueueweb/updateQueueStatus?queueNumber=R1&queueStatus=SERVING HTTP/1.1" 200 18 http-bio-8080-exec-5 18
0:0:0:0:0:0:0:1 - - [07/Nov/2024:00:57:07 +0800] "GET /smartqueueweb/ping HTTP/1.1" 200 255 http-bio-8080-exec-6 1
0:0:0:0:0:0:0:1 - - [07/Nov/2024:00:57:08 +0800] "GET /smartqueueweb/ping HTTP/1.1" 200 255 http-bio-8080-exec-6 1
169.254.207.242 - - [07/Nov/2024:00:57:08 +0800] "GET /smartqueueweb/ping HTTP/1.1" 200 255 http-bio-8080-exec-5 0
169.254.207.242 - - [07/Nov/2024:00:57:08 +0800] "GET /smartqueueweb/JsonStudentQueueEntriesAPI?window_number=2&queue_status=QUEUE HTTP/1.1" 200 12 http-bio-8080-exec-16 5
169.254.207.242 - - [07/Nov/2024:00:57:08 +0800] "GET /smartqueueweb/JsonStudentQueueEntriesAPI?window_number=2&queue_status=SERVING HTTP/1.1" 200 208 http-bio-8080-exec-16 5
0:0:0:0:0:0:0:1 - - [07/Nov/2024:00:57:08 +0800] "GET /smartqueueweb/JsonStudentQueueEntriesAPI?window_number=1&queue_status=SERVING HTTP/1.1" 200 207 http-bio-8080-exec-6 4
0:0:0:0:0:0:0:1 - - [07/Nov/2024:00:57:08 +0800] "GET /smartqueueweb/JsonStudentQueueEntriesAPI?window_number=2&queue_status=SERVING HTTP/1.1" 200 208 http-bio-8080-exec-6 6
0:0:0:0:0:0:0:1 - - [07/Nov/2024:00:57:09 +0800] "GET /smartqueueweb/JsonStudentQueueEntriesAPI?window_number=3&queue_status=SERVING HTTP/1.1" 200 12 http-bio-8080-exec-6 3
169.254.207.242 - - [07/Nov/2024:00:57:09 +0800] "GET /smartqueueweb/ping HTTP/1.1" 200 255 http-bio-8080-exec-16 0
0:0:0:0:0:0:0:1 - - [07/Nov/2024:00:57:10 +0800] "GET /smartqueueweb/ping HTTP/1.1" 200 255 http-bio-8080-exec-6 1
0:0:0:0:0:0:0:1 - - [07/Nov/2024:00:57:11 +0800] "GET /smartqueueweb/ping HTTP/1.1" 200 255 http-bio-8080-exec-6 1
169.254.207.242 - - [07/Nov/2024:00:57:11 +0800] "GET /smartqueueweb/JsonStudentQueueEntriesAPI?window_number=2&queue_status=QUEUE HTTP/1.1" 200 12 http-bio-8080-exec-16 5
169.254.207.242 - - [07/Nov/2024:00:57:11 +0800] "GET /smartqueueweb/JsonStudentQueueEntriesAPI?window_number=2&queue_status=SERVING HTTP/1.1" 200 208 http-bio-8080-exec-16 4
169.254.207.242 - - [07/Nov/2024:00:57:12 +0800] "GET /smartqueueweb/ping HTTP/1.1" 200 255 http-bio-8080-exec-16 2
0:0:0:0:0:0:0:1 - - [07/Nov/2024:00:57:13 +0800] "GET /smartqueueweb/ping HTTP/1.1" 200 255 http-bio-8080-exec-17 0
169.254.207.242 - - [07/Nov/2024:00:57:13 +0800] "GET /smartqueueweb/JsonAvailableWindow HTTP/1.1" 200 242 http-bio-8080-exec-16 6
169.254.207.242 - - [07/Nov/2024:00:57:14 +0800] "GET /smartqueueweb/JsonStudentQueueEntriesAPI?window_number=3&queue_status=QUEUE HTTP/1.1" 200 209 http-bio-8080-exec-16 17
169.254.207.242 - - [07/Nov/2024:00:57:14 +0800] "GET /smartqueueweb/JsonStudentQueueEntriesAPI?window_number=3&queue_status=SERVING HTTP/1.1" 200 12 http-bio-8080-exec-16 5
0:0:0:0:0:0:0:1 - - [07/Nov/2024:00:57:14 +0800] "GET /smartqueueweb/ping HTTP/1.1" 200 255 http-bio-8080-exec-17 0
169.254.207.242 - - [07/Nov/2024:00:57:15 +0800] "GET /smartqueueweb/ping HTTP/1.1" 200 255 http-bio-8080-exec-16 1
169.254.207.242 - - [07/Nov/2024:00:57:15 +0800] "GET /smartqueueweb/JsonStudentQueueEntriesAPI?window_number=3&queue_status=QUEUE HTTP/1.1" 200 209 http-bio-8080-exec-16 4
169.254.207.242 - - [07/Nov/2024:00:57:15 +0800] "GET /smartqueueweb/JsonStudentQueueEntriesAPI?window_number=3&queue_status=SERVING HTTP/1.1" 200 12 http-bio-8080-exec-16 5
0:0:0:0:0:0:0:1 - - [07/Nov/2024:00:57:16 +0800] "GET /smartqueueweb/ping HTTP/1.1" 200 255 http-bio-8080-exec-17 1
0:0:0:0:0:0:0:1 - - [07/Nov/2024:00:57:17 +0800] "GET /smartqueueweb/ping HTTP/1.1" 200 255 http-bio-8080-exec-17 0
169.254.207.242 - - [07/Nov/2024:00:57:18 +0800] "GET /smartqueueweb/ping HTTP/1.1" 200 255 http-bio-8080-exec-16 1
0:0:0:0:0:0:0:1 - - [07/Nov/2024:00:57:19 +0800] "GET /smartqueueweb/ping HTTP/1.1" 200 255 http-bio-8080-exec-17 1
169.254.207.242 - - [07/Nov/2024:00:57:19 +0800] "GET /smartqueueweb/JsonStudentQueueEntriesAPI?window_number=3&queue_status=QUEUE HTTP/1.1" 200 209 http-bio-8080-exec-16 5
169.254.207.242 - - [07/Nov/2024:00:57:20 +0800] "GET /smartqueueweb/JsonStudentQueueEntriesAPI?window_number=3&queue_status=SERVING HTTP/1.1" 200 12 http-bio-8080-exec-16 5
0:0:0:0:0:0:0:1 - - [07/Nov/2024:00:57:20 +0800] "GET /smartqueueweb/ping HTTP/1.1" 200 255 http-bio-8080-exec-17 1
169.254.207.242 - - [07/Nov/2024:00:57:21 +0800] "GET /smartqueueweb/ping HTTP/1.1" 200 255 http-bio-8080-exec-16 0
0:0:0:0:0:0:0:1 - - [07/Nov/2024:00:57:22 +0800] "GET /smartqueueweb/ping HTTP/1.1" 200 255 http-bio-8080-exec-17 1
0:0:0:0:0:0:0:1 - - [07/Nov/2024:00:57:23 +0800] "GET /smartqueueweb/ping HTTP/1.1" 200 255 http-bio-8080-exec-17 0
169.254.207.242 - - [07/Nov/2024:00:57:23 +0800] "GET /smartqueueweb/JsonStudentQueueEntriesAPI?window_number=3&queue_status=QUEUE HTTP/1.1" 200 209 http-bio-8080-exec-16 6
169.254.207.242 - - [07/Nov/2024:00:57:24 +0800] "GET /smartqueueweb/JsonStudentQueueEntriesAPI?window_number=3&queue_status=SERVING HTTP/1.1" 200 12 http-bio-8080-exec-16 4
192.168.1.9 - - [07/Nov/2024:00:57:24 +0800] "GET /smartqueueweb/ping HTTP/1.1" 200 255 http-bio-8080-exec-4 1
192.168.1.9 - - [07/Nov/2024:00:57:24 +0800] "GET /smartqueueweb/JsonStudentQueueEntriesAPI?window_number=1&queue_status=QUEUE HTTP/1.1" 200 204 http-bio-8080-exec-3 4
192.168.1.9 - - [07/Nov/2024:00:57:24 +0800] "GET /smartqueueweb/JsonStudentQueueEntriesAPI?window_number=1&queue_status=SERVING HTTP/1.1" 200 207 http-bio-8080-exec-3 4
169.254.207.242 - - [07/Nov/2024:00:57:24 +0800] "GET /smartqueueweb/ping HTTP/1.1" 200 255 http-bio-8080-exec-16 1
0:0:0:0:0:0:0:1 - - [07/Nov/2024:00:57:25 +0800] "GET /smartqueueweb/ping HTTP/1.1" 200 255 http-bio-8080-exec-17 1
0:0:0:0:0:0:0:1 - - [07/Nov/2024:00:57:26 +0800] "GET /smartqueueweb/ping HTTP/1.1" 200 255 http-bio-8080-exec-17 1
169.254.207.242 - - [07/Nov/2024:00:57:27 +0800] "GET /smartqueueweb/ping HTTP/1.1" 200 255 http-bio-8080-exec-16 1
169.254.207.242 - - [07/Nov/2024:00:57:27 +0800] "GET /smartqueueweb/JsonStudentQueueEntriesAPI?window_number=3&queue_status=QUEUE HTTP/1.1" 200 209 http-bio-8080-exec-5 4
169.254.207.242 - - [07/Nov/2024:00:57:28 +0800] "GET /smartqueueweb/JsonStudentQueueEntriesAPI?window_number=3&queue_status=SERVING HTTP/1.1" 200 12 http-bio-8080-exec-5 5
0:0:0:0:0:0:0:1 - - [07/Nov/2024:00:57:28 +0800] "GET /smartqueueweb/ping HTTP/1.1" 200 255 http-bio-8080-exec-17 0
0:0:0:0:0:0:0:1 - - [07/Nov/2024:00:57:29 +0800] "GET /smartqueueweb/ping HTTP/1.1" 200 255 http-bio-8080-exec-17 0
169.254.207.242 - - [07/Nov/2024:00:57:30 +0800] "GET /smartqueueweb/ping HTTP/1.1" 200 255 http-bio-8080-exec-5 1
0:0:0:0:0:0:0:1 - - [07/Nov/2024:00:57:31 +0800] "GET /smartqueueweb/ping HTTP/1.1" 200 255 http-bio-8080-exec-17 0
169.254.207.242 - - [07/Nov/2024:00:57:31 +0800] "GET /smartqueueweb/JsonStudentQueueEntriesAPI?window_number=3&queue_status=QUEUE HTTP/1.1" 200 209 http-bio-8080-exec-5 6
169.254.207.242 - - [07/Nov/2024:00:57:31 +0800] "GET /smartqueueweb/JsonStudentQueueEntriesAPI?window_number=3&queue_status=SERVING HTTP/1.1" 200 12 http-bio-8080-exec-5 4
0:0:0:0:0:0:0:1 - - [07/Nov/2024:00:57:32 +0800] "GET /smartqueueweb/ping HTTP/1.1" 200 255 http-bio-8080-exec-17 0
169.254.207.242 - - [07/Nov/2024:00:57:33 +0800] "GET /smartqueueweb/ping HTTP/1.1" 200 255 http-bio-8080-exec-5 1
0:0:0:0:0:0:0:1 - - [07/Nov/2024:00:57:34 +0800] "GET /smartqueueweb/ping HTTP/1.1" 200 255 http-bio-8080-exec-17 0
192.168.1.9 - - [07/Nov/2024:00:57:35 +0800] "GET /smartqueueweb/ping HTTP/1.1" 200 255 http-bio-8080-exec-4 1
192.168.1.9 - - [07/Nov/2024:00:57:35 +0800] "GET /smartqueueweb/JsonStudentQueueEntriesAPI?window_number=1&queue_status=QUEUE HTTP/1.1" 200 204 http-bio-8080-exec-3 7
192.168.1.9 - - [07/Nov/2024:00:57:35 +0800] "GET /smartqueueweb/JsonStudentQueueEntriesAPI?window_number=1&queue_status=SERVING HTTP/1.1" 200 207 http-bio-8080-exec-3 6
0:0:0:0:0:0:0:1 - - [07/Nov/2024:00:57:35 +0800] "GET /smartqueueweb/ping HTTP/1.1" 200 255 http-bio-8080-exec-17 0
192.168.1.9 - - [07/Nov/2024:00:57:35 +0800] "GET /smartqueueweb/ping HTTP/1.1" 200 255 http-bio-8080-exec-3 1
169.254.207.242 - - [07/Nov/2024:00:57:35 +0800] "GET /smartqueueweb/JsonStudentQueueEntriesAPI?window_number=3&queue_status=QUEUE HTTP/1.1" 200 209 http-bio-8080-exec-5 5
169.254.207.242 - - [07/Nov/2024:00:57:36 +0800] "GET /smartqueueweb/JsonStudentQueueEntriesAPI?window_number=3&queue_status=SERVING HTTP/1.1" 200 12 http-bio-8080-exec-5 5
169.254.207.242 - - [07/Nov/2024:00:57:36 +0800] "GET /smartqueueweb/ping HTTP/1.1" 200 255 http-bio-8080-exec-5 1
0:0:0:0:0:0:0:1 - - [07/Nov/2024:00:57:37 +0800] "GET /smartqueueweb/ping HTTP/1.1" 200 255 http-bio-8080-exec-17 0
192.168.1.9 - - [07/Nov/2024:00:57:37 +0800] "GET /smartqueueweb/JsonStudentQueueEntriesAPI?window_number=1&queue_status=QUEUE HTTP/1.1" 200 204 http-bio-8080-exec-3 6
192.168.1.9 - - [07/Nov/2024:00:57:37 +0800] "GET /smartqueueweb/JsonStudentQueueEntriesAPI?window_number=1&queue_status=SERVING HTTP/1.1" 200 207 http-bio-8080-exec-3 5
0:0:0:0:0:0:0:1 - - [07/Nov/2024:00:57:38 +0800] "GET /smartqueueweb/ping HTTP/1.1" 200 255 http-bio-8080-exec-17 1
192.168.1.9 - - [07/Nov/2024:00:57:38 +0800] "GET /smartqueueweb/ping HTTP/1.1" 200 255 http-bio-8080-exec-3 1
169.254.207.242 - - [07/Nov/2024:00:57:39 +0800] "GET /smartqueueweb/ping HTTP/1.1" 200 255 http-bio-8080-exec-5 1
169.254.207.242 - - [07/Nov/2024:00:57:39 +0800] "GET /smartqueueweb/JsonStudentQueueEntriesAPI?window_number=3&queue_status=QUEUE HTTP/1.1" 200 209 http-bio-8080-exec-16 5
169.254.207.242 - - [07/Nov/2024:00:57:39 +0800] "GET /smartqueueweb/JsonStudentQueueEntriesAPI?window_number=3&queue_status=SERVING HTTP/1.1" 200 12 http-bio-8080-exec-16 5
0:0:0:0:0:0:0:1 - - [07/Nov/2024:00:57:40 +0800] "GET /smartqueueweb/ping HTTP/1.1" 200 255 http-bio-8080-exec-17 1
192.168.1.9 - - [07/Nov/2024:00:57:40 +0800] "GET /smartqueueweb/JsonStudentQueueEntriesAPI?window_number=1&queue_status=QUEUE HTTP/1.1" 200 204 http-bio-8080-exec-3 4
192.168.1.9 - - [07/Nov/2024:00:57:40 +0800] "GET /smartqueueweb/JsonStudentQueueEntriesAPI?window_number=1&queue_status=SERVING HTTP/1.1" 200 207 http-bio-8080-exec-3 5
192.168.1.9 - - [07/Nov/2024:00:57:41 +0800] "GET /smartqueueweb/ping HTTP/1.1" 200 255 http-bio-8080-exec-3 1
169.254.207.242 - - [07/Nov/2024:00:57:42 +0800] "GET /smartqueueweb/ping HTTP/1.1" 200 255 http-bio-8080-exec-16 1
0:0:0:0:0:0:0:1 - - [07/Nov/2024:00:57:43 +0800] "GET /smartqueueweb/ping HTTP/1.1" 200 255 http-bio-8080-exec-17 0
169.254.207.242 - - [07/Nov/2024:00:57:43 +0800] "GET /smartqueueweb/JsonStudentQueueEntriesAPI?window_number=3&queue_status=QUEUE HTTP/1.1" 200 209 http-bio-8080-exec-16 4
169.254.207.242 - - [07/Nov/2024:00:57:43 +0800] "GET /smartqueueweb/JsonStudentQueueEntriesAPI?window_number=3&queue_status=SERVING HTTP/1.1" 200 12 http-bio-8080-exec-16 4
192.168.1.9 - - [07/Nov/2024:00:57:44 +0800] "GET /smartqueueweb/ping HTTP/1.1" 200 255 http-bio-8080-exec-3 1
192.168.1.9 - - [07/Nov/2024:00:57:44 +0800] "GET /smartqueueweb/JsonStudentQueueEntriesAPI?window_number=1&queue_status=QUEUE HTTP/1.1" 200 204 http-bio-8080-exec-4 4
192.168.1.9 - - [07/Nov/2024:00:57:44 +0800] "GET /smartqueueweb/JsonStudentQueueEntriesAPI?window_number=1&queue_status=SERVING HTTP/1.1" 200 207 http-bio-8080-exec-4 6
169.254.207.242 - - [07/Nov/2024:00:57:45 +0800] "GET /smartqueueweb/ping HTTP/1.1" 200 255 http-bio-8080-exec-16 1
0:0:0:0:0:0:0:1 - - [07/Nov/2024:00:57:46 +0800] "GET /smartqueueweb/ping HTTP/1.1" 200 255 http-bio-8080-exec-17 1
192.168.1.9 - - [07/Nov/2024:00:57:47 +0800] "GET /smartqueueweb/ping HTTP/1.1" 200 255 http-bio-8080-exec-4 0
169.254.207.242 - - [07/Nov/2024:00:57:47 +0800] "GET /smartqueueweb/JsonStudentQueueEntriesAPI?window_number=3&queue_status=QUEUE HTTP/1.1" 200 209 http-bio-8080-exec-16 4
169.254.207.242 - - [07/Nov/2024:00:57:47 +0800] "GET /smartqueueweb/JsonStudentQueueEntriesAPI?window_number=3&queue_status=SERVING HTTP/1.1" 200 12 http-bio-8080-exec-16 3
192.168.1.9 - - [07/Nov/2024:00:57:48 +0800] "GET /smartqueueweb/JsonStudentQueueEntriesAPI?window_number=1&queue_status=QUEUE HTTP/1.1" 200 204 http-bio-8080-exec-4 5
192.168.1.9 - - [07/Nov/2024:00:57:48 +0800] "GET /smartqueueweb/JsonStudentQueueEntriesAPI?window_number=1&queue_status=SERVING HTTP/1.1" 200 207 http-bio-8080-exec-4 5
169.254.207.242 - - [07/Nov/2024:00:57:48 +0800] "GET /smartqueueweb/ping HTTP/1.1" 200 255 http-bio-8080-exec-16 1
0:0:0:0:0:0:0:1 - - [07/Nov/2024:00:57:49 +0800] "GET /smartqueueweb/ping HTTP/1.1" 200 255 http-bio-8080-exec-17 1
0:0:0:0:0:0:0:1 - - [07/Nov/2024:00:57:49 +0800] "GET /smartqueueweb/ping HTTP/1.1" 200 255 http-bio-8080-exec-17 1
0:0:0:0:0:0:0:1 - - [07/Nov/2024:00:57:50 +0800] "GET /smartqueueweb/ping HTTP/1.1" 200 255 http-bio-8080-exec-17 1
192.168.1.9 - - [07/Nov/2024:00:57:50 +0800] "GET /smartqueueweb/ping HTTP/1.1" 200 255 http-bio-8080-exec-4 1
0:0:0:0:0:0:0:1 - - [07/Nov/2024:00:57:51 +0800] "GET /smartqueueweb/JsonStudentQueueEntriesAPI?window_number=1&queue_status=SERVING HTTP/1.1" 200 207 http-bio-8080-exec-17 5
0:0:0:0:0:0:0:1 - - [07/Nov/2024:00:57:51 +0800] "GET /smartqueueweb/JsonStudentQueueEntriesAPI?window_number=2&queue_status=SERVING HTTP/1.1" 200 208 http-bio-8080-exec-17 4
0:0:0:0:0:0:0:1 - - [07/Nov/2024:00:57:51 +0800] "GET /smartqueueweb/JsonStudentQueueEntriesAPI?window_number=3&queue_status=SERVING HTTP/1.1" 200 12 http-bio-8080-exec-17 4
169.254.207.242 - - [07/Nov/2024:00:57:51 +0800] "GET /smartqueueweb/ping HTTP/1.1" 200 255 http-bio-8080-exec-16 1
169.254.207.242 - - [07/Nov/2024:00:57:51 +0800] "GET /smartqueueweb/JsonStudentQueueEntriesAPI?window_number=3&queue_status=QUEUE HTTP/1.1" 200 209 http-bio-8080-exec-5 7
169.254.207.242 - - [07/Nov/2024:00:57:51 +0800] "GET /smartqueueweb/JsonStudentQueueEntriesAPI?window_number=3&queue_status=SERVING HTTP/1.1" 200 12 http-bio-8080-exec-5 5
0:0:0:0:0:0:0:1 - - [07/Nov/2024:00:57:52 +0800] "GET /smartqueueweb/ping HTTP/1.1" 200 255 http-bio-8080-exec-17 1
192.168.1.9 - - [07/Nov/2024:00:57:52 +0800] "GET /smartqueueweb/JsonStudentQueueEntriesAPI?window_number=1&queue_status=QUEUE HTTP/1.1" 200 204 http-bio-8080-exec-4 4
192.168.1.9 - - [07/Nov/2024:00:57:52 +0800] "GET /smartqueueweb/JsonStudentQueueEntriesAPI?window_number=1&queue_status=SERVING HTTP/1.1" 200 207 http-bio-8080-exec-4 5
0:0:0:0:0:0:0:1 - - [07/Nov/2024:00:57:53 +0800] "GET /smartqueueweb/ping HTTP/1.1" 200 255 http-bio-8080-exec-17 0
192.168.1.9 - - [07/Nov/2024:00:57:53 +0800] "GET /smartqueueweb/ping HTTP/1.1" 200 255 http-bio-8080-exec-4 1
169.254.207.242 - - [07/Nov/2024:00:57:54 +0800] "GET /smartqueueweb/ping HTTP/1.1" 200 255 http-bio-8080-exec-5 1
0:0:0:0:0:0:0:1 - - [07/Nov/2024:00:57:55 +0800] "GET /smartqueueweb/ping HTTP/1.1" 200 255 http-bio-8080-exec-17 1
